Jan 22 08:12:24 hnmomega postfix/cleanup[9555]: 65E4026B: message-id=<F2C20BBF4E5A044AA51BE7739E286579E8C0CF@w2k3-sbs.AHAG.local>
Jan 22 08:12:24 hnmomega postfix/qmgr[8199]: 65E4026B: from=<Fenja.Reimann@ahag-bmw.de>, size=16263, nrcpt=1 (queue active)
Jan 22 08:12:24 hnmomega postfix/smtpd[9552]: disconnect from hnmamavis01.hnmnet.de[10.193.1.3]
Jan 22 08:12:24 hnmomega postfix/smtpd[9552]: connect from hnmamavis01.hnmnet.de[10.193.1.3]
Jan 22 08:12:24 hnmomega postfix/smtpd[9552]: 6F3AB26C: client=hnmamavis01.hnmnet.de[10.193.1.3]
Jan 22 08:12:24 hnmomega postfix/cleanup[9555]: 6F3AB26C: message-id=<F2C20BBF4E5A044AA51BE7739E286579E8C0D0@w2k3-sbs.AHAG.local>
Jan 22 08:12:24 hnmomega postfix/qmgr[8199]: 6F3AB26C: from=<Fenja.Reimann@ahag-bmw.de>, size=13691, nrcpt=1 (queue active)
Jan 22 08:12:24 hnmomega postfix/smtpd[9552]: disconnect from hnmamavis01.hnmnet.de[10.193.1.3]
Jan 22 08:12:27 hnmomega postfix/smtp[9563]: 6F3AB26C: to=<julian.leduec@bmw-van-der-moolen.de>, relay=mailrelay.globalways.net[94.186.131.100]:25, delay=3.3, delays=0/0/0.28/3.1, dsn=2.0.0, status=sent (250 2.0.0 Ok: queued as 888FBE0BFF)
Jan 22 08:12:27 hnmomega postfix/qmgr[8199]: 6F3AB26C: removed
Jan 22 08:12:28 hnmomega postfix/smtp[9556]: 65E4026B: to=<eugen.kohlmann@bmw-van-der-moolen.de>, relay=mailrelay.globalways.net[94.186.131.101]:25, delay=4.5, delays=0/0/0.2/4.3, dsn=2.0.0, status=sent (250 2.0.0 Ok: queued as 9809E407B)
Jan 22 08:12:28 hnmomega postfix/qmgr[8199]: 65E4026B: removed
Jan 22 08:13:09 hnmomega postfix/smtpd[9552]: connect from hnmamavis01.hnmnet.de[10.193.1.3]
Jan 22 08:13:09 hnmomega postfix/smtpd[9552]: C85F626B: client=hnmamavis01.hnmnet.de[10.193.1.3]
Jan 22 08:13:09 hnmomega postfix/cleanup[9555]: C85F626B: message-id=<31C425858E607048986071BE6773F435013ECEC333@c11021>
Jan 22 08:13:09 hnmomega postfix/qmgr[8199]: C85F626B: from=<Nicole.Schnittger@ahag-bochum.de>, size=14034, nrcpt=2 (queue active)
Jan 22 08:13:09 hnmomega postfix/smtpd[9552]: disconnect from hnmamavis01.hnmnet.de[10.193.1.3]
Jan 22 08:13:09 hnmomega postfix/smtp[9563]: C85F626B: to=<michael.preuss@bmw-ernst.de>, relay=mail.bmw-ernst.de[212.12.37.222]:25, delay=0.07, delays=0/0/0.02/0.04, dsn=2.0.0, status=sent (250 2.0.0 Ok: queued as CFAD51C9064)
Jan 22 08:13:09 hnmomega postfix/smtp[9563]: C85F626B: to=<patrick.hoeft@bmw-ernst.de>, relay=mail.bmw-ernst.de[212.12.37.222]:25, delay=0.07, delays=0/0/0.02/0.04, dsn=2.0.0, status=sent (250 2.0.0 Ok: queued as CFAD51C9064)
Jan 22 08:13:09 hnmomega postfix/qmgr[8199]: C85F626B: removed
Jan 22 08:13:10 hnmomega postfix/smtpd[9552]: connect from hnmamavis01.hnmnet.de[10.193.1.3]
Jan 22 08:13:10 hnmomega postfix/smtpd[9552]: 0399A26B: client=hnmamavis01.hnmnet.de[10.193.1.3]
Jan 22 08:13:10 hnmomega postfix/cleanup[9555]: 0399A26B: message-id=<31C425858E607048986071BE6773F435013ECEC333@c11021>
Jan 22 08:13:10 hnmomega postfix/qmgr[8199]: 0399A26B: from=<Nicole.Schnittger@ahag-bochum.de>, size=14176, nrcpt=1 (queue active)
Jan 22 08:13:10 hnmomega postfix/smtpd[9552]: disconnect from hnmamavis01.hnmnet.de[10.193.1.3]
Jan 22 08:13:10 hnmomega postfix/smtp[9556]: 0399A26B: to=<info@arnekirchner.com>, relay=nx51.mymxserver.com[188.94.251.250]:25, delay=0.14, delays=0/0/0.03/0.11, dsn=2.0.0, status=sent (250 2.0.0 Ok: queued as 1687019A9AB)
Jan 22 08:13:10 hnmomega postfix/qmgr[8199]: 0399A26B: removed
Jan 22 08:13:19 hnmomega postfix/smtpd[9552]: connect from hnmamavis01.hnmnet.de[10.193.1.3]
Jan 22 08:13:19 hnmomega postfix/smtpd[9552]: 51E5726B: client=hnmamavis01.hnmnet.de[10.193.1.3]
Jan 22 08:13:19 hnmomega postfix/cleanup[9555]: 51E5726B: message-id=<003f01d03612$dbc13d10$9343b730$@resainternational.com>
Jan 22 08:13:19 hnmomega postfix/qmgr[8199]: 51E5726B: from=<info@resainternational.com>, size=24789, nrcpt=1 (queue active)
Jan 22 08:13:19 hnmomega postfix/smtpd[9552]: disconnect from hnmamavis01.hnmnet.de[10.193.1.3]
Jan 22 08:13:22 hnmomega postfix/smtp[9563]: 51E5726B: to=<messerraimondo@hotmail.com>, relay=mx4.hotmail.com[207.46.8.199]:25, delay=3.2, delays=0/0/1.4/1.8, dsn=2.0.0, status=sent (250  <003f01d03612$dbc13d10$9343b730$@resainternational.com> Queued mail for delivery)
Jan 22 08:13:22 hnmomega postfix/qmgr[8199]: 51E5726B: removed
Jan 22 08:13:34 hnmomega postfix/smtpd[9552]: connect from hnmamavis01.hnmnet.de[10.193.1.3]
Jan 22 08:13:34 hnmomega postfix/smtpd[9552]: 5171426B: client=hnmamavis01.hnmnet.de[10.193.1.3]
Jan 22 08:13:34 hnmomega postfix/cleanup[9555]: 5171426B: message-id=<F2C20BBF4E5A044AA51BE7739E286579E8C0D1@w2k3-sbs.AHAG.local>
Jan 22 08:13:34 hnmomega postfix/qmgr[8199]: 5171426B: from=<Fenja.Reimann@ahag-bmw.de>, size=12360, nrcpt=1 (queue active)
Jan 22 08:13:34 hnmomega postfix/smtpd[9552]: disconnect from hnmamavis01.hnmnet.de[10.193.1.3]
Jan 22 08:13:37 hnmomega postfix/smtpd[9552]: connect from hnmamavis01.hnmnet.de[10.193.1.3]
Jan 22 08:13:37 hnmomega postfix/smtpd[9552]: 7594E26C: client=hnmamavis01.hnmnet.de[10.193.1.3]
Jan 22 08:13:37 hnmomega postfix/cleanup[9555]: 7594E26C: message-id=<F2C20BBF4E5A044AA51BE7739E286579E8C0D2@w2k3-sbs.AHAG.local>
Jan 22 08:13:37 hnmomega postfix/qmgr[8199]: 7594E26C: from=<Fenja.Reimann@ahag-bmw.de>, size=12314, nrcpt=1 (queue active)
Jan 22 08:13:37 hnmomega postfix/smtpd[9552]: disconnect from hnmamavis01.hnmnet.de[10.193.1.3]
Jan 22 08:13:39 hnmomega postfix/smtp[9556]: 5171426B: to=<martin.hochstrat@bmw-van-der-moolen.de>, relay=mailrelay.globalways.net[94.186.131.103]:25, delay=4.8, delays=0/0/0.17/4.6, dsn=2.0.0, status=sent (250 2.0.0 Ok: queued as 3F4C44119)
Jan 22 08:13:39 hnmomega postfix/qmgr[8199]: 5171426B: removed
Jan 22 08:13:45 hnmomega postfix/smtpd[9552]: connect from hnmamavis01.hnmnet.de[10.193.1.3]
Jan 22 08:13:45 hnmomega postfix/smtpd[9552]: 8A23B26B: client=hnmamavis01.hnmnet.de[10.193.1.3]
Jan 22 08:13:45 hnmomega postfix/cleanup[9555]: 8A23B26B: message-id=<F2C20BBF4E5A044AA51BE7739E286579E8C0D3@w2k3-sbs.AHAG.local>
Jan 22 08:13:45 hnmomega postfix/qmgr[8199]: 8A23B26B: from=<Fenja.Reimann@ahag-bmw.de>, size=12293, nrcpt=1 (queue active)
Jan 22 08:13:45 hnmomega postfix/smtpd[9552]: disconnect from hnmamavis01.hnmnet.de[10.193.1.3]
Jan 22 08:13:48 hnmomega postfix/smtpd[9552]: connect from hnmamavis01.hnmnet.de[10.193.1.3]
Jan 22 08:13:48 hnmomega postfix/smtpd[9552]: 70E7D26D: client=hnmamavis01.hnmnet.de[10.193.1.3]
Jan 22 08:13:48 hnmomega postfix/cleanup[9555]: 70E7D26D: message-id=<5A69D6F32469054EAC81393E374A8479D9643917@c11021>
Jan 22 08:13:48 hnmomega postfix/qmgr[8199]: 70E7D26D: from=<Arne.Kirchner@ahag-bochum.de>, size=192978, nrcpt=2 (queue active)
Jan 22 08:13:48 hnmomega postfix/smtpd[9552]: disconnect from hnmamavis01.hnmnet.de[10.193.1.3]
Jan 22 08:13:48 hnmomega postfix/smtp[9575]: 70E7D26D: to=<anja.schlichenmeier@bmw-ernst.de>, relay=mail.bmw-ernst.de[212.12.37.222]:25, delay=0.12, delays=0.01/0.01/0.02/0.07, dsn=2.0.0, status=sent (250 2.0.0 Ok: queued as 7EBA01C9063)
Jan 22 08:13:48 hnmomega postfix/smtp[9575]: 70E7D26D: to=<michael.gross@bmw-ernst.de>, relay=mail.bmw-ernst.de[212.12.37.222]:25, delay=0.12, delays=0.01/0.01/0.02/0.07, dsn=2.0.0, status=sent (250 2.0.0 Ok: queued as 7EBA01C9063)
Jan 22 08:13:48 hnmomega postfix/qmgr[8199]: 70E7D26D: removed
Jan 22 08:13:52 hnmomega postfix/smtp[9556]: 8A23B26B: to=<marc.schoenrath@bmw-van-der-moolen.de>, relay=mailrelay.globalways.net[94.186.131.100]:25, delay=6.7, delays=0/0/0.17/6.5, dsn=2.0.0, status=sent (250 2.0.0 Ok: queued as D97FAE0C9D)
Jan 22 08:13:52 hnmomega postfix/qmgr[8199]: 8A23B26B: removed
Jan 22 08:14:05 hnmomega postfix/smtpd[9552]: connect from hnmamavis01.hnmnet.de[10.193.1.3]
Jan 22 08:14:05 hnmomega postfix/smtpd[9552]: 4D90E26B: client=hnmamavis01.hnmnet.de[10.193.1.3]
Jan 22 08:14:05 hnmomega postfix/cleanup[9555]: 4D90E26B: message-id=<NXwG6000000000000000000000000000000000000000000000NIKH5U00PpwGvWdeQSawrBob_w0jRQ@sfdc.net>
Jan 22 08:14:05 hnmomega postfix/qmgr[8199]: 4D90E26B: from=<unterstuetzungde=expedia.com__0-7jxl16c4itzdqa@u2cx98z51aor60.c-pxqgmak.na8.bnc.salesforce.com>, size=25304, nrcpt=1 (queue active)
Jan 22 08:14:05 hnmomega postfix/smtpd[9552]: disconnect from hnmamavis01.hnmnet.de[10.193.1.3]
Jan 22 08:14:06 hnmomega postfix/smtp[9575]: 4D90E26B: to=<resainternational@yahoo.de>, relay=mx-eu.mail.am0.yahoodns.net[188.125.69.79]:25, delay=0.98, delays=0.04/0/0.22/0.72, dsn=2.0.0, status=sent (250 ok dirdel)
Jan 22 08:14:06 hnmomega postfix/qmgr[8199]: 4D90E26B: removed
Jan 22 08:14:06 hnmomega postfix/smtp[9563]: 7594E26C: to=<christian.dudler@bmw-van-der-moolen.de>, relay=mailrelay.globalways.net[94.186.131.101]:25, delay=29, delays=0/0/0.19/29, dsn=2.0.0, status=sent (250 2.0.0 Ok: queued as 4C871407B)
Jan 22 08:14:06 hnmomega postfix/qmgr[8199]: 7594E26C: removed
Jan 22 08:14:25 hnmomega postfix/smtpd[9552]: connect from hnmamavis01.hnmnet.de[10.193.1.3]
Jan 22 08:14:25 hnmomega postfix/smtpd[9552]: 1B8BB26B: client=hnmamavis01.hnmnet.de[10.193.1.3]
Jan 22 08:14:25 hnmomega postfix/cleanup[9555]: 1B8BB26B: message-id=<004d01d03612$f8341b20$e89c5160$@hotelmenardi.it>
Jan 22 08:14:25 hnmomega postfix/qmgr[8199]: 1B8BB26B: from=<info@hotelmenardi.it>, size=28855, nrcpt=1 (queue active)
Jan 22 08:14:25 hnmomega postfix/smtpd[9552]: disconnect from hnmamavis01.hnmnet.de[10.193.1.3]
Jan 22 08:14:26 hnmomega postfix/smtp[9556]: 1B8BB26B: to=<resainternational@yahoo.de>, relay=mx-eu.mail.am0.yahoodns.net[188.125.69.79]:25, delay=1.7, delays=0/0/0.24/1.5, dsn=2.0.0, status=sent (250 ok dirdel)
Jan 22 08:14:26 hnmomega postfix/qmgr[8199]: 1B8BB26B: removed
Jan 22 08:14:34 hnmomega postfix/smtpd[9552]: connect from hnmamavis01.hnmnet.de[10.193.1.3]
Jan 22 08:14:34 hnmomega postfix/smtpd[9552]: 1931226B: client=hnmamavis01.hnmnet.de[10.193.1.3]
Jan 22 08:14:34 hnmomega postfix/cleanup[9555]: 1931226B: message-id=<eb86caa7543eb40eaa2528e51d05db7d@mail.serverguard24.de>
Jan 22 08:14:34 hnmomega postfix/qmgr[8199]: 1931226B: from=<alert@serverguard24.de>, size=13490, nrcpt=1 (queue active)
Jan 22 08:14:34 hnmomega postfix/smtpd[9552]: disconnect from hnmamavis01.hnmnet.de[10.193.1.3]
Jan 22 08:14:34 hnmomega postfix/smtp[9575]: 1931226B: to=<s.gall@net-dynamic.de>, relay=mail.nd-server.org[213.133.111.82]:25, delay=0.39, delays=0/0/0.17/0.22, dsn=2.0.0, status=sent (250 2.0.0 Ok: queued as 4E10D36A2D8)
Jan 22 08:14:34 hnmomega postfix/qmgr[8199]: 1931226B: removed
Jan 22 08:14:38 hnmomega postfix/smtpd[9552]: connect from hnmamavis01.hnmnet.de[10.193.1.3]
Jan 22 08:14:38 hnmomega postfix/smtpd[9552]: AF36A26B: client=hnmamavis01.hnmnet.de[10.193.1.3]
Jan 22 08:14:38 hnmomega postfix/cleanup[9555]: AF36A26B: message-id=<1cfff7c74f5cbd43f567a2e816dd66ff@pressel.com>
Jan 22 08:14:38 hnmomega postfix/qmgr[8199]: AF36A26B: from=<return@s1.mlwrx.com>, size=20375, nrcpt=1 (queue active)
Jan 22 08:14:38 hnmomega postfix/smtpd[9552]: disconnect from hnmamavis01.hnmnet.de[10.193.1.3]
Jan 22 08:14:38 hnmomega postfix/smtp[9563]: AF36A26B: to=<meierdruck@arcor.de>, relay=mx.arcor.de[151.189.21.118]:25, delay=0.2, delays=0/0/0.13/0.07, dsn=2.0.0, status=sent (250 2.0.0 Ok: queued as D546110814D)
Jan 22 08:14:38 hnmomega postfix/qmgr[8199]: AF36A26B: removed
Jan 22 08:14:48 hnmomega postfix/smtpd[9552]: connect from hnmamavis01.hnmnet.de[10.193.1.3]
Jan 22 08:14:48 hnmomega postfix/smtpd[9552]: C276526B: client=hnmamavis01.hnmnet.de[10.193.1.3]
Jan 22 08:14:48 hnmomega postfix/cleanup[9555]: C276526B: message-id=<31C425858E607048986071BE6773F435013ECEC341@c11021>
Jan 22 08:14:48 hnmomega postfix/qmgr[8199]: C276526B: from=<Nicole.Schnittger@ahag-bochum.de>, size=27387, nrcpt=2 (queue active)
Jan 22 08:14:48 hnmomega postfix/smtpd[9552]: disconnect from hnmamavis01.hnmnet.de[10.193.1.3]
Jan 22 08:14:48 hnmomega postfix/smtp[9556]: C276526B: to=<michael.preuss@bmw-ernst.de>, relay=mail.bmw-ernst.de[212.12.37.222]:25, delay=0.09, delays=0.01/0/0.06/0.02, dsn=2.0.0, status=sent (250 2.0.0 Ok: queued as D30DA1C9064)
Jan 22 08:14:48 hnmomega postfix/smtp[9556]: C276526B: to=<patrick.hoeft@bmw-ernst.de>, relay=mail.bmw-ernst.de[212.12.37.222]:25, delay=0.09, delays=0.01/0/0.06/0.02, dsn=2.0.0, status=sent (250 2.0.0 Ok: queued as D30DA1C9064)
Jan 22 08:14:48 hnmomega postfix/qmgr[8199]: C276526B: removed
Jan 22 08:14:48 hnmomega postfix/smtpd[9552]: connect from hnmamavis01.hnmnet.de[10.193.1.3]
Jan 22 08:14:48 hnmomega postfix/smtpd[9552]: E026D26B: client=hnmamavis01.hnmnet.de[10.193.1.3]
Jan 22 08:14:48 hnmomega postfix/cleanup[9555]: E026D26B: message-id=<31C425858E607048986071BE6773F435013ECEC341@c11021>
Jan 22 08:14:48 hnmomega postfix/qmgr[8199]: E026D26B: from=<Nicole.Schnittger@ahag-bochum.de>, size=27528, nrcpt=1 (queue active)
Jan 22 08:14:48 hnmomega postfix/smtpd[9552]: disconnect from hnmamavis01.hnmnet.de[10.193.1.3]
Jan 22 08:14:49 hnmomega postfix/smtp[9575]: E026D26B: to=<info@arnekirchner.com>, relay=nx51.mymxserver.com[188.94.250.250]:25, delay=0.72, delays=0/0/0.08/0.64, dsn=2.0.0, status=sent (250 2.0.0 Ok: queued as 59ABB3D41D8)
Jan 22 08:14:49 hnmomega postfix/qmgr[8199]: E026D26B: removed
Jan 22 08:15:27 hnmomega postfix/smtpd[9552]: connect from hnmamavis01.hnmnet.de[10.193.1.3]
Jan 22 08:15:27 hnmomega postfix/smtpd[9552]: 0DF9926B: client=hnmamavis01.hnmnet.de[10.193.1.3]
Jan 22 08:15:27 hnmomega postfix/cleanup[9555]: 0DF9926B: message-id=<004a01d03613$297e5c90$7c7b15b0$@resainternational.com>
Jan 22 08:15:27 hnmomega postfix/qmgr[8199]: 0DF9926B: from=<info@resainternational.com>, size=3012, nrcpt=1 (queue active)
Jan 22 08:15:27 hnmomega postfix/smtpd[9552]: disconnect from hnmamavis01.hnmnet.de[10.193.1.3]
Jan 22 08:15:27 hnmomega postfix/smtp[9563]: 0DF9926B: to=<info@hotel-jedermann.de>, relay=gatekeeper.space.net[195.30.114.130]:25, delay=0.27, delays=0/0/0.19/0.08, dsn=2.0.0, status=sent (250 ok:  Message 15592194 accepted)
Jan 22 08:15:27 hnmomega postfix/qmgr[8199]: 0DF9926B: removed
Jan 22 08:15:33 hnmomega postfix/smtpd[9552]: connect from hnmamavis01.hnmnet.de[10.193.1.3]
Jan 22 08:15:33 hnmomega postfix/smtpd[9552]: 3954E26B: client=hnmamavis01.hnmnet.de[10.193.1.3]
Jan 22 08:15:33 hnmomega postfix/cleanup[9555]: 3954E26B: message-id=<82b9a801212fa6f0200614bbf047f3f7@leuchten-pasewalk.de>
Jan 22 08:15:33 hnmomega postfix/qmgr[8199]: 3954E26B: from=<frank.gutschmidt@leuchten-pasewalk.de>, size=68289, nrcpt=1 (queue active)
Jan 22 08:15:33 hnmomega postfix/smtpd[9552]: disconnect from hnmamavis01.hnmnet.de[10.193.1.3]
Jan 22 08:15:35 hnmomega postfix/smtp[9556]: warning: gw100.sonepar.de[195.243.161.100]:25 offered no supported AUTH mechanisms: 'GSSAPI DIGEST-MD5 CRAM-MD5'
Jan 22 08:15:36 hnmomega postfix/smtp[9556]: warning: gw100.sonepar.de[195.243.161.100]:25 offered no supported AUTH mechanisms: 'GSSAPI DIGEST-MD5 CRAM-MD5'
Jan 22 08:15:36 hnmomega postfix/smtp[9556]: 3954E26B: to=<karsten.schaller@sonepar.de>, relay=gw100.sonepar.de[195.243.161.100]:25, delay=3.5, delays=0.01/0/2.8/0.68, dsn=2.0.0, status=sent (250 2.0.0 t0M7FVO8013884 Message accepted for delivery)
Jan 22 08:15:36 hnmomega postfix/qmgr[8199]: 3954E26B: removed
Jan 22 08:16:09 hnmomega postfix/smtpd[9552]: connect from hnmamavis01.hnmnet.de[10.193.1.3]
Jan 22 08:16:09 hnmomega postfix/smtpd[9552]: 10FA826B: client=hnmamavis01.hnmnet.de[10.193.1.3]
Jan 22 08:16:09 hnmomega postfix/cleanup[9555]: 10FA826B: message-id=<002601d03612$fa5ca070$ef15e150$@spiegelblank.com>
Jan 22 08:16:09 hnmomega postfix/qmgr[8199]: 10FA826B: from=<wegner@spiegelblank.com>, size=53003, nrcpt=1 (queue active)
Jan 22 08:16:09 hnmomega postfix/smtpd[9552]: disconnect from hnmamavis01.hnmnet.de[10.193.1.3]
Jan 22 08:16:09 hnmomega postfix/smtp[9575]: 10FA826B: to=<K.Schulz@stralsund-hausverwaltung.de>, relay=smtp.rzone.de[81.169.145.98]:25, delay=0.55, delays=0.02/0/0.25/0.28, dsn=2.1.5, status=sent (250 2.1.5 OK mail delivered with id T05cbcr0M7G9WXl)
Jan 22 08:16:09 hnmomega postfix/qmgr[8199]: 10FA826B: removed
Jan 22 08:16:31 hnmomega postfix/smtpd[9552]: connect from hnmamavis01.hnmnet.de[10.193.1.3]
Jan 22 08:16:31 hnmomega postfix/smtpd[9552]: 8FEFA26B: client=hnmamavis01.hnmnet.de[10.193.1.3]
Jan 22 08:16:31 hnmomega postfix/cleanup[9555]: 8FEFA26B: message-id=<a9399971.K238949.j309.H0.F48@mail12-217.bcout.de>
Jan 22 08:16:31 hnmomega postfix/qmgr[8199]: 8FEFA26B: from=<news2@beauty-scouts.backclickasp.de>, size=18710, nrcpt=1 (queue active)
Jan 22 08:16:31 hnmomega postfix/smtpd[9552]: disconnect from hnmamavis01.hnmnet.de[10.193.1.3]
Jan 22 08:16:31 hnmomega postfix/smtp[9563]: 8FEFA26B: to=<dekatrias@t-online.de>, relay=mx02.t-online.de[194.25.134.9]:25, delay=0.37, delays=0.02/0/0.2/0.16, dsn=2.0.0, status=sent (250 2.0.0 Message accepted.)
Jan 22 08:16:31 hnmomega postfix/qmgr[8199]: 8FEFA26B: removed
Jan 22 08:17:14 hnmomega postfix/smtpd[9552]: connect from hnmamavis01.hnmnet.de[10.193.1.3]
Jan 22 08:17:14 hnmomega postfix/smtpd[9552]: 9C32E26B: client=hnmamavis01.hnmnet.de[10.193.1.3]
Jan 22 08:17:14 hnmomega postfix/cleanup[9555]: 9C32E26B: message-id=<A96E696A49F88341BBDFD2E0C81460D7DA0B321A@c11021>
Jan 22 08:17:14 hnmomega postfix/qmgr[8199]: 9C32E26B: from=<nicola.gregorzitza@ahag-bochum.de>, size=373144, nrcpt=1 (queue active)
Jan 22 08:17:14 hnmomega postfix/smtpd[9552]: disconnect from hnmamavis01.hnmnet.de[10.193.1.3]
Jan 22 08:17:15 hnmomega postfix/smtp[9556]: 9C32E26B: to=<bjoern.boerger@t-online.de>, relay=mx02.t-online.de[194.25.134.9]:25, delay=0.95, delays=0.08/0/0.2/0.67, dsn=2.0.0, status=sent (250 2.0.0 Message accepted.)
Jan 22 08:17:15 hnmomega postfix/qmgr[8199]: 9C32E26B: removed
Jan 22 08:17:36 hnmomega postfix/smtpd[9552]: connect from hnmamavis01.hnmnet.de[10.193.1.3]
Jan 22 08:17:36 hnmomega postfix/smtpd[9552]: 28C6126B: client=hnmamavis01.hnmnet.de[10.193.1.3]
Jan 22 08:17:36 hnmomega postfix/cleanup[9555]: 28C6126B: message-id=<I-0-1915426-48544110-2-1-US2-45481168@xmr3.com>
Jan 22 08:17:36 hnmomega postfix/qmgr[8199]: 28C6126B: from=<D-0-1915426-48544110-2-1-US2-19F3C370@xmr3.com>, size=4973, nrcpt=1 (queue active)
Jan 22 08:17:36 hnmomega postfix/smtpd[9552]: disconnect from hnmamavis01.hnmnet.de[10.193.1.3]
Jan 22 08:17:37 hnmomega postfix/smtp[9575]: 28C6126B: to=<resainternational@yahoo.de>, relay=mx-eu.mail.am0.yahoodns.net[188.125.69.79]:25, delay=1.3, delays=0.04/0/0.26/1, dsn=2.0.0, status=sent (250 ok dirdel)
Jan 22 08:17:37 hnmomega postfix/qmgr[8199]: 28C6126B: removed
Jan 22 08:17:51 hnmomega postfix/smtpd[9552]: connect from hnmamavis01.hnmnet.de[10.193.1.3]
Jan 22 08:17:51 hnmomega postfix/smtpd[9552]: 9641726B: client=hnmamavis01.hnmnet.de[10.193.1.3]
Jan 22 08:17:51 hnmomega postfix/cleanup[9555]: 9641726B: message-id=<DIIE.000008C400025CE3@192.168.1.2>
Jan 22 08:17:51 hnmomega postfix/qmgr[8199]: 9641726B: from=<info@kompetenz-fachpersonal.de>, size=39023, nrcpt=1 (queue active)
Jan 22 08:17:51 hnmomega postfix/smtpd[9552]: disconnect from hnmamavis01.hnmnet.de[10.193.1.3]
Jan 22 08:17:52 hnmomega postfix/smtp[9563]: 9641726B: to=<u.kempcke@t-online.de>, relay=mx01.t-online.de[194.25.134.72]:25, delay=0.45, delays=0/0/0.2/0.25, dsn=2.0.0, status=sent (250 2.0.0 Message accepted.)
Jan 22 08:17:52 hnmomega postfix/qmgr[8199]: 9641726B: removed
Jan 22 08:18:11 hnmomega postfix/smtpd[9552]: connect from hnmamavis01.hnmnet.de[10.193.1.3]
Jan 22 08:18:11 hnmomega postfix/smtpd[9552]: 1349426B: client=hnmamavis01.hnmnet.de[10.193.1.3]
Jan 22 08:18:11 hnmomega postfix/cleanup[9555]: 1349426B: message-id=<31C425858E607048986071BE6773F435013ECEC362@c11021>
Jan 22 08:18:11 hnmomega postfix/qmgr[8199]: 1349426B: from=<Nicole.Schnittger@ahag-bochum.de>, size=110057, nrcpt=2 (queue active)
Jan 22 08:18:11 hnmomega postfix/smtpd[9552]: disconnect from hnmamavis01.hnmnet.de[10.193.1.3]
Jan 22 08:18:11 hnmomega postfix/smtp[9556]: 1349426B: to=<joana.scholz@bmw-ernst.de>, relay=mail.bmw-ernst.de[212.12.37.222]:25, delay=0.17, delays=0.01/0/0.06/0.1, dsn=2.0.0, status=sent (250 2.0.0 Ok: queued as 239941C9063)
Jan 22 08:18:11 hnmomega postfix/smtp[9556]: 1349426B: to=<patrick.hoeft@bmw-ernst.de>, relay=mail.bmw-ernst.de[212.12.37.222]:25, delay=0.17, delays=0.01/0/0.06/0.1, dsn=2.0.0, status=sent (250 2.0.0 Ok: queued as 239941C9063)
Jan 22 08:18:11 hnmomega postfix/qmgr[8199]: 1349426B: removed
Jan 22 08:18:11 hnmomega postfix/smtpd[9552]: connect from hnmamavis01.hnmnet.de[10.193.1.3]
Jan 22 08:18:11 hnmomega postfix/smtpd[9552]: ABA1926B: client=hnmamavis01.hnmnet.de[10.193.1.3]
Jan 22 08:18:11 hnmomega postfix/cleanup[9555]: ABA1926B: message-id=<31C425858E607048986071BE6773F435013ECEC362@c11021>
Jan 22 08:18:11 hnmomega postfix/qmgr[8199]: ABA1926B: from=<Nicole.Schnittger@ahag-bochum.de>, size=110198, nrcpt=1 (queue active)
Jan 22 08:18:11 hnmomega postfix/smtpd[9552]: disconnect from hnmamavis01.hnmnet.de[10.193.1.3]
Jan 22 08:18:12 hnmomega postfix/smtp[9575]: ABA1926B: to=<info@arnekirchner.com>, relay=nx51.mymxserver.com[188.94.249.250]:25, delay=0.75, delays=0.01/0/0.05/0.69, dsn=2.0.0, status=sent (250 2.0.0 Ok: queued as EFAB83D41E4)
Jan 22 08:18:12 hnmomega postfix/qmgr[8199]: ABA1926B: removed
Jan 22 08:18:52 hnmomega postfix/smtpd[9552]: connect from hnmamavis01.hnmnet.de[10.193.1.3]
Jan 22 08:18:52 hnmomega postfix/smtpd[9552]: B6F2E26B: client=hnmamavis01.hnmnet.de[10.193.1.3]
Jan 22 08:18:52 hnmomega postfix/cleanup[9555]: B6F2E26B: message-id=<cba6fd33b5bf9137a95921065a7ade41@localhost.localdomain>
Jan 22 08:18:52 hnmomega postfix/qmgr[8199]: B6F2E26B: from=<noreply@haemmerleshop.at>, size=165827, nrcpt=1 (queue active)
Jan 22 08:18:52 hnmomega postfix/smtpd[9552]: disconnect from hnmamavis01.hnmnet.de[10.193.1.3]
Jan 22 08:18:54 hnmomega postfix/smtp[9563]: B6F2E26B: to=<resainternational@yahoo.de>, relay=mx-eu.mail.am0.yahoodns.net[188.125.69.79]:25, delay=1.3, delays=0.01/0/0.24/1.1, dsn=2.0.0, status=sent (250 ok dirdel)
Jan 22 08:18:54 hnmomega postfix/qmgr[8199]: B6F2E26B: removed
Jan 22 08:20:02 hnmomega postfix/smtpd[9552]: connect from hnmamavis01.hnmnet.de[10.193.1.3]
Jan 22 08:20:02 hnmomega postfix/smtpd[9552]: 88C7926B: client=hnmamavis01.hnmnet.de[10.193.1.3]
Jan 22 08:20:02 hnmomega postfix/cleanup[9555]: 88C7926B: message-id=<5A69D6F32469054EAC81393E374A8479D9643949@c11021>
Jan 22 08:20:02 hnmomega postfix/qmgr[8199]: 88C7926B: from=<Arne.Kirchner@ahag-bochum.de>, size=189506, nrcpt=1 (queue active)
Jan 22 08:20:02 hnmomega postfix/smtpd[9552]: disconnect from hnmamavis01.hnmnet.de[10.193.1.3]
Jan 22 08:20:13 hnmomega postfix/smtp[9563]: 88C7926B: to=<Rolf.Storchmaier@ac-schnitzer.de>, relay=mail.kohl.de[217.69.78.19]:25, delay=10, delays=0.03/0/5.7/4.8, dsn=2.0.0, status=sent (250 2.0.0 Ok: queued as EB3B517E45)
Jan 22 08:20:13 hnmomega postfix/qmgr[8199]: 88C7926B: removed
Jan 22 08:20:49 hnmomega postfix/smtpd[9552]: connect from hnmamavis01.hnmnet.de[10.193.1.3]
Jan 22 08:20:49 hnmomega postfix/smtpd[9552]: 3C8CE26B: client=hnmamavis01.hnmnet.de[10.193.1.3]
Jan 22 08:20:49 hnmomega postfix/cleanup[9555]: 3C8CE26B: message-id=<BA1551B73C52A843AA5D2E0AD223B2A5012B7DC743@c11021>
Jan 22 08:20:49 hnmomega postfix/qmgr[8199]: 3C8CE26B: from=<joris.west@ahag-bochum.de>, size=272997, nrcpt=1 (queue active)
Jan 22 08:20:49 hnmomega postfix/smtpd[9552]: disconnect from hnmamavis01.hnmnet.de[10.193.1.3]
Jan 22 08:20:50 hnmomega postfix/smtp[9563]: 3C8CE26B: host mx1.seznam.cz[77.75.72.42] said: 451 4.3.5 Temporarily unavailable, try again later. (in reply to RCPT TO command)
Jan 22 08:20:51 hnmomega postfix/smtp[9563]: 3C8CE26B: to=<Sintexgroup@seznam.cz>, relay=mx2.seznam.cz[77.75.72.32]:25, delay=2.6, delays=0.02/0/2.5/0.1, dsn=4.3.5, status=deferred (host mx2.seznam.cz[77.75.72.32] said: 451 4.3.5 Temporarily unavailable, try again later. (in reply to RCPT TO command))
Jan 22 08:21:08 hnmomega postfix/smtpd[9552]: connect from hnmamavis01.hnmnet.de[10.193.1.3]
Jan 22 08:21:08 hnmomega postfix/smtpd[9552]: 2216226D: client=hnmamavis01.hnmnet.de[10.193.1.3]
Jan 22 08:21:08 hnmomega postfix/cleanup[9555]: 2216226D: message-id=<005401d03613$f54f7c50$dfee74f0$@resainternational.com>
Jan 22 08:21:08 hnmomega postfix/qmgr[8199]: 2216226D: from=<info@resainternational.com>, size=24503, nrcpt=1 (queue active)
Jan 22 08:21:08 hnmomega postfix/smtpd[9552]: disconnect from hnmamavis01.hnmnet.de[10.193.1.3]
Jan 22 08:21:21 hnmomega postfix/smtp[9563]: 2216226D: to=<fabio@locandamontecristo.it>, relay=mx10.mailspamprotection.com[184.154.208.34]:25, delay=13, delays=0.01/0/2/11, dsn=2.0.0, status=sent (250 OK id=1YEC4l-0003SB-JG)
Jan 22 08:21:21 hnmomega postfix/qmgr[8199]: 2216226D: removed
Jan 22 08:21:25 hnmomega postfix/smtpd[9552]: connect from hnmamavis01.hnmnet.de[10.193.1.3]
Jan 22 08:21:25 hnmomega postfix/smtpd[9552]: 1963126D: client=hnmamavis01.hnmnet.de[10.193.1.3]
Jan 22 08:21:25 hnmomega postfix/cleanup[9555]: 1963126D: message-id=<F2C20BBF4E5A044AA51BE7739E286579E8C0D6@w2k3-sbs.AHAG.local>
Jan 22 08:21:25 hnmomega postfix/qmgr[8199]: 1963126D: from=<Ralf.Muecher@ahag-bmw.de>, size=74564, nrcpt=1 (queue active)
Jan 22 08:21:25 hnmomega postfix/smtpd[9552]: disconnect from hnmamavis01.hnmnet.de[10.193.1.3]
Jan 22 08:21:25 hnmomega postfix/smtp[9563]: 1963126D: to=<Michaela.Klein@zteservices.eu>, relay=mail.zteservices.eu[213.61.154.132]:25, delay=0.33, delays=0.01/0/0.16/0.17, dsn=2.0.0, status=sent (250 2.0.0 Ok: queued as F0982C5AAF631)
Jan 22 08:21:25 hnmomega postfix/qmgr[8199]: 1963126D: removed
Jan 22 08:22:09 hnmomega postfix/smtpd[9552]: connect from hnmamavis01.hnmnet.de[10.193.1.3]
Jan 22 08:22:09 hnmomega postfix/smtpd[9552]: 9369626D: client=hnmamavis01.hnmnet.de[10.193.1.3]
Jan 22 08:22:09 hnmomega postfix/cleanup[9555]: 9369626D: message-id=<20150122082001.B7F3D41B29B@bed-reservation-master.org>
Jan 22 08:22:09 hnmomega postfix/qmgr[8199]: 9369626D: from=<root@bed-reservation-master.org>, size=6150, nrcpt=1 (queue active)
Jan 22 08:22:09 hnmomega postfix/smtpd[9552]: disconnect from hnmamavis01.hnmnet.de[10.193.1.3]
Jan 22 08:22:09 hnmomega postfix/smtp[9563]: 9369626D: to=<krause.godderstorf@t-online.de>, relay=mx03.t-online.de[194.25.134.73]:25, delay=0.27, delays=0/0/0.17/0.1, dsn=2.0.0, status=sent (250 2.0.0 Message accepted.)
Jan 22 08:22:09 hnmomega postfix/qmgr[8199]: 9369626D: removed
Jan 22 08:22:19 hnmomega postfix/qmgr[8199]: 42E96267: from=<>, size=9066, nrcpt=1 (queue active)
Jan 22 08:22:19 hnmomega postfix/qmgr[8199]: 1FA9A90: from=<>, size=15293, nrcpt=1 (queue active)
Jan 22 08:22:19 hnmomega postfix/qmgr[8199]: BC2C8270: from=<>, size=10490, nrcpt=1 (queue active)
Jan 22 08:22:20 hnmomega postfix/smtp[11094]: 1FA9A90: to=<info@bidsxpert.com>, relay=mail.bidsxpert.com[81.180.173.193]:25, delay=412081, delays=412081/0.01/0.24/0.04, dsn=4.7.1, status=deferred (host mail.bidsxpert.com[81.180.173.193] said: 454 4.7.1 <info@bidsxpert.com>: Relay access denied (in reply to RCPT TO command))
Jan 22 08:22:20 hnmomega postfix/smtp[9563]: connect to mail.casonizedlot.com[38.109.218.164]:25: Connection refused
Jan 22 08:22:20 hnmomega postfix/smtp[9563]: 42E96267: to=<james-service=fink-landtechnik.de@casonizedlot.com>, relay=none, delay=130516, delays=130516/0/0.47/0, dsn=4.4.1, status=deferred (connect to mail.casonizedlot.com[38.109.218.164]:25: Connection refused)
Jan 22 08:22:20 hnmomega postfix/smtp[11095]: BC2C8270: to=<info@bottomlinebooster.net>, relay=mail.bottomlinebooster.net[87.121.193.3]:25, delay=80327, delays=80326/0.02/0.5/0.04, dsn=4.7.1, status=deferred (host mail.bottomlinebooster.net[87.121.193.3] said: 454 4.7.1 <info@bottomlinebooster.net>: Relay access denied (in reply to RCPT TO command))
Jan 22 08:22:54 hnmomega postfix/smtpd[9552]: connect from hnmamavis01.hnmnet.de[10.193.1.3]
Jan 22 08:22:54 hnmomega postfix/smtpd[9552]: 837C826D: client=hnmamavis01.hnmnet.de[10.193.1.3]
Jan 22 08:22:54 hnmomega postfix/cleanup[9555]: 837C826D: message-id=<20150122083301.5E408C9CD8B@generate-contacts.org>
Jan 22 08:22:54 hnmomega postfix/qmgr[8199]: 837C826D: from=<root@generate-contacts.org>, size=4897, nrcpt=1 (queue active)
Jan 22 08:22:54 hnmomega postfix/smtpd[9552]: disconnect from hnmamavis01.hnmnet.de[10.193.1.3]
Jan 22 08:22:54 hnmomega postfix/smtp[11094]: 837C826D: to=<u.kempcke@t-online.de>, relay=mx03.t-online.de[194.25.134.73]:25, delay=0.35, delays=0.04/0/0.18/0.13, dsn=5.7.0, status=bounced (host mx03.t-online.de[194.25.134.73] said: 550-5.7.0 Message considered as spam or virus, rejected 550-5.7.0 Your IP: 93.92.128.124 550-5.7.0 Mailhost: mailin57.aul.t-online.de 550-5.7.0 Timestamp: 2015-01-22T07:22:54Z 550-5.7.0 Expurgate-ID: 149288::1421911374-00002888-176A4A83/0-14706956418/0-10 550-5.7.0 Authenticator: E810318CE7BC4DE4DDEBAB2559A048C19CD7D60958A4A1F092D31014D41A46F110B19345 550-5.7.0  550-5.7.0 Your message has been rejected due to spam or virus classification. 550-5.7.0 If you feel this is inapplicable, please report the above error codes 550-5.7.0 back to FPR@RX.T-ONLINE.DE to help us fix possible misclassification. 550-5.7.0 We apologize for any inconvenience and thank you for your assistance! 550-5.7.0  550-5.7.0 Die Annahme Ihrer Nachricht wurde abgelehnt, da sie als Spam oder 550-5.7.0 Virus eingestuft wurde. Sollten Sie dies als unzutreffend ansehen, 550-5.7.0 senden Sie bitte obige Fehlercodes an FPR@RX.T-ONLINE.DE, damit wir 550-5.7.0 die Klassifizierung untersuchen k??nnen. Wir entschuldigen uns f??r 550 5.7.0 etwaige Unannehmlichkeiten und bedanken uns f??r Ihre Unterst??tzung! (in reply to end of DATA command))
Jan 22 08:22:54 hnmomega postfix/cleanup[9555]: DF6AE26F: message-id=<20150122072254.DF6AE26F@hnmomega.hnm-server.de>
Jan 22 08:22:54 hnmomega postfix/qmgr[8199]: DF6AE26F: from=<>, size=9126, nrcpt=1 (queue active)
Jan 22 08:22:54 hnmomega postfix/bounce[11096]: 837C826D: sender non-delivery notification: DF6AE26F
Jan 22 08:22:54 hnmomega postfix/qmgr[8199]: 837C826D: removed
Jan 22 08:22:55 hnmomega postfix/smtp[9563]: DF6AE26F: to=<root@generate-contacts.org>, relay=mail.generate-contacts.org[46.20.225.42]:25, delay=0.77, delays=0/0/0.47/0.29, dsn=2.0.0, status=sent (250 2.0.0 Ok: queued as 1DA76CC49AD)
Jan 22 08:22:55 hnmomega postfix/qmgr[8199]: DF6AE26F: removed
Jan 22 08:22:56 hnmomega postfix/smtpd[9552]: connect from hnmamavis01.hnmnet.de[10.193.1.3]
Jan 22 08:22:56 hnmomega postfix/smtpd[9552]: A255826D: client=hnmamavis01.hnmnet.de[10.193.1.3]
Jan 22 08:22:56 hnmomega postfix/cleanup[9555]: A255826D: message-id=<F2C20BBF4E5A044AA51BE7739E286579E8C0D7@w2k3-sbs.AHAG.local>
Jan 22 08:22:56 hnmomega postfix/qmgr[8199]: A255826D: from=<Monika.Mock@ahag-bmw.de>, size=57493, nrcpt=1 (queue active)
Jan 22 08:22:56 hnmomega postfix/smtpd[9552]: disconnect from hnmamavis01.hnmnet.de[10.193.1.3]
Jan 22 08:22:57 hnmomega postfix/smtp[11095]: A255826D: to=<Susanne.Foehringer@bmw.de>, relay=mx1.bmw.c3s2.iphmx.com[68.232.139.97]:25, delay=0.51, delays=0.01/0/0.33/0.17, dsn=2.0.0, status=sent (250 ok:  Message 20661777 accepted)
Jan 22 08:22:57 hnmomega postfix/qmgr[8199]: A255826D: removed
Jan 22 08:23:14 hnmomega postfix/smtpd[9552]: connect from hnmamavis01.hnmnet.de[10.193.1.3]
Jan 22 08:23:14 hnmomega postfix/smtpd[9552]: B0C5826D: client=hnmamavis01.hnmnet.de[10.193.1.3]
Jan 22 08:23:14 hnmomega postfix/cleanup[9555]: B0C5826D: message-id=<004301d03614$438219f0$ca864dd0$@gross@leuchten-pasewalk.de>
Jan 22 08:23:14 hnmomega postfix/qmgr[8199]: B0C5826D: from=<andrea.gross@leuchten-pasewalk.de>, size=3897, nrcpt=1 (queue active)
Jan 22 08:23:14 hnmomega postfix/smtpd[9552]: disconnect from hnmamavis01.hnmnet.de[10.193.1.3]
Jan 22 08:23:14 hnmomega postfix/smtp[11094]: B0C5826D: to=<cjoerhs@mandt-buero.de>, relay=smtp.rzone.de[81.169.145.98]:25, delay=0.25, delays=0/0/0.17/0.07, dsn=2.1.5, status=sent (250 2.1.5 OK mail delivered with id D05ab6r0M7NENpT)
Jan 22 08:23:14 hnmomega postfix/qmgr[8199]: B0C5826D: removed
Jan 22 08:23:31 hnmomega postfix/smtpd[9552]: connect from hnmamavis01.hnmnet.de[10.193.1.3]
Jan 22 08:23:31 hnmomega postfix/smtpd[9552]: 9B50426D: client=hnmamavis01.hnmnet.de[10.193.1.3]
Jan 22 08:23:31 hnmomega postfix/cleanup[9555]: 9B50426D: message-id=<5A69D6F32469054EAC81393E374A8479D964395A@c11021>
Jan 22 08:23:31 hnmomega postfix/qmgr[8199]: 9B50426D: from=<Arne.Kirchner@ahag-bochum.de>, size=1321697, nrcpt=1 (queue active)
Jan 22 08:23:31 hnmomega postfix/smtpd[9552]: disconnect from hnmamavis01.hnmnet.de[10.193.1.3]
Jan 22 08:23:31 hnmomega postfix/smtp[9563]: 9B50426D: to=<patrick.hoeft@bmw-ernst.de>, relay=mail.bmw-ernst.de[212.12.37.222]:25, delay=0.33, delays=0.09/0/0.02/0.21, dsn=2.0.0, status=sent (250 2.0.0 Ok: queued as B8E161C9063)
Jan 22 08:23:31 hnmomega postfix/qmgr[8199]: 9B50426D: removed
Jan 22 08:23:35 hnmomega postfix/smtpd[9552]: connect from hnmamavis01.hnmnet.de[10.193.1.3]
Jan 22 08:23:35 hnmomega postfix/smtpd[9552]: 6F37326D: client=hnmamavis01.hnmnet.de[10.193.1.3]
Jan 22 08:23:35 hnmomega postfix/cleanup[9555]: 6F37326D: message-id=<005901d03614$4c301610$e4904230$@resainternational.com>
Jan 22 08:23:35 hnmomega postfix/qmgr[8199]: 6F37326D: from=<info@resainternational.com>, size=3537, nrcpt=1 (queue active)
Jan 22 08:23:35 hnmomega postfix/smtpd[9552]: disconnect from hnmamavis01.hnmnet.de[10.193.1.3]
Jan 22 08:23:37 hnmomega postfix/smtp[11095]: 6F37326D: to=<info@coeurdeville.it>, relay=mail.register.it[195.110.124.132]:25, delay=2.5, delays=0/0/0.21/2.3, dsn=2.6.0, status=sent (250 2.6.0 ok 1421911417 qp 22144)
Jan 22 08:23:37 hnmomega postfix/qmgr[8199]: 6F37326D: removed
Jan 22 08:25:12 hnmomega postfix/smtpd[9552]: connect from hnmamavis01.hnmnet.de[10.193.1.3]
Jan 22 08:25:12 hnmomega postfix/smtpd[9552]: DACEF26D: client=hnmamavis01.hnmnet.de[10.193.1.3]
Jan 22 08:25:12 hnmomega postfix/cleanup[9555]: DACEF26D: message-id=<7ec1bb7a56ff160238c25f753e965691@mail.serverguard24.de>
Jan 22 08:25:12 hnmomega postfix/qmgr[8199]: DACEF26D: from=<alert@serverguard24.de>, size=13550, nrcpt=1 (queue active)
Jan 22 08:25:12 hnmomega postfix/smtpd[9552]: disconnect from hnmamavis01.hnmnet.de[10.193.1.3]
Jan 22 08:25:13 hnmomega postfix/smtp[11095]: DACEF26D: to=<s.gall@net-dynamic.de>, relay=mail.nd-server.org[213.133.111.82]:25, delay=0.42, delays=0/0/0.17/0.24, dsn=2.0.0, status=sent (250 2.0.0 Ok: queued as 259B936A2D8)
Jan 22 08:25:13 hnmomega postfix/qmgr[8199]: DACEF26D: removed
Jan 22 08:25:16 hnmomega postfix/smtpd[9552]: connect from hnmamavis01.hnmnet.de[10.193.1.3]
Jan 22 08:25:16 hnmomega postfix/smtpd[9552]: 3413E26D: client=hnmamavis01.hnmnet.de[10.193.1.3]
Jan 22 08:25:16 hnmomega postfix/cleanup[9555]: 3413E26D: message-id=<000001d03614$067e9830$137bc890$@wp-krutzsch.de>
Jan 22 08:25:16 hnmomega postfix/qmgr[8199]: 3413E26D: from=<wirth@wp-krutzsch.de>, size=12438, nrcpt=1 (queue active)
Jan 22 08:25:16 hnmomega postfix/smtpd[9552]: disconnect from hnmamavis01.hnmnet.de[10.193.1.3]
Jan 22 08:25:16 hnmomega postfix/smtp[11095]: 3413E26D: to=<birgit.kalinski@med.uni-rostock.de>, relay=white.med.uni-rostock.de[139.30.160.78]:25, delay=0.77, delays=0.01/0/0.65/0.11, dsn=2.0.0, status=sent (250 ok:  Message 33930981 accepted)
Jan 22 08:25:16 hnmomega postfix/qmgr[8199]: 3413E26D: removed
Jan 22 08:25:23 hnmomega postfix/smtpd[9552]: connect from hnmamavis01.hnmnet.de[10.193.1.3]
Jan 22 08:25:23 hnmomega postfix/smtpd[9552]: 818CE26D: client=hnmamavis01.hnmnet.de[10.193.1.3]
Jan 22 08:25:23 hnmomega postfix/cleanup[9555]: 818CE26D: message-id=<F2C20BBF4E5A044AA51BE7739E286579E8C0D8@w2k3-sbs.AHAG.local>
Jan 22 08:25:23 hnmomega postfix/qmgr[8199]: 818CE26D: from=<Jessica.Kij@ahag-bmw.de>, size=149704, nrcpt=7 (queue active)
Jan 22 08:25:23 hnmomega postfix/smtpd[9552]: disconnect from hnmamavis01.hnmnet.de[10.193.1.3]
Jan 22 08:25:30 hnmomega postfix/smtp[11614]: 818CE26D: to=<julia.klein@mini-van-der-moolen.de>, relay=mailrelay.globalways.net[94.186.131.100]:25, delay=7.2, delays=0.01/0.02/0.19/7, dsn=2.0.0, status=sent (250 2.0.0 Ok: queued as BD10DE0CB1)
Jan 22 08:25:37 hnmomega postfix/smtp[11095]: 818CE26D: to=<alexander.strecker@bmw-van-der-moolen.de>, relay=mailrelay.globalways.net[94.186.131.103]:25, delay=14, delays=0.01/0/0.2/14, dsn=2.0.0, status=sent (250 2.0.0 Ok: queued as D3D9D40B8)
Jan 22 08:25:37 hnmomega postfix/smtp[11095]: 818CE26D: to=<alfred.schebesch@bmw-van-der-moolen.de>, relay=mailrelay.globalways.net[94.186.131.103]:25, delay=14, delays=0.01/0/0.2/14, dsn=2.0.0, status=sent (250 2.0.0 Ok: queued as D3D9D40B8)
Jan 22 08:25:37 hnmomega postfix/smtp[11095]: 818CE26D: to=<christian.dudler@bmw-van-der-moolen.de>, relay=mailrelay.globalways.net[94.186.131.103]:25, delay=14, delays=0.01/0/0.2/14, dsn=2.0.0, status=sent (250 2.0.0 Ok: queued as D3D9D40B8)
Jan 22 08:25:37 hnmomega postfix/smtp[11095]: 818CE26D: to=<eugen.kohlmann@bmw-van-der-moolen.de>, relay=mailrelay.globalways.net[94.186.131.103]:25, delay=14, delays=0.01/0/0.2/14, dsn=2.0.0, status=sent (250 2.0.0 Ok: queued as D3D9D40B8)
Jan 22 08:25:37 hnmomega postfix/smtp[11095]: 818CE26D: to=<marc.schoenrath@bmw-van-der-moolen.de>, relay=mailrelay.globalways.net[94.186.131.103]:25, delay=14, delays=0.01/0/0.2/14, dsn=2.0.0, status=sent (250 2.0.0 Ok: queued as D3D9D40B8)
Jan 22 08:25:37 hnmomega postfix/smtp[11095]: 818CE26D: to=<th.sutmann@bmw-van-der-moolen.de>, relay=mailrelay.globalways.net[94.186.131.103]:25, delay=14, delays=0.01/0/0.2/14, dsn=2.0.0, status=sent (250 2.0.0 Ok: queued as D3D9D40B8)
Jan 22 08:25:37 hnmomega postfix/qmgr[8199]: 818CE26D: removed
Jan 22 08:25:39 hnmomega postfix/smtpd[9552]: connect from hnmamavis01.hnmnet.de[10.193.1.3]
Jan 22 08:25:39 hnmomega postfix/smtpd[9552]: BB6DB26D: client=hnmamavis01.hnmnet.de[10.193.1.3]
Jan 22 08:25:39 hnmomega postfix/cleanup[9555]: BB6DB26D: message-id=<F2C20BBF4E5A044AA51BE7739E286579E8C0D9@w2k3-sbs.AHAG.local>
Jan 22 08:25:39 hnmomega postfix/qmgr[8199]: BB6DB26D: from=<Jessica.Kij@ahag-bmw.de>, size=49947, nrcpt=3 (queue active)
Jan 22 08:25:39 hnmomega postfix/smtpd[9552]: disconnect from hnmamavis01.hnmnet.de[10.193.1.3]
Jan 22 08:25:42 hnmomega postfix/smtp[11614]: BB6DB26D: to=<christian.dudler@bmw-van-der-moolen.de>, relay=mailrelay.globalways.net[94.186.131.100]:25, delay=2.9, delays=0.01/0/0.19/2.7, dsn=2.0.0, status=sent (250 2.0.0 Ok: queued as F2E57E0BFF)
Jan 22 08:25:42 hnmomega postfix/smtp[11614]: BB6DB26D: to=<eugen.kohlmann@bmw-van-der-moolen.de>, relay=mailrelay.globalways.net[94.186.131.100]:25, delay=2.9, delays=0.01/0/0.19/2.7, dsn=2.0.0, status=sent (250 2.0.0 Ok: queued as F2E57E0BFF)
Jan 22 08:25:42 hnmomega postfix/smtp[11614]: BB6DB26D: to=<th.sutmann@bmw-van-der-moolen.de>, relay=mailrelay.globalways.net[94.186.131.100]:25, delay=2.9, delays=0.01/0/0.19/2.7, dsn=2.0.0, status=sent (250 2.0.0 Ok: queued as F2E57E0BFF)
Jan 22 08:25:42 hnmomega postfix/qmgr[8199]: BB6DB26D: removed
Jan 22 08:26:00 hnmomega postfix/smtpd[9552]: connect from hnmamavis01.hnmnet.de[10.193.1.3]
Jan 22 08:26:00 hnmomega postfix/trivial-rewrite[11961]: warning: database /etc/postfix/smtpouttransport.db is older than source file /etc/postfix/smtpouttransport
Jan 22 08:26:00 hnmomega postfix/smtpd[9552]: 2BF9826D: client=hnmamavis01.hnmnet.de[10.193.1.3]
Jan 22 08:26:00 hnmomega postfix/cleanup[9555]: 2BF9826D: message-id=<d48ca51f60c02ab84a94622ec88e4f6f@leuchten-pasewalk.de>
Jan 22 08:26:00 hnmomega postfix/trivial-rewrite[11962]: warning: database /etc/postfix/smtpouttransport.db is older than source file /etc/postfix/smtpouttransport
Jan 22 08:26:00 hnmomega postfix/qmgr[8199]: 2BF9826D: from=<stefan.burmeister@leuchten-pasewalk.de>, size=1369696, nrcpt=1 (queue active)
Jan 22 08:26:00 hnmomega postfix/smtpd[9552]: disconnect from hnmamavis01.hnmnet.de[10.193.1.3]
Jan 22 08:26:03 hnmomega postfix/smtp[11095]: 2BF9826D: to=<uwe.koch@energienetz-mitte.de>, relay=mail2.eon-is.com[160.44.230.243]:25, delay=2.9, delays=0.57/0/0.96/1.3, dsn=2.0.0, status=sent (250 ok:  Message 227258252 accepted)
Jan 22 08:26:03 hnmomega postfix/qmgr[8199]: 2BF9826D: removed
Jan 22 08:26:31 hnmomega postfix/smtpd[9552]: connect from hnmamavis01.hnmnet.de[10.193.1.3]
Jan 22 08:26:31 hnmomega postfix/smtpd[9552]: 0E58526D: client=hnmamavis01.hnmnet.de[10.193.1.3]
Jan 22 08:26:31 hnmomega postfix/cleanup[9555]: 0E58526D: message-id=<F2C20BBF4E5A044AA51BE7739E286579E8C0DA@w2k3-sbs.AHAG.local>
Jan 22 08:26:31 hnmomega postfix/qmgr[8199]: 0E58526D: from=<Christoph.Hochhaeuser@ahag-bmw.de>, size=206928, nrcpt=1 (queue active)
Jan 22 08:26:31 hnmomega postfix/smtpd[9552]: disconnect from hnmamavis01.hnmnet.de[10.193.1.3]
Jan 22 08:26:31 hnmomega postfix/smtp[11614]: 0E58526D: to=<sophie.pieper@gmx.de>, relay=mx00.emig.gmx.net[213.165.67.114]:25, delay=0.8, delays=0.03/0/0.25/0.52, dsn=2.0.0, status=sent (250 Requested mail action okay, completed: id=0LnCbl-1XmrEI1Y0T-00hMeZ)
Jan 22 08:26:31 hnmomega postfix/qmgr[8199]: 0E58526D: removed
Jan 22 08:27:09 hnmomega postfix/smtpd[9552]: connect from hnmamavis01.hnmnet.de[10.193.1.3]
Jan 22 08:27:09 hnmomega postfix/smtpd[9552]: 69D4426D: client=hnmamavis01.hnmnet.de[10.193.1.3]
Jan 22 08:27:09 hnmomega postfix/cleanup[9555]: 69D4426D: message-id=<86051778AE0943FE972A8793C0401ED3@PC004>
Jan 22 08:27:09 hnmomega postfix/qmgr[8199]: 69D4426D: from=<info@hoteldreikreuz.at>, size=4588, nrcpt=1 (queue active)
Jan 22 08:27:09 hnmomega postfix/smtpd[9552]: disconnect from hnmamavis01.hnmnet.de[10.193.1.3]
Jan 22 08:27:11 hnmomega postfix/smtp[11095]: 69D4426D: to=<resainternational@yahoo.de>, relay=mx-eu.mail.am0.yahoodns.net[188.125.69.79]:25, delay=1.6, delays=0.05/0/0.23/1.4, dsn=2.0.0, status=sent (250 ok dirdel)
Jan 22 08:27:11 hnmomega postfix/qmgr[8199]: 69D4426D: removed
Jan 22 08:27:14 hnmomega postfix/smtpd[9552]: connect from hnmamavis01.hnmnet.de[10.193.1.3]
Jan 22 08:27:14 hnmomega postfix/smtpd[9552]: DF16A26D: client=hnmamavis01.hnmnet.de[10.193.1.3]
Jan 22 08:27:14 hnmomega postfix/cleanup[9555]: DF16A26D: message-id=<1685571116.36666.1421911557962.JavaMail.jboss@emailws.cultuzz.com>
Jan 22 08:27:14 hnmomega postfix/qmgr[8199]: DF16A26D: from=<bookings@cultuzz.com>, size=4660, nrcpt=1 (queue active)
Jan 22 08:27:14 hnmomega postfix/smtpd[9552]: disconnect from hnmamavis01.hnmnet.de[10.193.1.3]
Jan 22 08:27:15 hnmomega postfix/smtp[11614]: DF16A26D: to=<hotel-eleganz@gmx.de>, relay=mx00.emig.gmx.net[212.227.15.9]:25, delay=0.99, delays=0.04/0/0.46/0.49, dsn=2.0.0, status=sent (250 Requested mail action okay, completed: id=0LbgQF-1Xqero1lGN-00lGp3)
Jan 22 08:27:15 hnmomega postfix/qmgr[8199]: DF16A26D: removed
Jan 22 08:27:19 hnmomega postfix/qmgr[8199]: 3C8CE26B: from=<joris.west@ahag-bochum.de>, size=272997, nrcpt=1 (queue active)
Jan 22 08:27:21 hnmomega postfix/smtp[11095]: 3C8CE26B: to=<Sintexgroup@seznam.cz>, relay=mx1.seznam.cz[77.75.76.42]:25, delay=393, delays=391/0/1.3/0.54, dsn=2.0.0, status=sent (250 2.0.0 Mail 1491330605 queued for delivery in session eea0000018e.)
Jan 22 08:27:21 hnmomega postfix/qmgr[8199]: 3C8CE26B: removed
Jan 22 08:27:26 hnmomega postfix/smtpd[9552]: connect from hnmamavis01.hnmnet.de[10.193.1.3]
Jan 22 08:27:26 hnmomega postfix/smtpd[9552]: 9FE6326B: client=hnmamavis01.hnmnet.de[10.193.1.3]
Jan 22 08:27:26 hnmomega postfix/cleanup[9555]: 9FE6326B: message-id=<1421910612.54c0a254bb3e0@swift.generated>
Jan 22 08:27:26 hnmomega postfix/qmgr[8199]: 9FE6326B: from=<typo3-45x.local@hnm.de>, size=3408, nrcpt=1 (queue active)
Jan 22 08:27:26 hnmomega postfix/smtpd[9552]: disconnect from hnmamavis01.hnmnet.de[10.193.1.3]
Jan 22 08:27:26 hnmomega postfix/smtp[11614]: 9FE6326B: to=<s.gall@net-dynamic.de>, relay=mail.nd-server.org[213.133.111.82]:25, delay=0.33, delays=0/0/0.17/0.15, dsn=2.0.0, status=sent (250 2.0.0 Ok: queued as D2A14364DEF)
Jan 22 08:27:27 hnmomega postfix/qmgr[8199]: 9FE6326B: removed
Jan 22 08:27:27 hnmomega postfix/smtpd[9552]: connect from hnmamavis01.hnmnet.de[10.193.1.3]
Jan 22 08:27:27 hnmomega postfix/smtpd[9552]: 17C9626B: client=hnmamavis01.hnmnet.de[10.193.1.3]
Jan 22 08:27:27 hnmomega postfix/cleanup[9555]: 17C9626B: message-id=<E6AB2B47A82347E9AE27A1735622B60A@PrachtPC>
Jan 22 08:27:27 hnmomega postfix/qmgr[8199]: 17C9626B: from=<info@pflegeambulanz-pracht.de>, size=12032, nrcpt=1 (queue active)
Jan 22 08:27:27 hnmomega postfix/smtpd[9552]: disconnect from hnmamavis01.hnmnet.de[10.193.1.3]
Jan 22 08:27:29 hnmomega postfix/smtp[11095]: 17C9626B: to=<robert@reibenwein.com>, relay=mailgate.stone-rich.at[80.75.240.59]:25, delay=2.5, delays=0/0/0.98/1.5, dsn=2.0.0, status=sent (250 2.0.0 1rex1bufjy-1 Message accepted for delivery)
Jan 22 08:27:29 hnmomega postfix/qmgr[8199]: 17C9626B: removed
Jan 22 08:28:06 hnmomega postfix/smtpd[9552]: connect from hnmamavis01.hnmnet.de[10.193.1.3]
Jan 22 08:28:06 hnmomega postfix/smtpd[9552]: F10D926B: client=hnmamavis01.hnmnet.de[10.193.1.3]
Jan 22 08:28:06 hnmomega postfix/cleanup[9555]: F10D926B: message-id=<543C492FFB9343C9B4CEFC00FA814374@PrachtPC>
Jan 22 08:28:07 hnmomega postfix/qmgr[8199]: F10D926B: from=<info@pflegeambulanz-pracht.de>, size=535629, nrcpt=1 (queue active)
Jan 22 08:28:07 hnmomega postfix/smtpd[9552]: disconnect from hnmamavis01.hnmnet.de[10.193.1.3]
Jan 22 08:28:07 hnmomega postfix/smtp[11614]: F10D926B: to=<sadolly@web.de>, relay=mx-ha02.web.de[213.165.67.120]:25, delay=0.65, delays=0.03/0/0.22/0.4, dsn=2.0.0, status=sent (250 Requested mail action okay, completed: id=0LsNoS-1XYIsp14n2-011yBk)
Jan 22 08:28:07 hnmomega postfix/qmgr[8199]: F10D926B: removed
Jan 22 08:28:50 hnmomega postfix/smtpd[9552]: connect from hnmamavis01.hnmnet.de[10.193.1.3]
Jan 22 08:28:50 hnmomega postfix/smtpd[9552]: 307D326B: client=hnmamavis01.hnmnet.de[10.193.1.3]
Jan 22 08:28:50 hnmomega postfix/cleanup[9555]: 307D326B: message-id=<002c01d03614$c05f9600$411ec200$@spiegelblank.com>
Jan 22 08:28:50 hnmomega postfix/qmgr[8199]: 307D326B: from=<wegner@spiegelblank.com>, size=202888, nrcpt=1 (queue active)
Jan 22 08:28:50 hnmomega postfix/smtpd[9552]: disconnect from hnmamavis01.hnmnet.de[10.193.1.3]
Jan 22 08:28:50 hnmomega postfix/smtp[11095]: 307D326B: to=<f.g.beyer@t-online.de>, relay=mx03.t-online.de[194.25.134.73]:25, delay=0.48, delays=0.01/0/0.19/0.27, dsn=2.0.0, status=sent (250 2.0.0 Message accepted.)
Jan 22 08:28:50 hnmomega postfix/qmgr[8199]: 307D326B: removed
Jan 22 08:29:08 hnmomega postfix/smtpd[9552]: connect from hnmamavis01.hnmnet.de[10.193.1.3]
Jan 22 08:29:08 hnmomega postfix/smtpd[9552]: 992FE26B: client=hnmamavis01.hnmnet.de[10.193.1.3]
Jan 22 08:29:08 hnmomega postfix/cleanup[9555]: 992FE26B: message-id=<005a01d03615$13cd7730$3b686590$@resainternational.com>
Jan 22 08:29:08 hnmomega postfix/qmgr[8199]: 992FE26B: from=<info@resainternational.com>, size=3475, nrcpt=1 (queue active)
Jan 22 08:29:08 hnmomega postfix/smtpd[9552]: disconnect from hnmamavis01.hnmnet.de[10.193.1.3]
Jan 22 08:29:09 hnmomega postfix/smtp[11614]: 992FE26B: to=<info@hoteldreikreuz.at>, relay=mx03.euroweb.net[91.199.247.77]:25, delay=0.57, delays=0/0/0.4/0.17, dsn=2.0.0, status=sent (250 2.0.0 Ok: queued as 2F57560E20)
Jan 22 08:29:09 hnmomega postfix/qmgr[8199]: 992FE26B: removed
Jan 22 08:29:30 hnmomega postfix/smtpd[9552]: connect from hnmamavis01.hnmnet.de[10.193.1.3]
Jan 22 08:29:30 hnmomega postfix/smtpd[9552]: 8ABD126B: client=hnmamavis01.hnmnet.de[10.193.1.3]
Jan 22 08:29:30 hnmomega postfix/cleanup[9555]: 8ABD126B: message-id=<ckL0lIWp000000763@ahag-duelmen.de>
Jan 22 08:29:30 hnmomega postfix/qmgr[8199]: 8ABD126B: from=<>, size=20103, nrcpt=1 (queue active)
Jan 22 08:29:30 hnmomega postfix/smtpd[9552]: disconnect from hnmamavis01.hnmnet.de[10.193.1.3]
Jan 22 08:29:33 hnmomega postfix/smtp[11095]: 8ABD126B: to=<notification+zrdoie6r1rvf@facebookmail.com>, relay=msgin.vvv.facebook.com[66.220.159.18]:25, delay=2.7, delays=0/0/1.6/1.2, dsn=2.0.0, status=sent (250 OK 81/B4-20692-CD6A0C45)
Jan 22 08:29:33 hnmomega postfix/qmgr[8199]: 8ABD126B: removed
Jan 22 08:30:31 hnmomega postfix/smtpd[9552]: connect from hnmamavis01.hnmnet.de[10.193.1.3]
Jan 22 08:30:31 hnmomega postfix/smtpd[9552]: 0B77526B: client=hnmamavis01.hnmnet.de[10.193.1.3]
Jan 22 08:30:31 hnmomega postfix/cleanup[9555]: 0B77526B: message-id=<54C0A6FF.7060206@pommersches-landesmuseum.de>
Jan 22 08:30:31 hnmomega postfix/qmgr[8199]: 0B77526B: from=<wudtke@pommersches-landesmuseum.de>, size=191853, nrcpt=1 (queue active)
Jan 22 08:30:31 hnmomega postfix/smtpd[9552]: disconnect from hnmamavis01.hnmnet.de[10.193.1.3]
Jan 22 08:30:35 hnmomega postfix/smtp[11614]: 0B77526B: to=<sail99@live.com>, relay=mx4.hotmail.com[207.46.8.167]:25, delay=4.3, delays=0.07/0/1.4/2.9, dsn=2.0.0, status=sent (250  <54C0A6FF.7060206@pommersches-landesmuseum.de> Queued mail for delivery)
Jan 22 08:30:35 hnmomega postfix/qmgr[8199]: 0B77526B: removed
Jan 22 08:30:50 hnmomega postfix/smtpd[9552]: connect from hnmamavis01.hnmnet.de[10.193.1.3]
Jan 22 08:30:50 hnmomega postfix/smtpd[9552]: AC20326B: client=hnmamavis01.hnmnet.de[10.193.1.3]
Jan 22 08:30:50 hnmomega postfix/cleanup[9555]: AC20326B: message-id=<F2C20BBF4E5A044AA51BE7739E286579E8C0DC@w2k3-sbs.AHAG.local>
Jan 22 08:30:50 hnmomega postfix/qmgr[8199]: AC20326B: from=<Michael.Juenemann@ahag-bmw.de>, size=176432, nrcpt=1 (queue active)
Jan 22 08:30:50 hnmomega postfix/smtpd[9552]: disconnect from hnmamavis01.hnmnet.de[10.193.1.3]
Jan 22 08:30:51 hnmomega postfix/smtpd[9552]: connect from hnmamavis01.hnmnet.de[10.193.1.3]
Jan 22 08:30:51 hnmomega postfix/smtpd[9552]: 3231426C: client=hnmamavis01.hnmnet.de[10.193.1.3]
Jan 22 08:30:51 hnmomega postfix/cleanup[9555]: 3231426C: message-id=<F2C20BBF4E5A044AA51BE7739E286579E8C0DB@w2k3-sbs.AHAG.local>
Jan 22 08:30:51 hnmomega postfix/qmgr[8199]: 3231426C: from=<Michael.Juenemann@ahag-bmw.de>, size=176535, nrcpt=1 (queue active)
Jan 22 08:30:51 hnmomega postfix/smtpd[9552]: disconnect from hnmamavis01.hnmnet.de[10.193.1.3]
Jan 22 08:30:51 hnmomega postfix/smtp[11614]: 3231426C: to=<autohaus-lengede@t-online.de>, relay=mx03.t-online.de[194.25.134.73]:25, delay=0.53, delays=0.01/0/0.19/0.32, dsn=2.0.0, status=sent (250 2.0.0 Message accepted.)
Jan 22 08:30:51 hnmomega postfix/qmgr[8199]: 3231426C: removed
