Jan 21 08:06:53 hnmomega postfix/qmgr[8199]: 346F226B: removed
Jan 21 08:07:07 hnmomega postfix/smtpd[14125]: connect from hnmamavis01.hnmnet.de[10.193.1.3]
Jan 21 08:07:07 hnmomega postfix/smtpd[14125]: B291526A: client=hnmamavis01.hnmnet.de[10.193.1.3]
Jan 21 08:07:07 hnmomega postfix/cleanup[14127]: B291526A: message-id=<07315CA8D33F3A4FB813CB157B41822C012B940C35@c11021>
Jan 21 08:07:07 hnmomega postfix/qmgr[8199]: B291526A: from=<thorsten.simon@ahag-bochum.de>, size=311824, nrcpt=1 (queue active)
Jan 21 08:07:07 hnmomega postfix/smtpd[14125]: disconnect from hnmamavis01.hnmnet.de[10.193.1.3]
Jan 21 08:07:08 hnmomega postfix/smtp[14118]: B291526A: to=<info@arnekirchner.com>, relay=nx51.mymxserver.com[188.94.249.250]:25, delay=0.56, delays=0.02/0/0.04/0.49, dsn=2.0.0, status=sent (250 2.0.0 Ok: queued as DED2F19A9CD)
Jan 21 08:07:08 hnmomega postfix/qmgr[8199]: B291526A: removed
Jan 21 08:07:50 hnmomega postfix/smtpd[14125]: connect from hnmamavis01.hnmnet.de[10.193.1.3]
Jan 21 08:07:50 hnmomega postfix/smtpd[14125]: CC3DB26A: client=hnmamavis01.hnmnet.de[10.193.1.3]
Jan 21 08:07:50 hnmomega postfix/cleanup[14127]: CC3DB26A: message-id=<003e01d03548$e182d670$a4888350$@de>
Jan 21 08:07:52 hnmomega postfix/qmgr[8199]: CC3DB26A: from=<auto@tkocz.de>, size=21455222, nrcpt=1 (queue active)
Jan 21 08:07:52 hnmomega postfix/smtpd[14125]: disconnect from hnmamavis01.hnmnet.de[10.193.1.3]
Jan 21 08:07:55 hnmomega postfix/smtp[15639]: CC3DB26A: to=<kaminski4@web.de>, relay=mx-ha03.web.de[213.165.67.104]:25, delay=4.7, delays=1.5/0/0.16/3.1, dsn=2.0.0, status=sent (250 Requested mail action okay, completed: id=0LvDAw-1Xmz9O22j4-010ME8)
Jan 21 08:07:55 hnmomega postfix/qmgr[8199]: CC3DB26A: removed
Jan 21 08:08:06 hnmomega postfix/smtpd[14125]: connect from hnmamavis01.hnmnet.de[10.193.1.3]
Jan 21 08:08:06 hnmomega postfix/smtpd[14125]: E6E9B26A: client=hnmamavis01.hnmnet.de[10.193.1.3]
Jan 21 08:08:06 hnmomega postfix/cleanup[14127]: E6E9B26A: message-id=<005d01d03548$f7981100$e6c83300$@resainternational.com>
Jan 21 08:08:06 hnmomega postfix/qmgr[8199]: E6E9B26A: from=<info@resainternational.com>, size=52610, nrcpt=1 (queue active)
Jan 21 08:08:06 hnmomega postfix/smtpd[14125]: disconnect from hnmamavis01.hnmnet.de[10.193.1.3]
Jan 21 08:08:12 hnmomega postfix/smtpd[14125]: connect from hnmamavis01.hnmnet.de[10.193.1.3]
Jan 21 08:08:12 hnmomega postfix/smtpd[14125]: AF6FB26B: client=hnmamavis01.hnmnet.de[10.193.1.3]
Jan 21 08:08:12 hnmomega postfix/cleanup[14127]: AF6FB26B: message-id=<D872BE418746A3449520372F8038CAD08F27AD@srvwiemail.wiesmann.local>
Jan 21 08:08:12 hnmomega postfix/qmgr[8199]: AF6FB26B: from=<Guido.Brinkmann@ahag-duelmen.de>, size=382610, nrcpt=1 (queue active)
Jan 21 08:08:12 hnmomega postfix/smtpd[14125]: disconnect from hnmamavis01.hnmnet.de[10.193.1.3]
Jan 21 08:08:21 hnmomega postfix/smtp[14118]: E6E9B26A: to=<fabio@locandamontecristo.it>, relay=mx10.mailspamprotection.com[69.175.69.90]:25, delay=14, delays=0.01/0/2/12, dsn=2.0.0, status=sent (250 OK id=1YDpOc-0008Tq-3o)
Jan 21 08:08:21 hnmomega postfix/qmgr[8199]: E6E9B26A: removed
Jan 21 08:08:21 hnmomega postfix/smtp[15639]: AF6FB26B: to=<theresa.inhestern@autohaus-rump.de>, relay=mail.autohaus-rump.de[85.10.215.5]:25, delay=8.9, delays=0.03/0/3.3/5.6, dsn=2.0.0, status=sent (250 OK id=1YDpOn-0001Oc-4v)
Jan 21 08:08:21 hnmomega postfix/qmgr[8199]: AF6FB26B: removed
Jan 21 08:08:36 hnmomega postfix/smtpd[14125]: connect from hnmamavis01.hnmnet.de[10.193.1.3]
Jan 21 08:08:36 hnmomega postfix/smtpd[14125]: 745A226A: client=hnmamavis01.hnmnet.de[10.193.1.3]
Jan 21 08:08:36 hnmomega postfix/cleanup[14127]: 745A226A: message-id=<!&!AAAAAAAAAAAYAAAAAAAAAFpBVwvXL/5Nm61+on8tml3CgAAAEAAAALM+TbF7o3xAi90iFWQI1LkBAAAAAA==@sia-anklam.de>
Jan 21 08:08:36 hnmomega postfix/qmgr[8199]: 745A226A: from=<g.scheitler@sia-anklam.de>, size=20100, nrcpt=1 (queue active)
Jan 21 08:08:36 hnmomega postfix/smtpd[14125]: disconnect from hnmamavis01.hnmnet.de[10.193.1.3]
Jan 21 08:08:37 hnmomega postfix/smtp[14118]: 745A226A: to=<i_dierberg@web.de>, relay=mx-ha03.web.de[213.165.67.104]:25, delay=0.69, delays=0/0/0.19/0.5, dsn=2.0.0, status=sent (250 Requested mail action okay, completed: id=0MLuvs-1Y67lQ2y56-007kXv)
Jan 21 08:08:37 hnmomega postfix/cleanup[14127]: 2DE0026C: message-id=<20150121070837.2DE0026C@hnmomega.hnm-server.de>
Jan 21 08:08:37 hnmomega postfix/qmgr[8199]: 2DE0026C: from=<>, size=4416, nrcpt=1 (queue active)
Jan 21 08:08:37 hnmomega postfix/bounce[15651]: 745A226A: sender delivery status notification: 2DE0026C
Jan 21 08:08:37 hnmomega postfix/qmgr[8199]: 745A226A: removed
Jan 21 08:08:37 hnmomega postfix/smtp[15639]: 2DE0026C: to=<g.scheitler@sia-anklam.de>, relay=mx01.hnm-server.de[93.92.128.115]:25, delay=0.04, delays=0/0/0.03/0.01, dsn=2.0.0, status=sent (250 2.0.0 Ok: queued as 36AAB4C)
Jan 21 08:08:37 hnmomega postfix/qmgr[8199]: 2DE0026C: removed
Jan 21 08:09:45 hnmomega postfix/smtpd[14125]: connect from hnmamavis01.hnmnet.de[10.193.1.3]
Jan 21 08:09:45 hnmomega postfix/smtpd[14125]: 370F526A: client=hnmamavis01.hnmnet.de[10.193.1.3]
Jan 21 08:09:45 hnmomega postfix/cleanup[14127]: 370F526A: message-id=<W2K8-SRV-SAwae1R2pn00001453@ahag-bmw.de>
Jan 21 08:09:45 hnmomega postfix/qmgr[8199]: 370F526A: from=<joerg.heller@ahag-bochum.de>, size=14132, nrcpt=1 (queue active)
Jan 21 08:09:45 hnmomega postfix/smtpd[14125]: disconnect from hnmamavis01.hnmnet.de[10.193.1.3]
Jan 21 08:09:45 hnmomega postfix/smtp[14118]: 370F526A: to=<info@arnekirchner.com>, relay=nx51.mymxserver.com[188.94.251.250]:25, delay=0.28, delays=0/0/0.04/0.24, dsn=2.0.0, status=sent (250 2.0.0 Ok: queued as 6D8CB3D41CD)
Jan 21 08:09:45 hnmomega postfix/qmgr[8199]: 370F526A: removed
Jan 21 08:09:52 hnmomega postfix/smtpd[14125]: connect from hnmamavis01.hnmnet.de[10.193.1.3]
Jan 21 08:09:52 hnmomega postfix/smtpd[14125]: AE9E326A: client=hnmamavis01.hnmnet.de[10.193.1.3]
Jan 21 08:09:52 hnmomega postfix/cleanup[14127]: AE9E326A: message-id=<!&!AAAAAAAAAAAYAAAAAAAAAFpBVwvXL/5Nm61+on8tml3CgAAAEAAAAORsngNTHIhLoRFSwMhdZMIBAAAAAA==@sia-anklam.de>
Jan 21 08:09:52 hnmomega postfix/qmgr[8199]: AE9E326A: from=<g.scheitler@sia-anklam.de>, size=12461, nrcpt=1 (queue active)
Jan 21 08:09:52 hnmomega postfix/smtpd[14125]: disconnect from hnmamavis01.hnmnet.de[10.193.1.3]
Jan 21 08:09:53 hnmomega postfix/smtp[15639]: AE9E326A: host mx1.unicon-gmbh.de[188.40.58.142] said: 450 4.7.1 <A.Voss@anklam.de>: Recipient address rejected: Service temporarily unavailable, please try later (in reply to RCPT TO command)
Jan 21 08:09:53 hnmomega postfix/smtp[15639]: AE9E326A: to=<A.Voss@anklam.de>, relay=mx2.unicon-gmbh.de[87.106.178.195]:25, delay=0.67, delays=0/0/0.58/0.08, dsn=4.7.1, status=deferred (host mx2.unicon-gmbh.de[87.106.178.195] said: 450 4.7.1 <A.Voss@anklam.de>: Recipient address rejected: Service temporarily unavailable, please try later (in reply to RCPT TO command))
Jan 21 08:10:38 hnmomega postfix/smtpd[14125]: connect from hnmamavis01.hnmnet.de[10.193.1.3]
Jan 21 08:10:38 hnmomega postfix/smtpd[14125]: 0DD7B26C: client=hnmamavis01.hnmnet.de[10.193.1.3]
Jan 21 08:10:38 hnmomega postfix/cleanup[14127]: 0DD7B26C: message-id=<002d01d03549$0b982730$22c87590$@spiegelblank.com>
Jan 21 08:10:38 hnmomega postfix/qmgr[8199]: 0DD7B26C: from=<wegner@spiegelblank.com>, size=42678, nrcpt=1 (queue active)
Jan 21 08:10:38 hnmomega postfix/smtpd[14125]: disconnect from hnmamavis01.hnmnet.de[10.193.1.3]
Jan 21 08:10:38 hnmomega postfix/smtp[14118]: 0DD7B26C: to=<K.Schulz@stralsund-hausverwaltung.de>, relay=smtp.rzone.de[81.169.145.98]:25, delay=0.42, delays=0.01/0/0.17/0.23, dsn=2.1.5, status=sent (250 2.1.5 OK mail delivered with id r07d61r0L7AcHqz)
Jan 21 08:10:38 hnmomega postfix/qmgr[8199]: 0DD7B26C: removed
Jan 21 08:10:40 hnmomega postfix/smtpd[14125]: connect from hnmamavis01.hnmnet.de[10.193.1.3]
Jan 21 08:10:40 hnmomega postfix/smtpd[14125]: D8DBB26C: client=hnmamavis01.hnmnet.de[10.193.1.3]
Jan 21 08:10:40 hnmomega postfix/cleanup[14127]: D8DBB26C: message-id=<DIIE.00000B530000458F@192.168.0.3>
Jan 21 08:10:40 hnmomega postfix/qmgr[8199]: D8DBB26C: from=<lehrkamp@wg-anklam.de>, size=23533, nrcpt=1 (queue active)
Jan 21 08:10:40 hnmomega postfix/smtpd[14125]: disconnect from hnmamavis01.hnmnet.de[10.193.1.3]
Jan 21 08:10:41 hnmomega postfix/smtp[15639]: D8DBB26C: to=<reinhard.verwiebe@ibnup.de>, relay=mail.ibnup.de[80.156.217.67]:25, delay=0.37, delays=0.01/0/0.15/0.21, dsn=2.0.0, status=sent (250 2.0.0 54bf50f1-00000377 Message accepted for delivery)
Jan 21 08:10:41 hnmomega postfix/qmgr[8199]: D8DBB26C: removed
Jan 21 08:10:55 hnmomega postfix/smtpd[14125]: connect from hnmamavis01.hnmnet.de[10.193.1.3]
Jan 21 08:10:55 hnmomega postfix/smtpd[14125]: 69F6B26C: client=hnmamavis01.hnmnet.de[10.193.1.3]
Jan 21 08:10:55 hnmomega postfix/cleanup[14127]: 69F6B26C: message-id=<14b0a8a8a52.2f1b.b39e3@ismtpd-015>
Jan 21 08:10:55 hnmomega postfix/qmgr[8199]: 69F6B26C: from=<bounces+959518-fdd7-info=resainternational.com@sg.booking.com>, size=73204, nrcpt=1 (queue active)
Jan 21 08:10:55 hnmomega postfix/smtpd[14125]: disconnect from hnmamavis01.hnmnet.de[10.193.1.3]
Jan 21 08:10:56 hnmomega postfix/smtpd[14125]: connect from hnmamavis01.hnmnet.de[10.193.1.3]
Jan 21 08:10:56 hnmomega postfix/smtpd[14125]: 4CA4B26D: client=hnmamavis01.hnmnet.de[10.193.1.3]
Jan 21 08:10:56 hnmomega postfix/cleanup[14127]: 4CA4B26D: message-id=<1421824212.54bf50d4ea3f7@swift.generated>
Jan 21 08:10:56 hnmomega postfix/qmgr[8199]: 4CA4B26D: from=<typo3-45x.local@hnm.de>, size=3405, nrcpt=1 (queue active)
Jan 21 08:10:56 hnmomega postfix/smtpd[14125]: disconnect from hnmamavis01.hnmnet.de[10.193.1.3]
Jan 21 08:10:56 hnmomega postfix/smtp[14118]: 69F6B26C: to=<resainternational@yahoo.de>, relay=mx-eu.mail.am0.yahoodns.net[188.125.69.79]:25, delay=1.2, delays=0.01/0/0.28/0.89, dsn=2.0.0, status=sent (250 ok dirdel)
Jan 21 08:10:56 hnmomega postfix/qmgr[8199]: 69F6B26C: removed
Jan 21 08:10:56 hnmomega postfix/smtp[15639]: 4CA4B26D: to=<s.gall@net-dynamic.de>, relay=mail.nd-server.org[213.133.111.82]:25, delay=0.32, delays=0/0/0.18/0.13, dsn=2.0.0, status=sent (250 2.0.0 Ok: queued as 7C450364656)
Jan 21 08:10:56 hnmomega postfix/qmgr[8199]: 4CA4B26D: removed
Jan 21 08:11:41 hnmomega postfix/smtpd[14125]: connect from hnmamavis01.hnmnet.de[10.193.1.3]
Jan 21 08:11:41 hnmomega postfix/smtpd[14125]: 4C2C126C: client=hnmamavis01.hnmnet.de[10.193.1.3]
Jan 21 08:11:41 hnmomega postfix/cleanup[14127]: 4C2C126C: message-id=<006301d03549$750c4ed0$5f24ec70$@resainternational.com>
Jan 21 08:11:41 hnmomega postfix/qmgr[8199]: 4C2C126C: from=<info@resainternational.com>, size=28032, nrcpt=1 (queue active)
Jan 21 08:11:41 hnmomega postfix/smtpd[14125]: disconnect from hnmamavis01.hnmnet.de[10.193.1.3]
Jan 21 08:11:42 hnmomega postfix/smtp[14118]: 4C2C126C: to=<kerstinklug@yahoo.de>, relay=mx-eu.mail.am0.yahoodns.net[188.125.69.79]:25, delay=1.3, delays=0.01/0/0.21/1, dsn=2.0.0, status=sent (250 ok dirdel)
Jan 21 08:11:42 hnmomega postfix/qmgr[8199]: 4C2C126C: removed
Jan 21 08:13:27 hnmomega postfix/smtpd[16182]: warning: database /etc/aliases.db is older than source file /etc/aliases
Jan 21 08:13:27 hnmomega postfix/smtpd[16182]: connect from hnmamavis01.hnmnet.de[10.193.1.3]
Jan 21 08:13:27 hnmomega postfix/trivial-rewrite[16184]: warning: database /etc/postfix/smtpouttransport.db is older than source file /etc/postfix/smtpouttransport
Jan 21 08:13:27 hnmomega postfix/smtpd[16182]: 0E47626C: client=hnmamavis01.hnmnet.de[10.193.1.3]
Jan 21 08:13:27 hnmomega postfix/cleanup[16185]: 0E47626C: message-id=<F2C20BBF4E5A044AA51BE7739E286579E8BEF8@w2k3-sbs.AHAG.local>
Jan 21 08:13:27 hnmomega postfix/qmgr[8199]: 0E47626C: from=<Christoph.Hochhaeuser@ahag-bmw.de>, size=1574859, nrcpt=1 (queue active)
Jan 21 08:13:27 hnmomega postfix/smtpd[16182]: disconnect from hnmamavis01.hnmnet.de[10.193.1.3]
Jan 21 08:13:28 hnmomega postfix/smtp[16186]: 0E47626C: to=<mh@bluebox.de>, relay=mx00.kundenserver.de[212.227.17.175]:25, delay=1.1, delays=0.12/0.01/0.23/0.7, dsn=2.0.0, status=sent (250 Requested mail action okay, completed: id=0MGVX6-1Y0eCV1sQK-00DE6M)
Jan 21 08:13:28 hnmomega postfix/qmgr[8199]: 0E47626C: removed
Jan 21 08:13:49 hnmomega postfix/smtpd[16182]: connect from hnmamavis01.hnmnet.de[10.193.1.3]
Jan 21 08:13:49 hnmomega postfix/smtpd[16182]: E2FE426C: client=hnmamavis01.hnmnet.de[10.193.1.3]
Jan 21 08:13:49 hnmomega postfix/cleanup[16185]: E2FE426C: message-id=<97E0DBAA7CB5794C94B4C18D9658D2BB25129844@c11021>
Jan 21 08:13:49 hnmomega postfix/qmgr[8199]: E2FE426C: from=<Daria.Bork@ahag-bochum.de>, size=143910, nrcpt=1 (queue active)
Jan 21 08:13:49 hnmomega postfix/smtpd[16182]: disconnect from hnmamavis01.hnmnet.de[10.193.1.3]
Jan 21 08:13:49 hnmomega postfix/smtp[16186]: E2FE426C: to=<patrick.hoeft@bmw-ernst.de>, relay=mail.bmw-ernst.de[212.12.37.222]:25, delay=0.07, delays=0.01/0/0.03/0.03, dsn=2.0.0, status=sent (250 2.0.0 Ok: queued as ECF211C905C)
Jan 21 08:13:49 hnmomega postfix/qmgr[8199]: E2FE426C: removed
Jan 21 08:14:22 hnmomega postfix/smtpd[16182]: connect from hnmamavis01.hnmnet.de[10.193.1.3]
Jan 21 08:14:22 hnmomega postfix/smtpd[16182]: AE63226C: client=hnmamavis01.hnmnet.de[10.193.1.3]
Jan 21 08:14:22 hnmomega postfix/cleanup[16185]: AE63226C: message-id=<001201d03549$50fd59d0$f2f80d70$@krutzsch@wp-krutzsch.de>
Jan 21 08:14:22 hnmomega postfix/qmgr[8199]: AE63226C: from=<e.krutzsch@wp-krutzsch.de>, size=669843, nrcpt=1 (queue active)
Jan 21 08:14:22 hnmomega postfix/smtpd[16182]: disconnect from hnmamavis01.hnmnet.de[10.193.1.3]
Jan 21 08:14:23 hnmomega postfix/smtp[16186]: AE63226C: to=<wp-hoelscher@t-online.de>, relay=mx01.t-online.de[194.25.134.72]:25, delay=0.79, delays=0.06/0/0.2/0.53, dsn=2.0.0, status=sent (250 2.0.0 Message accepted.)
Jan 21 08:14:23 hnmomega postfix/qmgr[8199]: AE63226C: removed
Jan 21 08:14:31 hnmomega postfix/smtpd[16182]: connect from hnmamavis01.hnmnet.de[10.193.1.3]
Jan 21 08:14:31 hnmomega postfix/smtpd[16182]: 6CBAF26C: client=hnmamavis01.hnmnet.de[10.193.1.3]
Jan 21 08:14:31 hnmomega postfix/cleanup[16185]: 6CBAF26C: message-id=<C7C6A4B1C9614BF9A62B6AD0D82B59DC@PCRezeption1>
Jan 21 08:14:31 hnmomega postfix/qmgr[8199]: 6CBAF26C: from=<info@hotel-moewe.de>, size=212896, nrcpt=1 (queue active)
Jan 21 08:14:31 hnmomega postfix/smtpd[16182]: disconnect from hnmamavis01.hnmnet.de[10.193.1.3]
Jan 21 08:14:33 hnmomega postfix/smtp[16186]: 6CBAF26C: to=<ch.walther@yahoo.de>, relay=mx-eu.mail.am0.yahoodns.net[188.125.69.79]:25, delay=1.6, delays=0.02/0/0.27/1.4, dsn=2.0.0, status=sent (250 ok dirdel)
Jan 21 08:14:33 hnmomega postfix/qmgr[8199]: 6CBAF26C: removed
Jan 21 08:15:10 hnmomega postfix/smtpd[16182]: connect from hnmamavis01.hnmnet.de[10.193.1.3]
Jan 21 08:15:10 hnmomega postfix/smtpd[16182]: 7D4D026C: client=hnmamavis01.hnmnet.de[10.193.1.3]
Jan 21 08:15:10 hnmomega postfix/cleanup[16185]: 7D4D026C: message-id=<F2C20BBF4E5A044AA51BE7739E286579E8BEF9@w2k3-sbs.AHAG.local>
Jan 21 08:15:11 hnmomega postfix/qmgr[8199]: 7D4D026C: from=<Christoph.Hochhaeuser@ahag-bmw.de>, size=1573840, nrcpt=1 (queue active)
Jan 21 08:15:11 hnmomega postfix/smtpd[16182]: disconnect from hnmamavis01.hnmnet.de[10.193.1.3]
Jan 21 08:15:11 hnmomega postfix/smtp[16186]: 7D4D026C: to=<mh@bluebox.de>, relay=mx01.kundenserver.de[212.227.15.150]:25, delay=1.5, delays=0.56/0/0.23/0.68, dsn=2.0.0, status=sent (250 Requested mail action okay, completed: id=0LxugW-1Xi1MZ1bQS-015JH5)
Jan 21 08:15:12 hnmomega postfix/qmgr[8199]: 7D4D026C: removed
Jan 21 08:15:20 hnmomega postfix/smtpd[16182]: connect from hnmamavis01.hnmnet.de[10.193.1.3]
Jan 21 08:15:20 hnmomega postfix/smtpd[16182]: 203B726C: client=hnmamavis01.hnmnet.de[10.193.1.3]
Jan 21 08:15:20 hnmomega postfix/cleanup[16185]: 203B726C: message-id=<!&!AAAAAAAAAAAYAAAAAAAAALtO+pL9wMxEvAEAJY9rg4LCgAAAEAAAANtRo722ngRNpiTSi1V0JOQBAAAAAA==@reelfs-etechnik.de>
Jan 21 08:15:20 hnmomega postfix/qmgr[8199]: 203B726C: from=<luettmers@reelfs-etechnik.de>, size=2229514, nrcpt=2 (queue active)
Jan 21 08:15:20 hnmomega postfix/smtpd[16182]: disconnect from hnmamavis01.hnmnet.de[10.193.1.3]
Jan 21 08:15:22 hnmomega postfix/smtp[16186]: 203B726C: to=<MECK@de.ibm.com>, relay=e06-mx4.emea.ibm.com[195.75.94.107]:25, delay=2.5, delays=0.21/0/0.79/1.5, dsn=2.0.0, status=sent (250 OK <15012107-0041-0000-0000-000002F7C3D1>)
Jan 21 08:15:22 hnmomega postfix/smtp[16186]: 203B726C: to=<kdfisch@de.ibm.com>, relay=e06-mx4.emea.ibm.com[195.75.94.107]:25, delay=2.5, delays=0.21/0/0.79/1.5, dsn=2.0.0, status=sent (250 OK <15012107-0041-0000-0000-000002F7C3D1>)
Jan 21 08:15:22 hnmomega postfix/cleanup[16185]: C24E226E: message-id=<20150121071522.C24E226E@hnmomega.hnm-server.de>
Jan 21 08:15:22 hnmomega postfix/qmgr[8199]: C24E226E: from=<>, size=4231, nrcpt=1 (queue active)
Jan 21 08:15:22 hnmomega postfix/bounce[16702]: 203B726C: sender delivery status notification: C24E226E
Jan 21 08:15:22 hnmomega postfix/qmgr[8199]: 203B726C: removed
Jan 21 08:15:22 hnmomega postfix/smtp[16186]: C24E226E: to=<luettmers@reelfs-etechnik.de>, relay=mx02.hnm-server.de[93.92.128.115]:25, delay=0.03, delays=0/0/0.01/0.01, dsn=2.0.0, status=sent (250 2.0.0 Ok: queued as C806E4C)
Jan 21 08:15:22 hnmomega postfix/qmgr[8199]: C24E226E: removed
Jan 21 08:15:34 hnmomega postfix/smtpd[16182]: connect from hnmamavis01.hnmnet.de[10.193.1.3]
Jan 21 08:15:34 hnmomega postfix/smtpd[16182]: 46FA626C: client=hnmamavis01.hnmnet.de[10.193.1.3]
Jan 21 08:15:34 hnmomega postfix/cleanup[16185]: 46FA626C: message-id=<54BF5205.7080508@pommersches-landesmuseum.de>
Jan 21 08:15:34 hnmomega postfix/qmgr[8199]: 46FA626C: from=<schroeder@pommersches-landesmuseum.de>, size=217251, nrcpt=1 (queue active)
Jan 21 08:15:34 hnmomega postfix/smtpd[16182]: disconnect from hnmamavis01.hnmnet.de[10.193.1.3]
Jan 21 08:15:37 hnmomega postfix/smtp[16186]: 46FA626C: to=<roth@kulturforum.info>, relay=remote.kulturforum.info[80.153.77.225]:25, delay=3.4, delays=0.04/0/0.59/2.8, dsn=2.0.0, status=sent (250 OK id=1YDpVo-0003Si-0C)
Jan 21 08:15:37 hnmomega postfix/qmgr[8199]: 46FA626C: removed
Jan 21 08:15:53 hnmomega postfix/smtpd[16182]: connect from hnmamavis01.hnmnet.de[10.193.1.3]
Jan 21 08:15:53 hnmomega postfix/smtpd[16182]: 84FD226C: client=hnmamavis01.hnmnet.de[10.193.1.3]
Jan 21 08:15:53 hnmomega postfix/cleanup[16185]: 84FD226C: message-id=<F2C20BBF4E5A044AA51BE7739E286579E8BEFA@w2k3-sbs.AHAG.local>
Jan 21 08:15:53 hnmomega postfix/qmgr[8199]: 84FD226C: from=<Christoph.Pieper@ahag-bmw.de>, size=104726, nrcpt=1 (queue active)
Jan 21 08:15:53 hnmomega postfix/smtpd[16182]: disconnect from hnmamavis01.hnmnet.de[10.193.1.3]
Jan 21 08:15:54 hnmomega postfix/smtp[16186]: 84FD226C: to=<Raphael.Brand@bmw.de>, relay=mx1.bmw.c3s2.iphmx.com[68.232.139.62]:25, delay=0.56, delays=0.01/0/0.34/0.2, dsn=2.0.0, status=sent (250 ok:  Message 24168918 accepted)
Jan 21 08:15:54 hnmomega postfix/qmgr[8199]: 84FD226C: removed
Jan 21 08:16:35 hnmomega postfix/smtpd[16182]: connect from hnmamavis01.hnmnet.de[10.193.1.3]
Jan 21 08:16:35 hnmomega postfix/smtpd[16182]: 1C96E26C: client=hnmamavis01.hnmnet.de[10.193.1.3]
Jan 21 08:16:35 hnmomega postfix/cleanup[16185]: 1C96E26C: message-id=<006e01d0354a$26202fc0$72608f40$@resainternational.com>
Jan 21 08:16:35 hnmomega postfix/qmgr[8199]: 1C96E26C: from=<info@resainternational.com>, size=12645, nrcpt=1 (queue active)
Jan 21 08:16:35 hnmomega postfix/smtpd[16182]: disconnect from hnmamavis01.hnmnet.de[10.193.1.3]
Jan 21 08:16:42 hnmomega postfix/smtp[16186]: 1C96E26C: to=<info@hotelastoria-caorle.it>, relay=mail.hotelastoria-caorle.it[62.196.147.135]:25, delay=6.9, delays=0/0/2.3/4.6, dsn=2.0.0, status=sent (250 OK id=1YDpWn-0008Qs-5q)
Jan 21 08:16:42 hnmomega postfix/qmgr[8199]: 1C96E26C: removed
Jan 21 08:16:45 hnmomega postfix/smtpd[16182]: connect from hnmamavis01.hnmnet.de[10.193.1.3]
Jan 21 08:16:45 hnmomega postfix/smtpd[16182]: 8879626C: client=hnmamavis01.hnmnet.de[10.193.1.3]
Jan 21 08:16:45 hnmomega postfix/cleanup[16185]: 8879626C: message-id=<F2C20BBF4E5A044AA51BE7739E286579E8BEFB@w2k3-sbs.AHAG.local>
Jan 21 08:16:45 hnmomega postfix/qmgr[8199]: 8879626C: from=<Christoph.Hochhaeuser@ahag-bmw.de>, size=198621, nrcpt=1 (queue active)
Jan 21 08:16:45 hnmomega postfix/smtpd[16182]: disconnect from hnmamavis01.hnmnet.de[10.193.1.3]
Jan 21 08:16:46 hnmomega postfix/smtp[16186]: 8879626C: to=<mail@disigns.de>, relay=smtp.rzone.de[81.169.145.98]:25, delay=0.52, delays=0.01/0/0.2/0.31, dsn=2.1.5, status=sent (250 2.1.5 OK mail delivered with id f05037r0L7GjGyT)
Jan 21 08:16:46 hnmomega postfix/qmgr[8199]: 8879626C: removed
Jan 21 08:16:54 hnmomega postfix/smtpd[16182]: connect from hnmamavis01.hnmnet.de[10.193.1.3]
Jan 21 08:16:54 hnmomega postfix/smtpd[16182]: 8305B26C: client=hnmamavis01.hnmnet.de[10.193.1.3]
Jan 21 08:16:54 hnmomega postfix/cleanup[16185]: 8305B26C: message-id=<abbc517be4ef647ec42efd737cdc3669@cron-he.crsend.com>
Jan 21 08:16:54 hnmomega postfix/qmgr[8199]: 8305B26C: from=<bounce+317@bounce.crsend.com>, size=26293, nrcpt=1 (queue active)
Jan 21 08:16:54 hnmomega postfix/smtpd[16182]: disconnect from hnmamavis01.hnmnet.de[10.193.1.3]
Jan 21 08:16:54 hnmomega postfix/smtp[16186]: 8305B26C: to=<dekatrias@t-online.de>, relay=mx01.t-online.de[194.25.134.72]:25, delay=0.42, delays=0/0/0.2/0.21, dsn=2.0.0, status=sent (250 2.0.0 Message accepted.)
Jan 21 08:16:54 hnmomega postfix/qmgr[8199]: 8305B26C: removed
Jan 21 08:17:16 hnmomega postfix/qmgr[8199]: AE9E326A: from=<g.scheitler@sia-anklam.de>, size=12461, nrcpt=1 (queue active)
Jan 21 08:17:17 hnmomega postfix/smtp[16186]: AE9E326A: to=<A.Voss@anklam.de>, relay=mx1.unicon-gmbh.de[188.40.58.142]:25, delay=445, delays=444/0/0.18/0.13, dsn=2.0.0, status=sent (250 2.0.0 Ok: queued as 91BA023AF9EF)
Jan 21 08:17:17 hnmomega postfix/qmgr[8199]: AE9E326A: removed
Jan 21 08:19:05 hnmomega postfix/smtpd[17181]: warning: database /etc/aliases.db is older than source file /etc/aliases
Jan 21 08:19:05 hnmomega postfix/smtpd[17181]: connect from hnmamavis01.hnmnet.de[10.193.1.3]
Jan 21 08:19:05 hnmomega postfix/trivial-rewrite[17183]: warning: database /etc/postfix/smtpouttransport.db is older than source file /etc/postfix/smtpouttransport
Jan 21 08:19:05 hnmomega postfix/smtpd[17181]: 89A2826A: client=hnmamavis01.hnmnet.de[10.193.1.3]
Jan 21 08:19:05 hnmomega postfix/cleanup[17184]: 89A2826A: message-id=<F2C20BBF4E5A044AA51BE7739E286579E8BEFD@w2k3-sbs.AHAG.local>
Jan 21 08:19:05 hnmomega postfix/qmgr[8199]: 89A2826A: from=<Heiko.Hofmann@ahag-bmw.de>, size=267015, nrcpt=1 (queue active)
Jan 21 08:19:05 hnmomega postfix/smtpd[17181]: disconnect from hnmamavis01.hnmnet.de[10.193.1.3]
Jan 21 08:19:06 hnmomega postfix/smtp[17185]: 89A2826A: to=<g.tuereguen@kfz-wige.de>, relay=kfz-wige.de[85.214.118.234]:25, delay=0.67, delays=0.06/0.01/0.12/0.48, dsn=2.0.0, status=sent (250 OK id=1YDpZP-0007Si-GM)
Jan 21 08:19:06 hnmomega postfix/qmgr[8199]: 89A2826A: removed
Jan 21 08:19:15 hnmomega postfix/smtpd[17181]: connect from hnmamavis01.hnmnet.de[10.193.1.3]
Jan 21 08:19:15 hnmomega postfix/smtpd[17181]: D572B26A: client=hnmamavis01.hnmnet.de[10.193.1.3]
Jan 21 08:19:15 hnmomega postfix/cleanup[17184]: D572B26A: message-id=<54BF52CC.10602@ib-vm.de>
Jan 21 08:19:15 hnmomega postfix/qmgr[8199]: D572B26A: from=<kleinfeldt.gunnar@ib-vm.de>, size=255182, nrcpt=1 (queue active)
Jan 21 08:19:15 hnmomega postfix/smtpd[17181]: disconnect from hnmamavis01.hnmnet.de[10.193.1.3]
Jan 21 08:19:16 hnmomega postfix/smtp[17185]: warning: mail.tek-rostock.de[217.92.204.200]:25 offered null AUTH mechanism list
Jan 21 08:19:16 hnmomega postfix/smtp[17185]: warning: mail.tek-rostock.de[217.92.204.200]:25 offered null AUTH mechanism list
Jan 21 08:19:17 hnmomega postfix/smtpd[17181]: connect from hnmamavis01.hnmnet.de[10.193.1.3]
Jan 21 08:19:17 hnmomega postfix/smtpd[17181]: B09E226B: client=hnmamavis01.hnmnet.de[10.193.1.3]
Jan 21 08:19:17 hnmomega postfix/cleanup[17184]: B09E226B: message-id=<195256w0cjrya8unrsi9lw7r.1421824631046@email.android.com>
Jan 21 08:19:17 hnmomega postfix/qmgr[8199]: B09E226B: from=<info@tbr-berlin.de>, size=4067, nrcpt=1 (queue active)
Jan 21 08:19:17 hnmomega postfix/smtpd[17181]: disconnect from hnmamavis01.hnmnet.de[10.193.1.3]
Jan 21 08:19:17 hnmomega postfix/smtp[17192]: B09E226B: to=<astrid.springer@arcor.de>, relay=mx.arcor.de[151.189.21.118]:25, delay=0.24, delays=0/0.01/0.14/0.09, dsn=2.0.0, status=sent (250 2.0.0 Ok: queued as E5D995A348)
Jan 21 08:19:17 hnmomega postfix/qmgr[8199]: B09E226B: removed
Jan 21 08:19:19 hnmomega postfix/smtp[17185]: D572B26A: to=<glaesel@tek-rostock.de>, relay=mail.tek-rostock.de[217.92.204.200]:25, delay=3.2, delays=0.02/0/0.5/2.7, dsn=2.6.0, status=sent (250 2.6.0 <54BF52CC.10602@ib-vm.de> [InternalId=3323] Queued mail for delivery)
Jan 21 08:19:19 hnmomega postfix/qmgr[8199]: D572B26A: removed
Jan 21 08:19:27 hnmomega postfix/smtpd[17181]: connect from hnmamavis01.hnmnet.de[10.193.1.3]
Jan 21 08:19:27 hnmomega postfix/smtpd[17181]: B71E726A: client=hnmamavis01.hnmnet.de[10.193.1.3]
Jan 21 08:19:27 hnmomega postfix/cleanup[17184]: B71E726A: message-id=<54BF52B9.9090000@locandamontecristo.it>
Jan 21 08:19:27 hnmomega postfix/qmgr[8199]: B71E726A: from=<fabio@locandamontecristo.it>, size=94370, nrcpt=1 (queue active)
Jan 21 08:19:27 hnmomega postfix/smtpd[17181]: disconnect from hnmamavis01.hnmnet.de[10.193.1.3]
Jan 21 08:19:29 hnmomega postfix/smtp[17192]: B71E726A: to=<resainternational@yahoo.de>, relay=mx-eu.mail.am0.yahoodns.net[188.125.69.79]:25, delay=1.6, delays=0.01/0/0.22/1.4, dsn=2.0.0, status=sent (250 ok dirdel)
Jan 21 08:19:29 hnmomega postfix/qmgr[8199]: B71E726A: removed
Jan 21 08:19:39 hnmomega postfix/smtpd[17181]: connect from hnmamavis01.hnmnet.de[10.193.1.3]
Jan 21 08:19:39 hnmomega postfix/smtpd[17181]: 2058526A: client=hnmamavis01.hnmnet.de[10.193.1.3]
Jan 21 08:19:39 hnmomega postfix/cleanup[17184]: 2058526A: message-id=<54BF52AD.8080007@coeurdeville.it>
Jan 21 08:19:39 hnmomega postfix/qmgr[8199]: 2058526A: from=<info@coeurdeville.it>, size=27420, nrcpt=1 (queue active)
Jan 21 08:19:39 hnmomega postfix/smtpd[17181]: disconnect from hnmamavis01.hnmnet.de[10.193.1.3]
Jan 21 08:19:40 hnmomega postfix/smtp[17185]: 2058526A: to=<resainternational@yahoo.de>, relay=mx-eu.mail.am0.yahoodns.net[188.125.69.79]:25, delay=1, delays=0/0/0.2/0.84, dsn=2.0.0, status=sent (250 ok dirdel)
Jan 21 08:19:40 hnmomega postfix/qmgr[8199]: 2058526A: removed
Jan 21 08:19:51 hnmomega postfix/smtpd[17181]: connect from hnmamavis01.hnmnet.de[10.193.1.3]
Jan 21 08:19:51 hnmomega postfix/smtpd[17181]: 9598426A: client=hnmamavis01.hnmnet.de[10.193.1.3]
Jan 21 08:19:51 hnmomega postfix/cleanup[17184]: 9598426A: message-id=<54BF5305.6040105@ib-vm.de>
Jan 21 08:19:51 hnmomega postfix/qmgr[8199]: 9598426A: from=<scherff.ralf@ib-vm.de>, size=128552, nrcpt=4 (queue active)
Jan 21 08:19:51 hnmomega postfix/smtpd[17181]: disconnect from hnmamavis01.hnmnet.de[10.193.1.3]
Jan 21 08:19:52 hnmomega postfix/smtp[17192]: 9598426A: enabling PIX workarounds: disable_esmtp delay_dotcrlf for mail01.50hertz.com[5.32.184.52]:25
Jan 21 08:19:52 hnmomega postfix/smtp[17194]: 9598426A: to=<robert.stuchlik@wbv-mv.de>, relay=mx00.schlund.de[212.227.15.134]:25, delay=0.7, delays=0.01/0.03/0.26/0.4, dsn=2.0.0, status=sent (250 Requested mail action okay, completed: id=0MQxb8-1YIl1F3tNO-00UKJM)
Jan 21 08:19:52 hnmomega postfix/smtp[17193]: 9598426A: to=<konasch@mecklenburgische-kanalbau.de>, relay=mx0.mecklenburgische-kanalbau.de[80.237.138.5]:25, delay=0.89, delays=0.01/0.02/0.23/0.63, dsn=2.0.0, status=sent (250 OK id=1YDpZw-0007Jd-0x)
Jan 21 08:19:53 hnmomega postfix/smtp[17185]: 9598426A: to=<camps@amt-rostocker-heide.de>, relay=mx2a.p4.net[83.246.65.114]:25, delay=1.5, delays=0.01/0/0.28/1.2, dsn=2.0.0, status=sent (250 2.0.0 OK accept as 05A9F11BC00D:e17a8cb4d10bc7e44513db2892eda431 by mx-gate14-haj2)
Jan 21 08:19:53 hnmomega postfix/smtp[17192]: 9598426A: to=<andreas.finck@50hertz.com>, relay=mail01.50hertz.com[5.32.184.52]:25, delay=1.6, delays=0.01/0/0.69/0.92, dsn=2.0.0, status=sent (250 2.0.0 OK AF/54-04109-8135FB45)
Jan 21 08:19:53 hnmomega postfix/qmgr[8199]: 9598426A: removed
Jan 21 08:20:36 hnmomega postfix/smtpd[17181]: connect from hnmamavis01.hnmnet.de[10.193.1.3]
Jan 21 08:20:36 hnmomega postfix/smtpd[17181]: 024E426A: client=hnmamavis01.hnmnet.de[10.193.1.3]
Jan 21 08:20:36 hnmomega postfix/cleanup[17184]: 024E426A: message-id=<007901d0354a$b8b97bc0$2a2c7340$@resainternational.com>
Jan 21 08:20:36 hnmomega postfix/qmgr[8199]: 024E426A: from=<info@resainternational.com>, size=5388, nrcpt=1 (queue active)
Jan 21 08:20:36 hnmomega postfix/smtpd[17181]: disconnect from hnmamavis01.hnmnet.de[10.193.1.3]
Jan 21 08:20:36 hnmomega postfix/smtp[17194]: 024E426A: to=<ma.mader@gmx.at>, relay=mx01.emig.gmx.net[213.165.67.115]:25, delay=0.78, delays=0.05/0/0.23/0.5, dsn=2.0.0, status=sent (250 Requested mail action okay, completed: id=0MDmPS-1XwoIs1KrW-00H9tt)
Jan 21 08:20:36 hnmomega postfix/qmgr[8199]: 024E426A: removed
Jan 21 08:20:39 hnmomega postfix/smtpd[17181]: connect from hnmamavis01.hnmnet.de[10.193.1.3]
Jan 21 08:20:39 hnmomega postfix/smtpd[17181]: BAA2326A: client=hnmamavis01.hnmnet.de[10.193.1.3]
Jan 21 08:20:39 hnmomega postfix/cleanup[17184]: BAA2326A: message-id=<7B3C5C4433D51E46850FB9DCCA029B2BB7E3286C@c11021>
Jan 21 08:20:39 hnmomega postfix/qmgr[8199]: BAA2326A: from=<David.Michel@ahag-bochum.de>, size=141021, nrcpt=1 (queue active)
Jan 21 08:20:39 hnmomega postfix/smtpd[17181]: disconnect from hnmamavis01.hnmnet.de[10.193.1.3]
Jan 21 08:20:40 hnmomega postfix/smtp[17193]: BAA2326A: to=<info@arnekirchner.com>, relay=mx51.mymxserver.com[188.94.249.25]:25, delay=1, delays=0.01/0/0.07/0.94, dsn=2.0.0, status=sent (250 2.0.0 Ok: queued as 3B1753D41DB)
Jan 21 08:20:40 hnmomega postfix/qmgr[8199]: BAA2326A: removed
Jan 21 08:21:47 hnmomega postfix/smtpd[17181]: connect from hnmamavis01.hnmnet.de[10.193.1.3]
Jan 21 08:21:47 hnmomega postfix/smtpd[17181]: C2C2E26A: client=hnmamavis01.hnmnet.de[10.193.1.3]
Jan 21 08:21:47 hnmomega postfix/cleanup[17184]: C2C2E26A: message-id=<20150121072122.8F2EA2A80D8C@xxl3-hnm.de>
Jan 21 08:21:47 hnmomega postfix/qmgr[8199]: C2C2E26A: from=<root@xxl3-hnm.de>, size=2975, nrcpt=1 (queue active)
Jan 21 08:21:47 hnmomega postfix/smtpd[17181]: disconnect from hnmamavis01.hnmnet.de[10.193.1.3]
Jan 21 08:21:48 hnmomega postfix/smtp[17194]: C2C2E26A: to=<s.gall@net-dynamic.de>, relay=mail.nd-server.org[213.133.111.82]:25, delay=0.37, delays=0/0/0.19/0.18, dsn=2.0.0, status=sent (250 2.0.0 Ok: queued as 071B5366920)
Jan 21 08:21:48 hnmomega postfix/qmgr[8199]: C2C2E26A: removed
Jan 21 08:22:15 hnmomega postfix/smtpd[17181]: connect from hnmamavis01.hnmnet.de[10.193.1.3]
Jan 21 08:22:15 hnmomega postfix/smtpd[17181]: EBE3D26A: client=hnmamavis01.hnmnet.de[10.193.1.3]
Jan 21 08:22:15 hnmomega postfix/cleanup[17184]: EBE3D26A: message-id=<F2C20BBF4E5A044AA51BE7739E286579E8BF01@w2k3-sbs.AHAG.local>
Jan 21 08:22:15 hnmomega postfix/qmgr[8199]: EBE3D26A: from=<Christoph.Hochhaeuser@ahag-bmw.de>, size=210998, nrcpt=1 (queue active)
Jan 21 08:22:15 hnmomega postfix/smtpd[17181]: disconnect from hnmamavis01.hnmnet.de[10.193.1.3]
Jan 21 08:22:16 hnmomega postfix/qmgr[8199]: 54344263: from=<>, size=12021, nrcpt=1 (queue active)
Jan 21 08:22:16 hnmomega postfix/qmgr[8199]: 2CC3F1E: from=<farysch@wp-krutzsch.de>, size=4858, nrcpt=1 (queue active)
Jan 21 08:22:16 hnmomega postfix/smtp[17194]: 54344263: to=<info@auto-bids.com>, relay=mail.auto-bids.com[81.180.168.2]:25, delay=147312, delays=147312/0/0.27/0.05, dsn=4.7.1, status=deferred (host mail.auto-bids.com[81.180.168.2] said: 454 4.7.1 <info@auto-bids.com>: Relay access denied (in reply to RCPT TO command))
Jan 21 08:22:16 hnmomega postfix/smtp[17193]: EBE3D26A: to=<mail@disigns.de>, relay=smtp.rzone.de[81.169.145.98]:25, delay=0.47, delays=0.01/0/0.17/0.28, dsn=2.1.5, status=sent (250 2.1.5 OK mail delivered with id k00316r0L7MGJ7p)
Jan 21 08:22:16 hnmomega postfix/qmgr[8199]: EBE3D26A: removed
Jan 21 08:22:34 hnmomega postfix/smtpd[17181]: connect from hnmamavis01.hnmnet.de[10.193.1.3]
Jan 21 08:22:34 hnmomega postfix/smtpd[17181]: 0D46E238: client=hnmamavis01.hnmnet.de[10.193.1.3]
Jan 21 08:22:34 hnmomega postfix/cleanup[17184]: 0D46E238: message-id=<54BF53A2.80007@ib-vm.de>
Jan 21 08:22:34 hnmomega postfix/qmgr[8199]: 0D46E238: from=<filusch.jessica@ib-vm.de>, size=703177, nrcpt=2 (queue active)
Jan 21 08:22:34 hnmomega postfix/smtpd[17181]: disconnect from hnmamavis01.hnmnet.de[10.193.1.3]
Jan 21 08:22:34 hnmomega postfix/smtp[17193]: warning: remote.wilfriedhubert.de[82.193.246.117]:25 offered null AUTH mechanism list
Jan 21 08:22:34 hnmomega postfix/smtp[17193]: warning: remote.wilfriedhubert.de[82.193.246.117]:25 offered null AUTH mechanism list
Jan 21 08:22:35 hnmomega postfix/smtp[17194]: 0D46E238: to=<achtenhagen@itc-bentwisch.de>, relay=mail.itc-bentwisch.de[194.116.187.226]:25, delay=1.6, delays=0.05/0/0.44/1.1, dsn=2.0.0, status=sent (250 2.0.0 Ok: queued as 035ED15E09A6)
Jan 21 08:22:37 hnmomega postfix/smtp[17193]: 0D46E238: to=<TWollboldt@wilfriedhubert.de>, relay=remote.wilfriedhubert.de[82.193.246.117]:25, delay=3, delays=0.05/0/0.48/2.5, dsn=2.6.0, status=sent (250 2.6.0 <54BF53A2.80007@ib-vm.de> [InternalId=3264] Queued mail for delivery)
Jan 21 08:22:37 hnmomega postfix/qmgr[8199]: 0D46E238: removed
Jan 21 08:22:46 hnmomega postfix/smtp[17716]: connect to worldonline.de[62.27.45.170]:25: Connection timed out
Jan 21 08:22:46 hnmomega postfix/smtp[17716]: 2CC3F1E: to=<edgar.fleischer@worldonline.de>, relay=none, delay=164248, delays=164218/0.01/30/0, dsn=4.4.1, status=deferred (connect to worldonline.de[62.27.45.170]:25: Connection timed out)
Jan 21 08:22:48 hnmomega postfix/smtpd[17181]: connect from hnmamavis01.hnmnet.de[10.193.1.3]
Jan 21 08:22:48 hnmomega postfix/smtpd[17181]: 4AA5F26A: client=hnmamavis01.hnmnet.de[10.193.1.3]
Jan 21 08:22:48 hnmomega postfix/cleanup[17184]: 4AA5F26A: message-id=<D872BE418746A3449520372F8038CAD08F27B1@srvwiemail.wiesmann.local>
Jan 21 08:22:48 hnmomega postfix/qmgr[8199]: 4AA5F26A: from=<Vedran.Josipovic@ahag-coesfeld.de>, size=47659, nrcpt=1 (queue active)
Jan 21 08:22:48 hnmomega postfix/smtpd[17181]: disconnect from hnmamavis01.hnmnet.de[10.193.1.3]
Jan 21 08:22:48 hnmomega postfix/smtp[17194]: 4AA5F26A: to=<Franjo@Cyran.de>, relay=smtp.rzone.de[81.169.145.98]:25, delay=0.38, delays=0.01/0/0.2/0.17, dsn=2.1.5, status=sent (250 2.1.5 OK mail delivered with id i01d6cr0L7Mm9wi)
Jan 21 08:22:48 hnmomega postfix/qmgr[8199]: 4AA5F26A: removed
Jan 21 08:23:09 hnmomega postfix/smtpd[17181]: connect from hnmamavis01.hnmnet.de[10.193.1.3]
Jan 21 08:23:09 hnmomega postfix/smtpd[17181]: C543B26A: client=hnmamavis01.hnmnet.de[10.193.1.3]
Jan 21 08:23:09 hnmomega postfix/cleanup[17184]: C543B26A: message-id=<008101d0354b$141a1f60$3c4e5e20$@resainternational.com>
Jan 21 08:23:09 hnmomega postfix/qmgr[8199]: C543B26A: from=<info@resainternational.com>, size=53492, nrcpt=1 (queue active)
Jan 21 08:23:09 hnmomega postfix/smtpd[17181]: disconnect from hnmamavis01.hnmnet.de[10.193.1.3]
Jan 21 08:23:27 hnmomega postfix/smtp[17716]: C543B26A: to=<fabio@locandamontecristo.it>, relay=mx10.mailspamprotection.com[96.127.176.250]:25, delay=17, delays=0.01/0/1.8/16, dsn=2.0.0, status=sent (250 OK id=1YDpdA-0001pK-Sx)
Jan 21 08:23:27 hnmomega postfix/qmgr[8199]: C543B26A: removed
Jan 21 08:25:30 hnmomega postfix/smtpd[18240]: warning: database /etc/aliases.db is older than source file /etc/aliases
Jan 21 08:25:30 hnmomega postfix/smtpd[18240]: connect from hnmamavis01.hnmnet.de[10.193.1.3]
Jan 21 08:25:30 hnmomega postfix/trivial-rewrite[18242]: warning: database /etc/postfix/smtpouttransport.db is older than source file /etc/postfix/smtpouttransport
Jan 21 08:25:30 hnmomega postfix/smtpd[18240]: ABC0F26A: client=hnmamavis01.hnmnet.de[10.193.1.3]
Jan 21 08:25:30 hnmomega postfix/cleanup[18243]: ABC0F26A: message-id=<F2C20BBF4E5A044AA51BE7739E286579E8BF03@w2k3-sbs.AHAG.local>
Jan 21 08:25:31 hnmomega postfix/qmgr[8199]: ABC0F26A: from=<Jessica.Kij@ahag-bmw.de>, size=209390, nrcpt=1 (queue active)
Jan 21 08:25:31 hnmomega postfix/smtpd[18240]: disconnect from hnmamavis01.hnmnet.de[10.193.1.3]
Jan 21 08:25:32 hnmomega postfix/smtp[18244]: ABC0F26A: to=<ggg@meneks.de>, relay=cluster4.eu.messagelabs.com[85.158.137.68]:25, delay=1.6, delays=0.49/0.08/0.67/0.35, dsn=2.0.0, status=sent (250 ok 1421825132 qp 10513 server-4.tower-31.messagelabs.com!1421825131!12247020!1)
Jan 21 08:25:32 hnmomega postfix/qmgr[8199]: ABC0F26A: removed
Jan 21 08:25:44 hnmomega postfix/smtpd[18240]: connect from hnmamavis01.hnmnet.de[10.193.1.3]
Jan 21 08:25:44 hnmomega postfix/smtpd[18240]: D0B1A26A: client=hnmamavis01.hnmnet.de[10.193.1.3]
Jan 21 08:25:44 hnmomega postfix/cleanup[18243]: D0B1A26A: message-id=<D872BE418746A3449520372F8038CAD08F27B0@srvwiemail.wiesmann.local>
Jan 21 08:25:44 hnmomega postfix/qmgr[8199]: D0B1A26A: from=<vedran.josipovic@ahag-coesfeld.de>, size=48310, nrcpt=1 (queue active)
Jan 21 08:25:44 hnmomega postfix/smtpd[18240]: disconnect from hnmamavis01.hnmnet.de[10.193.1.3]
Jan 21 08:25:45 hnmomega postfix/smtp[18244]: D0B1A26A: to=<homeandgarden@gmx.net>, relay=mx01.emig.gmx.net[213.165.67.115]:25, delay=0.68, delays=0.01/0/0.26/0.4, dsn=2.0.0, status=sent (250 Requested mail action okay, completed: id=0M3doT-1Xw1pw0c0f-00rIne)
Jan 21 08:25:45 hnmomega postfix/qmgr[8199]: D0B1A26A: removed
Jan 21 08:25:50 hnmomega postfix/smtpd[18240]: connect from hnmamavis01.hnmnet.de[10.193.1.3]
Jan 21 08:25:50 hnmomega postfix/smtpd[18240]: 355BC26A: client=hnmamavis01.hnmnet.de[10.193.1.3]
Jan 21 08:25:50 hnmomega postfix/cleanup[18243]: 355BC26A: message-id=<CF247C31-F0D8-4817-B279-990C932347FE@drei-fisch.de>
Jan 21 08:25:50 hnmomega postfix/qmgr[8199]: 355BC26A: from=<steffi.schoenrock@drei-fisch.de>, size=26710, nrcpt=1 (queue active)
Jan 21 08:25:50 hnmomega postfix/smtpd[18240]: disconnect from hnmamavis01.hnmnet.de[10.193.1.3]
Jan 21 08:25:50 hnmomega postfix/smtp[18244]: 355BC26A: to=<kira.woeller@automatisch-dh.de>, relay=mx01.kundenserver.de[212.227.17.191]:25, delay=0.57, delays=0.01/0/0.22/0.34, dsn=2.0.0, status=sent (250 Requested mail action okay, completed: id=0LrDXU-1XkF3S20CK-0136ua)
Jan 21 08:25:50 hnmomega postfix/qmgr[8199]: 355BC26A: removed
Jan 21 08:25:54 hnmomega postfix/smtpd[18240]: connect from hnmamavis01.hnmnet.de[10.193.1.3]
Jan 21 08:25:54 hnmomega postfix/smtpd[18240]: 104A426A: client=hnmamavis01.hnmnet.de[10.193.1.3]
Jan 21 08:25:54 hnmomega postfix/cleanup[18243]: 104A426A: message-id=<003801d0354b$5a6f5750$0f4e05f0$@elektro-firma-gloeden.de>
Jan 21 08:25:54 hnmomega postfix/qmgr[8199]: 104A426A: from=<auftrag@elektro-firma-gloeden.de>, size=38386, nrcpt=1 (queue active)
Jan 21 08:25:54 hnmomega postfix/smtpd[18240]: disconnect from hnmamavis01.hnmnet.de[10.193.1.3]
Jan 21 08:25:54 hnmomega postfix/smtp[18244]: 104A426A: to=<mail@immobilien-fehlhaber.de>, relay=mx01.kundenserver.de[212.227.17.191]:25, delay=0.58, delays=0.05/0/0.21/0.32, dsn=2.0.0, status=sent (250 Requested mail action okay, completed: id=0LdPgE-1XVSVs1T0s-00ij5x)
Jan 21 08:25:54 hnmomega postfix/qmgr[8199]: 104A426A: removed
Jan 21 08:26:12 hnmomega postfix/smtpd[18240]: connect from hnmamavis01.hnmnet.de[10.193.1.3]
Jan 21 08:26:12 hnmomega postfix/smtpd[18240]: B270226A: client=hnmamavis01.hnmnet.de[10.193.1.3]
Jan 21 08:26:12 hnmomega postfix/cleanup[18243]: B270226A: message-id=<97E0DBAA7CB5794C94B4C18D9658D2BB2512985D@c11021>
Jan 21 08:26:12 hnmomega postfix/qmgr[8199]: B270226A: from=<Daria.Bork@ahag-bochum.de>, size=25131, nrcpt=1 (queue active)
Jan 21 08:26:12 hnmomega postfix/smtpd[18240]: disconnect from hnmamavis01.hnmnet.de[10.193.1.3]
Jan 21 08:26:12 hnmomega postfix/smtp[18244]: B270226A: to=<michael.gross@bmw-ernst.de>, relay=mail.bmw-ernst.de[212.12.37.222]:25, delay=0.14, delays=0.04/0/0.06/0.04, dsn=2.0.0, status=sent (250 2.0.0 Ok: queued as CAFE21C905C)
Jan 21 08:26:12 hnmomega postfix/qmgr[8199]: B270226A: removed
Jan 21 08:26:21 hnmomega postfix/smtpd[18240]: connect from hnmamavis01.hnmnet.de[10.193.1.3]
Jan 21 08:26:21 hnmomega postfix/smtpd[18240]: 79AF326A: client=hnmamavis01.hnmnet.de[10.193.1.3]
Jan 21 08:26:21 hnmomega postfix/cleanup[18243]: 79AF326A: message-id=<97E0DBAA7CB5794C94B4C18D9658D2BB2512985D@c11021>
Jan 21 08:26:21 hnmomega postfix/qmgr[8199]: 79AF326A: from=<Daria.Bork@ahag-bochum.de>, size=25106, nrcpt=1 (queue active)
Jan 21 08:26:21 hnmomega postfix/smtpd[18240]: disconnect from hnmamavis01.hnmnet.de[10.193.1.3]
Jan 21 08:26:21 hnmomega postfix/smtp[18244]: 79AF326A: to=<info@arnekirchner.com>, relay=nx51.mymxserver.com[188.94.249.250]:25, delay=0.31, delays=0.04/0/0.04/0.23, dsn=2.0.0, status=sent (250 2.0.0 Ok: queued as 9AC6B19AA1F)
Jan 21 08:26:21 hnmomega postfix/qmgr[8199]: 79AF326A: removed
Jan 21 08:26:44 hnmomega postfix/smtpd[18240]: connect from hnmamavis01.hnmnet.de[10.193.1.3]
Jan 21 08:26:44 hnmomega postfix/smtpd[18240]: A988626A: client=hnmamavis01.hnmnet.de[10.193.1.3]
Jan 21 08:26:44 hnmomega postfix/cleanup[18243]: A988626A: message-id=<D872BE418746A3449520372F8038CAD0716277@srvwiemail.wiesmann.local>
Jan 21 08:26:44 hnmomega postfix/qmgr[8199]: A988626A: from=<Lisa.Hoffmann@ahag-duelmen.de>, size=19820, nrcpt=1 (queue active)
Jan 21 08:26:44 hnmomega postfix/smtpd[18240]: disconnect from hnmamavis01.hnmnet.de[10.193.1.3]
Jan 21 08:26:45 hnmomega postfix/smtp[18244]: A988626A: to=<daniel.mischke82@gmx.de>, relay=mx01.emig.gmx.net[213.165.67.115]:25, delay=0.59, delays=0.01/0/0.18/0.4, dsn=2.0.0, status=sent (250 Requested mail action okay, completed: id=0LrYrh-1Xjy3d3lwz-013RVC)
Jan 21 08:26:45 hnmomega postfix/qmgr[8199]: A988626A: removed
Jan 21 08:27:00 hnmomega postfix/smtpd[18240]: connect from hnmamavis01.hnmnet.de[10.193.1.3]
Jan 21 08:27:00 hnmomega postfix/smtpd[18240]: 4098026A: client=hnmamavis01.hnmnet.de[10.193.1.3]
Jan 21 08:27:00 hnmomega postfix/cleanup[18243]: 4098026A: message-id=<BA1551B73C52A843AA5D2E0AD223B2A5012B7DC595@c11021>
Jan 21 08:27:00 hnmomega postfix/qmgr[8199]: 4098026A: from=<joris.west@ahag-bochum.de>, size=11533, nrcpt=1 (queue active)
Jan 21 08:27:00 hnmomega postfix/smtpd[18240]: disconnect from hnmamavis01.hnmnet.de[10.193.1.3]
Jan 21 08:27:03 hnmomega postfix/smtpd[18240]: connect from hnmamavis01.hnmnet.de[10.193.1.3]
Jan 21 08:27:03 hnmomega postfix/smtpd[18240]: BDDDB26B: client=hnmamavis01.hnmnet.de[10.193.1.3]
Jan 21 08:27:03 hnmomega postfix/cleanup[18243]: BDDDB26B: message-id=<D872BE418746A3449520372F8038CAD08F27B4@srvwiemail.wiesmann.local>
Jan 21 08:27:03 hnmomega postfix/qmgr[8199]: BDDDB26B: from=<Bernard.Borgmann@ahag-duelmen.de>, size=4354, nrcpt=1 (queue active)
Jan 21 08:27:03 hnmomega postfix/smtpd[18240]: disconnect from hnmamavis01.hnmnet.de[10.193.1.3]
Jan 21 08:27:04 hnmomega postfix/smtp[18712]: BDDDB26B: to=<frank.karweger@web.de>, relay=mx-ha02.web.de[213.165.67.120]:25, delay=0.52, delays=0.04/0.02/0.2/0.26, dsn=2.0.0, status=sent (250 Requested mail action okay, completed: id=0LnQCg-1XWVnC0DYk-00hfnv)
Jan 21 08:27:04 hnmomega postfix/qmgr[8199]: BDDDB26B: removed
Jan 21 08:27:08 hnmomega postfix/smtp[18244]: 4098026A: to=<rolandm@hp.com>, relay=smtp.hp.com[15.193.200.73]:25, delay=8.1, delays=0/0/6.7/1.4, dsn=2.0.0, status=sent (250 2.0.0 Ok: queued as A573616B)
Jan 21 08:27:08 hnmomega postfix/qmgr[8199]: 4098026A: removed
Jan 21 08:27:12 hnmomega postfix/smtpd[18240]: connect from hnmamavis01.hnmnet.de[10.193.1.3]
Jan 21 08:27:12 hnmomega postfix/smtpd[18240]: EF41526A: client=hnmamavis01.hnmnet.de[10.193.1.3]
Jan 21 08:27:12 hnmomega postfix/cleanup[18243]: EF41526A: message-id=<900178381C72E949AD0BF28DFB0BB4B2024CA6B6@S1.varioug.local>
Jan 21 08:27:13 hnmomega postfix/qmgr[8199]: EF41526A: from=<RLoschke@varioug.de>, size=4764, nrcpt=1 (queue active)
Jan 21 08:27:13 hnmomega postfix/smtpd[18240]: disconnect from hnmamavis01.hnmnet.de[10.193.1.3]
Jan 21 08:27:13 hnmomega postfix/smtp[18712]: EF41526A: to=<w.junior@jobluft.com>, relay=mail.webpage.t-com.de[194.25.134.97]:25, delay=0.23, delays=0.04/0/0.06/0.13, dsn=2.0.0, status=sent (250 2.0.0 Message accepted.)
Jan 21 08:27:13 hnmomega postfix/qmgr[8199]: EF41526A: removed
Jan 21 08:27:16 hnmomega postfix/qmgr[8199]: EF6A9266: from=<>, size=7929, nrcpt=1 (queue active)
Jan 21 08:27:22 hnmomega postfix/smtpd[18240]: connect from hnmamavis01.hnmnet.de[10.193.1.3]
Jan 21 08:27:22 hnmomega postfix/smtpd[18240]: 6B0FD30: client=hnmamavis01.hnmnet.de[10.193.1.3]
Jan 21 08:27:22 hnmomega postfix/cleanup[18243]: 6B0FD30: message-id=<900178381C72E949AD0BF28DFB0BB4B2024CA6BF@S1.varioug.local>
Jan 21 08:27:22 hnmomega postfix/qmgr[8199]: 6B0FD30: from=<RLoschke@varioug.de>, size=4453, nrcpt=1 (queue active)
Jan 21 08:27:22 hnmomega postfix/smtpd[18240]: disconnect from hnmamavis01.hnmnet.de[10.193.1.3]
Jan 21 08:27:23 hnmomega postfix/smtp[18712]: 6B0FD30: to=<G.Reinhardt@greifswald.de>, relay=mail.alpha-hnm.de[46.4.120.175]:25, delay=0.77, delays=0.04/0/0.18/0.55, dsn=2.0.0, status=sent (250 2.0.0 Ok: queued as ED67147E0802)
Jan 21 08:27:23 hnmomega postfix/qmgr[8199]: 6B0FD30: removed
Jan 21 08:27:23 hnmomega postfix/smtpd[18240]: connect from hnmamavis01.hnmnet.de[10.193.1.3]
Jan 21 08:27:23 hnmomega postfix/smtpd[18240]: A3D0130: client=hnmamavis01.hnmnet.de[10.193.1.3]
Jan 21 08:27:23 hnmomega postfix/cleanup[18243]: A3D0130: message-id=<F2C20BBF4E5A044AA51BE7739E286579E8BF05@w2k3-sbs.AHAG.local>
Jan 21 08:27:23 hnmomega postfix/qmgr[8199]: A3D0130: from=<Christoph.Hochhaeuser@ahag-bmw.de>, size=179182, nrcpt=1 (queue active)
Jan 21 08:27:23 hnmomega postfix/smtpd[18240]: disconnect from hnmamavis01.hnmnet.de[10.193.1.3]
Jan 21 08:27:25 hnmomega postfix/smtp[18712]: A3D0130: to=<susanne.meining@bmw.de>, relay=mx1.bmw.c3s2.iphmx.com[68.232.133.110]:25, delay=1.7, delays=0.02/0/1.4/0.34, dsn=2.0.0, status=sent (250 ok:  Message 16750861 accepted)
Jan 21 08:27:25 hnmomega postfix/qmgr[8199]: A3D0130: removed
Jan 21 08:27:32 hnmomega postfix/smtpd[18240]: connect from hnmamavis01.hnmnet.de[10.193.1.3]
Jan 21 08:27:32 hnmomega postfix/smtpd[18240]: 4ADB830: client=hnmamavis01.hnmnet.de[10.193.1.3]
Jan 21 08:27:32 hnmomega postfix/cleanup[18243]: 4ADB830: message-id=<F2C20BBF4E5A044AA51BE7739E286579E8BF06@w2k3-sbs.AHAG.local>
Jan 21 08:27:32 hnmomega postfix/qmgr[8199]: 4ADB830: from=<Thomas.Sutmann@ahag-bmw.de>, size=176719, nrcpt=1 (queue active)
Jan 21 08:27:32 hnmomega postfix/smtpd[18240]: disconnect from hnmamavis01.hnmnet.de[10.193.1.3]
Jan 21 08:27:40 hnmomega postfix/smtp[18712]: 4ADB830: to=<eugen.kohlmann@bmw-van-der-moolen.de>, relay=mailrelay.globalways.net[94.186.131.101]:25, delay=8.6, delays=0.02/0/0.27/8.3, dsn=2.0.0, status=sent (250 2.0.0 Ok: queued as 0163740A9)
Jan 21 08:27:40 hnmomega postfix/qmgr[8199]: 4ADB830: removed
Jan 21 08:27:47 hnmomega postfix/smtp[18244]: connect to mail.juristlot.com[95.211.141.219]:25: Connection timed out
Jan 21 08:27:47 hnmomega postfix/smtp[18244]: EF6A9266: to=<jackie-hepsen=karakuz.com@juristlot.com>, relay=none, delay=122410, delays=122378/0/31/0, dsn=4.4.1, status=deferred (connect to mail.juristlot.com[95.211.141.219]:25: Connection timed out)
Jan 21 08:28:38 hnmomega postfix/smtpd[18240]: connect from hnmamavis01.hnmnet.de[10.193.1.3]
Jan 21 08:28:38 hnmomega postfix/smtpd[18240]: D43DB26A: client=hnmamavis01.hnmnet.de[10.193.1.3]
Jan 21 08:28:38 hnmomega postfix/cleanup[18243]: D43DB26A: message-id=<F2C20BBF4E5A044AA51BE7739E286579E8BF07@w2k3-sbs.AHAG.local>
Jan 21 08:28:38 hnmomega postfix/qmgr[8199]: D43DB26A: from=<Sebastian.Port@ahag-bmw.de>, size=10079, nrcpt=1 (queue active)
Jan 21 08:28:38 hnmomega postfix/smtpd[18240]: disconnect from hnmamavis01.hnmnet.de[10.193.1.3]
Jan 21 08:28:39 hnmomega postfix/smtpd[18240]: connect from hnmamavis01.hnmnet.de[10.193.1.3]
Jan 21 08:28:39 hnmomega postfix/smtpd[18240]: 4864C26B: client=hnmamavis01.hnmnet.de[10.193.1.3]
Jan 21 08:28:39 hnmomega postfix/cleanup[18243]: 4864C26B: message-id=<856077421421835876501101@DOMAIN-CLIENT.soft-nrg.lan>
Jan 21 08:28:39 hnmomega postfix/cleanup[18243]: 4864C26B: resent-message-id=<20150121072839.45C3E9B7@hnmamavis01.hnmnet.de>
Jan 21 08:28:39 hnmomega postfix/qmgr[8199]: 4864C26B: from=<arne.kirchner@ahag-bochum.de>, size=15159, nrcpt=1 (queue active)
Jan 21 08:28:39 hnmomega postfix/smtpd[18240]: disconnect from hnmamavis01.hnmnet.de[10.193.1.3]
Jan 21 08:28:39 hnmomega postfix/smtp[18244]: 4864C26B: to=<info@arnekirchner.com>, relay=nx51.mymxserver.com[188.94.249.250]:25, delay=0.43, delays=0/0/0.05/0.38, dsn=2.0.0, status=sent (250 2.0.0 Ok: queued as 9F6D719A8FE)
Jan 21 08:28:39 hnmomega postfix/qmgr[8199]: 4864C26B: removed
Jan 21 08:28:41 hnmomega postfix/smtp[18712]: D43DB26A: to=<grandpower1@hotmail.com>, relay=mx4.hotmail.com[65.55.92.168]:25, delay=2.4, delays=0/0/1.1/1.4, dsn=2.0.0, status=sent (250  <F2C20BBF4E5A044AA51BE7739E286579E8BF07@w2k3-sbs.AHAG.local> Queued mail for delivery)
Jan 21 08:28:41 hnmomega postfix/qmgr[8199]: D43DB26A: removed
Jan 21 08:28:47 hnmomega postfix/smtpd[18240]: connect from hnmamavis01.hnmnet.de[10.193.1.3]
Jan 21 08:28:47 hnmomega postfix/smtpd[18240]: CC90826A: client=hnmamavis01.hnmnet.de[10.193.1.3]
Jan 21 08:28:47 hnmomega postfix/cleanup[18243]: CC90826A: message-id=<388602276456607835104520@DOMAIN-CLIENT.soft-nrg.lan>
Jan 21 08:28:47 hnmomega postfix/cleanup[18243]: CC90826A: resent-message-id=<20150121072847.C9F529B7@hnmamavis01.hnmnet.de>
Jan 21 08:28:47 hnmomega postfix/qmgr[8199]: CC90826A: from=<arne.kirchner@ahag-bochum.de>, size=15853, nrcpt=1 (queue active)
Jan 21 08:28:47 hnmomega postfix/smtpd[18240]: disconnect from hnmamavis01.hnmnet.de[10.193.1.3]
Jan 21 08:28:47 hnmomega postfix/smtp[18244]: CC90826A: to=<info@arnekirchner.com>, relay=nx51.mymxserver.com[188.94.249.250]:25, delay=0.16, delays=0/0/0.04/0.11, dsn=2.0.0, status=sent (250 2.0.0 Ok: queued as DA9D319A9B8)
