Jan 22 09:22:47 hnmomega postfix/qmgr[8199]: 23CCE26B: removed
Jan 22 09:23:07 hnmomega postfix/smtpd[14156]: connect from hnmamavis01.hnmnet.de[10.193.1.3]
Jan 22 09:23:07 hnmomega postfix/smtpd[14156]: A1BF926B: client=hnmamavis01.hnmnet.de[10.193.1.3]
Jan 22 09:23:07 hnmomega postfix/cleanup[14159]: A1BF926B: message-id=<000b01d0361c$9f07ff30$dd17fd90$@leibelt@alping.de>
Jan 22 09:23:07 hnmomega postfix/qmgr[8199]: A1BF926B: from=<m.leibelt@alping.de>, size=37872, nrcpt=1 (queue active)
Jan 22 09:23:07 hnmomega postfix/smtpd[14156]: disconnect from hnmamavis01.hnmnet.de[10.193.1.3]
Jan 22 09:23:09 hnmomega postfix/smtp[18719]: A1BF926B: to=<michael.leibelt@gmail.com>, relay=gmail-smtp-in.l.google.com[74.125.136.26]:25, delay=1.8, delays=0.04/0/0.29/1.5, dsn=2.0.0, status=sent (250 2.0.0 OK 1421914989 u8si4483029wjx.141 - gsmtp)
Jan 22 09:23:09 hnmomega postfix/qmgr[8199]: A1BF926B: removed
Jan 22 09:23:37 hnmomega postfix/smtpd[14156]: connect from hnmamavis01.hnmnet.de[10.193.1.3]
Jan 22 09:23:37 hnmomega postfix/smtpd[14156]: 6BE6726B: client=hnmamavis01.hnmnet.de[10.193.1.3]
Jan 22 09:23:37 hnmomega postfix/cleanup[14159]: 6BE6726B: message-id=<000f01d0361c$acf5d2c0$06e17840$@leibelt@alping.de>
Jan 22 09:23:37 hnmomega postfix/qmgr[8199]: 6BE6726B: from=<m.leibelt@alping.de>, size=50272, nrcpt=1 (queue active)
Jan 22 09:23:37 hnmomega postfix/smtpd[14156]: disconnect from hnmamavis01.hnmnet.de[10.193.1.3]
Jan 22 09:23:38 hnmomega postfix/smtp[18719]: 6BE6726B: to=<michael.leibelt@gmail.com>, relay=gmail-smtp-in.l.google.com[74.125.136.26]:25, delay=1.1, delays=0.05/0/0.22/0.87, dsn=2.0.0, status=sent (250 2.0.0 OK 1421915018 i5si4422580wjf.162 - gsmtp)
Jan 22 09:23:38 hnmomega postfix/qmgr[8199]: 6BE6726B: removed
Jan 22 09:23:58 hnmomega postfix/smtpd[14156]: connect from hnmamavis01.hnmnet.de[10.193.1.3]
Jan 22 09:23:58 hnmomega postfix/smtpd[14156]: 3ED4526B: client=hnmamavis01.hnmnet.de[10.193.1.3]
Jan 22 09:23:58 hnmomega postfix/cleanup[14159]: 3ED4526B: message-id=<4A18454BEC9948318AB55040BE027AA9@AdminVAIO>
Jan 22 09:23:58 hnmomega postfix/qmgr[8199]: 3ED4526B: from=<walter.tews@litec-lp.de>, size=28685, nrcpt=2 (queue active)
Jan 22 09:23:58 hnmomega postfix/smtpd[14156]: disconnect from hnmamavis01.hnmnet.de[10.193.1.3]
Jan 22 09:24:00 hnmomega postfix/smtpd[14156]: connect from hnmamavis01.hnmnet.de[10.193.1.3]
Jan 22 09:24:00 hnmomega postfix/smtpd[14156]: 1705C26C: client=hnmamavis01.hnmnet.de[10.193.1.3]
Jan 22 09:24:00 hnmomega postfix/cleanup[14159]: 1705C26C: message-id=<54C0B380.1060101@ib-vm.de>
Jan 22 09:24:00 hnmomega postfix/qmgr[8199]: 1705C26C: from=<Wilck.Burkhard@ib-vm.de>, size=1468143, nrcpt=1 (queue active)
Jan 22 09:24:00 hnmomega postfix/smtpd[14156]: disconnect from hnmamavis01.hnmnet.de[10.193.1.3]
Jan 22 09:24:00 hnmomega postfix/smtp[18719]: 3ED4526B: to=<roth.gundula@googlemail.com>, relay=gmail-smtp-in.l.google.com[74.125.136.26]:25, delay=2, delays=0/0/0.23/1.8, dsn=2.0.0, status=sent (250 2.0.0 OK 1421915040 x9si4711333wju.70 - gsmtp)
Jan 22 09:24:00 hnmomega postfix/smtp[20262]: 3ED4526B: to=<MLund@intematix.com>, relay=mail.intematix.com[72.26.233.4]:25, delay=2.2, delays=0/0.01/1.1/1, dsn=2.0.0, status=sent (250 Ok: queued as 5AEB1165B944)
Jan 22 09:24:00 hnmomega postfix/qmgr[8199]: 3ED4526B: removed
Jan 22 09:24:01 hnmomega postfix/smtp[20263]: 1705C26C: to=<Beate.Slodczyk@e-dis.de>, relay=mail2.eon-is.com[160.44.230.243]:25, delay=1.4, delays=0.08/0.01/0.61/0.67, dsn=2.0.0, status=sent (250 ok:  Message 227270053 accepted)
Jan 22 09:24:01 hnmomega postfix/qmgr[8199]: 1705C26C: removed
Jan 22 09:24:56 hnmomega postfix/smtpd[14156]: connect from hnmamavis01.hnmnet.de[10.193.1.3]
Jan 22 09:24:56 hnmomega postfix/smtpd[14156]: 8C12826B: client=hnmamavis01.hnmnet.de[10.193.1.3]
Jan 22 09:24:56 hnmomega postfix/cleanup[14159]: 8C12826B: message-id=<54C0B3CC.90407@curry36.de>
Jan 22 09:24:56 hnmomega postfix/qmgr[8199]: 8C12826B: from=<nicole.zuehlke@curry36.de>, size=139777, nrcpt=1 (queue active)
Jan 22 09:24:56 hnmomega postfix/smtpd[14156]: disconnect from hnmamavis01.hnmnet.de[10.193.1.3]
Jan 22 09:24:57 hnmomega postfix/smtp[18719]: 8C12826B: to=<Moschonas@psincomingberlin.de>, relay=mail.psincomingberlin.de[85.13.135.224]:25, delay=1.3, delays=0.01/0/0.7/0.58, dsn=2.0.0, status=sent (250 2.0.0 Ok: queued as 9107C3A0882)
Jan 22 09:24:57 hnmomega postfix/qmgr[8199]: 8C12826B: removed
Jan 22 09:25:01 hnmomega postfix/smtpd[14156]: connect from hnmamavis01.hnmnet.de[10.193.1.3]
Jan 22 09:25:01 hnmomega postfix/smtpd[14156]: 603F426B: client=hnmamavis01.hnmnet.de[10.193.1.3]
Jan 22 09:25:01 hnmomega postfix/cleanup[14159]: 603F426B: message-id=<975C5139DA54F6408D1351D6033C3D4D012B384A19@c11021>
Jan 22 09:25:02 hnmomega postfix/qmgr[8199]: 603F426B: from=<Frank.Mueller@ahag-bochum.de>, size=589222, nrcpt=1 (queue active)
Jan 22 09:25:02 hnmomega postfix/smtpd[14156]: disconnect from hnmamavis01.hnmnet.de[10.193.1.3]
Jan 22 09:25:03 hnmomega postfix/smtp[20262]: 603F426B: to=<ankaufwest@bmw.de>, relay=mx1.bmw.c3s2.iphmx.com[68.232.139.124]:25, delay=2.2, delays=0.62/0/1.2/0.39, dsn=2.0.0, status=sent (250 ok:  Message 18844516 accepted)
Jan 22 09:25:03 hnmomega postfix/qmgr[8199]: 603F426B: removed
Jan 22 09:25:53 hnmomega postfix/smtpd[14156]: connect from hnmamavis01.hnmnet.de[10.193.1.3]
Jan 22 09:25:53 hnmomega postfix/smtpd[14156]: 48D7E26B: client=hnmamavis01.hnmnet.de[10.193.1.3]
Jan 22 09:25:53 hnmomega postfix/cleanup[14159]: 48D7E26B: message-id=<150122092527FD.07377@msnd1.gtc-online.de>
Jan 22 09:25:53 hnmomega postfix/qmgr[8199]: 48D7E26B: from=<newsletter@flotte-mail.de>, size=25085, nrcpt=1 (queue active)
Jan 22 09:25:53 hnmomega postfix/smtpd[14156]: disconnect from hnmamavis01.hnmnet.de[10.193.1.3]
Jan 22 09:25:54 hnmomega postfix/smtp[18719]: 48D7E26B: to=<hermanowski58@googlemail.com>, relay=gmail-smtp-in.l.google.com[74.125.136.27]:25, delay=0.89, delays=0.01/0/0.26/0.62, dsn=2.0.0, status=sent (250 2.0.0 OK 1421915154 a10si3130352wiw.58 - gsmtp)
Jan 22 09:25:54 hnmomega postfix/qmgr[8199]: 48D7E26B: removed
Jan 22 09:25:54 hnmomega postfix/smtpd[14156]: connect from hnmamavis01.hnmnet.de[10.193.1.3]
Jan 22 09:25:54 hnmomega postfix/smtpd[14156]: BA4B226B: client=hnmamavis01.hnmnet.de[10.193.1.3]
Jan 22 09:25:54 hnmomega postfix/cleanup[14159]: BA4B226B: message-id=<54C0B400.3070408@pommersches-landesmuseum.de>
Jan 22 09:25:54 hnmomega postfix/qmgr[8199]: BA4B226B: from=<klingenberg@pommersches-landesmuseum.de>, size=193751, nrcpt=1 (queue active)
Jan 22 09:25:54 hnmomega postfix/smtpd[14156]: disconnect from hnmamavis01.hnmnet.de[10.193.1.3]
Jan 22 09:25:57 hnmomega postfix/smtp[20262]: BA4B226B: to=<STews@Stroeer.de>, relay=mailin4.rmx.de[62.245.148.19]:25, delay=2.7, delays=0.02/0/0.35/2.4, dsn=2.0.0, status=sent (250 2.0.0 Ok: queued as 225A32A1068)
Jan 22 09:25:57 hnmomega postfix/qmgr[8199]: BA4B226B: removed
Jan 22 09:26:12 hnmomega postfix/smtpd[14156]: connect from hnmamavis01.hnmnet.de[10.193.1.3]
Jan 22 09:26:12 hnmomega postfix/smtpd[14156]: 5D35126B: client=hnmamavis01.hnmnet.de[10.193.1.3]
Jan 22 09:26:12 hnmomega postfix/cleanup[14159]: 5D35126B: message-id=<F2C20BBF4E5A044AA51BE7739E286579E8C10C@w2k3-sbs.AHAG.local>
Jan 22 09:26:12 hnmomega postfix/cleanup[14159]: 5D35126B: resent-message-id=<20150122082612.52B026F7@hnmamavis01.hnmnet.de>
Jan 22 09:26:12 hnmomega postfix/qmgr[8199]: 5D35126B: from=<arne.kirchner@ahag-bochum.de>, size=1272001, nrcpt=1 (queue active)
Jan 22 09:26:12 hnmomega postfix/smtpd[14156]: disconnect from hnmamavis01.hnmnet.de[10.193.1.3]
Jan 22 09:26:14 hnmomega postfix/smtp[18719]: 5D35126B: to=<info@arnekirchner.com>, relay=mx51.mymxserver.com[188.94.249.25]:25, delay=2.4, delays=0.08/0/0.08/2.2, dsn=2.0.0, status=sent (250 2.0.0 Ok: queued as E053621C197)
Jan 22 09:26:14 hnmomega postfix/qmgr[8199]: 5D35126B: removed
Jan 22 09:26:32 hnmomega postfix/smtpd[14156]: connect from hnmamavis01.hnmnet.de[10.193.1.3]
Jan 22 09:26:32 hnmomega postfix/smtpd[14156]: F092226B: client=hnmamavis01.hnmnet.de[10.193.1.3]
Jan 22 09:26:32 hnmomega postfix/cleanup[14159]: F092226B: message-id=<54C0B42B.3050805@pommersches-landesmuseum.de>
Jan 22 09:26:33 hnmomega postfix/qmgr[8199]: F092226B: from=<wudtke@pommersches-landesmuseum.de>, size=187674, nrcpt=1 (queue active)
Jan 22 09:26:33 hnmomega postfix/smtpd[14156]: disconnect from hnmamavis01.hnmnet.de[10.193.1.3]
Jan 22 09:26:33 hnmomega postfix/smtp[20262]: F092226B: to=<iffwer@web.de>, relay=mx-ha02.web.de[213.165.67.120]:25, delay=0.59, delays=0.04/0/0.21/0.34, dsn=2.0.0, status=sent (250 Requested mail action okay, completed: id=0MaICa-1XytAP1796-00JrX0)
Jan 22 09:26:33 hnmomega postfix/qmgr[8199]: F092226B: removed
Jan 22 09:27:02 hnmomega postfix/smtpd[14156]: connect from hnmamavis01.hnmnet.de[10.193.1.3]
Jan 22 09:27:02 hnmomega postfix/smtpd[14156]: 9189226B: client=hnmamavis01.hnmnet.de[10.193.1.3]
Jan 22 09:27:02 hnmomega postfix/cleanup[14159]: 9189226B: message-id=<000601d0361d$2c6d5aa0$85480fe0$@de>
Jan 22 09:27:02 hnmomega postfix/qmgr[8199]: 9189226B: from=<info@efva.de>, size=82999, nrcpt=1 (queue active)
Jan 22 09:27:02 hnmomega postfix/smtpd[14156]: disconnect from hnmamavis01.hnmnet.de[10.193.1.3]
Jan 22 09:27:03 hnmomega postfix/smtp[18719]: 9189226B: to=<guntram.lange@web.de>, relay=mx-ha02.web.de[213.165.67.120]:25, delay=0.51, delays=0.01/0/0.19/0.3, dsn=2.0.0, status=sent (250 Requested mail action okay, completed: id=0LvmWO-1XdnTe3UNA-017RAW)
Jan 22 09:27:03 hnmomega postfix/qmgr[8199]: 9189226B: removed
Jan 22 09:27:45 hnmomega postfix/smtpd[14156]: connect from hnmamavis01.hnmnet.de[10.193.1.3]
Jan 22 09:27:45 hnmomega postfix/smtpd[14156]: 433F426B: client=hnmamavis01.hnmnet.de[10.193.1.3]
Jan 22 09:27:45 hnmomega postfix/cleanup[14159]: 433F426B: message-id=<W2K3-SBSsRQde13YDLV00000cbd@mail.ahag-bmw.de>
Jan 22 09:27:45 hnmomega postfix/qmgr[8199]: 433F426B: from=<michael.volpi@ahag-bochum.de>, size=749632, nrcpt=1 (queue active)
Jan 22 09:27:45 hnmomega postfix/smtpd[14156]: disconnect from hnmamavis01.hnmnet.de[10.193.1.3]
Jan 22 09:27:46 hnmomega postfix/smtp[20262]: 433F426B: to=<paul.heczko@gmx.de>, relay=mx01.emig.gmx.net[213.165.67.97]:25, delay=0.82, delays=0.06/0/0.21/0.56, dsn=2.0.0, status=sent (250 Requested mail action okay, completed: id=0MRB47-1Y9ZuQ2MPP-00UYCj)
Jan 22 09:27:46 hnmomega postfix/qmgr[8199]: 433F426B: removed
Jan 22 09:28:22 hnmomega postfix/smtpd[14156]: connect from hnmamavis01.hnmnet.de[10.193.1.3]
Jan 22 09:28:22 hnmomega postfix/smtpd[14156]: B832D26B: client=hnmamavis01.hnmnet.de[10.193.1.3]
Jan 22 09:28:22 hnmomega postfix/cleanup[14159]: B832D26B: message-id=<20150122082812.B72BB18B@hnmmail01.hnmnet.de>
Jan 22 09:28:22 hnmomega postfix/qmgr[8199]: B832D26B: from=<>, size=7090, nrcpt=1 (queue active)
Jan 22 09:28:22 hnmomega postfix/smtpd[14156]: disconnect from hnmamavis01.hnmnet.de[10.193.1.3]
Jan 22 09:28:22 hnmomega postfix/smtp[18719]: B832D26B: to=<postmaster@mailer-service.de>, relay=mx5.mailer-service.de[217.115.132.179]:25, delay=0.15, delays=0/0/0.08/0.06, dsn=2.0.0, status=sent (250 2.0.0 Ok: queued as D0F7F102E12)
Jan 22 09:28:22 hnmomega postfix/qmgr[8199]: B832D26B: removed
Jan 22 09:29:03 hnmomega postfix/smtpd[14156]: connect from hnmamavis01.hnmnet.de[10.193.1.3]
Jan 22 09:29:03 hnmomega postfix/trivial-rewrite[21252]: warning: database /etc/postfix/smtpouttransport.db is older than source file /etc/postfix/smtpouttransport
Jan 22 09:29:03 hnmomega postfix/smtpd[14156]: 53DC126B: client=hnmamavis01.hnmnet.de[10.193.1.3]
Jan 22 09:29:03 hnmomega postfix/cleanup[14159]: 53DC126B: message-id=<re-pTf22wushbPhuipwvotsNwsqsLpj4JPrw-167Y7FFZ-167UTW1L-19F1YZ5@newsletter.hotel.de>
Jan 22 09:29:03 hnmomega postfix/qmgr[8199]: 53DC126B: from=<return@newsletter.hotel.de>, size=90896, nrcpt=1 (queue active)
Jan 22 09:29:03 hnmomega postfix/smtpd[14156]: disconnect from hnmamavis01.hnmnet.de[10.193.1.3]
Jan 22 09:29:03 hnmomega postfix/trivial-rewrite[21253]: warning: database /etc/postfix/smtpouttransport.db is older than source file /etc/postfix/smtpouttransport
Jan 22 09:29:04 hnmomega postfix/smtp[20262]: 53DC126B: to=<resainternational@yahoo.de>, relay=mx-eu.mail.am0.yahoodns.net[188.125.69.79]:25, delay=1.3, delays=0.01/0/0.25/0.99, dsn=2.0.0, status=sent (250 ok dirdel)
Jan 22 09:29:04 hnmomega postfix/qmgr[8199]: 53DC126B: removed
Jan 22 09:29:50 hnmomega postfix/smtpd[14156]: connect from hnmamavis01.hnmnet.de[10.193.1.3]
Jan 22 09:29:50 hnmomega postfix/smtpd[14156]: 19DCF26B: client=hnmamavis01.hnmnet.de[10.193.1.3]
Jan 22 09:29:50 hnmomega postfix/cleanup[14159]: 19DCF26B: message-id=<31C425858E607048986071BE6773F435013ECEC3E8@c11021>
Jan 22 09:29:50 hnmomega postfix/qmgr[8199]: 19DCF26B: from=<Nicole.Schnittger@ahag-bochum.de>, size=202667, nrcpt=1 (queue active)
Jan 22 09:29:50 hnmomega postfix/smtpd[14156]: disconnect from hnmamavis01.hnmnet.de[10.193.1.3]
Jan 22 09:29:51 hnmomega postfix/smtp[18719]: 19DCF26B: to=<info@arnekirchner.com>, relay=mx51.mymxserver.com[188.94.250.25]:25, delay=0.94, delays=0.01/0/0.15/0.77, dsn=2.0.0, status=sent (250 2.0.0 Ok: queued as 51A053D41DC)
Jan 22 09:29:51 hnmomega postfix/qmgr[8199]: 19DCF26B: removed
Jan 22 09:29:59 hnmomega postfix/smtpd[14156]: connect from hnmamavis01.hnmnet.de[10.193.1.3]
Jan 22 09:29:59 hnmomega postfix/smtpd[14156]: E706E26B: client=hnmamavis01.hnmnet.de[10.193.1.3]
Jan 22 09:29:59 hnmomega postfix/cleanup[21259]: E706E26B: message-id=<CF92E92742580B4F936373E90D52399C65A31706@c11021>
Jan 22 09:29:59 hnmomega postfix/qmgr[8199]: E706E26B: from=<Sarah.Stolberg@ahag-bochum.de>, size=6881, nrcpt=1 (queue active)
Jan 22 09:29:59 hnmomega postfix/smtpd[14156]: disconnect from hnmamavis01.hnmnet.de[10.193.1.3]
Jan 22 09:30:00 hnmomega postfix/smtp[20262]: E706E26B: to=<smallman@web.de>, relay=mx-ha03.web.de[213.165.67.104]:25, delay=0.48, delays=0.01/0/0.21/0.26, dsn=2.0.0, status=sent (250 Requested mail action okay, completed: id=0MdbPI-1Y4Ms80oRA-00PQk5)
Jan 22 09:30:00 hnmomega postfix/qmgr[8199]: E706E26B: removed
Jan 22 09:30:08 hnmomega postfix/smtpd[14156]: connect from hnmamavis01.hnmnet.de[10.193.1.3]
Jan 22 09:30:08 hnmomega postfix/smtpd[14156]: 6EDF826B: client=hnmamavis01.hnmnet.de[10.193.1.3]
Jan 22 09:30:08 hnmomega postfix/cleanup[21259]: 6EDF826B: message-id=<54C0B4F0.2080204@ib-vm.de>
Jan 22 09:30:08 hnmomega postfix/qmgr[8199]: 6EDF826B: from=<Wilck.Burkhard@ib-vm.de>, size=1468208, nrcpt=1 (queue active)
Jan 22 09:30:08 hnmomega postfix/smtpd[14156]: disconnect from hnmamavis01.hnmnet.de[10.193.1.3]
Jan 22 09:30:09 hnmomega postfix/smtp[18719]: 6EDF826B: to=<eckhard.neumann@boddenland.de>, relay=mxlb.ispgateway.de[80.67.18.126]:25, delay=1.3, delays=0.37/0/0.32/0.59, dsn=2.0.0, status=sent (250 OK id=1YED9V-0006nl-4c)
Jan 22 09:30:09 hnmomega postfix/qmgr[8199]: 6EDF826B: removed
Jan 22 09:30:35 hnmomega postfix/smtpd[14156]: connect from hnmamavis01.hnmnet.de[10.193.1.3]
Jan 22 09:30:35 hnmomega postfix/smtpd[14156]: 878D826B: client=hnmamavis01.hnmnet.de[10.193.1.3]
Jan 22 09:30:35 hnmomega postfix/cleanup[21259]: 878D826B: message-id=<000c01d0361d$ab596b60$020c4220$@de>
Jan 22 09:30:35 hnmomega postfix/qmgr[8199]: 878D826B: from=<info@efva.de>, size=3926, nrcpt=1 (queue active)
Jan 22 09:30:35 hnmomega postfix/smtpd[14156]: disconnect from hnmamavis01.hnmnet.de[10.193.1.3]
Jan 22 09:30:35 hnmomega postfix/smtp[20262]: 878D826B: to=<hanisch@diakonie-stargard.de>, relay=mail.diakonie-stargard.de[84.200.251.3]:25, delay=0.34, delays=0/0/0.15/0.19, dsn=2.0.0, status=sent (250 2.0.0 Ok: queued as C36E72F8005B)
Jan 22 09:30:35 hnmomega postfix/qmgr[8199]: 878D826B: removed
Jan 22 09:31:06 hnmomega postfix/smtpd[14156]: connect from hnmamavis01.hnmnet.de[10.193.1.3]
Jan 22 09:31:06 hnmomega postfix/smtpd[14156]: 6A1EC26B: client=hnmamavis01.hnmnet.de[10.193.1.3]
Jan 22 09:31:06 hnmomega postfix/cleanup[21259]: 6A1EC26B: message-id=<0.0.2C.AC6.1D0361DAE64B3F0.0@omp.jetzt.ab-in-den-urlaub.de>
Jan 22 09:31:06 hnmomega postfix/qmgr[8199]: 6A1EC26B: from=<news@jetzt.ab-in-den-urlaub.de>, size=67266, nrcpt=1 (queue active)
Jan 22 09:31:06 hnmomega postfix/smtpd[14156]: disconnect from hnmamavis01.hnmnet.de[10.193.1.3]
Jan 22 09:31:06 hnmomega postfix/smtp[18719]: 6A1EC26B: to=<juliane.schmidt@uniklinikum-dresden.de>, relay=mail.uniklinikum-dresden.de[141.76.248.19]:25, delay=0.19, delays=0.01/0/0.07/0.11, dsn=2.0.0, status=sent (250 2.0.0 Ok: queued as 8703B67DB1)
Jan 22 09:31:06 hnmomega postfix/qmgr[8199]: 6A1EC26B: removed
Jan 22 09:31:52 hnmomega postfix/smtpd[14156]: connect from hnmamavis01.hnmnet.de[10.193.1.3]
Jan 22 09:31:52 hnmomega postfix/smtpd[14156]: 8DB8626B: client=hnmamavis01.hnmnet.de[10.193.1.3]
Jan 22 09:31:52 hnmomega postfix/cleanup[21259]: 8DB8626B: message-id=<001501d0361d$89ea9cb0$9dbfd610$@spiegelblank.com>
Jan 22 09:31:52 hnmomega postfix/qmgr[8199]: 8DB8626B: from=<material@spiegelblank.com>, size=11822, nrcpt=2 (queue active)
Jan 22 09:31:52 hnmomega postfix/smtpd[14156]: disconnect from hnmamavis01.hnmnet.de[10.193.1.3]
Jan 22 09:31:53 hnmomega postfix/smtp[20262]: 8DB8626B: to=<Christel.Hirsch@Wisag.de>, relay=mail02.mail-gw.de[95.130.17.235]:25, delay=0.81, delays=0.01/0/0.58/0.22, dsn=2.0.0, status=sent (250 ok:  Message 355025198 accepted)
Jan 22 09:31:53 hnmomega postfix/smtp[20262]: 8DB8626B: to=<monika.kuhlee@wisag.de>, relay=mail02.mail-gw.de[95.130.17.235]:25, delay=0.81, delays=0.01/0/0.58/0.22, dsn=2.0.0, status=sent (250 ok:  Message 355025198 accepted)
Jan 22 09:31:53 hnmomega postfix/qmgr[8199]: 8DB8626B: removed
Jan 22 09:32:19 hnmomega postfix/qmgr[8199]: 42E96267: from=<>, size=9066, nrcpt=1 (queue active)
Jan 22 09:32:19 hnmomega postfix/qmgr[8199]: 1FA9A90: from=<>, size=15293, nrcpt=1 (queue active)
Jan 22 09:32:19 hnmomega postfix/qmgr[8199]: BC2C8270: from=<>, size=10490, nrcpt=1 (queue active)
Jan 22 09:32:19 hnmomega postfix/smtp[20262]: 1FA9A90: to=<info@bidsxpert.com>, relay=mail.bidsxpert.com[81.180.173.193]:25, delay=416281, delays=416280/0/0.27/0.08, dsn=4.7.1, status=deferred (host mail.bidsxpert.com[81.180.173.193] said: 454 4.7.1 <info@bidsxpert.com>: Relay access denied (in reply to RCPT TO command))
Jan 22 09:32:19 hnmomega postfix/smtp[21778]: BC2C8270: to=<info@bottomlinebooster.net>, relay=mail.bottomlinebooster.net[87.121.193.3]:25, delay=84526, delays=84526/0.02/0.42/0.04, dsn=4.7.1, status=deferred (host mail.bottomlinebooster.net[87.121.193.3] said: 454 4.7.1 <info@bottomlinebooster.net>: Relay access denied (in reply to RCPT TO command))
Jan 22 09:32:19 hnmomega postfix/smtp[18719]: connect to mail.casonizedlot.com[38.109.218.164]:25: Connection refused
Jan 22 09:32:19 hnmomega postfix/smtp[18719]: 42E96267: to=<james-service=fink-landtechnik.de@casonizedlot.com>, relay=none, delay=134716, delays=134715/0/0.53/0, dsn=4.4.1, status=deferred (connect to mail.casonizedlot.com[38.109.218.164]:25: Connection refused)
Jan 22 09:32:39 hnmomega postfix/smtpd[21780]: warning: database /etc/aliases.db is older than source file /etc/aliases
Jan 22 09:32:39 hnmomega postfix/smtpd[21780]: connect from hnmamavis01.hnmnet.de[10.193.1.3]
Jan 22 09:32:39 hnmomega postfix/smtpd[21780]: 41D5126B: client=hnmamavis01.hnmnet.de[10.193.1.3]
Jan 22 09:32:39 hnmomega postfix/cleanup[21259]: 41D5126B: message-id=<F2C20BBF4E5A044AA51BE7739E286579E8C10E@w2k3-sbs.AHAG.local>
Jan 22 09:32:39 hnmomega postfix/qmgr[8199]: 41D5126B: from=<Uwe.Hilliges@ahag-bmw.de>, size=122433, nrcpt=1 (queue active)
Jan 22 09:32:39 hnmomega postfix/smtpd[21780]: disconnect from hnmamavis01.hnmnet.de[10.193.1.3]
Jan 22 09:32:40 hnmomega postfix/smtp[20262]: 41D5126B: to=<heiko.schultz@de.atlascopco.com>, relay=mta1e.mail.zscaler.net[95.172.88.18]:25, delay=0.87, delays=0.01/0/0.31/0.55, dsn=2.0.0, status=sent (250 Email accepted successfully (id=54C0B5A7110C000F))
Jan 22 09:32:40 hnmomega postfix/qmgr[8199]: 41D5126B: removed
Jan 22 09:33:09 hnmomega postfix/smtpd[21780]: connect from hnmamavis01.hnmnet.de[10.193.1.3]
Jan 22 09:33:09 hnmomega postfix/smtpd[21780]: CBE4626B: client=hnmamavis01.hnmnet.de[10.193.1.3]
Jan 22 09:33:09 hnmomega postfix/cleanup[21259]: CBE4626B: message-id=<re-pTf22wushbRBtwsi4NujRioniK6Ocy-167Y7PP1-167UTW1L-6197I8@newsletter.hotel.de>
Jan 22 09:33:09 hnmomega postfix/qmgr[8199]: CBE4626B: from=<return@newsletter.hotel.de>, size=93838, nrcpt=1 (queue active)
Jan 22 09:33:09 hnmomega postfix/smtpd[21780]: disconnect from hnmamavis01.hnmnet.de[10.193.1.3]
Jan 22 09:33:11 hnmomega postfix/smtp[21778]: CBE4626B: to=<resainternational@yahoo.de>, relay=mx-eu.mail.am0.yahoodns.net[188.125.69.79]:25, delay=1.3, delays=0.01/0/0.25/1.1, dsn=2.0.0, status=sent (250 ok dirdel)
Jan 22 09:33:11 hnmomega postfix/qmgr[8199]: CBE4626B: removed
Jan 22 09:33:58 hnmomega postfix/smtpd[21780]: connect from hnmamavis01.hnmnet.de[10.193.1.3]
Jan 22 09:33:58 hnmomega postfix/smtpd[21780]: 785A226B: client=hnmamavis01.hnmnet.de[10.193.1.3]
Jan 22 09:33:58 hnmomega postfix/cleanup[21259]: 785A226B: message-id=<000301d0361d$cc30dc10$64929430$@com>
Jan 22 09:33:58 hnmomega postfix/qmgr[8199]: 785A226B: from=<rechnung@spiegelblank.com>, size=60118, nrcpt=1 (queue active)
Jan 22 09:33:58 hnmomega postfix/smtpd[21780]: disconnect from hnmamavis01.hnmnet.de[10.193.1.3]
Jan 22 09:33:59 hnmomega postfix/smtp[18719]: 785A226B: to=<Annet.Ratajczak@btrsumus.de>, relay=mxlb.ispgateway.de[80.67.18.126]:25, delay=0.71, delays=0.01/0/0.48/0.22, dsn=2.0.0, status=sent (250 OK id=1YEDDC-0006gi-Vy)
Jan 22 09:33:59 hnmomega postfix/qmgr[8199]: 785A226B: removed
Jan 22 09:34:02 hnmomega postfix/smtpd[21780]: connect from hnmamavis01.hnmnet.de[10.193.1.3]
Jan 22 09:34:02 hnmomega postfix/smtpd[21780]: 9DDC726B: client=hnmamavis01.hnmnet.de[10.193.1.3]
Jan 22 09:34:02 hnmomega postfix/cleanup[21259]: 9DDC726B: message-id=<000c01d0361e$1987e6c0$4c97b440$@stadtmarketing-greifswald.de>
Jan 22 09:34:02 hnmomega postfix/qmgr[8199]: 9DDC726B: from=<Assistenz@stadtmarketing-greifswald.de>, size=20266, nrcpt=1 (queue active)
Jan 22 09:34:02 hnmomega postfix/smtpd[21780]: disconnect from hnmamavis01.hnmnet.de[10.193.1.3]
Jan 22 09:34:02 hnmomega postfix/smtp[20262]: 9DDC726B: to=<nadine.becker@grotest-maru.de>, relay=grotest-maru.de[212.162.56.72]:25, delay=0.19, delays=0/0/0.11/0.08, dsn=2.0.0, status=sent (250 OK id=1YEDDG-000272-PW)
Jan 22 09:34:02 hnmomega postfix/qmgr[8199]: 9DDC726B: removed
Jan 22 09:34:17 hnmomega postfix/smtpd[21780]: connect from hnmamavis01.hnmnet.de[10.193.1.3]
Jan 22 09:34:17 hnmomega postfix/smtpd[21780]: 10DC326B: client=hnmamavis01.hnmnet.de[10.193.1.3]
Jan 22 09:34:17 hnmomega postfix/cleanup[21259]: 10DC326B: message-id=<0.0.7B.C01.1D0361DF1F40BFC.0@omp.jetzt.ab-in-den-urlaub.de>
Jan 22 09:34:17 hnmomega postfix/qmgr[8199]: 10DC326B: from=<news@jetzt.ab-in-den-urlaub.de>, size=66520, nrcpt=1 (queue active)
Jan 22 09:34:17 hnmomega postfix/smtpd[21780]: disconnect from hnmamavis01.hnmnet.de[10.193.1.3]
Jan 22 09:34:17 hnmomega postfix/smtp[21778]: 10DC326B: to=<home@balance-hro.de>, relay=mx01.kundenserver.de[212.227.15.150]:25, delay=0.65, delays=0.01/0/0.33/0.31, dsn=2.0.0, status=sent (250 Requested mail action okay, completed: id=0MFgeb-1YSjQS1iMv-00Ec8I)
Jan 22 09:34:17 hnmomega postfix/qmgr[8199]: 10DC326B: removed
Jan 22 09:34:43 hnmomega postfix/smtpd[21780]: connect from hnmamavis01.hnmnet.de[10.193.1.3]
Jan 22 09:34:43 hnmomega postfix/smtpd[21780]: 1206F26B: client=hnmamavis01.hnmnet.de[10.193.1.3]
Jan 22 09:34:43 hnmomega postfix/cleanup[21259]: 1206F26B: message-id=<54C0B5E4.6090909@hotelkarinziacaorle.it>
Jan 22 09:34:43 hnmomega postfix/qmgr[8199]: 1206F26B: from=<info@hotelkarinziacaorle.it>, size=63409, nrcpt=1 (queue active)
Jan 22 09:34:43 hnmomega postfix/smtpd[21780]: disconnect from hnmamavis01.hnmnet.de[10.193.1.3]
Jan 22 09:34:46 hnmomega postfix/smtp[18719]: 1206F26B: to=<resainternational@yahoo.de>, relay=mx-eu.mail.am0.yahoodns.net[188.125.69.79]:25, delay=3, delays=0.01/0/0.26/2.7, dsn=2.0.0, status=sent (250 ok dirdel)
Jan 22 09:34:46 hnmomega postfix/qmgr[8199]: 1206F26B: removed
Jan 22 09:34:55 hnmomega postfix/smtpd[21780]: connect from hnmamavis01.hnmnet.de[10.193.1.3]
Jan 22 09:34:55 hnmomega postfix/smtpd[21780]: 7356926B: client=hnmamavis01.hnmnet.de[10.193.1.3]
Jan 22 09:34:55 hnmomega postfix/cleanup[21259]: 7356926B: message-id=<54C0B5FB.7050109@hotelkarinziacaorle.it>
Jan 22 09:34:55 hnmomega postfix/qmgr[8199]: 7356926B: from=<info@hotelkarinziacaorle.it>, size=58014, nrcpt=1 (queue active)
Jan 22 09:34:55 hnmomega postfix/smtpd[21780]: disconnect from hnmamavis01.hnmnet.de[10.193.1.3]
Jan 22 09:34:57 hnmomega postfix/smtpd[21780]: connect from hnmamavis01.hnmnet.de[10.193.1.3]
Jan 22 09:34:57 hnmomega postfix/smtpd[21780]: D394626C: client=hnmamavis01.hnmnet.de[10.193.1.3]
Jan 22 09:34:57 hnmomega postfix/cleanup[21259]: D394626C: message-id=<54C0B616.8000405@pommersches-landesmuseum.de>
Jan 22 09:34:57 hnmomega postfix/qmgr[8199]: D394626C: from=<schoenle@pommersches-landesmuseum.de>, size=377529, nrcpt=1 (queue active)
Jan 22 09:34:57 hnmomega postfix/smtpd[21780]: disconnect from hnmamavis01.hnmnet.de[10.193.1.3]
Jan 22 09:34:58 hnmomega postfix/smtp[20262]: 7356926B: to=<resainternational@yahoo.de>, relay=mx-eu.mail.am0.yahoodns.net[188.125.69.79]:25, delay=2.8, delays=0.01/0/0.24/2.5, dsn=2.0.0, status=sent (250 ok dirdel)
Jan 22 09:34:58 hnmomega postfix/qmgr[8199]: 7356926B: removed
Jan 22 09:34:59 hnmomega postfix/smtp[21778]: D394626C: to=<D.Manzenreiter@gmx.at>, relay=mx00.emig.gmx.net[213.165.67.114]:25, delay=1.7, delays=0.02/0/0.2/1.5, dsn=2.0.0, status=sent (250 Requested mail action okay, completed: id=0MGFlv-1YTHNN0VFP-00F9lf)
Jan 22 09:34:59 hnmomega postfix/qmgr[8199]: D394626C: removed
Jan 22 09:35:22 hnmomega postfix/smtpd[21780]: connect from hnmamavis01.hnmnet.de[10.193.1.3]
Jan 22 09:35:22 hnmomega postfix/smtpd[21780]: CA02C26B: client=hnmamavis01.hnmnet.de[10.193.1.3]
Jan 22 09:35:22 hnmomega postfix/cleanup[21259]: CA02C26B: message-id=<001a01d0361e$08473eb0$18d5bc10$@spiegelblank.com>
Jan 22 09:35:22 hnmomega postfix/qmgr[8199]: CA02C26B: from=<material@spiegelblank.com>, size=84523, nrcpt=1 (queue active)
Jan 22 09:35:22 hnmomega postfix/smtpd[21780]: disconnect from hnmamavis01.hnmnet.de[10.193.1.3]
Jan 22 09:35:23 hnmomega postfix/smtp[18719]: CA02C26B: to=<s.blohm@gansow.de>, relay=mail.gansow.de[62.153.98.82]:25, delay=0.88, delays=0.04/0/0.33/0.5, dsn=2.0.0, status=sent (250 OK id=1YEDEZ-0007rl-1L)
Jan 22 09:35:23 hnmomega postfix/qmgr[8199]: CA02C26B: removed
Jan 22 09:35:35 hnmomega postfix/smtpd[21780]: connect from hnmamavis01.hnmnet.de[10.193.1.3]
Jan 22 09:35:35 hnmomega postfix/smtpd[21780]: DECD926B: client=hnmamavis01.hnmnet.de[10.193.1.3]
Jan 22 09:35:35 hnmomega postfix/cleanup[21259]: DECD926B: message-id=<20150122083524.5673918B@hnmmail01.hnmnet.de>
Jan 22 09:35:35 hnmomega postfix/qmgr[8199]: DECD926B: from=<>, size=7615, nrcpt=1 (queue active)
Jan 22 09:35:35 hnmomega postfix/smtpd[21780]: disconnect from hnmamavis01.hnmnet.de[10.193.1.3]
Jan 22 09:35:37 hnmomega postfix/smtp[20262]: DECD926B: to=<news@jetzt.ab-in-den-urlaub.de>, relay=imh.rsys5.net[199.7.200.25]:25, delay=1.6, delays=0.01/0/1.1/0.5, dsn=2.0.0, status=sent (250 2.0.0 Ok: queued as 1A51A10005C)
Jan 22 09:35:37 hnmomega postfix/qmgr[8199]: DECD926B: removed
Jan 22 09:36:12 hnmomega postfix/smtpd[21780]: connect from hnmamavis01.hnmnet.de[10.193.1.3]
Jan 22 09:36:12 hnmomega postfix/smtpd[21780]: 5976726B: client=hnmamavis01.hnmnet.de[10.193.1.3]
Jan 22 09:36:12 hnmomega postfix/cleanup[21259]: 5976726B: message-id=<F2C20BBF4E5A044AA51BE7739E286579E8C10F@w2k3-sbs.AHAG.local>
Jan 22 09:36:12 hnmomega postfix/qmgr[8199]: 5976726B: from=<Tobias.Kauth@ahag-bmw.de>, size=195509, nrcpt=1 (queue active)
Jan 22 09:36:12 hnmomega postfix/smtpd[21780]: disconnect from hnmamavis01.hnmnet.de[10.193.1.3]
Jan 22 09:36:16 hnmomega postfix/smtp[21778]: 5976726B: to=<guidosmolders@msn.com>, relay=mx3.hotmail.com[65.55.37.104]:25, delay=4.2, delays=0.02/0/1.4/2.8, dsn=2.0.0, status=sent (250  <F2C20BBF4E5A044AA51BE7739E286579E8C10F@w2k3-sbs.AHAG.local> Queued mail for delivery)
Jan 22 09:36:16 hnmomega postfix/qmgr[8199]: 5976726B: removed
Jan 22 09:36:33 hnmomega postfix/smtpd[21780]: connect from hnmamavis01.hnmnet.de[10.193.1.3]
Jan 22 09:36:33 hnmomega postfix/smtpd[21780]: 0917226B: client=hnmamavis01.hnmnet.de[10.193.1.3]
Jan 22 09:36:33 hnmomega postfix/cleanup[21259]: 0917226B: message-id=<9CFF5A43150E98418F9FB3AF2449F217252D0E12@RW-SRV.umwelt.local>
Jan 22 09:36:33 hnmomega postfix/qmgr[8199]: 0917226B: from=<info@rw-umweltberatung.de>, size=4043, nrcpt=16 (queue active)
Jan 22 09:36:33 hnmomega postfix/smtpd[21780]: disconnect from hnmamavis01.hnmnet.de[10.193.1.3]
Jan 22 09:36:33 hnmomega postfix/smtp[22772]: 0917226B: to=<hebenstreit-pilz@t-online.de>, relay=mx03.t-online.de[194.25.134.73]:25, delay=0.29, delays=0.01/0.04/0.21/0.03, dsn=5.1.1, status=bounced (host mx03.t-online.de[194.25.134.73] said: 550-5.1.1 user unknown 550 5.1.1 Unknown recipient. (in reply to RCPT TO command))
Jan 22 09:36:33 hnmomega postfix/smtp[21778]: 0917226B: to=<v.hertenstein@caritas-vorpommern.de>, relay=mxa.expurgate.net[194.145.224.25]:25, delay=0.3, delays=0.01/0/0.16/0.13, dsn=2.0.0, status=sent (250 OK id=expurgator-f7f1b8/1421915793-000039D8-307B4D95/0/0)
Jan 22 09:36:33 hnmomega postfix/smtp[22772]: 0917226B: to=<michael.herbst@t-online.de>, relay=mx03.t-online.de[194.25.134.73]:25, delay=0.35, delays=0.01/0.04/0.21/0.1, dsn=2.0.0, status=sent (250 2.0.0 Message accepted.)
Jan 22 09:36:33 hnmomega postfix/smtp[20262]: 0917226B: to=<Uwe.Gutte@bitburger-braugruppe.de>, relay=mxa.expurgate.net[194.145.224.25]:25, delay=0.35, delays=0.01/0/0.22/0.13, dsn=2.0.0, status=sent (250 OK id=expurgator-f7f1b8/1421915793-000039D8-076D206A/0/0)
Jan 22 09:36:33 hnmomega postfix/smtp[18719]: 0917226B: to=<i.weise@bgi-ingenieurgesellschaft-mbh.com>, relay=mx00.kundenserver.de[212.227.17.175]:25, delay=0.54, delays=0.01/0/0.27/0.26, dsn=2.0.0, status=sent (250 Requested mail action okay, completed: id=0M6mhg-1XSpE51PMa-00wTln)
Jan 22 09:36:33 hnmomega postfix/smtp[22770]: 0917226B: to=<espenhain@ggb.de>, relay=mail.ggb.de[195.137.212.35]:25, delay=0.58, delays=0.01/0.02/0.25/0.31, dsn=2.0.0, status=sent (250 2.0.0 Ok: queued as 6B6EDC84C7D)
Jan 22 09:36:33 hnmomega postfix/smtp[22774]: 0917226B: to=<g.burow@vgf-ffm.de>, relay=mail.vgf-ffm.de[194.127.224.10]:25, delay=0.69, delays=0.01/0.06/0.24/0.38, dsn=2.0.0, status=sent (250 2.0.0 OK accept as 4A4746630001:4f6a46c82212212fd031c5d2700c7125 by asesmtpgw-052in)
Jan 22 09:36:33 hnmomega postfix/smtp[22775]: 0917226B: to=<Katrin.Eichapfel@web.de>, relay=mx-ha02.web.de[213.165.67.120]:25, delay=0.79, delays=0.01/0.08/0.23/0.48, dsn=2.0.0, status=sent (250 Requested mail action okay, completed: id=0LiEPv-1Xsqfa1Xc3-00nRJi)
Jan 22 09:36:33 hnmomega postfix/smtp[22775]: 0917226B: to=<annegret.t@web.de>, relay=mx-ha02.web.de[213.165.67.120]:25, delay=0.79, delays=0.01/0.08/0.23/0.48, dsn=2.0.0, status=sent (250 Requested mail action okay, completed: id=0LiEPv-1Xsqfa1Xc3-00nRJi)
Jan 22 09:36:33 hnmomega postfix/smtp[22775]: 0917226B: to=<namarie@web.de>, relay=mx-ha02.web.de[213.165.67.120]:25, delay=0.79, delays=0.01/0.08/0.23/0.48, dsn=2.0.0, status=sent (250 Requested mail action okay, completed: id=0LiEPv-1Xsqfa1Xc3-00nRJi)
Jan 22 09:36:33 hnmomega postfix/smtp[22775]: 0917226B: to=<norbert.strumpf@web.de>, relay=mx-ha02.web.de[213.165.67.120]:25, delay=0.79, delays=0.01/0.08/0.23/0.48, dsn=2.0.0, status=sent (250 Requested mail action okay, completed: id=0LiEPv-1Xsqfa1Xc3-00nRJi)
Jan 22 09:36:33 hnmomega postfix/smtp[22775]: 0917226B: to=<wald-geist@web.de>, relay=mx-ha02.web.de[213.165.67.120]:25, delay=0.79, delays=0.01/0.08/0.23/0.48, dsn=2.0.0, status=sent (250 Requested mail action okay, completed: id=0LiEPv-1Xsqfa1Xc3-00nRJi)
Jan 22 09:36:33 hnmomega postfix/smtp[22775]: 0917226B: to=<waldgeist@web.de>, relay=mx-ha02.web.de[213.165.67.120]:25, delay=0.79, delays=0.01/0.08/0.23/0.48, dsn=2.0.0, status=sent (250 Requested mail action okay, completed: id=0LiEPv-1Xsqfa1Xc3-00nRJi)
Jan 22 09:36:33 hnmomega postfix/smtp[22771]: 0917226B: to=<gerd-anders@gmx.de>, relay=mx01.emig.gmx.net[213.165.67.97]:25, delay=0.83, delays=0.01/0.03/0.28/0.52, dsn=2.0.0, status=sent (250 Requested mail action okay, completed: id=0LmwV6-1XmZ0H1Wo8-00h4O7)
Jan 22 09:36:33 hnmomega postfix/smtp[22771]: 0917226B: to=<sylvia.karberg@gmx.de>, relay=mx01.emig.gmx.net[213.165.67.97]:25, delay=0.83, delays=0.01/0.03/0.28/0.52, dsn=2.0.0, status=sent (250 Requested mail action okay, completed: id=0LmwV6-1XmZ0H1Wo8-00h4O7)
Jan 22 09:36:34 hnmomega postfix/smtp[22773]: 0917226B: to=<k.poelzing@tmlnu.thueringen.de>, relay=thmail01.thueringen.de[195.191.15.232]:25, delay=1.8, delays=0.01/0.05/0.36/1.4, dsn=5.0.0, status=bounced (host thmail01.thueringen.de[195.191.15.232] said: 550 <k.poelzing@tmlnu.thueringen.de>, Recipient unknown (in reply to RCPT TO command))
Jan 22 09:36:34 hnmomega postfix/cleanup[21259]: CCC9826D: message-id=<20150122083634.CCC9826D@hnmomega.hnm-server.de>
Jan 22 09:36:34 hnmomega postfix/qmgr[8199]: CCC9826D: from=<>, size=6581, nrcpt=1 (queue active)
Jan 22 09:36:34 hnmomega postfix/bounce[22776]: 0917226B: sender non-delivery notification: CCC9826D
Jan 22 09:36:34 hnmomega postfix/qmgr[8199]: 0917226B: removed
Jan 22 09:36:34 hnmomega postfix/smtp[21778]: CCC9826D: to=<info@rw-umweltberatung.de>, relay=mx02.hnm-server.de[93.92.128.115]:25, delay=0.12, delays=0/0/0.01/0.11, dsn=2.0.0, status=sent (250 2.0.0 Ok: queued as E9B104C)
Jan 22 09:36:34 hnmomega postfix/qmgr[8199]: CCC9826D: removed
Jan 22 09:37:28 hnmomega postfix/smtpd[21780]: connect from hnmamavis01.hnmnet.de[10.193.1.3]
Jan 22 09:37:28 hnmomega postfix/smtpd[21780]: A82E426B: client=hnmamavis01.hnmnet.de[10.193.1.3]
Jan 22 09:37:28 hnmomega postfix/cleanup[21259]: A82E426B: message-id=<000a01d0361e$59a097c0$0ce1c740$@com>
Jan 22 09:37:28 hnmomega postfix/qmgr[8199]: A82E426B: from=<rechnung@spiegelblank.com>, size=22042, nrcpt=1 (queue active)
Jan 22 09:37:28 hnmomega postfix/smtpd[21780]: disconnect from hnmamavis01.hnmnet.de[10.193.1.3]
Jan 22 09:37:29 hnmomega postfix/smtp[20262]: A82E426B: to=<M.Sass@hub-betreibergesellschaft.de>, relay=smtpin.rzone.de[81.169.145.97]:25, delay=0.46, delays=0/0/0.33/0.13, dsn=2.1.5, status=sent (250 2.1.5 OK mail delivered with id i05c16r0M8bTPmY)
Jan 22 09:37:29 hnmomega postfix/qmgr[8199]: A82E426B: removed
Jan 22 09:37:59 hnmomega postfix/smtpd[21780]: connect from hnmamavis01.hnmnet.de[10.193.1.3]
Jan 22 09:37:59 hnmomega postfix/smtpd[21780]: 86D9E26B: client=hnmamavis01.hnmnet.de[10.193.1.3]
Jan 22 09:37:59 hnmomega postfix/cleanup[21259]: 86D9E26B: message-id=<1421915856.54c0b6d09db5c@www.molli-bahn.de>
Jan 22 09:37:59 hnmomega postfix/qmgr[8199]: 86D9E26B: from=<fanshop@molli-bahn.de>, size=5786, nrcpt=1 (queue active)
Jan 22 09:37:59 hnmomega postfix/smtpd[21780]: disconnect from hnmamavis01.hnmnet.de[10.193.1.3]
Jan 22 09:37:59 hnmomega postfix/smtp[22770]: 86D9E26B: to=<s.gall@net-dynamic.de>, relay=mail.nd-server.org[213.133.111.82]:25, delay=0.33, delays=0/0/0.15/0.18, dsn=2.0.0, status=sent (250 2.0.0 Ok: queued as B754636A38D)
Jan 22 09:37:59 hnmomega postfix/qmgr[8199]: 86D9E26B: removed
Jan 22 09:38:09 hnmomega postfix/smtpd[21780]: connect from hnmamavis01.hnmnet.de[10.193.1.3]
Jan 22 09:38:09 hnmomega postfix/smtpd[21780]: ADEAA26B: client=hnmamavis01.hnmnet.de[10.193.1.3]
Jan 22 09:38:09 hnmomega postfix/cleanup[21259]: ADEAA26B: message-id=<F2C20BBF4E5A044AA51BE7739E286579E8C110@w2k3-sbs.AHAG.local>
Jan 22 09:38:09 hnmomega postfix/qmgr[8199]: ADEAA26B: from=<Christoph.Hochhaeuser@ahag-bmw.de>, size=1541082, nrcpt=1 (queue active)
Jan 22 09:38:09 hnmomega postfix/smtpd[21780]: disconnect from hnmamavis01.hnmnet.de[10.193.1.3]
Jan 22 09:38:10 hnmomega postfix/smtp[22772]: ADEAA26B: to=<mh@bluebox.de>, relay=mx00.kundenserver.de[212.227.15.134]:25, delay=1.3, delays=0.12/0/0.24/0.92, dsn=2.0.0, status=sent (250 Requested mail action okay, completed: id=0LZnwb-1XrDrD0R5B-00lo6z)
Jan 22 09:38:11 hnmomega postfix/qmgr[8199]: ADEAA26B: removed
Jan 22 09:38:22 hnmomega postfix/smtpd[21780]: connect from hnmamavis01.hnmnet.de[10.193.1.3]
Jan 22 09:38:22 hnmomega postfix/smtpd[21780]: 50AEC26B: client=hnmamavis01.hnmnet.de[10.193.1.3]
Jan 22 09:38:22 hnmomega postfix/cleanup[21259]: 50AEC26B: message-id=<54C0B6E9.6040505@pommersches-landesmuseum.de>
Jan 22 09:38:22 hnmomega postfix/qmgr[8199]: 50AEC26B: from=<klingenberg@pommersches-landesmuseum.de>, size=202996, nrcpt=1 (queue active)
Jan 22 09:38:22 hnmomega postfix/smtpd[21780]: disconnect from hnmamavis01.hnmnet.de[10.193.1.3]
Jan 22 09:38:22 hnmomega postfix/smtp[20262]: 50AEC26B: to=<info@linguafranka.de>, relay=mail.linguafranka.de[37.218.252.24]:25, delay=0.27, delays=0.02/0/0.11/0.14, dsn=2.0.0, status=sent (250 2.0.0 Ok: queued as 2A9C66348D)
Jan 22 09:38:22 hnmomega postfix/qmgr[8199]: 50AEC26B: removed
Jan 22 09:38:43 hnmomega postfix/smtpd[21780]: connect from hnmamavis01.hnmnet.de[10.193.1.3]
Jan 22 09:38:43 hnmomega postfix/smtpd[21780]: 0669D26B: client=hnmamavis01.hnmnet.de[10.193.1.3]
Jan 22 09:38:43 hnmomega postfix/cleanup[21259]: 0669D26B: message-id=<7B3C5C4433D51E46850FB9DCCA029B2BB7E32E25@c11021>
Jan 22 09:38:43 hnmomega postfix/qmgr[8199]: 0669D26B: from=<David.Michel@ahag-bochum.de>, size=77960, nrcpt=1 (queue active)
Jan 22 09:38:43 hnmomega postfix/smtpd[21780]: disconnect from hnmamavis01.hnmnet.de[10.193.1.3]
Jan 22 09:38:43 hnmomega postfix/smtp[22770]: 0669D26B: to=<Julia.Hannemann@bmw.de>, relay=mx1.bmw.c3s2.iphmx.com[68.232.139.62]:25, delay=0.55, delays=0.01/0/0.37/0.17, dsn=2.0.0, status=sent (250 ok:  Message 24346212 accepted)
Jan 22 09:38:43 hnmomega postfix/qmgr[8199]: 0669D26B: removed
Jan 22 09:39:17 hnmomega postfix/smtpd[21780]: connect from hnmamavis01.hnmnet.de[10.193.1.3]
Jan 22 09:39:17 hnmomega postfix/smtpd[21780]: 950C926B: client=hnmamavis01.hnmnet.de[10.193.1.3]
Jan 22 09:39:17 hnmomega postfix/cleanup[21259]: 950C926B: message-id=<INX.112db6830e565408132a546a384.3115a.444013.356f.14b10ca7f7e769f.bounce_forum_verlag@inxserver.de>
Jan 22 09:39:17 hnmomega postfix/qmgr[8199]: 950C926B: from=<bounce_forum_verlag+caABCD2LIAAAHPAAADCFNAAAAAAAAAEFH7F6VA@inxserver.de>, size=114814, nrcpt=1 (queue active)
Jan 22 09:39:17 hnmomega postfix/smtpd[21780]: disconnect from hnmamavis01.hnmnet.de[10.193.1.3]
Jan 22 09:39:18 hnmomega postfix/smtp[22772]: 950C926B: to=<hermanowski58@googlemail.com>, relay=gmail-smtp-in.l.google.com[74.125.136.27]:25, delay=0.91, delays=0.01/0/0.31/0.59, dsn=2.0.0, status=sent (250 2.0.0 OK 1421915958 bt4si8506294wib.2 - gsmtp)
Jan 22 09:39:18 hnmomega postfix/qmgr[8199]: 950C926B: removed
Jan 22 09:39:30 hnmomega postfix/smtpd[21780]: connect from hnmamavis01.hnmnet.de[10.193.1.3]
Jan 22 09:39:30 hnmomega postfix/smtpd[21780]: 25CFF26B: client=hnmamavis01.hnmnet.de[10.193.1.3]
Jan 22 09:39:30 hnmomega postfix/cleanup[21259]: 25CFF26B: message-id=<24FB851BFF273E49B1D8450C3342C337013EB32BA7@c11021>
Jan 22 09:39:30 hnmomega postfix/qmgr[8199]: 25CFF26B: from=<beate.nehring@ahag-bochum.de>, size=381169, nrcpt=1 (queue active)
Jan 22 09:39:30 hnmomega postfix/smtpd[21780]: disconnect from hnmamavis01.hnmnet.de[10.193.1.3]
Jan 22 09:39:34 hnmomega postfix/smtp[20262]: 25CFF26B: to=<marktbetreuung-GWK@bmw.de>, relay=mx1.bmw.c3s2.iphmx.com[68.232.133.169]:25, delay=4.1, delays=0.04/0/3.7/0.37, dsn=2.0.0, status=sent (250 ok:  Message 29838633 accepted)
Jan 22 09:39:34 hnmomega postfix/qmgr[8199]: 25CFF26B: removed
Jan 22 09:39:58 hnmomega postfix/smtpd[21780]: connect from hnmamavis01.hnmnet.de[10.193.1.3]
Jan 22 09:39:58 hnmomega postfix/smtpd[21780]: 5261926B: client=hnmamavis01.hnmnet.de[10.193.1.3]
Jan 22 09:39:58 hnmomega postfix/cleanup[21259]: 5261926B: message-id=<00af01d0361e$fe237600$fa6a6200$@elektro-firma-gloeden.de>
Jan 22 09:39:58 hnmomega postfix/qmgr[8199]: 5261926B: from=<auftrag@elektro-firma-gloeden.de>, size=33170, nrcpt=1 (queue active)
Jan 22 09:39:58 hnmomega postfix/smtpd[21780]: disconnect from hnmamavis01.hnmnet.de[10.193.1.3]
Jan 22 09:39:58 hnmomega postfix/smtp[22770]: 5261926B: to=<vermietung@immobilien-fehlhaber.de>, relay=mx01.kundenserver.de[212.227.17.191]:25, delay=0.57, delays=0.01/0/0.22/0.35, dsn=2.0.0, status=sent (250 Requested mail action okay, completed: id=0MKgRX-1YG8BF2XdX-001xfj)
Jan 22 09:39:58 hnmomega postfix/qmgr[8199]: 5261926B: removed
Jan 22 09:40:03 hnmomega postfix/smtpd[21780]: connect from hnmamavis01.hnmnet.de[10.193.1.3]
Jan 22 09:40:03 hnmomega postfix/smtpd[21780]: 7BAD726B: client=hnmamavis01.hnmnet.de[10.193.1.3]
Jan 22 09:40:03 hnmomega postfix/cleanup[21259]: 7BAD726B: message-id=<64EED43D63CF1E44BDAFC8BC8B214AAC01E2AAD8@hven-076srv014.bmw-ernst.local>
Jan 22 09:40:03 hnmomega postfix/cleanup[21259]: 7BAD726B: resent-message-id=<20150122084003.6C468BB8@hnmamavis01.hnmnet.de>
Jan 22 09:40:03 hnmomega postfix/qmgr[8199]: 7BAD726B: from=<arne.kirchner@ahag-bochum.de>, size=300263, nrcpt=1 (queue active)
Jan 22 09:40:03 hnmomega postfix/smtpd[21780]: disconnect from hnmamavis01.hnmnet.de[10.193.1.3]
Jan 22 09:40:04 hnmomega postfix/smtp[22772]: 7BAD726B: to=<info@arnekirchner.com>, relay=nx51.mymxserver.com[188.94.250.250]:25, delay=0.82, delays=0.08/0/0.06/0.69, dsn=2.0.0, status=sent (250 2.0.0 Ok: queued as A9F0D21C0A0)
Jan 22 09:40:04 hnmomega postfix/qmgr[8199]: 7BAD726B: removed
Jan 22 09:40:54 hnmomega postfix/smtpd[21780]: connect from hnmamavis01.hnmnet.de[10.193.1.3]
Jan 22 09:40:54 hnmomega postfix/smtpd[21780]: D358F26B: client=hnmamavis01.hnmnet.de[10.193.1.3]
Jan 22 09:40:54 hnmomega postfix/cleanup[21259]: D358F26B: message-id=<7B3C5C4433D51E46850FB9DCCA029B2BB7E32E37@c11021>
Jan 22 09:40:54 hnmomega postfix/qmgr[8199]: D358F26B: from=<David.Michel@ahag-bochum.de>, size=732449, nrcpt=1 (queue active)
Jan 22 09:40:54 hnmomega postfix/smtpd[21780]: disconnect from hnmamavis01.hnmnet.de[10.193.1.3]
Jan 22 09:40:55 hnmomega postfix/smtp[20262]: D358F26B: to=<paul.heczko@gmx.de>, relay=mx00.emig.gmx.net[213.165.67.114]:25, delay=0.82, delays=0.04/0/0.23/0.55, dsn=2.0.0, status=sent (250 Requested mail action okay, completed: id=0Mbse6-1XyKMT0cRa-00JMjD)
Jan 22 09:40:55 hnmomega postfix/qmgr[8199]: D358F26B: removed
Jan 22 09:40:56 hnmomega postfix/smtpd[21780]: connect from hnmamavis01.hnmnet.de[10.193.1.3]
Jan 22 09:40:56 hnmomega postfix/smtpd[21780]: D38A326B: client=hnmamavis01.hnmnet.de[10.193.1.3]
Jan 22 09:40:56 hnmomega postfix/cleanup[21259]: D38A326B: message-id=<8A2546BCC61DF3478C1EB176876E02BB9CB08F14@c11021>
Jan 22 09:40:56 hnmomega postfix/qmgr[8199]: D38A326B: from=<Cihan.Cakir@ahag-bochum.de>, size=6685, nrcpt=1 (queue active)
Jan 22 09:40:56 hnmomega postfix/smtpd[21780]: disconnect from hnmamavis01.hnmnet.de[10.193.1.3]
Jan 22 09:40:56 hnmomega postfix/smtp[22770]: D38A326B: to=<patrick.hoeft@bmw-ernst.de>, relay=mail.bmw-ernst.de[212.12.37.222]:25, delay=0.08, delays=0/0/0.03/0.05, dsn=2.0.0, status=sent (250 2.0.0 Ok: queued as DC0381C9067)
Jan 22 09:40:56 hnmomega postfix/qmgr[8199]: D38A326B: removed
Jan 22 09:41:34 hnmomega postfix/smtpd[21780]: connect from hnmamavis01.hnmnet.de[10.193.1.3]
Jan 22 09:41:34 hnmomega postfix/smtpd[21780]: 5472826B: client=hnmamavis01.hnmnet.de[10.193.1.3]
Jan 22 09:41:34 hnmomega postfix/cleanup[21259]: 5472826B: message-id=<D872BE418746A3449520372F8038CAD07EF0CE@srvwiemail.wiesmann.local>
Jan 22 09:41:34 hnmomega postfix/qmgr[8199]: 5472826B: from=<Dennis.Hoelscher@ahag-coesfeld.de>, size=8354, nrcpt=1 (queue active)
Jan 22 09:41:34 hnmomega postfix/smtpd[21780]: disconnect from hnmamavis01.hnmnet.de[10.193.1.3]
Jan 22 09:41:37 hnmomega postfix/smtp[22772]: 5472826B: to=<dennishoelscher@hotmail.com>, relay=mx3.hotmail.com[65.55.37.88]:25, delay=2.7, delays=0/0/1.4/1.3, dsn=2.0.0, status=sent (250  <D872BE418746A3449520372F8038CAD07EF0CE@srvwiemail.wiesmann.local> Queued mail for delivery)
Jan 22 09:41:37 hnmomega postfix/qmgr[8199]: 5472826B: removed
Jan 22 09:42:20 hnmomega postfix/qmgr[8199]: 7844525F: from=<>, size=9234, nrcpt=1 (queue active)
Jan 22 09:42:37 hnmomega postfix/smtpd[21780]: connect from hnmamavis01.hnmnet.de[10.193.1.3]
Jan 22 09:42:37 hnmomega postfix/smtpd[21780]: 400216E: client=hnmamavis01.hnmnet.de[10.193.1.3]
Jan 22 09:42:37 hnmomega postfix/cleanup[21259]: 400216E: message-id=<00b501d0361f$6218e870$264ab950$@elektro-firma-gloeden.de>
Jan 22 09:42:37 hnmomega postfix/qmgr[8199]: 400216E: from=<auftrag@elektro-firma-gloeden.de>, size=32048, nrcpt=1 (queue active)
Jan 22 09:42:37 hnmomega postfix/smtpd[21780]: disconnect from hnmamavis01.hnmnet.de[10.193.1.3]
Jan 22 09:42:37 hnmomega postfix/smtp[22772]: 400216E: to=<vermietung@immobilien-fehlhaber.de>, relay=mx01.kundenserver.de[212.227.15.150]:25, delay=0.56, delays=0/0/0.25/0.31, dsn=2.0.0, status=sent (250 Requested mail action okay, completed: id=0LiYpA-1XiBNZ2El2-00cfuD)
Jan 22 09:42:37 hnmomega postfix/qmgr[8199]: 400216E: removed
Jan 22 09:42:50 hnmomega postfix/smtp[20262]: connect to mail.bullawlot.com[89.46.100.117]:25: Connection timed out
Jan 22 09:42:50 hnmomega postfix/smtp[20262]: 7844525F: to=<melanie-service=fink-landtechnik.de@bullawlot.com>, relay=none, delay=96993, delays=96963/0/30/0, dsn=4.4.1, status=deferred (connect to mail.bullawlot.com[89.46.100.117]:25: Connection timed out)
Jan 22 09:43:30 hnmomega postfix/smtpd[21780]: connect from hnmamavis01.hnmnet.de[10.193.1.3]
Jan 22 09:43:30 hnmomega postfix/smtpd[21780]: 59F6026B: client=hnmamavis01.hnmnet.de[10.193.1.3]
Jan 22 09:43:30 hnmomega postfix/cleanup[21259]: 59F6026B: message-id=<D872BE418746A3449520372F8038CAD08F287F@srvwiemail.wiesmann.local>
Jan 22 09:43:30 hnmomega postfix/qmgr[8199]: 59F6026B: from=<info@ahag-duelmen.de>, size=1452887, nrcpt=1 (queue active)
Jan 22 09:43:30 hnmomega postfix/smtpd[21780]: disconnect from hnmamavis01.hnmnet.de[10.193.1.3]
Jan 22 09:43:32 hnmomega postfix/smtp[22772]: 59F6026B: to=<schaden@auto.adac.de>, relay=scunmail01.zurich.com[195.28.226.237]:25, delay=1.8, delays=0.08/0/1.3/0.43, dsn=2.0.0, status=sent (250 ok:  Message 116778474 accepted)
Jan 22 09:43:32 hnmomega postfix/qmgr[8199]: 59F6026B: removed
Jan 22 09:43:32 hnmomega postfix/smtpd[21780]: connect from hnmamavis01.hnmnet.de[10.193.1.3]
Jan 22 09:43:32 hnmomega postfix/smtpd[21780]: 9D00D26B: client=hnmamavis01.hnmnet.de[10.193.1.3]
Jan 22 09:43:32 hnmomega postfix/cleanup[21259]: 9D00D26B: message-id=<D872BE418746A3449520372F8038CAD08F2880@srvwiemail.wiesmann.local>
Jan 22 09:43:32 hnmomega postfix/qmgr[8199]: 9D00D26B: from=<Christoph.Hoeing@ahag-coesfeld.de>, size=16349, nrcpt=1 (queue active)
Jan 22 09:43:32 hnmomega postfix/smtpd[21780]: disconnect from hnmamavis01.hnmnet.de[10.193.1.3]
Jan 22 09:43:33 hnmomega postfix/smtp[20262]: 9D00D26B: to=<PDopheide@web.de>, relay=mx-ha02.web.de[213.165.67.120]:25, delay=0.45, delays=0/0/0.19/0.25, dsn=2.0.0, status=sent (250 Requested mail action okay, completed: id=0MfoJE-1Y2AgS3eWC-00N7jt)
Jan 22 09:43:33 hnmomega postfix/qmgr[8199]: 9D00D26B: removed
Jan 22 09:43:47 hnmomega postfix/smtpd[21780]: connect from hnmamavis01.hnmnet.de[10.193.1.3]
Jan 22 09:43:47 hnmomega postfix/smtpd[21780]: 018B426B: client=hnmamavis01.hnmnet.de[10.193.1.3]
Jan 22 09:43:47 hnmomega postfix/cleanup[21259]: 018B426B: message-id=<3F28E95C7D4E491BA8FA7CBBC9E66DA2@PCRezeption1>
Jan 22 09:43:47 hnmomega postfix/qmgr[8199]: 018B426B: from=<info@hotel-moewe.de>, size=5620, nrcpt=1 (queue active)
Jan 22 09:43:47 hnmomega postfix/smtpd[21780]: disconnect from hnmamavis01.hnmnet.de[10.193.1.3]
Jan 22 09:43:47 hnmomega postfix/smtp[22772]: 018B426B: to=<familie.Klamann@gmx.de>, relay=mx00.emig.gmx.net[212.227.15.9]:25, delay=0.67, delays=0.04/0/0.22/0.41, dsn=2.0.0, status=sent (250 Requested mail action okay, completed: id=0LpPGP-1Xkdug1D5p-00fD37)
Jan 22 09:43:47 hnmomega postfix/qmgr[8199]: 018B426B: removed
Jan 22 09:44:38 hnmomega postfix/smtpd[21780]: connect from hnmamavis01.hnmnet.de[10.193.1.3]
Jan 22 09:44:38 hnmomega postfix/smtpd[21780]: 7D34826B: client=hnmamavis01.hnmnet.de[10.193.1.3]
Jan 22 09:44:38 hnmomega postfix/cleanup[21259]: 7D34826B: message-id=<F2C20BBF4E5A044AA51BE7739E286579E8C112@w2k3-sbs.AHAG.local>
Jan 22 09:44:38 hnmomega postfix/qmgr[8199]: 7D34826B: from=<Uwe.Hilliges@ahag-bmw.de>, size=121555, nrcpt=1 (queue active)
Jan 22 09:44:38 hnmomega postfix/smtpd[21780]: disconnect from hnmamavis01.hnmnet.de[10.193.1.3]
Jan 22 09:44:39 hnmomega postfix/smtp[20262]: 7D34826B: to=<Andreas.Roesch@de.atlascopco.com>, relay=mta1e.mail.zscaler.net[95.172.88.18]:25, delay=1.1, delays=0.01/0/0.16/0.96, dsn=2.0.0, status=sent (250 Email accepted successfully (id=54C0B876110C001C))
Jan 22 09:44:39 hnmomega postfix/qmgr[8199]: 7D34826B: removed
Jan 22 09:45:20 hnmomega postfix/smtpd[21780]: connect from hnmamavis01.hnmnet.de[10.193.1.3]
Jan 22 09:45:20 hnmomega postfix/smtpd[21780]: 8853826B: client=hnmamavis01.hnmnet.de[10.193.1.3]
Jan 22 09:45:20 hnmomega postfix/cleanup[21259]: 8853826B: message-id=<00bb01d0361f$bcd5f910$3681eb30$@elektro-firma-gloeden.de>
Jan 22 09:45:20 hnmomega postfix/qmgr[8199]: 8853826B: from=<auftrag@elektro-firma-gloeden.de>, size=39818, nrcpt=1 (queue active)
Jan 22 09:45:20 hnmomega postfix/smtpd[21780]: disconnect from hnmamavis01.hnmnet.de[10.193.1.3]
Jan 22 09:45:21 hnmomega postfix/smtp[22772]: 8853826B: to=<mail@immobilien-fehlhaber.de>, relay=mx01.kundenserver.de[212.227.17.191]:25, delay=0.65, delays=0.01/0/0.23/0.41, dsn=2.0.0, status=sent (250 Requested mail action okay, completed: id=0LdWwI-1XoCEE3XsY-00inEm)
Jan 22 09:45:21 hnmomega postfix/qmgr[8199]: 8853826B: removed
Jan 22 09:45:48 hnmomega postfix/smtpd[21780]: connect from hnmamavis01.hnmnet.de[10.193.1.3]
Jan 22 09:45:48 hnmomega postfix/smtpd[21780]: C5D2926B: client=hnmamavis01.hnmnet.de[10.193.1.3]
