Jan 22 10:55:24 hnmomega postfix/smtp[32474]: 9A05926A: to=<mail@disigns.de>, relay=smtp.rzone.de[81.169.145.98]:25, delay=0.85, delays=0.08/0/0.18/0.59, dsn=2.1.5, status=sent (250 2.1.5 OK mail delivered with id w027e1r0M9tNNzp)
Jan 22 10:55:24 hnmomega postfix/qmgr[8199]: 9A05926A: removed
Jan 22 10:56:20 hnmomega postfix/smtpd[31947]: connect from hnmamavis01.hnmnet.de[10.193.1.3]
Jan 22 10:56:20 hnmomega postfix/smtpd[31947]: 3FADF26A: client=hnmamavis01.hnmnet.de[10.193.1.3]
Jan 22 10:56:20 hnmomega postfix/cleanup[31950]: 3FADF26A: message-id=<54C0C931.3090305@pommersches-landesmuseum.de>
Jan 22 10:56:20 hnmomega postfix/qmgr[8199]: 3FADF26A: from=<klingenberg@pommersches-landesmuseum.de>, size=195623, nrcpt=1 (queue active)
Jan 22 10:56:20 hnmomega postfix/smtpd[31947]: disconnect from hnmamavis01.hnmnet.de[10.193.1.3]
Jan 22 10:56:21 hnmomega postfix/smtp[1541]: 3FADF26A: to=<marikew@t-online.de>, relay=mx02.t-online.de[194.25.134.9]:25, delay=0.76, delays=0.08/0/0.21/0.48, dsn=2.0.0, status=sent (250 2.0.0 Message accepted.)
Jan 22 10:56:21 hnmomega postfix/qmgr[8199]: 3FADF26A: removed
Jan 22 10:56:26 hnmomega postfix/smtpd[31947]: connect from hnmamavis01.hnmnet.de[10.193.1.3]
Jan 22 10:56:26 hnmomega postfix/smtpd[31947]: 38D0726A: client=hnmamavis01.hnmnet.de[10.193.1.3]
Jan 22 10:56:26 hnmomega postfix/cleanup[31950]: 38D0726A: message-id=<E1YEEUW-000Bh6-7D@memta-103.ams4.prod.booking.com>
Jan 22 10:56:26 hnmomega postfix/qmgr[8199]: 38D0726A: from=<reservations@mailer.booking.com>, size=18172, nrcpt=1 (queue active)
Jan 22 10:56:26 hnmomega postfix/smtpd[31947]: disconnect from hnmamavis01.hnmnet.de[10.193.1.3]
Jan 22 10:56:27 hnmomega postfix/smtp[1540]: 38D0726A: to=<resainternational@yahoo.de>, relay=mx-eu.mail.am0.yahoodns.net[188.125.69.79]:25, delay=0.78, delays=0/0/0.22/0.55, dsn=2.0.0, status=sent (250 ok dirdel)
Jan 22 10:56:27 hnmomega postfix/qmgr[8199]: 38D0726A: removed
Jan 22 10:56:35 hnmomega postfix/smtpd[31947]: connect from hnmamavis01.hnmnet.de[10.193.1.3]
Jan 22 10:56:35 hnmomega postfix/smtpd[31947]: 44D5926A: client=hnmamavis01.hnmnet.de[10.193.1.3]
Jan 22 10:56:35 hnmomega postfix/cleanup[31950]: 44D5926A: message-id=<006801d03629$ab800fc0$02802f40$@aen-gmbh.de>
Jan 22 10:56:35 hnmomega postfix/qmgr[8199]: 44D5926A: from=<b.meinke@aen-gmbh.de>, size=22800, nrcpt=1 (queue active)
Jan 22 10:56:35 hnmomega postfix/smtpd[31947]: disconnect from hnmamavis01.hnmnet.de[10.193.1.3]
Jan 22 10:56:38 hnmomega postfix/smtpd[31947]: connect from hnmamavis01.hnmnet.de[10.193.1.3]
Jan 22 10:56:38 hnmomega postfix/smtpd[31947]: 53B1826B: client=hnmamavis01.hnmnet.de[10.193.1.3]
Jan 22 10:56:38 hnmomega postfix/cleanup[31950]: 53B1826B: message-id=<D872BE418746A3449520372F8038CAD07EF0D0@srvwiemail.wiesmann.local>
Jan 22 10:56:38 hnmomega postfix/qmgr[8199]: 53B1826B: from=<Dennis.Hoelscher@ahag-coesfeld.de>, size=8384, nrcpt=1 (queue active)
Jan 22 10:56:38 hnmomega postfix/smtpd[31947]: disconnect from hnmamavis01.hnmnet.de[10.193.1.3]
Jan 22 10:56:41 hnmomega postfix/smtp[1541]: 53B1826B: to=<dennishoelscher@hotmail.com>, relay=mx2.hotmail.com[65.55.37.88]:25, delay=2.9, delays=0/0/1.4/1.5, dsn=2.0.0, status=sent (250  <D872BE418746A3449520372F8038CAD07EF0D0@srvwiemail.wiesmann.local> Queued mail for delivery)
Jan 22 10:56:41 hnmomega postfix/qmgr[8199]: 53B1826B: removed
Jan 22 10:56:43 hnmomega postfix/smtp[32474]: 44D5926A: to=<melanie.schuppan@reservix.de>, relay=mail.reservix.de[80.72.128.100]:25, delay=8, delays=0/0/5.3/2.7, dsn=2.0.0, status=sent (250 2.0.0 Ok: queued as 3356B100667)
Jan 22 10:56:43 hnmomega postfix/qmgr[8199]: 44D5926A: removed
Jan 22 10:57:20 hnmomega postfix/smtpd[31947]: connect from hnmamavis01.hnmnet.de[10.193.1.3]
Jan 22 10:57:20 hnmomega postfix/smtpd[31947]: 49AAB26A: client=hnmamavis01.hnmnet.de[10.193.1.3]
Jan 22 10:57:20 hnmomega postfix/cleanup[31950]: 49AAB26A: message-id=<5A69D6F32469054EAC81393E374A8479D9643B00@c11021>
Jan 22 10:57:20 hnmomega postfix/qmgr[8199]: 49AAB26A: from=<Arne.Kirchner@ahag-bochum.de>, size=184699, nrcpt=1 (queue active)
Jan 22 10:57:20 hnmomega postfix/smtpd[31947]: disconnect from hnmamavis01.hnmnet.de[10.193.1.3]
Jan 22 10:57:22 hnmomega postfix/smtp[1540]: 49AAB26A: to=<Michael.Mathaea@man.eu>, relay=mxa.man.eu[151.136.108.223]:25, delay=2.4, delays=0.02/0/1.9/0.49, dsn=2.0.0, status=sent (250 ok:  Message 556371073 accepted)
Jan 22 10:57:22 hnmomega postfix/qmgr[8199]: 49AAB26A: removed
Jan 22 10:57:31 hnmomega postfix/smtpd[31947]: connect from hnmamavis01.hnmnet.de[10.193.1.3]
Jan 22 10:57:31 hnmomega postfix/smtpd[31947]: 2C78C26A: client=hnmamavis01.hnmnet.de[10.193.1.3]
Jan 22 10:57:31 hnmomega postfix/cleanup[31950]: 2C78C26A: message-id=<AABB07454BEB5A4D84F41B9E9488DC77013F6423C0@c11021>
Jan 22 10:57:31 hnmomega postfix/qmgr[8199]: 2C78C26A: from=<vanessa.rohde@ahag-bochum.de>, size=349818, nrcpt=1 (queue active)
Jan 22 10:57:31 hnmomega postfix/smtpd[31947]: disconnect from hnmamavis01.hnmnet.de[10.193.1.3]
Jan 22 10:57:31 hnmomega postfix/smtp[1541]: 2C78C26A: to=<bjoern.boerger@t-online.de>, relay=mx00.t-online.de[194.25.134.8]:25, delay=0.74, delays=0.03/0/0.17/0.54, dsn=2.0.0, status=sent (250 2.0.0 Message accepted.)
Jan 22 10:57:31 hnmomega postfix/qmgr[8199]: 2C78C26A: removed
Jan 22 10:57:44 hnmomega postfix/smtpd[31947]: connect from hnmamavis01.hnmnet.de[10.193.1.3]
Jan 22 10:57:44 hnmomega postfix/smtpd[31947]: 67C4C26A: client=hnmamavis01.hnmnet.de[10.193.1.3]
Jan 22 10:57:44 hnmomega postfix/cleanup[31950]: 67C4C26A: message-id=<54C0C97C.6030305@hotel-jedermann.de>
Jan 22 10:57:44 hnmomega postfix/qmgr[8199]: 67C4C26A: from=<info@hotel-jedermann.de>, size=42897, nrcpt=1 (queue active)
Jan 22 10:57:44 hnmomega postfix/smtpd[31947]: disconnect from hnmamavis01.hnmnet.de[10.193.1.3]
Jan 22 10:57:45 hnmomega postfix/smtp[32474]: 67C4C26A: to=<resainternational@yahoo.de>, relay=mx-eu.mail.am0.yahoodns.net[188.125.69.79]:25, delay=1.2, delays=0/0/0.22/0.98, dsn=2.0.0, status=sent (250 ok dirdel)
Jan 22 10:57:45 hnmomega postfix/qmgr[8199]: 67C4C26A: removed
Jan 22 10:58:02 hnmomega postfix/smtpd[31947]: connect from hnmamavis01.hnmnet.de[10.193.1.3]
Jan 22 10:58:02 hnmomega postfix/smtpd[31947]: 74C1126A: client=hnmamavis01.hnmnet.de[10.193.1.3]
Jan 22 10:58:02 hnmomega postfix/cleanup[31950]: 74C1126A: message-id=<E1YEEWF-0007rg-KK@memta-106.ams4.prod.booking.com>
Jan 22 10:58:02 hnmomega postfix/qmgr[8199]: 74C1126A: from=<reservations@mailer.booking.com>, size=18335, nrcpt=1 (queue active)
Jan 22 10:58:02 hnmomega postfix/smtpd[31947]: disconnect from hnmamavis01.hnmnet.de[10.193.1.3]
Jan 22 10:58:04 hnmomega postfix/smtp[1540]: 74C1126A: to=<resainternational@yahoo.de>, relay=mx-eu.mail.am0.yahoodns.net[188.125.69.79]:25, delay=1.7, delays=0/0/0.27/1.5, dsn=2.0.0, status=sent (250 ok dirdel)
Jan 22 10:58:04 hnmomega postfix/qmgr[8199]: 74C1126A: removed
Jan 22 10:58:14 hnmomega postfix/smtpd[31947]: connect from hnmamavis01.hnmnet.de[10.193.1.3]
Jan 22 10:58:14 hnmomega postfix/smtpd[31947]: A09C426A: client=hnmamavis01.hnmnet.de[10.193.1.3]
Jan 22 10:58:14 hnmomega postfix/cleanup[31950]: A09C426A: message-id=<9CFF5A43150E98418F9FB3AF2449F217252D1F0B@RW-SRV.umwelt.local>
Jan 22 10:58:14 hnmomega postfix/qmgr[8199]: A09C426A: from=<info@rw-umweltberatung.de>, size=174621, nrcpt=1 (queue active)
Jan 22 10:58:14 hnmomega postfix/smtpd[31947]: disconnect from hnmamavis01.hnmnet.de[10.193.1.3]
Jan 22 10:58:15 hnmomega postfix/smtp[1541]: A09C426A: to=<mail@iul-vorpommern.de>, relay=smtp.rzone.de[81.169.145.98]:25, delay=0.43, delays=0.01/0/0.19/0.23, dsn=2.1.5, status=sent (250 2.1.5 OK mail delivered with id i05c16r0M9wERRF)
Jan 22 10:58:15 hnmomega postfix/qmgr[8199]: A09C426A: removed
Jan 22 10:58:38 hnmomega postfix/smtpd[31947]: connect from hnmamavis01.hnmnet.de[10.193.1.3]
Jan 22 10:58:38 hnmomega postfix/smtpd[31947]: 9C63F26A: client=hnmamavis01.hnmnet.de[10.193.1.3]
Jan 22 10:58:38 hnmomega postfix/cleanup[31950]: 9C63F26A: message-id=<3313F4CA520C46FEBFB641C56E1F239C@PCKankel>
Jan 22 10:58:38 hnmomega postfix/qmgr[8199]: 9C63F26A: from=<kk@inselparadies.de>, size=1491922, nrcpt=1 (queue active)
Jan 22 10:58:38 hnmomega postfix/smtpd[31947]: disconnect from hnmamavis01.hnmnet.de[10.193.1.3]
Jan 22 10:58:38 hnmomega postfix/smtp[32474]: connect to bankaktiengesellschaft.de[82.165.11.220]:25: Connection refused
Jan 22 10:58:39 hnmomega postfix/smtp[32474]: 9C63F26A: to=<br@bankaktiengesellschaft.de>, relay=imo0h8u7z.de[212.227.28.137]:25, delay=0.86, delays=0.08/0/0.26/0.51, dsn=2.0.0, status=sent (250 2.0.0 Ok: queued as 05D36890081)
Jan 22 10:58:39 hnmomega postfix/qmgr[8199]: 9C63F26A: removed
Jan 22 10:59:20 hnmomega postfix/smtpd[31947]: connect from hnmamavis01.hnmnet.de[10.193.1.3]
Jan 22 10:59:20 hnmomega postfix/smtpd[31947]: 7C0F926A: client=hnmamavis01.hnmnet.de[10.193.1.3]
Jan 22 10:59:20 hnmomega postfix/cleanup[31950]: 7C0F926A: message-id=<5A69D6F32469054EAC81393E374A8479D9643B2C@c11021>
Jan 22 10:59:20 hnmomega postfix/qmgr[8199]: 7C0F926A: from=<Arne.Kirchner@ahag-bochum.de>, size=217388, nrcpt=1 (queue active)
Jan 22 10:59:20 hnmomega postfix/smtpd[31947]: disconnect from hnmamavis01.hnmnet.de[10.193.1.3]
Jan 22 10:59:21 hnmomega postfix/smtp[1540]: 7C0F926A: to=<michael.preuss@bmw-ernst.de>, relay=mail.bmw-ernst.de[212.12.37.222]:25, delay=0.63, delays=0.05/0/0.05/0.53, dsn=2.0.0, status=sent (250 2.0.0 Ok: queued as 9B12D1C8EBE)
Jan 22 10:59:21 hnmomega postfix/qmgr[8199]: 7C0F926A: removed
Jan 22 11:01:14 hnmomega postfix/smtpd[3065]: warning: database /etc/aliases.db is older than source file /etc/aliases
Jan 22 11:01:14 hnmomega postfix/smtpd[3065]: connect from hnmamavis01.hnmnet.de[10.193.1.3]
Jan 22 11:01:14 hnmomega postfix/trivial-rewrite[3067]: warning: database /etc/postfix/smtpouttransport.db is older than source file /etc/postfix/smtpouttransport
Jan 22 11:01:14 hnmomega postfix/smtpd[3065]: AEDA026A: client=hnmamavis01.hnmnet.de[10.193.1.3]
Jan 22 11:01:14 hnmomega postfix/cleanup[3068]: AEDA026A: message-id=<54C0CA43.1020305@pommersches-landesmuseum.de>
Jan 22 11:01:14 hnmomega postfix/qmgr[8199]: AEDA026A: from=<schoenle@pommersches-landesmuseum.de>, size=191487, nrcpt=1 (queue active)
Jan 22 11:01:14 hnmomega postfix/smtpd[3065]: disconnect from hnmamavis01.hnmnet.de[10.193.1.3]
Jan 22 11:01:15 hnmomega postfix/smtp[3069]: AEDA026A: to=<Seidewinde@t-online.de>, relay=mx01.t-online.de[194.25.134.72]:25, delay=0.66, delays=0.02/0.02/0.2/0.42, dsn=2.0.0, status=sent (250 2.0.0 Message accepted.)
Jan 22 11:01:15 hnmomega postfix/qmgr[8199]: AEDA026A: removed
Jan 22 11:01:27 hnmomega postfix/smtpd[3065]: connect from hnmamavis01.hnmnet.de[10.193.1.3]
Jan 22 11:01:27 hnmomega postfix/smtpd[3065]: C291626A: client=hnmamavis01.hnmnet.de[10.193.1.3]
Jan 22 11:01:27 hnmomega postfix/cleanup[3068]: C291626A: message-id=<5A69D6F32469054EAC81393E374A8479D9643B4B@c11021>
Jan 22 11:01:27 hnmomega postfix/qmgr[8199]: C291626A: from=<Arne.Kirchner@ahag-bochum.de>, size=210373, nrcpt=1 (queue active)
Jan 22 11:01:27 hnmomega postfix/smtpd[3065]: disconnect from hnmamavis01.hnmnet.de[10.193.1.3]
Jan 22 11:01:29 hnmomega postfix/smtp[3069]: C291626A: to=<Gordon.Blaschke@bmw.de>, relay=mx1.bmw.c3s2.iphmx.com[68.232.139.97]:25, delay=2.2, delays=0.01/0/1.9/0.24, dsn=2.0.0, status=sent (250 ok:  Message 20690799 accepted)
Jan 22 11:01:29 hnmomega postfix/qmgr[8199]: C291626A: removed
Jan 22 11:01:33 hnmomega postfix/smtpd[3065]: connect from hnmamavis01.hnmnet.de[10.193.1.3]
Jan 22 11:01:33 hnmomega postfix/smtpd[3065]: 35EE526A: client=hnmamavis01.hnmnet.de[10.193.1.3]
Jan 22 11:01:33 hnmomega postfix/cleanup[3068]: 35EE526A: message-id=<20150122100014.34722524092B@dd12214.kasserver.com>
Jan 22 11:01:33 hnmomega postfix/qmgr[8199]: 35EE526A: from=<info@yachtproject.de>, size=2918, nrcpt=1 (queue active)
Jan 22 11:01:33 hnmomega postfix/smtpd[3065]: disconnect from hnmamavis01.hnmnet.de[10.193.1.3]
Jan 22 11:01:33 hnmomega postfix/smtp[3069]: 35EE526A: to=<s.gall@net-dynamic.de>, relay=mail.nd-server.org[213.133.111.82]:25, delay=0.31, delays=0/0/0.15/0.16, dsn=2.0.0, status=sent (250 2.0.0 Ok: queued as 655A936A3FE)
Jan 22 11:01:33 hnmomega postfix/qmgr[8199]: 35EE526A: removed
Jan 22 11:01:48 hnmomega postfix/smtpd[3065]: connect from hnmamavis01.hnmnet.de[10.193.1.3]
Jan 22 11:01:48 hnmomega postfix/smtpd[3065]: 022F326A: client=hnmamavis01.hnmnet.de[10.193.1.3]
Jan 22 11:01:48 hnmomega postfix/cleanup[3068]: 022F326A: message-id=<002901d0362b$729586c0$57c09440$@gloeden@elektro-firma-gloeden.de>
Jan 22 11:01:48 hnmomega postfix/smtpd[3076]: warning: database /etc/aliases.db is older than source file /etc/aliases
Jan 22 11:01:48 hnmomega postfix/smtpd[3076]: connect from hnmamavis01.hnmnet.de[10.193.1.3]
Jan 22 11:01:48 hnmomega postfix/smtpd[3076]: 24C7826B: client=hnmamavis01.hnmnet.de[10.193.1.3]
Jan 22 11:01:48 hnmomega postfix/cleanup[3077]: 24C7826B: message-id=<54C0CA58.2040903@pommersches-landesmuseum.de>
Jan 22 11:01:48 hnmomega postfix/qmgr[8199]: 022F326A: from=<m.gloeden@elektro-firma-gloeden.de>, size=1829845, nrcpt=1 (queue active)
Jan 22 11:01:48 hnmomega postfix/smtpd[3065]: disconnect from hnmamavis01.hnmnet.de[10.193.1.3]
Jan 22 11:01:48 hnmomega postfix/qmgr[8199]: 24C7826B: from=<klingenberg@pommersches-landesmuseum.de>, size=401256, nrcpt=1 (queue active)
Jan 22 11:01:48 hnmomega postfix/smtpd[3076]: disconnect from hnmamavis01.hnmnet.de[10.193.1.3]
Jan 22 11:01:48 hnmomega postfix/smtp[3069]: 022F326A: to=<lehmensiek-ls1-ne4@lehmensiek.de>, relay=mxlb.ispgateway.de[80.67.18.126]:25, delay=0.87, delays=0.2/0/0.23/0.43, dsn=2.0.0, status=sent (250 OK id=1YEEaC-00011c-Eb)
Jan 22 11:01:48 hnmomega postfix/qmgr[8199]: 022F326A: removed
Jan 22 11:01:49 hnmomega postfix/smtp[3078]: 24C7826B: to=<josephine.gabler@gov.se>, relay=eylime.ministry.se[193.188.157.8]:25, delay=1.8, delays=0.07/0.02/1.1/0.59, dsn=2.0.0, status=sent (250 2.0.0 t0MA1mcm063546 Message accepted for delivery)
Jan 22 11:01:49 hnmomega postfix/qmgr[8199]: 24C7826B: removed
Jan 22 11:03:08 hnmomega postfix/smtpd[3065]: connect from hnmamavis01.hnmnet.de[10.193.1.3]
Jan 22 11:03:08 hnmomega postfix/smtpd[3065]: 4E34626A: client=hnmamavis01.hnmnet.de[10.193.1.3]
Jan 22 11:03:08 hnmomega postfix/cleanup[3068]: 4E34626A: message-id=<ee0bc8d858ca37fea6406dfc8d9b0152d7e.20150122100101@mail196.atl61.mcsv.net>
Jan 22 11:03:08 hnmomega postfix/qmgr[8199]: 4E34626A: from=<bounce-mc.us7_22196691.516329-hermanowski=spiegelblank.com@mail196.atl61.mcsv.net>, size=15784, nrcpt=1 (queue active)
Jan 22 11:03:08 hnmomega postfix/smtpd[3065]: disconnect from hnmamavis01.hnmnet.de[10.193.1.3]
Jan 22 11:03:09 hnmomega postfix/smtp[3069]: 4E34626A: to=<hermanowski58@googlemail.com>, relay=gmail-smtp-in.l.google.com[74.125.136.26]:25, delay=1, delays=0/0/0.33/0.67, dsn=2.0.0, status=sent (250 2.0.0 OK 1421920989 ft7si4863516wjb.169 - gsmtp)
Jan 22 11:03:09 hnmomega postfix/qmgr[8199]: 4E34626A: removed
Jan 22 11:03:24 hnmomega postfix/smtpd[3076]: connect from hnmamavis01.hnmnet.de[10.193.1.3]
Jan 22 11:03:24 hnmomega postfix/smtpd[3076]: 9C5B226A: client=hnmamavis01.hnmnet.de[10.193.1.3]
Jan 22 11:03:24 hnmomega postfix/cleanup[3077]: 9C5B226A: message-id=<AABB07454BEB5A4D84F41B9E9488DC77013F6423D5@c11021>
Jan 22 11:03:24 hnmomega postfix/qmgr[8199]: 9C5B226A: from=<vanessa.rohde@ahag-bochum.de>, size=98774, nrcpt=1 (queue active)
Jan 22 11:03:24 hnmomega postfix/smtpd[3076]: disconnect from hnmamavis01.hnmnet.de[10.193.1.3]
Jan 22 11:03:25 hnmomega postfix/smtp[3078]: 9C5B226A: to=<info@arnekirchner.com>, relay=nx51.mymxserver.com[188.94.250.250]:25, delay=1.1, delays=0.01/0/0.06/1, dsn=2.0.0, status=sent (250 2.0.0 Ok: queued as 252B221C1A6)
Jan 22 11:03:25 hnmomega postfix/qmgr[8199]: 9C5B226A: removed
Jan 22 11:03:32 hnmomega postfix/smtpd[3065]: connect from hnmamavis01.hnmnet.de[10.193.1.3]
Jan 22 11:03:32 hnmomega postfix/smtpd[3065]: 729BA26A: client=hnmamavis01.hnmnet.de[10.193.1.3]
Jan 22 11:03:32 hnmomega postfix/cleanup[3068]: 729BA26A: message-id=<cm.210017.qljjhit.irtkildrkk.r@cmail1.com>
Jan 22 11:03:32 hnmomega postfix/qmgr[8199]: 729BA26A: from=<ClassicDriver-qljjhit1irtkildrkk1r@cmail1.com>, size=42897, nrcpt=1 (queue active)
Jan 22 11:03:32 hnmomega postfix/smtpd[3065]: disconnect from hnmamavis01.hnmnet.de[10.193.1.3]
Jan 22 11:03:32 hnmomega postfix/smtp[3069]: 729BA26A: to=<pagoden-center@arcor.de>, relay=mx.arcor.de[151.189.21.118]:25, delay=0.27, delays=0.01/0/0.15/0.12, dsn=2.0.0, status=sent (250 2.0.0 Ok: queued as 9D3193AE9CE)
Jan 22 11:03:32 hnmomega postfix/qmgr[8199]: 729BA26A: removed
Jan 22 11:03:43 hnmomega postfix/smtpd[3076]: connect from hnmamavis01.hnmnet.de[10.193.1.3]
Jan 22 11:03:43 hnmomega postfix/smtpd[3076]: 8463026A: client=hnmamavis01.hnmnet.de[10.193.1.3]
Jan 22 11:03:43 hnmomega postfix/cleanup[3077]: 8463026A: message-id=<cm.210017.qljjhit.irtkirwjk.r@cmail1.com>
Jan 22 11:03:43 hnmomega postfix/qmgr[8199]: 8463026A: from=<ClassicDriver-qljjhit1irtkirwjk1r@cmail1.com>, size=42861, nrcpt=1 (queue active)
Jan 22 11:03:43 hnmomega postfix/smtpd[3076]: disconnect from hnmamavis01.hnmnet.de[10.193.1.3]
Jan 22 11:03:43 hnmomega postfix/smtp[3078]: 8463026A: to=<pagoden-center@arcor.de>, relay=mx.arcor.de[151.189.21.118]:25, delay=0.26, delays=0.01/0/0.13/0.12, dsn=2.0.0, status=sent (250 2.0.0 Ok: queued as AB2BD3AEA05)
Jan 22 11:03:43 hnmomega postfix/qmgr[8199]: 8463026A: removed
Jan 22 11:04:02 hnmomega postfix/smtpd[3065]: connect from hnmamavis01.hnmnet.de[10.193.1.3]
Jan 22 11:04:02 hnmomega postfix/smtpd[3065]: C369626A: client=hnmamavis01.hnmnet.de[10.193.1.3]
Jan 22 11:04:02 hnmomega postfix/cleanup[3068]: C369626A: message-id=<20150122100252.74EDF18E@hnmmail01.hnmnet.de>
Jan 22 11:04:02 hnmomega postfix/qmgr[8199]: C369626A: from=<>, size=32748, nrcpt=1 (queue active)
Jan 22 11:04:02 hnmomega postfix/smtpd[3065]: disconnect from hnmamavis01.hnmnet.de[10.193.1.3]
Jan 22 11:04:04 hnmomega postfix/smtp[3069]: C369626A: to=<info@peruecken24.de>, relay=mxlb.ispgateway.de[80.67.18.126]:25, delay=1.4, delays=0.01/0/0.18/1.2, dsn=2.0.0, status=sent (250 OK id=1YEEcM-000360-WB)
Jan 22 11:04:04 hnmomega postfix/qmgr[8199]: C369626A: removed
Jan 22 11:04:07 hnmomega postfix/smtpd[3076]: connect from hnmamavis01.hnmnet.de[10.193.1.3]
Jan 22 11:04:07 hnmomega postfix/smtpd[3076]: BB09B26A: client=hnmamavis01.hnmnet.de[10.193.1.3]
Jan 22 11:04:07 hnmomega postfix/cleanup[3077]: BB09B26A: message-id=<585C726F99A45C478FF35D0F476EBDC202B88DB6@S1.varioug.local>
Jan 22 11:04:08 hnmomega postfix/qmgr[8199]: BB09B26A: from=<UBorgwardt@varioug.de>, size=6465051, nrcpt=1 (queue active)
Jan 22 11:04:08 hnmomega postfix/smtpd[3076]: disconnect from hnmamavis01.hnmnet.de[10.193.1.3]
Jan 22 11:04:08 hnmomega postfix/smtpd[3065]: connect from hnmamavis01.hnmnet.de[10.193.1.3]
Jan 22 11:04:08 hnmomega postfix/smtpd[3065]: DDBC726B: client=hnmamavis01.hnmnet.de[10.193.1.3]
Jan 22 11:04:08 hnmomega postfix/cleanup[3068]: DDBC726B: message-id=<W2K3-SBSBcN7DaJHFzr00000cc4@mail.ahag-bmw.de>
Jan 22 11:04:08 hnmomega postfix/qmgr[8199]: DDBC726B: from=<michael.quellenberg@bmw-ernst.de>, size=83937, nrcpt=1 (queue active)
Jan 22 11:04:08 hnmomega postfix/smtpd[3065]: disconnect from hnmamavis01.hnmnet.de[10.193.1.3]
Jan 22 11:04:10 hnmomega postfix/smtp[3069]: DDBC726B: to=<info@brockherde.eu>, relay=mx0.brockherde.eu[80.237.138.5]:25, delay=1.9, delays=0.01/0/0.27/1.6, dsn=2.0.0, status=sent (250 OK id=1YEEcT-000312-8Z)
Jan 22 11:04:10 hnmomega postfix/qmgr[8199]: DDBC726B: removed
Jan 22 11:04:10 hnmomega postfix/smtp[3078]: BB09B26A: to=<pb@jetstream-bosse.de>, relay=smtp.rzone.de[81.169.145.98]:25, delay=3.1, delays=0.47/0/0.21/2.4, dsn=2.1.5, status=sent (250 2.1.5 OK mail delivered with id w007ccr0MA48RUq)
Jan 22 11:04:10 hnmomega postfix/cleanup[3077]: DACC926C: message-id=<20150122100410.DACC926C@hnmomega.hnm-server.de>
Jan 22 11:04:10 hnmomega postfix/qmgr[8199]: DACC926C: from=<>, size=4265, nrcpt=1 (queue active)
Jan 22 11:04:10 hnmomega postfix/bounce[3084]: BB09B26A: sender delivery status notification: DACC926C
Jan 22 11:04:10 hnmomega postfix/qmgr[8199]: BB09B26A: removed
Jan 22 11:04:10 hnmomega postfix/smtp[3069]: DACC926C: to=<UBorgwardt@varioug.de>, relay=mx01.hnm-server.de[93.92.128.115]:25, delay=0.07, delays=0/0/0.04/0.03, dsn=2.0.0, status=sent (250 2.0.0 Ok: queued as EB6B24C)
Jan 22 11:04:10 hnmomega postfix/qmgr[8199]: DACC926C: removed
Jan 22 11:04:16 hnmomega postfix/smtpd[3076]: connect from hnmamavis01.hnmnet.de[10.193.1.3]
Jan 22 11:04:16 hnmomega postfix/smtpd[3076]: C5DA226A: client=hnmamavis01.hnmnet.de[10.193.1.3]
Jan 22 11:04:16 hnmomega postfix/cleanup[3068]: C5DA226A: message-id=<8f6bbb83-25b4-4c4b-b846-41cdc23001f9@xtinp2mta4238.xt.local>
Jan 22 11:04:16 hnmomega postfix/qmgr[8199]: C5DA226A: from=<bounce-158_HTML-46334048-493918-6184299-11@bounce.email.trivago.com>, size=24746, nrcpt=1 (queue active)
Jan 22 11:04:16 hnmomega postfix/smtpd[3076]: disconnect from hnmamavis01.hnmnet.de[10.193.1.3]
Jan 22 11:04:17 hnmomega postfix/smtp[3078]: C5DA226A: to=<hotel-eleganz@gmx.de>, relay=mx00.emig.gmx.net[212.227.15.9]:25, delay=0.52, delays=0/0/0.2/0.31, dsn=2.0.0, status=sent (250 Requested mail action okay, completed: id=0MUD9G-1Y5wtn07Lm-00QxrG)
Jan 22 11:04:17 hnmomega postfix/qmgr[8199]: C5DA226A: removed
Jan 22 11:06:55 hnmomega postfix/smtpd[4080]: warning: database /etc/aliases.db is older than source file /etc/aliases
Jan 22 11:06:55 hnmomega postfix/smtpd[4080]: connect from hnmamavis01.hnmnet.de[10.193.1.3]
Jan 22 11:06:55 hnmomega postfix/smtpd[4080]: 40C7426A: client=hnmamavis01.hnmnet.de[10.193.1.3]
Jan 22 11:06:55 hnmomega postfix/cleanup[4082]: 40C7426A: message-id=<2.3.85316031.2015012201042547104-1936619@scmailgen7d.travelzoo.com>
Jan 22 11:06:55 hnmomega postfix/qmgr[8199]: 40C7426A: from=<newsflash_de@email.travelzoo.com>, size=30099, nrcpt=1 (queue active)
Jan 22 11:06:55 hnmomega postfix/smtpd[4080]: disconnect from hnmamavis01.hnmnet.de[10.193.1.3]
Jan 22 11:06:56 hnmomega postfix/smtp[4083]: 40C7426A: to=<hermanowski58@googlemail.com>, relay=gmail-smtp-in.l.google.com[74.125.136.26]:25, delay=0.97, delays=0.05/0.01/0.17/0.75, dsn=2.0.0, status=sent (250 2.0.0 OK 1421921216 v4si4928022wja.154 - gsmtp)
Jan 22 11:06:56 hnmomega postfix/qmgr[8199]: 40C7426A: removed
Jan 22 11:07:05 hnmomega postfix/smtpd[4080]: connect from hnmamavis01.hnmnet.de[10.193.1.3]
Jan 22 11:07:05 hnmomega postfix/smtpd[4080]: A100726A: client=hnmamavis01.hnmnet.de[10.193.1.3]
Jan 22 11:07:05 hnmomega postfix/cleanup[4082]: A100726A: message-id=<002201d0362b$3379ac50$9a6d04f0$@csg-greifswald.de>
Jan 22 11:07:05 hnmomega postfix/qmgr[8199]: A100726A: from=<t.tuchardt@csg-greifswald.de>, size=3797, nrcpt=1 (queue active)
Jan 22 11:07:05 hnmomega postfix/smtpd[4080]: disconnect from hnmamavis01.hnmnet.de[10.193.1.3]
Jan 22 11:07:05 hnmomega postfix/smtp[4083]: A100726A: to=<Corsmeyer@bbw-greifswald.de>, relay=mail.bbw-greifswald.de[62.153.208.66]:25, delay=0.13, delays=0/0/0.04/0.08, dsn=2.6.0, status=sent (250 2.6.0  <002201d0362b$3379ac50$9a6d04f0$@csg-greifswald.de> Queued mail for delivery)
Jan 22 11:07:05 hnmomega postfix/qmgr[8199]: A100726A: removed
Jan 22 11:07:12 hnmomega postfix/smtpd[4080]: connect from hnmamavis01.hnmnet.de[10.193.1.3]
Jan 22 11:07:12 hnmomega postfix/smtpd[4080]: 1CD3126A: client=hnmamavis01.hnmnet.de[10.193.1.3]
Jan 22 11:07:12 hnmomega postfix/cleanup[4082]: 1CD3126A: message-id=<55f84e3d-b631-4081-afde-d7cc5d115874@xtinp1mta103.xt.local>
Jan 22 11:07:12 hnmomega postfix/qmgr[8199]: 1CD3126A: from=<bounce-891195_HTML-763154207-38285477-77825-208@bounce.e.tripadvisor.com>, size=19706, nrcpt=1 (queue active)
Jan 22 11:07:12 hnmomega postfix/smtpd[4080]: disconnect from hnmamavis01.hnmnet.de[10.193.1.3]
Jan 22 11:07:14 hnmomega postfix/smtp[4083]: 1CD3126A: to=<resainternational@yahoo.de>, relay=mx-eu.mail.am0.yahoodns.net[188.125.69.79]:25, delay=2.2, delays=0/0/0.27/1.9, dsn=2.0.0, status=sent (250 ok dirdel)
Jan 22 11:07:14 hnmomega postfix/qmgr[8199]: 1CD3126A: removed
Jan 22 11:07:57 hnmomega postfix/smtpd[4080]: connect from hnmamavis01.hnmnet.de[10.193.1.3]
Jan 22 11:07:57 hnmomega postfix/smtpd[4080]: 43D8226A: client=hnmamavis01.hnmnet.de[10.193.1.3]
Jan 22 11:07:57 hnmomega postfix/cleanup[4082]: 43D8226A: message-id=<W2K8-SRV-SAXGMa1AvL00000020@ahag-bmw.de>
Jan 22 11:07:57 hnmomega postfix/qmgr[8199]: 43D8226A: from=<Daria.Bork@ahag-bochum.de>, size=10925, nrcpt=1 (queue active)
Jan 22 11:07:57 hnmomega postfix/smtpd[4080]: disconnect from hnmamavis01.hnmnet.de[10.193.1.3]
Jan 22 11:07:57 hnmomega postfix/smtp[4083]: 43D8226A: to=<bjoern.boerger@t-online.de>, relay=mx03.t-online.de[194.25.134.73]:25, delay=0.32, delays=0/0/0.18/0.13, dsn=2.0.0, status=sent (250 2.0.0 Message accepted.)
Jan 22 11:07:57 hnmomega postfix/qmgr[8199]: 43D8226A: removed
Jan 22 11:08:19 hnmomega postfix/smtpd[4080]: connect from hnmamavis01.hnmnet.de[10.193.1.3]
Jan 22 11:08:19 hnmomega postfix/smtpd[4080]: 9013E26A: client=hnmamavis01.hnmnet.de[10.193.1.3]
Jan 22 11:08:19 hnmomega postfix/cleanup[4082]: 9013E26A: message-id=<FE81134606E4E8489BEAC251332E13A2B78F9B75@c11021>
Jan 22 11:08:19 hnmomega postfix/qmgr[8199]: 9013E26A: from=<Christian.Tietz@ahag-bochum.de>, size=230349, nrcpt=1 (queue active)
Jan 22 11:08:19 hnmomega postfix/smtpd[4080]: disconnect from hnmamavis01.hnmnet.de[10.193.1.3]
Jan 22 11:08:19 hnmomega postfix/smtp[4083]: 9013E26A: to=<patrick.hoeft@bmw-ernst.de>, relay=mail.bmw-ernst.de[212.12.37.222]:25, delay=0.19, delays=0.02/0/0.11/0.07, dsn=2.0.0, status=sent (250 2.0.0 Ok: queued as B160A1C9067)
Jan 22 11:08:19 hnmomega postfix/qmgr[8199]: 9013E26A: removed
Jan 22 11:09:10 hnmomega postfix/smtpd[4080]: connect from hnmamavis01.hnmnet.de[10.193.1.3]
Jan 22 11:09:10 hnmomega postfix/smtpd[4080]: 66BE226A: client=hnmamavis01.hnmnet.de[10.193.1.3]
Jan 22 11:09:10 hnmomega postfix/cleanup[4082]: 66BE226A: message-id=<54C0CC2F.3010503@pommersches-landesmuseum.de>
Jan 22 11:09:10 hnmomega postfix/qmgr[8199]: 66BE226A: from=<klingenberg@pommersches-landesmuseum.de>, size=389447, nrcpt=1 (queue active)
Jan 22 11:09:10 hnmomega postfix/smtpd[4080]: disconnect from hnmamavis01.hnmnet.de[10.193.1.3]
Jan 22 11:09:15 hnmomega postfix/smtp[4083]: 66BE226A: to=<STews@Stroeer.de>, relay=mailin1.rmx.de[217.111.120.6]:25, delay=4.7, delays=0.03/0/0.3/4.3, dsn=2.0.0, status=sent (250 2.0.0 Ok: queued as B9F92180EB1)
Jan 22 11:09:15 hnmomega postfix/qmgr[8199]: 66BE226A: removed
Jan 22 11:09:41 hnmomega postfix/smtpd[4080]: connect from hnmamavis01.hnmnet.de[10.193.1.3]
Jan 22 11:09:41 hnmomega postfix/smtpd[4080]: D37AD26A: client=hnmamavis01.hnmnet.de[10.193.1.3]
Jan 22 11:09:41 hnmomega postfix/cleanup[4082]: D37AD26A: message-id=<D872BE418746A3449520372F8038CAD08F288E@srvwiemail.wiesmann.local>
Jan 22 11:09:41 hnmomega postfix/qmgr[8199]: D37AD26A: from=<Guido.Brinkmann@ahag-duelmen.de>, size=13823, nrcpt=1 (queue active)
Jan 22 11:09:41 hnmomega postfix/smtpd[4080]: disconnect from hnmamavis01.hnmnet.de[10.193.1.3]
Jan 22 11:09:43 hnmomega postfix/smtp[4083]: D37AD26A: to=<guido_brinkmann@online.de>, relay=mx00.emig.kundenserver.de[212.227.15.136]:25, delay=1.5, delays=0/0/0.19/1.3, dsn=2.0.0, status=sent (250 Requested mail action okay, completed: id=0LsqKY-1XYoKC0KyI-012Wq9)
Jan 22 11:09:43 hnmomega postfix/qmgr[8199]: D37AD26A: removed
Jan 22 11:09:49 hnmomega postfix/smtpd[4080]: connect from hnmamavis01.hnmnet.de[10.193.1.3]
Jan 22 11:09:49 hnmomega postfix/smtpd[4080]: 9CBA426A: client=hnmamavis01.hnmnet.de[10.193.1.3]
Jan 22 11:09:49 hnmomega postfix/cleanup[4082]: 9CBA426A: message-id=<D872BE418746A3449520372F8038CAD07D2EBA@srvwiemail.wiesmann.local>
Jan 22 11:09:49 hnmomega postfix/qmgr[8199]: 9CBA426A: from=<Rene-Andre.Kollek@ahag-coesfeld.de>, size=88522, nrcpt=1 (queue active)
Jan 22 11:09:49 hnmomega postfix/smtpd[4080]: disconnect from hnmamavis01.hnmnet.de[10.193.1.3]
Jan 22 11:09:50 hnmomega postfix/smtp[4083]: 9CBA426A: to=<r.kollek@gmx.de>, relay=mx00.emig.gmx.net[212.227.15.9]:25, delay=0.61, delays=0.01/0/0.18/0.43, dsn=2.0.0, status=sent (250 Requested mail action okay, completed: id=0Lm6fh-1XfB4W3avx-00ZjTZ)
Jan 22 11:09:50 hnmomega postfix/qmgr[8199]: 9CBA426A: removed
Jan 22 11:09:54 hnmomega postfix/smtpd[4080]: connect from hnmamavis01.hnmnet.de[10.193.1.3]
Jan 22 11:09:54 hnmomega postfix/smtpd[4080]: B56D526A: client=hnmamavis01.hnmnet.de[10.193.1.3]
Jan 22 11:09:54 hnmomega postfix/cleanup[4082]: B56D526A: message-id=<D872BE418746A3449520372F8038CAD08F2890@srvwiemail.wiesmann.local>
Jan 22 11:09:54 hnmomega postfix/qmgr[8199]: B56D526A: from=<Guido.Brinkmann@ahag-duelmen.de>, size=9358, nrcpt=1 (queue active)
Jan 22 11:09:54 hnmomega postfix/smtpd[4080]: disconnect from hnmamavis01.hnmnet.de[10.193.1.3]
Jan 22 11:09:55 hnmomega postfix/smtp[4083]: B56D526A: to=<guido_brinkmann@online.de>, relay=mx00.emig.kundenserver.de[212.227.15.136]:25, delay=0.5, delays=0/0/0.24/0.26, dsn=2.0.0, status=sent (250 Requested mail action okay, completed: id=0LdPgE-1XoHsP00dm-00ijGG)
Jan 22 11:09:55 hnmomega postfix/qmgr[8199]: B56D526A: removed
Jan 22 11:09:57 hnmomega postfix/smtpd[4080]: connect from hnmamavis01.hnmnet.de[10.193.1.3]
Jan 22 11:09:57 hnmomega postfix/smtpd[4080]: 401D626A: client=hnmamavis01.hnmnet.de[10.193.1.3]
Jan 22 11:09:57 hnmomega postfix/cleanup[4082]: 401D626A: message-id=<54C0CC5E.1090300@pommersches-landesmuseum.de>
Jan 22 11:09:57 hnmomega postfix/qmgr[8199]: 401D626A: from=<klingenberg@pommersches-landesmuseum.de>, size=580473, nrcpt=1 (queue active)
Jan 22 11:09:57 hnmomega postfix/smtpd[4080]: disconnect from hnmamavis01.hnmnet.de[10.193.1.3]
Jan 22 11:09:58 hnmomega postfix/smtp[4083]: 401D626A: to=<hanni.pfau@gmx.de>, relay=mx00.emig.gmx.net[213.165.67.114]:25, delay=0.78, delays=0.03/0/0.16/0.59, dsn=2.0.0, status=sent (250 Requested mail action okay, completed: id=0MOC3A-1YJkTx22bc-005bHI)
Jan 22 11:09:58 hnmomega postfix/qmgr[8199]: 401D626A: removed
Jan 22 11:10:33 hnmomega postfix/smtpd[4080]: connect from hnmamavis01.hnmnet.de[10.193.1.3]
Jan 22 11:10:33 hnmomega postfix/smtpd[4080]: D70F226A: client=hnmamavis01.hnmnet.de[10.193.1.3]
Jan 22 11:10:33 hnmomega postfix/cleanup[4082]: D70F226A: message-id=<FE81134606E4E8489BEAC251332E13A2B78F9B87@c11021>
Jan 22 11:10:33 hnmomega postfix/qmgr[8199]: D70F226A: from=<Christian.Tietz@ahag-bochum.de>, size=392204, nrcpt=1 (queue active)
Jan 22 11:10:33 hnmomega postfix/smtpd[4080]: disconnect from hnmamavis01.hnmnet.de[10.193.1.3]
Jan 22 11:10:34 hnmomega postfix/smtp[4083]: D70F226A: to=<info@x-centrum.nl>, relay=xcentrum-nl0c.mail.protection.outlook.com[213.199.154.23]:25, delay=1, delays=0.09/0/0.18/0.77, dsn=2.6.0, status=sent (250 2.6.0 <FE81134606E4E8489BEAC251332E13A2B78F9B87@c11021> [InternalId=53515292510159, Hostname=DBXPR03MB176.eurprd03.prod.outlook.com] Queued mail for delivery)
Jan 22 11:10:34 hnmomega postfix/qmgr[8199]: D70F226A: removed
Jan 22 11:11:04 hnmomega postfix/smtpd[4080]: connect from hnmamavis01.hnmnet.de[10.193.1.3]
Jan 22 11:11:04 hnmomega postfix/smtpd[4080]: A58D226A: client=hnmamavis01.hnmnet.de[10.193.1.3]
Jan 22 11:11:04 hnmomega postfix/cleanup[4082]: A58D226A: message-id=<F2C20BBF4E5A044AA51BE7739E286579E8C139@w2k3-sbs.AHAG.local>
Jan 22 11:11:04 hnmomega postfix/qmgr[8199]: A58D226A: from=<Ralf.Muecher@ahag-bmw.de>, size=7841, nrcpt=1 (queue active)
Jan 22 11:11:04 hnmomega postfix/smtpd[4080]: disconnect from hnmamavis01.hnmnet.de[10.193.1.3]
Jan 22 11:11:05 hnmomega postfix/smtp[4083]: A58D226A: to=<Andreas.Buerkler@bmw.de>, relay=mx1.bmw.c3s2.iphmx.com[68.232.139.67]:25, delay=0.33, delays=0/0/0.15/0.18, dsn=2.0.0, status=sent (250 ok:  Message 27052080 accepted)
Jan 22 11:11:05 hnmomega postfix/qmgr[8199]: A58D226A: removed
Jan 22 11:11:28 hnmomega postfix/smtpd[4080]: connect from hnmamavis01.hnmnet.de[10.193.1.3]
Jan 22 11:11:28 hnmomega postfix/smtpd[4080]: C02E426A: client=hnmamavis01.hnmnet.de[10.193.1.3]
Jan 22 11:11:28 hnmomega postfix/cleanup[4082]: C02E426A: message-id=<54C0CCB6.2020109@bootspark.de>
Jan 22 11:11:28 hnmomega postfix/qmgr[8199]: C02E426A: from=<info@bootspark.de>, size=128765, nrcpt=1 (queue active)
Jan 22 11:11:28 hnmomega postfix/smtpd[4080]: disconnect from hnmamavis01.hnmnet.de[10.193.1.3]
Jan 22 11:11:29 hnmomega postfix/smtp[4083]: C02E426A: to=<christoph.bauch@t-online.de>, relay=mx00.t-online.de[194.25.134.8]:25, delay=0.42, delays=0.01/0/0.19/0.22, dsn=2.0.0, status=sent (250 2.0.0 Message accepted.)
Jan 22 11:11:29 hnmomega postfix/qmgr[8199]: C02E426A: removed
Jan 22 11:11:45 hnmomega postfix/smtpd[4080]: connect from hnmamavis01.hnmnet.de[10.193.1.3]
Jan 22 11:11:45 hnmomega postfix/smtpd[4080]: 71EFA26A: client=hnmamavis01.hnmnet.de[10.193.1.3]
Jan 22 11:11:45 hnmomega postfix/cleanup[4082]: 71EFA26A: message-id=<5A69D6F32469054EAC81393E374A8479D9643B6A@c11021>
Jan 22 11:11:45 hnmomega postfix/qmgr[8199]: 71EFA26A: from=<Arne.Kirchner@ahag-bochum.de>, size=184880, nrcpt=1 (queue active)
Jan 22 11:11:45 hnmomega postfix/smtpd[4080]: disconnect from hnmamavis01.hnmnet.de[10.193.1.3]
Jan 22 11:11:45 hnmomega postfix/smtp[4083]: 71EFA26A: to=<marco.ludewig@bmw-ernst.de>, relay=mail.bmw-ernst.de[212.12.37.222]:25, delay=0.12, delays=0.01/0/0.06/0.05, dsn=2.0.0, status=sent (250 2.0.0 Ok: queued as 844351C9067)
Jan 22 11:11:45 hnmomega postfix/qmgr[8199]: 71EFA26A: removed
Jan 22 11:12:18 hnmomega postfix/smtpd[4080]: connect from hnmamavis01.hnmnet.de[10.193.1.3]
Jan 22 11:12:18 hnmomega postfix/smtpd[4080]: 99C0226A: client=hnmamavis01.hnmnet.de[10.193.1.3]
Jan 22 11:12:18 hnmomega postfix/cleanup[4082]: 99C0226A: message-id=<E7E58A18C8CE44B3A8C479BDA2D8F7DB@AP02>
Jan 22 11:12:18 hnmomega postfix/qmgr[8199]: 99C0226A: from=<potenberg@variogh.de>, size=27009, nrcpt=1 (queue active)
Jan 22 11:12:18 hnmomega postfix/smtpd[4080]: disconnect from hnmamavis01.hnmnet.de[10.193.1.3]
Jan 22 11:12:20 hnmomega postfix/qmgr[8199]: 54344263: from=<>, size=12021, nrcpt=1 (queue active)
Jan 22 11:12:20 hnmomega postfix/qmgr[8199]: 2CC3F1E: from=<farysch@wp-krutzsch.de>, size=4858, nrcpt=1 (queue active)
Jan 22 11:12:20 hnmomega postfix/smtp[4613]: 54344263: to=<info@auto-bids.com>, relay=mail.auto-bids.com[81.180.168.2]:25, delay=243917, delays=243916/0.02/0.27/0.05, dsn=4.7.1, status=deferred (host mail.auto-bids.com[81.180.168.2] said: 454 4.7.1 <info@auto-bids.com>: Relay access denied (in reply to RCPT TO command))
Jan 22 11:12:22 hnmomega postfix/smtp[4083]: 99C0226A: to=<Alleweld@alleweld.de>, relay=mx1.wlms.de[93.180.157.237]:25, delay=3.5, delays=0/0/0.26/3.2, dsn=2.0.0, status=sent (250 2.0.0 from MTA(smtp:[127.0.0.1]:10025): 250 2.0.0 Ok: queued as 0D19820485)
Jan 22 11:12:22 hnmomega postfix/qmgr[8199]: 99C0226A: removed
Jan 22 11:12:36 hnmomega postfix/smtpd[4080]: connect from hnmamavis01.hnmnet.de[10.193.1.3]
Jan 22 11:12:36 hnmomega postfix/smtpd[4080]: 3FE0A23B: client=hnmamavis01.hnmnet.de[10.193.1.3]
Jan 22 11:12:36 hnmomega postfix/cleanup[4082]: 3FE0A23B: message-id=<A959AEB333833A418575203B08ADBC1B5429437F@I02130.dsv.com>
Jan 22 11:12:36 hnmomega postfix/qmgr[8199]: 3FE0A23B: from=<oscar.ebertz@de.dsv.com>, size=13536, nrcpt=1 (queue active)
Jan 22 11:12:36 hnmomega postfix/smtpd[4080]: disconnect from hnmamavis01.hnmnet.de[10.193.1.3]
Jan 22 11:12:36 hnmomega postfix/smtp[4613]: 3FE0A23B: to=<dekatrias@t-online.de>, relay=mx02.t-online.de[194.25.134.9]:25, delay=0.34, delays=0/0/0.2/0.14, dsn=2.0.0, status=sent (250 2.0.0 Message accepted.)
Jan 22 11:12:36 hnmomega postfix/qmgr[8199]: 3FE0A23B: removed
Jan 22 11:12:50 hnmomega postfix/smtp[4614]: connect to worldonline.de[62.27.45.170]:25: Connection timed out
Jan 22 11:12:50 hnmomega postfix/smtp[4614]: 2CC3F1E: to=<edgar.fleischer@worldonline.de>, relay=none, delay=260853, delays=260822/0.04/30/0, dsn=4.4.1, status=deferred (connect to worldonline.de[62.27.45.170]:25: Connection timed out)
Jan 22 11:13:33 hnmomega postfix/smtpd[4080]: connect from hnmamavis01.hnmnet.de[10.193.1.3]
Jan 22 11:13:33 hnmomega postfix/smtpd[4080]: CA88E26A: client=hnmamavis01.hnmnet.de[10.193.1.3]
Jan 22 11:13:33 hnmomega postfix/cleanup[4082]: CA88E26A: message-id=<54C0CD41.2070701@pommersches-landesmuseum.de>
Jan 22 11:13:33 hnmomega postfix/qmgr[8199]: CA88E26A: from=<klingenberg@pommersches-landesmuseum.de>, size=196091, nrcpt=1 (queue active)
Jan 22 11:13:33 hnmomega postfix/smtpd[4080]: disconnect from hnmamavis01.hnmnet.de[10.193.1.3]
Jan 22 11:13:34 hnmomega postfix/smtp[4083]: CA88E26A: host mx1.unicon-gmbh.de[188.40.58.142] said: 450 4.7.1 <irmgard@von-schack.de>: Recipient address rejected: Service temporarily unavailable, please try later (in reply to RCPT TO command)
Jan 22 11:13:34 hnmomega postfix/smtp[4083]: CA88E26A: to=<irmgard@von-schack.de>, relay=mx2.unicon-gmbh.de[87.106.178.195]:25, delay=0.5, delays=0.01/0/0.45/0.04, dsn=4.7.1, status=deferred (host mx2.unicon-gmbh.de[87.106.178.195] said: 450 4.7.1 <irmgard@von-schack.de>: Recipient address rejected: Service temporarily unavailable, please try later (in reply to RCPT TO command))
Jan 22 11:14:11 hnmomega postfix/smtpd[4080]: connect from hnmamavis01.hnmnet.de[10.193.1.3]
Jan 22 11:14:11 hnmomega postfix/smtpd[4080]: 8AF8E26C: client=hnmamavis01.hnmnet.de[10.193.1.3]
Jan 22 11:14:11 hnmomega postfix/cleanup[4082]: 8AF8E26C: message-id=<D872BE418746A3449520372F8038CAD08F2892@srvwiemail.wiesmann.local>
Jan 22 11:14:11 hnmomega postfix/qmgr[8199]: 8AF8E26C: from=<Christian.Bixler@ahag-duelmen.de>, size=177423, nrcpt=1 (queue active)
Jan 22 11:14:11 hnmomega postfix/smtpd[4080]: disconnect from hnmamavis01.hnmnet.de[10.193.1.3]
Jan 22 11:14:12 hnmomega postfix/smtp[4613]: 8AF8E26C: to=<mail@schroth.de>, relay=aspmx.l.google.com[173.194.65.27]:25, delay=1.1, delays=0.01/0/0.32/0.79, dsn=2.0.0, status=sent (250 2.0.0 OK 1421921652 hs6si5232339wjb.68 - gsmtp)
Jan 22 11:14:12 hnmomega postfix/qmgr[8199]: 8AF8E26C: removed
Jan 22 11:14:32 hnmomega postfix/smtpd[4080]: connect from hnmamavis01.hnmnet.de[10.193.1.3]
Jan 22 11:14:32 hnmomega postfix/smtpd[4080]: D7B9026C: client=hnmamavis01.hnmnet.de[10.193.1.3]
Jan 22 11:14:32 hnmomega postfix/cleanup[4082]: D7B9026C: message-id=<033c01d0362c$2fd67870$8f836950$@golfclub-greifswald.de>
Jan 22 11:14:32 hnmomega postfix/qmgr[8199]: D7B9026C: from=<info@golfclub-greifswald.de>, size=5239, nrcpt=1 (queue active)
Jan 22 11:14:32 hnmomega postfix/smtpd[4080]: disconnect from hnmamavis01.hnmnet.de[10.193.1.3]
Jan 22 11:14:33 hnmomega postfix/smtp[4083]: D7B9026C: to=<hamm@uni-greifswald.de>, relay=mailgate2.uni-greifswald.de[141.53.10.23]:25, delay=0.77, delays=0.04/0/0.18/0.55, dsn=2.0.0, status=sent (250 2.0.0 from MTA(smtp:[127.0.0.1]:10025): 250 2.0.0 Ok: queued as 9769A40004DB)
Jan 22 11:14:33 hnmomega postfix/qmgr[8199]: D7B9026C: removed
Jan 22 11:14:35 hnmomega postfix/smtpd[4080]: connect from hnmamavis01.hnmnet.de[10.193.1.3]
Jan 22 11:14:35 hnmomega postfix/smtpd[4080]: 1C98626C: client=hnmamavis01.hnmnet.de[10.193.1.3]
Jan 22 11:14:35 hnmomega postfix/cleanup[4082]: 1C98626C: message-id=<A959AEB333833A418575203B08ADBC1B5429438E@I02130.dsv.com>
Jan 22 11:14:35 hnmomega postfix/qmgr[8199]: 1C98626C: from=<oscar.ebertz@de.dsv.com>, size=13483, nrcpt=1 (queue active)
Jan 22 11:14:35 hnmomega postfix/smtpd[4080]: disconnect from hnmamavis01.hnmnet.de[10.193.1.3]
Jan 22 11:14:35 hnmomega postfix/smtp[4613]: 1C98626C: to=<dekatrias@t-online.de>, relay=mx03.t-online.de[194.25.134.73]:25, delay=0.35, delays=0/0/0.2/0.15, dsn=2.0.0, status=sent (250 2.0.0 Message accepted.)
Jan 22 11:14:35 hnmomega postfix/qmgr[8199]: 1C98626C: removed
Jan 22 11:15:35 hnmomega postfix/smtpd[4080]: connect from hnmamavis01.hnmnet.de[10.193.1.3]
Jan 22 11:15:35 hnmomega postfix/smtpd[4080]: 2D7DF26C: client=hnmamavis01.hnmnet.de[10.193.1.3]
Jan 22 11:15:35 hnmomega postfix/cleanup[4082]: 2D7DF26C: message-id=<54C0CDB4.407@pommersches-landesmuseum.de>
Jan 22 11:15:35 hnmomega postfix/qmgr[8199]: 2D7DF26C: from=<schroeder@pommersches-landesmuseum.de>, size=10201, nrcpt=1 (queue active)
Jan 22 11:15:35 hnmomega postfix/smtpd[4080]: disconnect from hnmamavis01.hnmnet.de[10.193.1.3]
Jan 22 11:15:41 hnmomega postfix/smtp[4083]: 2D7DF26C: to=<uwegryps@icloud.com>, relay=mx4.mail.icloud.com[17.158.8.51]:25, delay=6, delays=0.01/0/2.1/3.9, dsn=2.5.0, status=sent (250 2.5.0 Ok.)
Jan 22 11:15:41 hnmomega postfix/qmgr[8199]: 2D7DF26C: removed
Jan 22 11:16:39 hnmomega postfix/smtpd[4080]: connect from hnmamavis01.hnmnet.de[10.193.1.3]
Jan 22 11:16:39 hnmomega postfix/smtpd[4080]: 08DEF26C: client=hnmamavis01.hnmnet.de[10.193.1.3]
Jan 22 11:16:39 hnmomega postfix/cleanup[4082]: 08DEF26C: message-id=<5A69D6F32469054EAC81393E374A8479D9643B79@c11021>
Jan 22 11:16:39 hnmomega postfix/qmgr[8199]: 08DEF26C: from=<Arne.Kirchner@ahag-bochum.de>, size=181745, nrcpt=14 (queue active)
Jan 22 11:16:39 hnmomega postfix/smtpd[4080]: disconnect from hnmamavis01.hnmnet.de[10.193.1.3]
Jan 22 11:16:39 hnmomega postfix/smtp[4083]: 08DEF26C: to=<marco.ludewig@bmw-ernst.de>, relay=mail.bmw-ernst.de[212.12.37.222]:25, delay=0.13, delays=0.02/0/0.03/0.08, dsn=2.0.0, status=sent (250 2.0.0 Ok: queued as 170F11C9067)
Jan 22 11:16:39 hnmomega postfix/smtp[4083]: 08DEF26C: to=<michael.gross@bmw-ernst.de>, relay=mail.bmw-ernst.de[212.12.37.222]:25, delay=0.13, delays=0.02/0/0.03/0.08, dsn=2.0.0, status=sent (250 2.0.0 Ok: queued as 170F11C9067)
Jan 22 11:16:39 hnmomega postfix/smtp[5599]: 08DEF26C: to=<Gordon.Blaschke@bmw.de>, relay=mx1.bmw.c3s2.iphmx.com[68.232.133.169]:25, delay=0.77, delays=0.02/0.04/0.33/0.38, dsn=2.0.0, status=sent (250 ok:  Message 29856114 accepted)
Jan 22 11:16:39 hnmomega postfix/smtp[5600]: 08DEF26C: to=<Franjo@Cyran.de>, relay=smtp.rzone.de[81.169.145.98]:25, delay=0.85, delays=0.02/0.08/0.25/0.51, dsn=2.1.5, status=sent (250 2.1.5 OK mail delivered with id 00231cr0MAGdY76)
Jan 22 11:16:39 hnmomega postfix/smtp[5600]: 08DEF26C: to=<franz-josef@cyran.de>, relay=smtp.rzone.de[81.169.145.98]:25, delay=0.85, delays=0.02/0.08/0.25/0.51, dsn=2.1.5, status=sent (250 2.1.5 OK mail delivered with id 00231cr0MAGdY76)
Jan 22 11:16:39 hnmomega postfix/smtp[5600]: 08DEF26C: to=<hartwig@cyran.de>, relay=smtp.rzone.de[81.169.145.98]:25, delay=0.85, delays=0.02/0.08/0.25/0.51, dsn=2.1.5, status=sent (250 2.1.5 OK mail delivered with id 00231cr0MAGdY76)
Jan 22 11:16:39 hnmomega postfix/smtp[5600]: 08DEF26C: to=<ludger.henrichmann@cyran.de>, relay=smtp.rzone.de[81.169.145.98]:25, delay=0.85, delays=0.02/0.08/0.25/0.51, dsn=2.1.5, status=sent (250 2.1.5 OK mail delivered with id 00231cr0MAGdY76)
Jan 22 11:16:39 hnmomega postfix/smtp[5601]: 08DEF26C: to=<Manfred.Teuscher@wiesmann.de>, relay=mx51.mymxserver.com[188.94.249.25]:25, delay=0.87, delays=0.02/0.09/0.08/0.68, dsn=2.0.0, status=sent (250 2.0.0 Ok: queued as 840763D4236)
Jan 22 11:16:39 hnmomega postfix/smtp[5601]: 08DEF26C: to=<Vedran.Josipovic@wiesmann.de>, relay=mx51.mymxserver.com[188.94.249.25]:25, delay=0.87, delays=0.02/0.09/0.08/0.68, dsn=2.0.0, status=sent (250 2.0.0 Ok: queued as 840763D4236)
Jan 22 11:16:39 hnmomega postfix/smtp[5601]: 08DEF26C: to=<christian.bixler@wiesmann.de>, relay=mx51.mymxserver.com[188.94.249.25]:25, delay=0.87, delays=0.02/0.09/0.08/0.68, dsn=2.0.0, status=sent (250 2.0.0 Ok: queued as 840763D4236)
Jan 22 11:16:39 hnmomega postfix/smtp[5601]: 08DEF26C: to=<guenter.papenfuss@wiesmann.de>, relay=mx51.mymxserver.com[188.94.249.25]:25, delay=0.87, delays=0.02/0.09/0.08/0.68, dsn=2.0.0, status=sent (250 2.0.0 Ok: queued as 840763D4236)
Jan 22 11:16:39 hnmomega postfix/smtp[5601]: 08DEF26C: to=<uwe.koecher@wiesmann.de>, relay=mx51.mymxserver.com[188.94.249.25]:25, delay=0.87, delays=0.02/0.09/0.08/0.68, dsn=2.0.0, status=sent (250 2.0.0 Ok: queued as 840763D4236)
Jan 22 11:16:45 hnmomega postfix/smtpd[4080]: connect from hnmamavis01.hnmnet.de[10.193.1.3]
Jan 22 11:16:45 hnmomega postfix/smtpd[4080]: B15DB26E: client=hnmamavis01.hnmnet.de[10.193.1.3]
Jan 22 11:16:45 hnmomega postfix/cleanup[4082]: B15DB26E: message-id=<54C0CDED.3050700@pommersches-landesmuseum.de>
Jan 22 11:16:45 hnmomega postfix/qmgr[8199]: B15DB26E: from=<darr@pommersches-landesmuseum.de>, size=190312, nrcpt=1 (queue active)
Jan 22 11:16:45 hnmomega postfix/smtpd[4080]: disconnect from hnmamavis01.hnmnet.de[10.193.1.3]
Jan 22 11:16:46 hnmomega postfix/smtp[4083]: B15DB26E: to=<kopier.grafik@pommerscher-diakonieverein.de>, relay=smtp.rzone.de[81.169.145.98]:25, delay=0.44, delays=0.01/0/0.19/0.24, dsn=2.1.5, status=sent (250 2.1.5 OK mail delivered with id J07e76r0MAGjS2m)
Jan 22 11:16:46 hnmomega postfix/qmgr[8199]: B15DB26E: removed
Jan 22 11:16:49 hnmomega postfix/smtp[5598]: 08DEF26C: to=<eugen.kohlmann@bmw-van-der-moolen.de>, relay=mailrelay.globalways.net[94.186.131.101]:25, delay=10, delays=0.02/0.03/0.38/10, dsn=2.0.0, status=sent (250 2.0.0 Ok: queued as 13D06408F)
Jan 22 11:16:49 hnmomega postfix/smtp[5598]: 08DEF26C: to=<martin.hochstrat@bmw-van-der-moolen.de>, relay=mailrelay.globalways.net[94.186.131.101]:25, delay=10, delays=0.02/0.03/0.38/10, dsn=2.0.0, status=sent (250 2.0.0 Ok: queued as 13D06408F)
Jan 22 11:16:49 hnmomega postfix/qmgr[8199]: 08DEF26C: removed
Jan 22 11:17:06 hnmomega postfix/smtpd[4080]: connect from hnmamavis01.hnmnet.de[10.193.1.3]
Jan 22 11:17:06 hnmomega postfix/trivial-rewrite[5611]: warning: database /etc/postfix/smtpouttransport.db is older than source file /etc/postfix/smtpouttransport
Jan 22 11:17:06 hnmomega postfix/smtpd[4080]: 8E33926C: client=hnmamavis01.hnmnet.de[10.193.1.3]
Jan 22 11:17:06 hnmomega postfix/cleanup[4082]: 8E33926C: message-id=<4c810fe4b1aacde261741324c75a1e80@leuchten-pasewalk.de>
Jan 22 11:17:06 hnmomega postfix/qmgr[8199]: 8E33926C: from=<angelique.burmeister@leuchten-pasewalk.de>, size=85054, nrcpt=1 (queue active)
Jan 22 11:17:06 hnmomega postfix/smtpd[4080]: disconnect from hnmamavis01.hnmnet.de[10.193.1.3]
Jan 22 11:17:06 hnmomega postfix/trivial-rewrite[5612]: warning: database /etc/postfix/smtpouttransport.db is older than source file /etc/postfix/smtpouttransport
Jan 22 11:17:06 hnmomega postfix/smtp[5599]: 8E33926C: to=<info@hanselev.de>, relay=smtp.rzone.de[81.169.145.98]:25, delay=0.4, delays=0.01/0/0.19/0.2, dsn=2.1.5, status=sent (250 2.1.5 OK mail delivered with id T01646r0MAH6SO1)
Jan 22 11:17:06 hnmomega postfix/qmgr[8199]: 8E33926C: removed
Jan 22 11:17:07 hnmomega postfix/smtpd[4080]: connect from hnmamavis01.hnmnet.de[10.193.1.3]
Jan 22 11:17:07 hnmomega postfix/smtpd[4080]: 6755F26C: client=hnmamavis01.hnmnet.de[10.193.1.3]
Jan 22 11:17:07 hnmomega postfix/cleanup[4082]: 6755F26C: message-id=<002d01d0362d$9c025090$d406f1b0$@gloeden@elektro-firma-gloeden.de>
Jan 22 11:17:07 hnmomega postfix/qmgr[8199]: 6755F26C: from=<m.gloeden@elektro-firma-gloeden.de>, size=2789469, nrcpt=1 (queue active)
Jan 22 11:17:07 hnmomega postfix/smtpd[4080]: disconnect from hnmamavis01.hnmnet.de[10.193.1.3]
Jan 22 11:17:10 hnmomega postfix/smtp[5600]: 6755F26C: to=<lehmensiek-ls1-ne4@lehmensiek.de>, relay=mxlb.ispgateway.de[80.67.18.126]:25, delay=3.3, delays=0.26/0/0.23/2.8, dsn=2.0.0, status=sent (250 OK id=1YEEp1-0005zk-Tr)
Jan 22 11:17:10 hnmomega postfix/qmgr[8199]: 6755F26C: removed
Jan 22 11:17:13 hnmomega postfix/smtpd[4080]: connect from hnmamavis01.hnmnet.de[10.193.1.3]
Jan 22 11:17:13 hnmomega postfix/smtpd[4080]: 32DFD26C: client=hnmamavis01.hnmnet.de[10.193.1.3]
Jan 22 11:17:13 hnmomega postfix/cleanup[4082]: 32DFD26C: message-id=<54c0cdbf19e29_136f39b2008343c@hermes-2.mail>
Jan 22 11:17:13 hnmomega postfix/cleanup[4082]: 32DFD26C: resent-message-id=<20150122101713.2E5245A7@hnmamavis01.hnmnet.de>
Jan 22 11:17:13 hnmomega postfix/qmgr[8199]: 32DFD26C: from=<bjoern.boerger@ahag-bochum.de>, size=41335, nrcpt=1 (queue active)
Jan 22 11:17:13 hnmomega postfix/smtpd[4080]: disconnect from hnmamavis01.hnmnet.de[10.193.1.3]
Jan 22 11:17:13 hnmomega postfix/smtp[5601]: 32DFD26C: to=<bjoern.boerger@t-online.de>, relay=mx03.t-online.de[194.25.134.73]:25, delay=0.36, delays=0.01/0/0.2/0.15, dsn=2.0.0, status=sent (250 2.0.0 Message accepted.)
Jan 22 11:17:13 hnmomega postfix/qmgr[8199]: 32DFD26C: removed
Jan 22 11:17:20 hnmomega postfix/qmgr[8199]: EF6A9266: from=<>, size=7929, nrcpt=1 (queue active)
Jan 22 11:17:23 hnmomega postfix/smtpd[4080]: connect from hnmamavis01.hnmnet.de[10.193.1.3]
Jan 22 11:17:23 hnmomega postfix/smtpd[4080]: A4D2726C: client=hnmamavis01.hnmnet.de[10.193.1.3]
Jan 22 11:17:23 hnmomega postfix/cleanup[4082]: A4D2726C: message-id=<54C0CE05.4000702@pommersches-landesmuseum.de>
Jan 22 11:17:23 hnmomega postfix/qmgr[8199]: A4D2726C: from=<darr@pommersches-landesmuseum.de>, size=191323, nrcpt=1 (queue active)
Jan 22 11:17:23 hnmomega postfix/smtpd[4080]: disconnect from hnmamavis01.hnmnet.de[10.193.1.3]
Jan 22 11:17:24 hnmomega postfix/smtp[5598]: A4D2726C: to=<ramona_schacht@web.de>, relay=mx-ha02.web.de[213.165.67.120]:25, delay=0.61, delays=0.01/0/0.22/0.37, dsn=2.0.0, status=sent (250 Requested mail action okay, completed: id=0MDzWt-1YVbEC3shL-00HKRc)
Jan 22 11:17:24 hnmomega postfix/qmgr[8199]: A4D2726C: removed
Jan 22 11:17:24 hnmomega postfix/smtpd[4080]: connect from hnmamavis01.hnmnet.de[10.193.1.3]
Jan 22 11:17:24 hnmomega postfix/smtpd[4080]: D42C426C: client=hnmamavis01.hnmnet.de[10.193.1.3]
Jan 22 11:17:24 hnmomega postfix/cleanup[4082]: D42C426C: message-id=<000f01d0362c$8a7a82d0$9f6f8870$@harrer-gmbh.de>
Jan 22 11:17:24 hnmomega postfix/qmgr[8199]: D42C426C: from=<info@harrer-gmbh.de>, size=35038, nrcpt=1 (queue active)
Jan 22 11:17:24 hnmomega postfix/smtpd[4080]: disconnect from hnmamavis01.hnmnet.de[10.193.1.3]
Jan 22 11:17:25 hnmomega postfix/smtpd[4080]: connect from hnmamavis01.hnmnet.de[10.193.1.3]
Jan 22 11:17:25 hnmomega postfix/smtpd[4080]: 1CA8026D: client=hnmamavis01.hnmnet.de[10.193.1.3]
Jan 22 11:17:25 hnmomega postfix/cleanup[4082]: 1CA8026D: message-id=<20150122101527.16D4D200AE62@perl-6.worker.fra2.xing.com>
