Jan 21 09:47:21 hnmomega postfix/cleanup[29951]: 81577239: message-id=<F2C20BBF4E5A044AA51BE7739E286579E8BFB6@w2k3-sbs.AHAG.local>
Jan 21 09:47:21 hnmomega postfix/qmgr[8199]: 81577239: from=<Christoph.Pieper@ahag-bmw.de>, size=2983, nrcpt=1 (queue active)
Jan 21 09:47:21 hnmomega postfix/smtpd[29948]: disconnect from hnmamavis01.hnmnet.de[10.193.1.3]
Jan 21 09:47:21 hnmomega postfix/smtp[30957]: warning: office.archinetwork.de[217.86.188.120]:25 offered null AUTH mechanism list
Jan 21 09:47:21 hnmomega postfix/smtp[30957]: warning: office.archinetwork.de[217.86.188.120]:25 offered null AUTH mechanism list
Jan 21 09:47:22 hnmomega postfix/smtp[30957]: 81577239: to=<k.hackel@archinetwork.de>, relay=office.archinetwork.de[217.86.188.120]:25, delay=0.77, delays=0/0/0.31/0.46, dsn=2.6.0, status=sent (250 2.6.0 <F2C20BBF4E5A044AA51BE7739E286579E8BFB6@w2k3-sbs.AHAG.local> [InternalId=438] Queued mail for delivery)
Jan 21 09:47:22 hnmomega postfix/qmgr[8199]: 81577239: removed
Jan 21 09:47:37 hnmomega postfix/smtpd[30958]: connect from hnmamavis01.hnmnet.de[10.193.1.3]
Jan 21 09:47:37 hnmomega postfix/smtpd[30958]: 34B2E239: client=hnmamavis01.hnmnet.de[10.193.1.3]
Jan 21 09:47:37 hnmomega postfix/cleanup[29951]: 34B2E239: message-id=<F2C20BBF4E5A044AA51BE7739E286579E8BFB7@w2k3-sbs.AHAG.local>
Jan 21 09:47:37 hnmomega postfix/qmgr[8199]: 34B2E239: from=<Christoph.Pieper@ahag-bmw.de>, size=3002, nrcpt=1 (queue active)
Jan 21 09:47:37 hnmomega postfix/smtpd[30958]: disconnect from hnmamavis01.hnmnet.de[10.193.1.3]
Jan 21 09:47:37 hnmomega postfix/smtp[30960]: warning: office.archinetwork.de[217.86.188.120]:25 offered null AUTH mechanism list
Jan 21 09:47:37 hnmomega postfix/smtp[30960]: warning: office.archinetwork.de[217.86.188.120]:25 offered null AUTH mechanism list
Jan 21 09:47:37 hnmomega postfix/smtp[30960]: 34B2E239: to=<m.schramm@archinetwork.de>, relay=office.archinetwork.de[217.86.188.120]:25, delay=0.73, delays=0/0/0.32/0.4, dsn=2.6.0, status=sent (250 2.6.0 <F2C20BBF4E5A044AA51BE7739E286579E8BFB7@w2k3-sbs.AHAG.local> [InternalId=439] Queued mail for delivery)
Jan 21 09:47:37 hnmomega postfix/qmgr[8199]: 34B2E239: removed
Jan 21 09:47:47 hnmomega postfix/smtp[29952]: connect to mail.juristlot.com[95.211.141.219]:25: Connection timed out
Jan 21 09:47:47 hnmomega postfix/smtp[29952]: D506523E: to=<jackie-service=fink-landtechnik.de@juristlot.com>, relay=none, delay=130683, delays=130653/0/30/0, dsn=4.4.1, status=deferred (connect to mail.juristlot.com[95.211.141.219]:25: Connection timed out)
Jan 21 09:47:47 hnmomega postfix/smtp[29972]: connect to telcomm-net.de[185.53.178.6]:25: Connection timed out
Jan 21 09:47:47 hnmomega postfix/smtp[29972]: 2342C82: to=<webmaster@telcomm-net.de>, relay=none, delay=88589, delays=88558/0/30/0, dsn=4.4.1, status=deferred (connect to telcomm-net.de[185.53.178.6]:25: Connection timed out)
Jan 21 09:48:54 hnmomega postfix/smtpd[29948]: connect from hnmamavis01.hnmnet.de[10.193.1.3]
Jan 21 09:48:54 hnmomega postfix/smtpd[29948]: 0D24C276: client=hnmamavis01.hnmnet.de[10.193.1.3]
Jan 21 09:48:54 hnmomega postfix/cleanup[29951]: 0D24C276: message-id=<2RmzFhoRk0000075e@ahag-duelmen.de>
Jan 21 09:48:54 hnmomega postfix/qmgr[8199]: 0D24C276: from=<>, size=22373, nrcpt=1 (queue active)
Jan 21 09:48:54 hnmomega postfix/smtpd[29948]: disconnect from hnmamavis01.hnmnet.de[10.193.1.3]
Jan 21 09:48:57 hnmomega postfix/smtp[30957]: 0D24C276: to=<notification+zrdoie6r1rvf@facebookmail.com>, relay=msgin.vvv.facebook.com[173.252.79.16]:25, delay=3.3, delays=0/0/2.2/1.1, dsn=2.0.0, status=sent (250 OK 37/6C-06438-8F76FB45)
Jan 21 09:48:57 hnmomega postfix/qmgr[8199]: 0D24C276: removed
Jan 21 09:49:11 hnmomega postfix/smtpd[30958]: connect from hnmamavis01.hnmnet.de[10.193.1.3]
Jan 21 09:49:11 hnmomega postfix/smtpd[30958]: 8023E276: client=hnmamavis01.hnmnet.de[10.193.1.3]
Jan 21 09:49:11 hnmomega postfix/cleanup[29951]: 8023E276: message-id=<00d301d03556$6d6f61a0$484e24e0$@resainternational.com>
Jan 21 09:49:11 hnmomega postfix/qmgr[8199]: 8023E276: from=<info@resainternational.com>, size=24061, nrcpt=1 (queue active)
Jan 21 09:49:11 hnmomega postfix/smtpd[30958]: disconnect from hnmamavis01.hnmnet.de[10.193.1.3]
Jan 21 09:49:14 hnmomega postfix/smtpd[29948]: connect from hnmamavis01.hnmnet.de[10.193.1.3]
Jan 21 09:49:14 hnmomega postfix/smtpd[29948]: 420A2277: client=hnmamavis01.hnmnet.de[10.193.1.3]
Jan 21 09:49:14 hnmomega postfix/cleanup[29951]: 420A2277: message-id=<64EED43D63CF1E44BDAFC8BC8B214AAC01E2A9C2@hven-076srv014.bmw-ernst.local>
Jan 21 09:49:14 hnmomega postfix/cleanup[29951]: 420A2277: resent-message-id=<20150121084914.3E24B302@hnmamavis01.hnmnet.de>
Jan 21 09:49:14 hnmomega postfix/qmgr[8199]: 420A2277: from=<arne.kirchner@ahag-bochum.de>, size=188167, nrcpt=1 (queue active)
Jan 21 09:49:14 hnmomega postfix/smtpd[29948]: disconnect from hnmamavis01.hnmnet.de[10.193.1.3]
Jan 21 09:49:15 hnmomega postfix/smtp[29952]: 420A2277: to=<info@arnekirchner.com>, relay=mx51.mymxserver.com[188.94.251.25]:25, delay=1.2, delays=0.03/0/0.35/0.84, dsn=2.0.0, status=sent (250 2.0.0 Ok: queued as EF0521639F5)
Jan 21 09:49:15 hnmomega postfix/qmgr[8199]: 420A2277: removed
Jan 21 09:49:32 hnmomega postfix/smtp[30960]: 8023E276: to=<fabio@locandamontecristo.it>, relay=mx10.mailspamprotection.com[96.127.190.2]:25, delay=21, delays=0/0/2.2/19, dsn=2.0.0, status=sent (250 OK id=1YDqyV-0001NG-7F)
Jan 21 09:49:32 hnmomega postfix/qmgr[8199]: 8023E276: removed
Jan 21 09:50:06 hnmomega postfix/smtpd[30958]: connect from hnmamavis01.hnmnet.de[10.193.1.3]
Jan 21 09:50:06 hnmomega postfix/smtpd[30958]: 6AF91276: client=hnmamavis01.hnmnet.de[10.193.1.3]
Jan 21 09:50:06 hnmomega postfix/cleanup[29951]: 6AF91276: message-id=<0DEC3A77A9414E7497AEE890114A069E@BroKatjaPC>
Jan 21 09:50:06 hnmomega postfix/qmgr[8199]: 6AF91276: from=<leitung@im-labyrinth.de>, size=2910, nrcpt=1 (queue active)
Jan 21 09:50:06 hnmomega postfix/smtpd[30958]: disconnect from hnmamavis01.hnmnet.de[10.193.1.3]
Jan 21 09:50:06 hnmomega postfix/smtp[30957]: 6AF91276: to=<S.Sack@greifswald.de>, relay=mail.alpha-hnm.de[46.4.120.175]:25, delay=0.39, delays=0/0/0.2/0.18, dsn=2.0.0, status=sent (250 2.0.0 Ok: queued as 9F4BC47E08E6)
Jan 21 09:50:06 hnmomega postfix/qmgr[8199]: 6AF91276: removed
Jan 21 09:50:11 hnmomega postfix/smtpd[29948]: connect from hnmamavis01.hnmnet.de[10.193.1.3]
Jan 21 09:50:11 hnmomega postfix/smtpd[29948]: BF7EE276: client=hnmamavis01.hnmnet.de[10.193.1.3]
Jan 21 09:50:11 hnmomega postfix/cleanup[29951]: BF7EE276: message-id=<54BF674E.8050000@bootspark.de>
Jan 21 09:50:11 hnmomega postfix/qmgr[8199]: BF7EE276: from=<info@bootspark.de>, size=9344, nrcpt=1 (queue active)
Jan 21 09:50:11 hnmomega postfix/smtpd[29948]: disconnect from hnmamavis01.hnmnet.de[10.193.1.3]
Jan 21 09:50:12 hnmomega postfix/smtp[29952]: BF7EE276: to=<jill.go@t-online.de>, relay=mx01.t-online.de[194.25.134.72]:25, delay=0.37, delays=0.01/0/0.23/0.14, dsn=2.0.0, status=sent (250 2.0.0 Message accepted.)
Jan 21 09:50:12 hnmomega postfix/qmgr[8199]: BF7EE276: removed
Jan 21 09:50:13 hnmomega postfix/smtpd[30958]: connect from hnmamavis01.hnmnet.de[10.193.1.3]
Jan 21 09:50:13 hnmomega postfix/smtpd[30958]: 0AC3D276: client=hnmamavis01.hnmnet.de[10.193.1.3]
Jan 21 09:50:13 hnmomega postfix/cleanup[29951]: 0AC3D276: message-id=<Y5MLjrt5J0000075f@ahag-duelmen.de>
Jan 21 09:50:13 hnmomega postfix/qmgr[8199]: 0AC3D276: from=<>, size=21932, nrcpt=1 (queue active)
Jan 21 09:50:13 hnmomega postfix/smtpd[30958]: disconnect from hnmamavis01.hnmnet.de[10.193.1.3]
Jan 21 09:50:16 hnmomega postfix/smtp[30960]: 0AC3D276: to=<notification+zrdoie6r1rvf@facebookmail.com>, relay=msgin.vvv.facebook.com[173.252.79.16]:25, delay=3.1, delays=0.01/0/1.9/1.2, dsn=2.0.0, status=sent (250 OK 6C/A0-08535-7486FB45)
Jan 21 09:50:16 hnmomega postfix/qmgr[8199]: 0AC3D276: removed
Jan 21 09:50:33 hnmomega postfix/smtpd[29948]: connect from hnmamavis01.hnmnet.de[10.193.1.3]
Jan 21 09:50:33 hnmomega postfix/smtpd[29948]: 2DA7B276: client=hnmamavis01.hnmnet.de[10.193.1.3]
Jan 21 09:50:33 hnmomega postfix/cleanup[29951]: 2DA7B276: message-id=<00d801d03556$d88a0d50$899e27f0$@resainternational.com>
Jan 21 09:50:33 hnmomega postfix/qmgr[8199]: 2DA7B276: from=<info@resainternational.com>, size=27336, nrcpt=1 (queue active)
Jan 21 09:50:33 hnmomega postfix/smtpd[29948]: disconnect from hnmamavis01.hnmnet.de[10.193.1.3]
Jan 21 09:50:39 hnmomega postfix/smtp[30957]: 2DA7B276: to=<info@hotel-excelsior.it>, relay=mail.hotel-excelsior.it[62.196.147.135]:25, delay=6.5, delays=0.02/0/0.49/6, dsn=2.0.0, status=sent (250 OK id=1YDqzh-000OFC-ER)
Jan 21 09:50:39 hnmomega postfix/qmgr[8199]: 2DA7B276: removed
Jan 21 09:51:11 hnmomega postfix/smtpd[30958]: connect from hnmamavis01.hnmnet.de[10.193.1.3]
Jan 21 09:51:11 hnmomega postfix/smtpd[30958]: 4D4DF276: client=hnmamavis01.hnmnet.de[10.193.1.3]
Jan 21 09:51:11 hnmomega postfix/cleanup[29951]: 4D4DF276: message-id=<97E0DBAA7CB5794C94B4C18D9658D2BB251298B7@c11021>
Jan 21 09:51:11 hnmomega postfix/qmgr[8199]: 4D4DF276: from=<Daria.Bork@ahag-bochum.de>, size=64351, nrcpt=1 (queue active)
Jan 21 09:51:11 hnmomega postfix/smtpd[30958]: disconnect from hnmamavis01.hnmnet.de[10.193.1.3]
Jan 21 09:51:11 hnmomega postfix/smtp[29952]: 4D4DF276: to=<patrick.hoeft@bmw-ernst.de>, relay=mail.bmw-ernst.de[212.12.37.222]:25, delay=0.09, delays=0.01/0/0.03/0.05, dsn=2.0.0, status=sent (250 2.0.0 Ok: queued as 583981C905C)
Jan 21 09:51:11 hnmomega postfix/qmgr[8199]: 4D4DF276: removed
Jan 21 09:51:23 hnmomega postfix/smtpd[29948]: connect from hnmamavis01.hnmnet.de[10.193.1.3]
Jan 21 09:51:23 hnmomega postfix/smtpd[29948]: BF0BA276: client=hnmamavis01.hnmnet.de[10.193.1.3]
Jan 21 09:51:23 hnmomega postfix/cleanup[29951]: BF0BA276: message-id=<97E0DBAA7CB5794C94B4C18D9658D2BB251298B7@c11021>
Jan 21 09:51:23 hnmomega postfix/qmgr[8199]: BF0BA276: from=<Daria.Bork@ahag-bochum.de>, size=64353, nrcpt=1 (queue active)
Jan 21 09:51:23 hnmomega postfix/smtpd[29948]: disconnect from hnmamavis01.hnmnet.de[10.193.1.3]
Jan 21 09:51:24 hnmomega postfix/smtp[30960]: BF0BA276: to=<bjoern.boerger@t-online.de>, relay=mx03.t-online.de[194.25.134.73]:25, delay=0.53, delays=0.02/0/0.2/0.31, dsn=2.0.0, status=sent (250 2.0.0 Message accepted.)
Jan 21 09:51:24 hnmomega postfix/qmgr[8199]: BF0BA276: removed
Jan 21 09:51:30 hnmomega postfix/smtpd[30958]: connect from hnmamavis01.hnmnet.de[10.193.1.3]
Jan 21 09:51:30 hnmomega postfix/smtpd[30958]: 5A99E276: client=hnmamavis01.hnmnet.de[10.193.1.3]
Jan 21 09:51:30 hnmomega postfix/cleanup[29951]: 5A99E276: message-id=<00dd01d03557$206d3840$6147a8c0$@resainternational.com>
Jan 21 09:51:30 hnmomega postfix/qmgr[8199]: 5A99E276: from=<info@resainternational.com>, size=27282, nrcpt=1 (queue active)
Jan 21 09:51:30 hnmomega postfix/smtpd[30958]: disconnect from hnmamavis01.hnmnet.de[10.193.1.3]
Jan 21 09:51:49 hnmomega postfix/smtpd[29948]: connect from hnmamavis01.hnmnet.de[10.193.1.3]
Jan 21 09:51:49 hnmomega postfix/smtpd[29948]: 14D6B277: client=hnmamavis01.hnmnet.de[10.193.1.3]
Jan 21 09:51:49 hnmomega postfix/cleanup[29951]: 14D6B277: message-id=<54BF6810.8080304@bootspark.de>
Jan 21 09:51:49 hnmomega postfix/qmgr[8199]: 14D6B277: from=<info@bootspark.de>, size=10253, nrcpt=1 (queue active)
Jan 21 09:51:49 hnmomega postfix/smtpd[29948]: disconnect from hnmamavis01.hnmnet.de[10.193.1.3]
Jan 21 09:51:52 hnmomega postfix/smtp[29952]: 14D6B277: to=<lund-mh@hotmail.com>, relay=mx2.hotmail.com[207.46.8.167]:25, delay=2.9, delays=0/0/1.4/1.5, dsn=2.0.0, status=sent (250  <54BF6810.8080304@bootspark.de> Queued mail for delivery)
Jan 21 09:51:52 hnmomega postfix/qmgr[8199]: 14D6B277: removed
Jan 21 09:52:17 hnmomega postfix/qmgr[8199]: C37A0272: from=<Christoph.Pieper@ahag-bmw.de>, size=2830, nrcpt=1 (queue active)
Jan 21 09:52:17 hnmomega postfix/qmgr[8199]: 6BE0213: from=<Christoph.Pieper@ahag-bmw.de>, size=2882, nrcpt=1 (queue active)
Jan 21 09:52:17 hnmomega postfix/qmgr[8199]: 8ED3F26F: from=<Christoph.Pieper@ahag-bmw.de>, size=2873, nrcpt=1 (queue active)
Jan 21 09:52:17 hnmomega postfix/qmgr[8199]: 90BFA260: from=<>, size=13162, nrcpt=1 (queue active)
Jan 21 09:52:17 hnmomega postfix/qmgr[8199]: 96E7126C: from=<Christoph.Pieper@ahag-bmw.de>, size=2742, nrcpt=1 (queue active)
Jan 21 09:52:17 hnmomega postfix/qmgr[8199]: AD17A268: from=<>, size=12761, nrcpt=1 (queue active)
Jan 21 09:52:17 hnmomega postfix/qmgr[8199]: 55555274: from=<Christoph.Pieper@ahag-bmw.de>, size=2743, nrcpt=1 (queue active)
Jan 21 09:52:17 hnmomega postfix/qmgr[8199]: DB04526E: from=<Christoph.Pieper@ahag-bmw.de>, size=2843, nrcpt=1 (queue active)
Jan 21 09:52:17 hnmomega postfix/smtp[31496]: AD17A268: to=<info@xperts-hidden.com>, relay=mail.xperts-hidden.com[81.180.168.168]:25, delay=63590, delays=63589/0.05/0.25/0.05, dsn=4.7.1, status=deferred (host mail.xperts-hidden.com[81.180.168.168] said: 454 4.7.1 <info@xperts-hidden.com>: Relay access denied (in reply to RCPT TO command))
Jan 21 09:52:17 hnmomega postfix/smtp[30960]: C37A0272: to=<info@bmw-vdb.de>, relay=mailrelay.nethinks.com[212.218.18.102]:25, delay=355, delays=354/0/0.15/0.29, dsn=2.0.0, status=sent (250 2.0.0 Ok: queued as 6D82F1A992A)
Jan 21 09:52:17 hnmomega postfix/qmgr[8199]: C37A0272: removed
Jan 21 09:52:17 hnmomega postfix/smtp[31495]: 96E7126C: to=<info@bmw-vdb.de>, relay=mailrelay.nethinks.com[212.218.18.102]:25, delay=481, delays=480/0.04/0.15/0.28, dsn=2.0.0, status=sent (250 2.0.0 Ok: queued as 752A91A9976)
Jan 21 09:52:17 hnmomega postfix/smtp[31493]: 8ED3F26F: to=<info@bmw-vdb.de>, relay=mailrelay.nethinks.com[212.218.18.102]:25, delay=423, delays=422/0.02/0.15/0.31, dsn=2.0.0, status=sent (250 2.0.0 Ok: queued as 7544E1A9977)
Jan 21 09:52:17 hnmomega postfix/qmgr[8199]: 96E7126C: removed
Jan 21 09:52:17 hnmomega postfix/qmgr[8199]: 8ED3F26F: removed
Jan 21 09:52:17 hnmomega postfix/smtp[31497]: 55555274: to=<info@bmw-vdb.de>, relay=mailrelay.nethinks.com[212.218.18.102]:25, delay=314, delays=314/0.06/0.15/0.44, dsn=2.0.0, status=sent (250 2.0.0 Ok: queued as A0A6A1A9977)
Jan 21 09:52:17 hnmomega postfix/smtp[29952]: 6BE0213: to=<info@bmw-vdb.de>, relay=mailrelay.nethinks.com[212.218.18.102]:25, delay=499, delays=499/0/0.15/0.5, dsn=2.0.0, status=sent (250 2.0.0 Ok: queued as A09C61A9976)
Jan 21 09:52:17 hnmomega postfix/qmgr[8199]: 6BE0213: removed
Jan 21 09:52:17 hnmomega postfix/qmgr[8199]: 55555274: removed
Jan 21 09:52:17 hnmomega postfix/smtp[31496]: DB04526E: to=<info@bmw-vdb.de>, relay=mailrelay.nethinks.com[212.218.18.102]:25, delay=401, delays=400/0.46/0.16/0.17, dsn=2.0.0, status=sent (250 2.0.0 Ok: queued as C2C841A9976)
Jan 21 09:52:17 hnmomega postfix/qmgr[8199]: DB04526E: removed
Jan 21 09:52:18 hnmomega postfix/smtp[31494]: 90BFA260: to=<postmaster@yournetselect.info>, relay=yournetselect.info[96.31.74.42]:25, delay=84598, delays=84596/0.03/0.73/0.31, dsn=4.2.2, status=deferred (host yournetselect.info[96.31.74.42] said: 452 4.2.2 Mailbox full (in reply to RCPT TO command))
Jan 21 09:52:19 hnmomega postfix/smtpd[30958]: connect from hnmamavis01.hnmnet.de[10.193.1.3]
Jan 21 09:52:19 hnmomega postfix/smtpd[30958]: 34CE07E: client=hnmamavis01.hnmnet.de[10.193.1.3]
Jan 21 09:52:19 hnmomega postfix/cleanup[29951]: 34CE07E: message-id=<0be301d03556$b3584330$1a08c990$@bergwerk-it.de>
Jan 21 09:52:19 hnmomega postfix/qmgr[8199]: 34CE07E: from=<sebastian.gall@bergwerk-it.de>, size=11953, nrcpt=1 (queue active)
Jan 21 09:52:19 hnmomega postfix/smtpd[30958]: disconnect from hnmamavis01.hnmnet.de[10.193.1.3]
Jan 21 09:52:25 hnmomega postfix/smtp[30960]: 34CE07E: to=<ericguse@icloud.com>, relay=mx3.mail.icloud.com[17.158.8.50]:25, delay=5.9, delays=0/0/1.3/4.6, dsn=2.5.0, status=sent (250 2.5.0 Ok.)
Jan 21 09:52:25 hnmomega postfix/qmgr[8199]: 34CE07E: removed
Jan 21 09:52:26 hnmomega postfix/smtpd[29948]: connect from hnmamavis01.hnmnet.de[10.193.1.3]
Jan 21 09:52:26 hnmomega postfix/smtpd[29948]: BC6477E: client=hnmamavis01.hnmnet.de[10.193.1.3]
Jan 21 09:52:26 hnmomega postfix/cleanup[29951]: BC6477E: message-id=<W2K8-SRV-SAHkidcDjo00001471@ahag-bmw.de>
Jan 21 09:52:26 hnmomega postfix/qmgr[8199]: BC6477E: from=<Carsten.Gressnich@ahag-bochum.de>, size=14113, nrcpt=1 (queue active)
Jan 21 09:52:26 hnmomega postfix/smtpd[29948]: disconnect from hnmamavis01.hnmnet.de[10.193.1.3]
Jan 21 09:52:27 hnmomega postfix/smtp[31493]: BC6477E: to=<info@arnekirchner.com>, relay=mx51.mymxserver.com[188.94.249.25]:25, delay=0.26, delays=0/0/0.08/0.18, dsn=2.0.0, status=sent (250 2.0.0 Ok: queued as DFB5A3D4228)
Jan 21 09:52:27 hnmomega postfix/qmgr[8199]: BC6477E: removed
Jan 21 09:52:45 hnmomega postfix/smtpd[30958]: connect from hnmamavis01.hnmnet.de[10.193.1.3]
Jan 21 09:52:45 hnmomega postfix/smtpd[30958]: 93DE77E: client=hnmamavis01.hnmnet.de[10.193.1.3]
Jan 21 09:52:45 hnmomega postfix/cleanup[29951]: 93DE77E: message-id=<64EED43D63CF1E44BDAFC8BC8B214AAC01E2A9C3@hven-076srv014.bmw-ernst.local>
Jan 21 09:52:45 hnmomega postfix/cleanup[29951]: 93DE77E: resent-message-id=<20150121085245.87496107D@hnmamavis01.hnmnet.de>
Jan 21 09:52:45 hnmomega postfix/qmgr[8199]: 93DE77E: from=<arne.kirchner@ahag-bochum.de>, size=206088, nrcpt=1 (queue active)
Jan 21 09:52:45 hnmomega postfix/smtpd[30958]: disconnect from hnmamavis01.hnmnet.de[10.193.1.3]
Jan 21 09:52:46 hnmomega postfix/smtp[31495]: 93DE77E: to=<info@arnekirchner.com>, relay=mx51.mymxserver.com[188.94.251.25]:25, delay=0.71, delays=0.02/0/0.06/0.63, dsn=2.0.0, status=sent (250 2.0.0 Ok: queued as D6EA2163A2F)
Jan 21 09:52:46 hnmomega postfix/qmgr[8199]: 93DE77E: removed
Jan 21 09:52:59 hnmomega postfix/smtp[30957]: 5A99E276: to=<info@hotel-excelsior.it>, relay=mail.hotel-excelsior.it[62.196.147.135]:25, delay=89, delays=0/0/5.4/83, dsn=2.0.0, status=sent (250 OK id=1YDr0h-000ONG-9y)
Jan 21 09:52:59 hnmomega postfix/qmgr[8199]: 5A99E276: removed
Jan 21 09:53:25 hnmomega postfix/smtpd[29948]: connect from hnmamavis01.hnmnet.de[10.193.1.3]
Jan 21 09:53:25 hnmomega postfix/smtpd[29948]: C10237E: client=hnmamavis01.hnmnet.de[10.193.1.3]
Jan 21 09:53:25 hnmomega postfix/cleanup[29951]: C10237E: message-id=<efd5632e5a36273a31ac085f7ab0dfcf@leuchten-pasewalk.de>
Jan 21 09:53:25 hnmomega postfix/qmgr[8199]: C10237E: from=<ilona.burmeister@leuchten-pasewalk.de>, size=15814, nrcpt=1 (queue active)
Jan 21 09:53:25 hnmomega postfix/smtpd[29948]: disconnect from hnmamavis01.hnmnet.de[10.193.1.3]
Jan 21 09:53:26 hnmomega postfix/smtp[29952]: C10237E: to=<torsten.courtois@mueritz-comp-greifswald.de>, relay=smtpin.rzone.de[81.169.145.97]:25, delay=0.35, delays=0.01/0/0.22/0.12, dsn=2.1.5, status=sent (250 2.1.5 OK mail delivered with id 5053e5r0L8rQBh5)
Jan 21 09:53:26 hnmomega postfix/qmgr[8199]: C10237E: removed
Jan 21 09:53:53 hnmomega postfix/smtpd[30958]: connect from hnmamavis01.hnmnet.de[10.193.1.3]
Jan 21 09:53:53 hnmomega postfix/smtpd[30958]: 3A2537E: client=hnmamavis01.hnmnet.de[10.193.1.3]
Jan 21 09:53:53 hnmomega postfix/cleanup[29951]: 3A2537E: message-id=<64EED43D63CF1E44BDAFC8BC8B214AAC01E2A9C5@hven-076srv014.bmw-ernst.local>
Jan 21 09:53:53 hnmomega postfix/cleanup[29951]: 3A2537E: resent-message-id=<20150121085353.2B8D7759@hnmamavis01.hnmnet.de>
Jan 21 09:53:53 hnmomega postfix/qmgr[8199]: 3A2537E: from=<arne.kirchner@ahag-bochum.de>, size=297171, nrcpt=1 (queue active)
Jan 21 09:53:53 hnmomega postfix/smtpd[30958]: disconnect from hnmamavis01.hnmnet.de[10.193.1.3]
Jan 21 09:53:54 hnmomega postfix/smtp[31497]: 3A2537E: to=<info@arnekirchner.com>, relay=mx51.mymxserver.com[188.94.250.25]:25, delay=1.6, delays=0.02/0/0.03/1.6, dsn=2.0.0, status=sent (250 2.0.0 Ok: queued as 56ED43D42DA)
Jan 21 09:53:54 hnmomega postfix/qmgr[8199]: 3A2537E: removed
Jan 21 09:54:03 hnmomega postfix/smtpd[29948]: connect from hnmamavis01.hnmnet.de[10.193.1.3]
Jan 21 09:54:03 hnmomega postfix/smtpd[29948]: A077F7E: client=hnmamavis01.hnmnet.de[10.193.1.3]
Jan 21 09:54:03 hnmomega postfix/cleanup[29951]: A077F7E: message-id=<3B055AFA04850245A9387DCADE585E560D32E8A8@FCSBS.fcnet.local>
Jan 21 09:54:03 hnmomega postfix/cleanup[29951]: A077F7E: resent-message-id=<20150121085403.9DADE759@hnmamavis01.hnmnet.de>
Jan 21 09:54:03 hnmomega postfix/qmgr[8199]: A077F7E: from=<bjoern.boerger@ahag-bochum.de>, size=7248, nrcpt=1 (queue active)
Jan 21 09:54:03 hnmomega postfix/smtpd[29948]: disconnect from hnmamavis01.hnmnet.de[10.193.1.3]
Jan 21 09:54:04 hnmomega postfix/smtp[30960]: A077F7E: to=<bjoern.boerger@t-online.de>, relay=mx01.t-online.de[194.25.134.72]:25, delay=0.46, delays=0/0/0.2/0.26, dsn=2.0.0, status=sent (250 2.0.0 Message accepted.)
Jan 21 09:54:04 hnmomega postfix/qmgr[8199]: A077F7E: removed
Jan 21 09:54:12 hnmomega postfix/smtpd[30958]: connect from hnmamavis01.hnmnet.de[10.193.1.3]
Jan 21 09:54:12 hnmomega postfix/smtpd[30958]: 5DF247E: client=hnmamavis01.hnmnet.de[10.193.1.3]
Jan 21 09:54:12 hnmomega postfix/cleanup[29951]: 5DF247E: message-id=<E0C747881E0F0B46BC82C172828E5E83013F14841D@c11021>
Jan 21 09:54:12 hnmomega postfix/qmgr[8199]: 5DF247E: from=<bjoern.boerger@ahag-bochum.de>, size=66143, nrcpt=1 (queue active)
Jan 21 09:54:12 hnmomega postfix/smtpd[30958]: disconnect from hnmamavis01.hnmnet.de[10.193.1.3]
Jan 21 09:54:12 hnmomega postfix/smtp[31495]: 5DF247E: to=<patrick.hoeft@bmw-ernst.de>, relay=mail.bmw-ernst.de[212.12.37.222]:25, delay=0.12, delays=0.01/0/0.06/0.06, dsn=2.0.0, status=sent (250 2.0.0 Ok: queued as 6E7441C9064)
Jan 21 09:54:12 hnmomega postfix/qmgr[8199]: 5DF247E: removed
Jan 21 09:54:23 hnmomega postfix/smtpd[29948]: connect from hnmamavis01.hnmnet.de[10.193.1.3]
Jan 21 09:54:23 hnmomega postfix/smtpd[29948]: 9135A7E: client=hnmamavis01.hnmnet.de[10.193.1.3]
Jan 21 09:54:23 hnmomega postfix/cleanup[29951]: 9135A7E: message-id=<1C95EB00-D911-4989-8CDC-D7FC71296A57@messemontagen.de>
Jan 21 09:54:23 hnmomega postfix/qmgr[8199]: 9135A7E: from=<info@messemontagen.de>, size=4026054, nrcpt=1 (queue active)
Jan 21 09:54:23 hnmomega postfix/smtpd[29948]: disconnect from hnmamavis01.hnmnet.de[10.193.1.3]
Jan 21 09:54:35 hnmomega postfix/smtp[30957]: 9135A7E: to=<info@expodepartment.de>, relay=mail.expodepartment.de[93.104.207.14]:25, delay=12, delays=0.38/0/0.51/11, dsn=2.0.0, status=sent (250 2.0.0 Ok: queued as 17687152CE0)
Jan 21 09:54:35 hnmomega postfix/qmgr[8199]: 9135A7E: removed
Jan 21 09:55:37 hnmomega postfix/smtpd[30958]: connect from hnmamavis01.hnmnet.de[10.193.1.3]
Jan 21 09:55:37 hnmomega postfix/trivial-rewrite[32247]: warning: database /etc/postfix/smtpouttransport.db is older than source file /etc/postfix/smtpouttransport
Jan 21 09:55:37 hnmomega postfix/smtpd[30958]: 79E7F7E: client=hnmamavis01.hnmnet.de[10.193.1.3]
Jan 21 09:55:37 hnmomega postfix/cleanup[29951]: 79E7F7E: message-id=<00e501d03557$d2b0e6a0$7812b3e0$@resainternational.com>
Jan 21 09:55:37 hnmomega postfix/trivial-rewrite[32248]: warning: database /etc/postfix/smtpouttransport.db is older than source file /etc/postfix/smtpouttransport
Jan 21 09:55:37 hnmomega postfix/qmgr[8199]: 79E7F7E: from=<info@resainternational.com>, size=27223, nrcpt=1 (queue active)
Jan 21 09:55:37 hnmomega postfix/smtpd[30958]: disconnect from hnmamavis01.hnmnet.de[10.193.1.3]
Jan 21 09:55:38 hnmomega postfix/scache[31499]: statistics: start interval Jan 21 09:52:17
Jan 21 09:55:38 hnmomega postfix/scache[31499]: statistics: domain lookup hits=0 miss=1 success=0%
Jan 21 09:55:44 hnmomega postfix/smtpd[29948]: connect from hnmamavis01.hnmnet.de[10.193.1.3]
Jan 21 09:55:44 hnmomega postfix/smtpd[29948]: C12B026A: client=hnmamavis01.hnmnet.de[10.193.1.3]
Jan 21 09:55:44 hnmomega postfix/cleanup[29951]: C12B026A: message-id=<54BF6943.2090400@bootspark.de>
Jan 21 09:55:44 hnmomega postfix/qmgr[8199]: C12B026A: from=<info@bootspark.de>, size=6330, nrcpt=1 (queue active)
Jan 21 09:55:44 hnmomega postfix/smtpd[29948]: disconnect from hnmamavis01.hnmnet.de[10.193.1.3]
Jan 21 09:55:45 hnmomega postfix/smtp[31495]: C12B026A: to=<axel_pelzer@web.de>, relay=mx-ha03.web.de[213.165.67.104]:25, delay=0.53, delays=0.01/0/0.23/0.29, dsn=2.0.0, status=sent (250 Requested mail action okay, completed: id=0MOmPe-1Y7pSh0HJu-0064DV)
Jan 21 09:55:45 hnmomega postfix/qmgr[8199]: C12B026A: removed
Jan 21 09:55:46 hnmomega postfix/smtpd[30958]: connect from hnmamavis01.hnmnet.de[10.193.1.3]
Jan 21 09:55:46 hnmomega postfix/smtpd[30958]: 8B1F326A: client=hnmamavis01.hnmnet.de[10.193.1.3]
Jan 21 09:55:46 hnmomega postfix/cleanup[29951]: 8B1F326A: message-id=<F2C20BBF4E5A044AA51BE7739E286579E8BFD9@w2k3-sbs.AHAG.local>
Jan 21 09:55:46 hnmomega postfix/cleanup[29951]: 8B1F326A: resent-message-id=<20150121085546.83407D2A@hnmamavis01.hnmnet.de>
Jan 21 09:55:46 hnmomega postfix/qmgr[8199]: 8B1F326A: from=<arne.kirchner@ahag-bochum.de>, size=6633, nrcpt=1 (queue active)
Jan 21 09:55:46 hnmomega postfix/smtpd[30958]: disconnect from hnmamavis01.hnmnet.de[10.193.1.3]
Jan 21 09:55:46 hnmomega postfix/smtp[30957]: 8B1F326A: to=<info@arnekirchner.com>, relay=mx51.mymxserver.com[188.94.250.25]:25, delay=0.16, delays=0.01/0/0.03/0.11, dsn=2.0.0, status=sent (250 2.0.0 Ok: queued as A542E3D4249)
Jan 21 09:55:46 hnmomega postfix/qmgr[8199]: 8B1F326A: removed
Jan 21 09:56:31 hnmomega postfix/smtpd[29948]: connect from hnmamavis01.hnmnet.de[10.193.1.3]
Jan 21 09:56:31 hnmomega postfix/smtpd[29948]: C2C4126A: client=hnmamavis01.hnmnet.de[10.193.1.3]
Jan 21 09:56:31 hnmomega postfix/cleanup[29951]: C2C4126A: message-id=<000301d03556$bbd23700$3376a500$@finepowder.de>
Jan 21 09:56:31 hnmomega postfix/qmgr[8199]: C2C4126A: from=<mai@finepowder.de>, size=9573, nrcpt=1 (queue active)
Jan 21 09:56:31 hnmomega postfix/smtpd[29948]: disconnect from hnmamavis01.hnmnet.de[10.193.1.3]
Jan 21 09:56:32 hnmomega postfix/smtp[31495]: C2C4126A: to=<walter.tews@googlemail.com>, relay=gmail-smtp-in.l.google.com[74.125.136.27]:25, delay=1, delays=0/0/0.26/0.78, dsn=2.0.0, status=sent (250 2.0.0 OK 1421830592 gt8si10311307wib.86 - gsmtp)
Jan 21 09:56:32 hnmomega postfix/qmgr[8199]: C2C4126A: removed
Jan 21 09:56:36 hnmomega postfix/smtpd[30958]: connect from hnmamavis01.hnmnet.de[10.193.1.3]
Jan 21 09:56:36 hnmomega postfix/smtpd[30958]: 17F4526A: client=hnmamavis01.hnmnet.de[10.193.1.3]
Jan 21 09:56:36 hnmomega postfix/cleanup[29951]: 17F4526A: message-id=<64EED43D63CF1E44BDAFC8BC8B214AAC01E2A9CC@hven-076srv014.bmw-ernst.local>
Jan 21 09:56:36 hnmomega postfix/cleanup[29951]: 17F4526A: resent-message-id=<20150121085636.0A4739DD@hnmamavis01.hnmnet.de>
Jan 21 09:56:36 hnmomega postfix/qmgr[8199]: 17F4526A: from=<bjoern.boerger@ahag-bochum.de>, size=67483, nrcpt=1 (queue active)
Jan 21 09:56:36 hnmomega postfix/smtpd[30958]: disconnect from hnmamavis01.hnmnet.de[10.193.1.3]
Jan 21 09:56:36 hnmomega postfix/smtp[30957]: 17F4526A: to=<bjoern.boerger@t-online.de>, relay=mx03.t-online.de[194.25.134.73]:25, delay=0.48, delays=0.01/0/0.19/0.28, dsn=2.0.0, status=sent (250 2.0.0 Message accepted.)
Jan 21 09:56:36 hnmomega postfix/qmgr[8199]: 17F4526A: removed
Jan 21 09:56:47 hnmomega postfix/smtp[30960]: 79E7F7E: to=<info@hotel-bellevue.it>, relay=mail.hotel-bellevue.it[62.196.147.135]:25, delay=70, delays=0.03/0/0.41/69, dsn=2.0.0, status=sent (250 OK id=1YDr4b-000PAr-Hs)
Jan 21 09:56:47 hnmomega postfix/qmgr[8199]: 79E7F7E: removed
Jan 21 09:56:51 hnmomega postfix/smtpd[29948]: connect from hnmamavis01.hnmnet.de[10.193.1.3]
Jan 21 09:56:51 hnmomega postfix/smtpd[29948]: AB9937E: client=hnmamavis01.hnmnet.de[10.193.1.3]
Jan 21 09:56:51 hnmomega postfix/cleanup[29951]: AB9937E: message-id=<141ccbd802b9665502c2eca7601c7b4d3e5.20150121083808@mail171.atl121.mcsv.net>
Jan 21 09:56:51 hnmomega postfix/qmgr[8199]: AB9937E: from=<bounce-mc.us9_35766297.790661-info=spiegelblank.com@mail171.atl121.mcsv.net>, size=87249, nrcpt=1 (queue active)
Jan 21 09:56:51 hnmomega postfix/smtpd[29948]: disconnect from hnmamavis01.hnmnet.de[10.193.1.3]
Jan 21 09:56:52 hnmomega postfix/smtp[31495]: AB9937E: to=<hermanowski58@googlemail.com>, relay=gmail-smtp-in.l.google.com[74.125.136.27]:25, delay=0.8, delays=0.01/0/0.17/0.62, dsn=2.0.0, status=sent (250 2.0.0 OK 1421830612 fx9si7730098wib.22 - gsmtp)
Jan 21 09:56:52 hnmomega postfix/qmgr[8199]: AB9937E: removed
Jan 21 09:57:10 hnmomega postfix/smtpd[30958]: connect from hnmamavis01.hnmnet.de[10.193.1.3]
Jan 21 09:57:10 hnmomega postfix/smtpd[30958]: 16F2A7E: client=hnmamavis01.hnmnet.de[10.193.1.3]
Jan 21 09:57:10 hnmomega postfix/cleanup[29951]: 16F2A7E: message-id=<31C425858E607048986071BE6773F435013ECEBF28@c11021>
Jan 21 09:57:10 hnmomega postfix/qmgr[8199]: 16F2A7E: from=<Nicole.Schnittger@ahag-bochum.de>, size=4388, nrcpt=1 (queue active)
Jan 21 09:57:10 hnmomega postfix/smtpd[30958]: disconnect from hnmamavis01.hnmnet.de[10.193.1.3]
Jan 21 09:57:11 hnmomega postfix/smtp[30960]: 16F2A7E: to=<fannasch@ra-engelbach.de>, relay=mx00.kundenserver.de[212.227.15.134]:25, delay=0.93, delays=0.04/0/0.23/0.66, dsn=2.0.0, status=sent (250 Requested mail action okay, completed: id=0Lyto8-1Xj6lK1f1M-014BYE)
Jan 21 09:57:11 hnmomega postfix/qmgr[8199]: 16F2A7E: removed
Jan 21 09:57:16 hnmomega postfix/smtpd[29948]: connect from hnmamavis01.hnmnet.de[10.193.1.3]
Jan 21 09:57:16 hnmomega postfix/smtpd[29948]: 068597E: client=hnmamavis01.hnmnet.de[10.193.1.3]
Jan 21 09:57:16 hnmomega postfix/cleanup[29951]: 068597E: message-id=<9CFF5A43150E98418F9FB3AF2449F217252D078C@RW-SRV.umwelt.local>
Jan 21 09:57:16 hnmomega postfix/qmgr[8199]: 068597E: from=<info@rw-umweltberatung.de>, size=444377, nrcpt=1 (queue active)
Jan 21 09:57:16 hnmomega postfix/smtpd[29948]: disconnect from hnmamavis01.hnmnet.de[10.193.1.3]
Jan 21 09:57:16 hnmomega postfix/smtp[30957]: 068597E: to=<christian.bartsch@bbl-mv.de>, relay=vspampx1.mvnet.de[194.25.109.17]:25, delay=0.44, delays=0.04/0/0.09/0.31, dsn=2.0.0, status=sent (250 OK id=152789::1421830636-0000557C-30111061/0/0)
Jan 21 09:57:16 hnmomega postfix/qmgr[8199]: 068597E: removed
Jan 21 09:57:17 hnmomega postfix/qmgr[8199]: 3EB00264: from=<>, size=13160, nrcpt=1 (queue active)
Jan 21 09:57:17 hnmomega postfix/qmgr[8199]: 1288C245: from=<>, size=9771, nrcpt=1 (queue active)
Jan 21 09:57:18 hnmomega postfix/smtp[31495]: 3EB00264: to=<postmaster@yournetselect.info>, relay=yournetselect.info[96.31.74.42]:25, delay=164670, delays=164669/0/0.41/0.32, dsn=4.2.2, status=deferred (host yournetselect.info[96.31.74.42] said: 452 4.2.2 Mailbox full (in reply to RCPT TO command))
Jan 21 09:57:18 hnmomega postfix/smtp[30960]: connect to mail.gazovelot.com[89.46.100.116]:25: Connection refused
Jan 21 09:57:18 hnmomega postfix/smtp[30960]: 1288C245: to=<mike-service=fink-landtechnik.de@gazovelot.com>, relay=none, delay=143143, delays=143142/0/0.83/0, dsn=4.4.1, status=deferred (connect to mail.gazovelot.com[89.46.100.116]:25: Connection refused)
Jan 21 09:57:22 hnmomega postfix/smtpd[30958]: connect from hnmamavis01.hnmnet.de[10.193.1.3]
Jan 21 09:57:22 hnmomega postfix/smtpd[30958]: C1C0623D: client=hnmamavis01.hnmnet.de[10.193.1.3]
Jan 21 09:57:22 hnmomega postfix/cleanup[29951]: C1C0623D: message-id=<W2K3-SBSjPikMAOt7dK00000c6e@mail.ahag-bmw.de>
Jan 21 09:57:22 hnmomega postfix/qmgr[8199]: C1C0623D: from=<dennis.diegel@bmw-ernst.de>, size=76596, nrcpt=1 (queue active)
Jan 21 09:57:22 hnmomega postfix/smtpd[30958]: disconnect from hnmamavis01.hnmnet.de[10.193.1.3]
Jan 21 09:57:22 hnmomega postfix/smtp[30957]: C1C0623D: to=<dennis.diegel@bmw-ernst.de>, relay=mail.bmw-ernst.de[212.12.37.222]:25, delay=0.11, delays=0.04/0/0.02/0.05, dsn=2.0.0, status=sent (250 2.0.0 Ok: queued as D0F801C905E)
Jan 21 09:57:22 hnmomega postfix/qmgr[8199]: C1C0623D: removed
Jan 21 09:57:41 hnmomega postfix/smtpd[29948]: connect from hnmamavis01.hnmnet.de[10.193.1.3]
Jan 21 09:57:41 hnmomega postfix/smtpd[29948]: 52A2623D: client=hnmamavis01.hnmnet.de[10.193.1.3]
Jan 21 09:57:41 hnmomega postfix/cleanup[29951]: 52A2623D: message-id=<C-1505781-2.1954116729.81947453.1421830531076.JavaMail.StockSystem@sas2b.pearl.net>
Jan 21 09:57:41 hnmomega postfix/qmgr[8199]: 52A2623D: from=<prvs=456fa8d03=maria.kern@pearl.de>, size=384087, nrcpt=1 (queue active)
Jan 21 09:57:41 hnmomega postfix/smtpd[29948]: disconnect from hnmamavis01.hnmnet.de[10.193.1.3]
Jan 21 09:57:41 hnmomega postfix/smtp[30960]: 52A2623D: to=<meierdruck@arcor.de>, relay=mx.arcor.de[151.189.21.118]:25, delay=0.29, delays=0.04/0/0.13/0.11, dsn=2.0.0, status=sent (250 2.0.0 Ok: queued as 83E602123A3)
Jan 21 09:57:41 hnmomega postfix/qmgr[8199]: 52A2623D: removed
Jan 21 09:57:53 hnmomega postfix/smtpd[30958]: connect from hnmamavis01.hnmnet.de[10.193.1.3]
Jan 21 09:57:53 hnmomega postfix/smtpd[30958]: 2E87323D: client=hnmamavis01.hnmnet.de[10.193.1.3]
Jan 21 09:57:53 hnmomega postfix/cleanup[29951]: 2E87323D: message-id=<1421830545.54bf69910022f@www.camping-hohes-ufer.de>
Jan 21 09:57:53 hnmomega postfix/qmgr[8199]: 2E87323D: from=<nielshaack@web.de>, size=3291, nrcpt=1 (queue active)
Jan 21 09:57:53 hnmomega postfix/smtpd[30958]: disconnect from hnmamavis01.hnmnet.de[10.193.1.3]
Jan 21 09:57:53 hnmomega postfix/smtp[31495]: 2E87323D: to=<krause.godderstorf@t-online.de>, relay=mx00.t-online.de[194.25.134.8]:25, delay=0.26, delays=0/0/0.18/0.08, dsn=2.0.0, status=sent (250 2.0.0 Message accepted.)
Jan 21 09:57:53 hnmomega postfix/qmgr[8199]: 2E87323D: removed
Jan 21 09:58:00 hnmomega postfix/smtpd[29948]: connect from hnmamavis01.hnmnet.de[10.193.1.3]
Jan 21 09:58:00 hnmomega postfix/smtpd[29948]: BE4EE23D: client=hnmamavis01.hnmnet.de[10.193.1.3]
Jan 21 09:58:00 hnmomega postfix/cleanup[29951]: BE4EE23D: message-id=<!&!AAAAAAAAAAAYAAAAAAAAALtO+pL9wMxEvAEAJY9rg4LCgAAAEAAAAOQZ2WMIlqZCg/T7qPE+ihoBAAAAAA==@reelfs-etechnik.de>
Jan 21 09:58:00 hnmomega postfix/qmgr[8199]: BE4EE23D: from=<luettmers@reelfs-etechnik.de>, size=245300, nrcpt=1 (queue active)
Jan 21 09:58:00 hnmomega postfix/smtpd[29948]: disconnect from hnmamavis01.hnmnet.de[10.193.1.3]
Jan 21 09:58:02 hnmomega postfix/smtp[30957]: BE4EE23D: to=<MECK@de.ibm.com>, relay=e06-mx4.emea.ibm.com[195.75.94.106]:25, delay=1.8, delays=0.02/0/0.81/0.96, dsn=2.0.0, status=sent (250 OK <15012108-0041-0000-0000-000002F17B38>)
Jan 21 09:58:02 hnmomega postfix/cleanup[29951]: BC76426C: message-id=<20150121085802.BC76426C@hnmomega.hnm-server.de>
Jan 21 09:58:02 hnmomega postfix/qmgr[8199]: BC76426C: from=<>, size=4280, nrcpt=1 (queue active)
Jan 21 09:58:02 hnmomega postfix/bounce[32492]: BE4EE23D: sender delivery status notification: BC76426C
Jan 21 09:58:02 hnmomega postfix/qmgr[8199]: BE4EE23D: removed
Jan 21 09:58:02 hnmomega postfix/smtp[30960]: BC76426C: to=<luettmers@reelfs-etechnik.de>, relay=mx02.hnm-server.de[93.92.128.115]:25, delay=0.08, delays=0/0/0.05/0.03, dsn=2.0.0, status=sent (250 2.0.0 Ok: queued as CE8E54C)
Jan 21 09:58:02 hnmomega postfix/qmgr[8199]: BC76426C: removed
Jan 21 09:58:42 hnmomega postfix/smtpd[30958]: connect from hnmamavis01.hnmnet.de[10.193.1.3]
Jan 21 09:58:43 hnmomega postfix/smtpd[30958]: F420723D: client=hnmamavis01.hnmnet.de[10.193.1.3]
Jan 21 09:58:43 hnmomega postfix/cleanup[29951]: F420723D: message-id=<31C425858E607048986071BE6773F435013ECEBF32@c11021>
Jan 21 09:58:43 hnmomega postfix/qmgr[8199]: F420723D: from=<Nicole.Schnittger@ahag-bochum.de>, size=127495, nrcpt=1 (queue active)
Jan 21 09:58:43 hnmomega postfix/smtpd[30958]: disconnect from hnmamavis01.hnmnet.de[10.193.1.3]
Jan 21 09:58:43 hnmomega postfix/smtp[31495]: F420723D: to=<patrick.hoeft@bmw-ernst.de>, relay=mail.bmw-ernst.de[212.12.37.222]:25, delay=0.18, delays=0.01/0/0.08/0.09, dsn=2.0.0, status=sent (250 2.0.0 Ok: queued as 19BD31C9064)
Jan 21 09:58:43 hnmomega postfix/qmgr[8199]: F420723D: removed
Jan 21 09:58:43 hnmomega postfix/smtpd[29948]: connect from hnmamavis01.hnmnet.de[10.193.1.3]
Jan 21 09:58:43 hnmomega postfix/smtpd[29948]: 38D8223D: client=hnmamavis01.hnmnet.de[10.193.1.3]
Jan 21 09:58:43 hnmomega postfix/cleanup[29951]: 38D8223D: message-id=<31C425858E607048986071BE6773F435013ECEBF32@c11021>
Jan 21 09:58:43 hnmomega postfix/qmgr[8199]: 38D8223D: from=<Nicole.Schnittger@ahag-bochum.de>, size=127496, nrcpt=1 (queue active)
Jan 21 09:58:43 hnmomega postfix/smtpd[29948]: disconnect from hnmamavis01.hnmnet.de[10.193.1.3]
Jan 21 09:58:43 hnmomega postfix/smtp[30957]: 38D8223D: to=<bjoern.boerger@t-online.de>, relay=mx03.t-online.de[194.25.134.73]:25, delay=0.76, delays=0.01/0/0.26/0.49, dsn=2.0.0, status=sent (250 2.0.0 Message accepted.)
Jan 21 09:58:44 hnmomega postfix/qmgr[8199]: 38D8223D: removed
Jan 21 09:59:43 hnmomega postfix/smtpd[30958]: connect from hnmamavis01.hnmnet.de[10.193.1.3]
Jan 21 09:59:43 hnmomega postfix/smtpd[30958]: 64C3923D: client=hnmamavis01.hnmnet.de[10.193.1.3]
Jan 21 09:59:43 hnmomega postfix/cleanup[29951]: 64C3923D: message-id=<20150121085909.4E5B7484060F@web01-hnm.de>
Jan 21 09:59:43 hnmomega postfix/qmgr[8199]: 64C3923D: from=<root@web01-hnm.de>, size=2984, nrcpt=1 (queue active)
Jan 21 09:59:43 hnmomega postfix/smtpd[30958]: disconnect from hnmamavis01.hnmnet.de[10.193.1.3]
Jan 21 09:59:43 hnmomega postfix/smtp[31495]: 64C3923D: to=<s.gall@net-dynamic.de>, relay=mail.nd-server.org[213.133.111.82]:25, delay=0.35, delays=0/0/0.19/0.16, dsn=2.0.0, status=sent (250 2.0.0 Ok: queued as 9F361362FD3)
Jan 21 09:59:43 hnmomega postfix/qmgr[8199]: 64C3923D: removed
Jan 21 09:59:59 hnmomega postfix/smtpd[29948]: connect from hnmamavis01.hnmnet.de[10.193.1.3]
Jan 21 09:59:59 hnmomega postfix/smtpd[29948]: 76FD723D: client=hnmamavis01.hnmnet.de[10.193.1.3]
Jan 21 09:59:59 hnmomega postfix/cleanup[29951]: 76FD723D: message-id=<1514868d46fde0db4cb5374bde475b05@async.facebook.com>
Jan 21 09:59:59 hnmomega postfix/qmgr[8199]: 76FD723D: from=<update+kr4mbsa2wwsn@facebookmail.com>, size=19516, nrcpt=1 (queue active)
Jan 21 09:59:59 hnmomega postfix/smtpd[29948]: disconnect from hnmamavis01.hnmnet.de[10.193.1.3]
Jan 21 09:59:59 hnmomega postfix/smtp[30957]: 76FD723D: to=<homeandgarden@gmx.net>, relay=mx01.emig.gmx.net[213.165.67.115]:25, delay=0.51, delays=0/0/0.26/0.25, dsn=2.0.0, status=sent (250 Requested mail action okay, completed: id=0M1hji-1XtZ6D3ARm-00tmVx)
Jan 21 10:00:00 hnmomega postfix/qmgr[8199]: 76FD723D: removed
Jan 21 10:00:01 hnmomega postfix/smtpd[30958]: connect from hnmamavis01.hnmnet.de[10.193.1.3]
Jan 21 10:00:01 hnmomega postfix/smtpd[30958]: E357F23D: client=hnmamavis01.hnmnet.de[10.193.1.3]
Jan 21 10:00:01 hnmomega postfix/cleanup[29951]: E357F23D: message-id=<E0C747881E0F0B46BC82C172828E5E83013F148442@c11021>
Jan 21 10:00:01 hnmomega postfix/qmgr[8199]: E357F23D: from=<bjoern.boerger@ahag-bochum.de>, size=7626, nrcpt=1 (queue active)
Jan 21 10:00:01 hnmomega postfix/smtpd[30958]: disconnect from hnmamavis01.hnmnet.de[10.193.1.3]
Jan 21 10:00:09 hnmomega postfix/smtp[31495]: E357F23D: to=<laffien@futurecomm.de>, relay=mx01.fcnet.de[83.136.87.141]:25, delay=7.3, delays=0/0/0.63/6.7, dsn=4.2.0, status=deferred (host mx01.fcnet.de[83.136.87.141] said: 450 4.2.0 <laffien@futurecomm.de>: Recipient address rejected: Greylisted, see http://postgrey.schweikert.ch/help/futurecomm.de.html (in reply to RCPT TO command))
Jan 21 10:01:15 hnmomega postfix/smtpd[29948]: connect from hnmamavis01.hnmnet.de[10.193.1.3]
Jan 21 10:01:15 hnmomega postfix/smtpd[29948]: 46F9E26C: client=hnmamavis01.hnmnet.de[10.193.1.3]
Jan 21 10:01:15 hnmomega postfix/cleanup[29951]: 46F9E26C: message-id=<F2C20BBF4E5A044AA51BE7739E286579E8BFDC@w2k3-sbs.AHAG.local>
Jan 21 10:01:15 hnmomega postfix/qmgr[8199]: 46F9E26C: from=<Heiko.Hofmann@ahag-bmw.de>, size=179438, nrcpt=1 (queue active)
Jan 21 10:01:15 hnmomega postfix/smtpd[29948]: disconnect from hnmamavis01.hnmnet.de[10.193.1.3]
Jan 21 10:01:20 hnmomega postfix/smtp[30957]: 46F9E26C: to=<Markus_Skrobek@hotmail.de>, relay=mx1.hotmail.com[65.54.188.72]:25, delay=5, delays=0.01/0/1.7/3.3, dsn=2.0.0, status=sent (250  <F2C20BBF4E5A044AA51BE7739E286579E8BFDC@w2k3-sbs.AHAG.local> Queued mail for delivery)
Jan 21 10:01:20 hnmomega postfix/qmgr[8199]: 46F9E26C: removed
Jan 21 10:01:26 hnmomega postfix/smtpd[30958]: connect from hnmamavis01.hnmnet.de[10.193.1.3]
Jan 21 10:01:26 hnmomega postfix/smtpd[30958]: 99DFA26C: client=hnmamavis01.hnmnet.de[10.193.1.3]
Jan 21 10:01:26 hnmomega postfix/cleanup[29951]: 99DFA26C: message-id=<A6F93662ABDC4A9180F336D28AB88331@AP02>
Jan 21 10:01:26 hnmomega postfix/qmgr[8199]: 99DFA26C: from=<potenberg@variogh.de>, size=4527, nrcpt=1 (queue active)
Jan 21 10:01:26 hnmomega postfix/smtpd[30958]: disconnect from hnmamavis01.hnmnet.de[10.193.1.3]
Jan 21 10:01:27 hnmomega postfix/smtp[31495]: 99DFA26C: to=<einwohnermeldeabteilung@greifswald.de>, relay=mail.alpha-hnm.de[46.4.120.175]:25, delay=0.76, delays=0.04/0/0.17/0.55, dsn=2.0.0, status=sent (250 2.0.0 Ok: queued as 2F5AB47E0352)
Jan 21 10:01:27 hnmomega postfix/qmgr[8199]: 99DFA26C: removed
Jan 21 10:01:27 hnmomega postfix/smtpd[29948]: connect from hnmamavis01.hnmnet.de[10.193.1.3]
Jan 21 10:01:27 hnmomega postfix/smtpd[29948]: ACEE026C: client=hnmamavis01.hnmnet.de[10.193.1.3]
Jan 21 10:01:27 hnmomega postfix/cleanup[29951]: ACEE026C: message-id=<20150121090006.1D9F7524196A@dd12214.kasserver.com>
Jan 21 10:01:27 hnmomega postfix/qmgr[8199]: ACEE026C: from=<info@yachtproject.de>, size=2916, nrcpt=1 (queue active)
Jan 21 10:01:27 hnmomega postfix/smtpd[29948]: disconnect from hnmamavis01.hnmnet.de[10.193.1.3]
Jan 21 10:01:28 hnmomega postfix/smtp[30957]: ACEE026C: to=<s.gall@net-dynamic.de>, relay=mail.nd-server.org[213.133.111.82]:25, delay=0.48, delays=0/0/0.27/0.21, dsn=2.0.0, status=sent (250 2.0.0 Ok: queued as 0E22C362FD3)
Jan 21 10:01:28 hnmomega postfix/qmgr[8199]: ACEE026C: removed
Jan 21 10:01:45 hnmomega postfix/smtpd[30958]: connect from hnmamavis01.hnmnet.de[10.193.1.3]
Jan 21 10:01:45 hnmomega postfix/smtpd[30958]: E33B026C: client=hnmamavis01.hnmnet.de[10.193.1.3]
Jan 21 10:01:45 hnmomega postfix/cleanup[29951]: E33B026C: message-id=<09BD62B4C8045B4EAD3E1382ABA31BCD02169950@S1.varioug.local>
Jan 21 10:01:45 hnmomega postfix/qmgr[8199]: E33B026C: from=<ALorenz@varioug.de>, size=18909, nrcpt=1 (queue active)
Jan 21 10:01:45 hnmomega postfix/smtpd[30958]: disconnect from hnmamavis01.hnmnet.de[10.193.1.3]
Jan 21 10:01:46 hnmomega postfix/smtp[31495]: E33B026C: to=<w.till@dashoefer.de>, relay=mail.dashoefer.de[5.159.56.16]:25, delay=0.24, delays=0/0/0.15/0.08, dsn=4.7.1, status=deferred (host mail.dashoefer.de[5.159.56.16] said: 450 4.7.1 <w.till@dashoefer.de>: Recipient address rejected: Greylisted for 30 minutes (in reply to RCPT TO command))
Jan 21 10:02:23 hnmomega postfix/smtpd[29948]: connect from hnmamavis01.hnmnet.de[10.193.1.3]
Jan 21 10:02:23 hnmomega postfix/smtpd[29948]: 35E2C26E: client=hnmamavis01.hnmnet.de[10.193.1.3]
Jan 21 10:02:23 hnmomega postfix/cleanup[29951]: 35E2C26E: message-id=<b490bf5c2b2042610f1d6a0db5687901@oeffnung-der-schulen.de>
Jan 21 10:02:23 hnmomega postfix/qmgr[8199]: 35E2C26E: from=<>, size=2983, nrcpt=1 (queue active)
Jan 21 10:02:23 hnmomega postfix/smtpd[29948]: disconnect from hnmamavis01.hnmnet.de[10.193.1.3]
Jan 21 10:02:23 hnmomega postfix/smtp[30957]: 35E2C26E: to=<Karl-Heinz.Braxein@kreis-vg.de>, relay=vspampx2.mvnet.de[194.25.109.18]:25, delay=0.22, delays=0.01/0/0.11/0.11, dsn=2.0.0, status=sent (250 OK id=152789::1421830943-000022F8-662D370F/18/0)
Jan 21 10:02:23 hnmomega postfix/qmgr[8199]: 35E2C26E: removed
Jan 21 10:02:30 hnmomega postfix/smtpd[30958]: connect from hnmamavis01.hnmnet.de[10.193.1.3]
Jan 21 10:02:30 hnmomega postfix/smtpd[30958]: 75C2026E: client=hnmamavis01.hnmnet.de[10.193.1.3]
Jan 21 10:02:30 hnmomega postfix/cleanup[29951]: 75C2026E: message-id=<14b0aa962f9.5524.3d595@ismtpd-037>
Jan 21 10:02:30 hnmomega postfix/qmgr[8199]: 75C2026E: from=<email.campaign@sg.booking.com>, size=76343, nrcpt=1 (queue active)
Jan 21 10:02:30 hnmomega postfix/smtpd[30958]: disconnect from hnmamavis01.hnmnet.de[10.193.1.3]
Jan 21 10:02:31 hnmomega postfix/smtp[31495]: 75C2026E: to=<info@berndwiesmann.de>, relay=nx51.mymxserver.com[188.94.249.250]:25, delay=1.3, delays=0.01/0/0.05/1.2, dsn=2.0.0, status=sent (250 2.0.0 Ok: queued as AEA3E163A09)
Jan 21 10:02:31 hnmomega postfix/qmgr[8199]: 75C2026E: removed
Jan 21 10:03:08 hnmomega postfix/smtpd[29948]: connect from hnmamavis01.hnmnet.de[10.193.1.3]
Jan 21 10:03:08 hnmomega postfix/smtpd[29948]: EAF3F26E: client=hnmamavis01.hnmnet.de[10.193.1.3]
Jan 21 10:03:08 hnmomega postfix/cleanup[29951]: EAF3F26E: message-id=<64EED43D63CF1E44BDAFC8BC8B214AAC01E2A9CE@hven-076srv014.bmw-ernst.local>
Jan 21 10:03:08 hnmomega postfix/cleanup[29951]: EAF3F26E: resent-message-id=<20150121090308.E3AAE346@hnmamavis01.hnmnet.de>
Jan 21 10:03:08 hnmomega postfix/qmgr[8199]: EAF3F26E: from=<arne.kirchner@ahag-bochum.de>, size=184383, nrcpt=1 (queue active)
Jan 21 10:03:08 hnmomega postfix/smtpd[29948]: disconnect from hnmamavis01.hnmnet.de[10.193.1.3]
Jan 21 10:03:09 hnmomega postfix/smtp[30957]: EAF3F26E: to=<info@arnekirchner.com>, relay=mx51.mymxserver.com[188.94.250.25]:25, delay=0.49, delays=0.01/0/0.04/0.44, dsn=2.0.0, status=sent (250 2.0.0 Ok: queued as 1712519AA5E)
Jan 21 10:03:09 hnmomega postfix/qmgr[8199]: EAF3F26E: removed
Jan 21 10:03:33 hnmomega postfix/smtpd[30958]: connect from hnmamavis01.hnmnet.de[10.193.1.3]
Jan 21 10:03:33 hnmomega postfix/smtpd[30958]: 63BD426E: client=hnmamavis01.hnmnet.de[10.193.1.3]
Jan 21 10:03:33 hnmomega postfix/cleanup[29951]: 63BD426E: message-id=<20150121090206.1BE22C03@hnmamavis01.hnmnet.de>
Jan 21 10:03:33 hnmomega postfix/qmgr[8199]: 63BD426E: from=<info@bottomlinebooster.net>, size=6205, nrcpt=1 (queue active)
Jan 21 10:03:33 hnmomega postfix/smtpd[30958]: disconnect from hnmamavis01.hnmnet.de[10.193.1.3]
Jan 21 10:03:33 hnmomega postfix/smtp[31495]: 63BD426E: to=<dekatrias@t-online.de>, relay=mx03.t-online.de[194.25.134.73]:25, delay=0.34, delays=0/0/0.18/0.16, dsn=5.7.0, status=bounced (host mx03.t-online.de[194.25.134.73] said: 550-5.7.0 Message considered as spam or virus, rejected 550-5.7.0 Your IP: 93.92.128.124 550-5.7.0 Mailhost: mailin62.aul.t-online.de 550-5.7.0 Timestamp: 2015-01-21T09:03:33Z 550-5.7.0 Expurgate-ID: 149288::1421831013-000075E0-505A2792/0-13372715954/0-10 550-5.7.0 Authenticator: 879FEC15A1A6700D8473A483903205587215BF45D347F3246C70E1D424407E1DDD9AA089 550-5.7.0  550-5.7.0 Your message has been rejected due to spam or virus classification. 550-5.7.0 If you feel this is inapplicable, please report the above error codes 550-5.7.0 back to FPR@RX.T-ONLINE.DE to help us fix possible misclassification. 550-5.7.0 We apologize for any inconvenience and thank you for your assistance! 550-5.7.0  550-5.7.0 Die Annahme Ihrer Nachricht wurde abgelehnt, da sie als Spam oder 550-5.7.0 Virus eingestuft wurde. Sollten Sie dies als unzutreffend ansehen, 550-5.7.0 senden Sie bitte obige Fehlercodes an FPR@RX.T-ONLINE.DE, damit wir 550-5.7.0 die Klassifizierung untersuchen k??nnen. Wir entschuldigen uns f??r 550 5.7.0 etwaige Unannehmlichkeiten und bedanken uns f??r Ihre Unterst??tzung! (in reply to end of DATA command))
Jan 21 10:03:33 hnmomega postfix/cleanup[29951]: BC2C8270: message-id=<20150121090333.BC2C8270@hnmomega.hnm-server.de>
Jan 21 10:03:33 hnmomega postfix/qmgr[8199]: BC2C8270: from=<>, size=10490, nrcpt=1 (queue active)
Jan 21 10:03:33 hnmomega postfix/bounce[564]: 63BD426E: sender non-delivery notification: BC2C8270
Jan 21 10:03:33 hnmomega postfix/qmgr[8199]: 63BD426E: removed
Jan 21 10:03:34 hnmomega postfix/smtp[30957]: BC2C8270: to=<info@bottomlinebooster.net>, relay=mail.bottomlinebooster.net[87.121.193.3]:25, delay=0.91, delays=0/0/0.86/0.05, dsn=4.7.1, status=deferred (host mail.bottomlinebooster.net[87.121.193.3] said: 454 4.7.1 <info@bottomlinebooster.net>: Relay access denied (in reply to RCPT TO command))
Jan 21 10:04:29 hnmomega postfix/smtpd[29948]: connect from hnmamavis01.hnmnet.de[10.193.1.3]
Jan 21 10:04:29 hnmomega postfix/smtpd[29948]: 6FF1C26F: client=hnmamavis01.hnmnet.de[10.193.1.3]
Jan 21 10:04:29 hnmomega postfix/cleanup[29951]: 6FF1C26F: message-id=<54BF6AEA.4020207@hotelpalace-bibione.it>
Jan 21 10:04:29 hnmomega postfix/qmgr[8199]: 6FF1C26F: from=<info@hotelpalace-bibione.it>, size=144469, nrcpt=1 (queue active)
Jan 21 10:04:29 hnmomega postfix/smtpd[29948]: disconnect from hnmamavis01.hnmnet.de[10.193.1.3]
Jan 21 10:04:33 hnmomega postfix/smtp[31495]: 6FF1C26F: to=<resainternational@yahoo.de>, relay=mx-eu.mail.am0.yahoodns.net[188.125.69.79]:25, delay=3.6, delays=0.05/0/0.35/3.2, dsn=2.0.0, status=sent (250 ok dirdel)
Jan 21 10:04:33 hnmomega postfix/qmgr[8199]: 6FF1C26F: removed
Jan 21 10:04:33 hnmomega postfix/smtpd[30958]: connect from hnmamavis01.hnmnet.de[10.193.1.3]
Jan 21 10:04:33 hnmomega postfix/smtpd[30958]: DC55F26F: client=hnmamavis01.hnmnet.de[10.193.1.3]
Jan 21 10:04:33 hnmomega postfix/cleanup[29951]: DC55F26F: message-id=<F2C20BBF4E5A044AA51BE7739E286579E8BFDD@w2k3-sbs.AHAG.local>
Jan 21 10:04:33 hnmomega postfix/qmgr[8199]: DC55F26F: from=<Heiko.Hofmann@ahag-bmw.de>, size=179864, nrcpt=1 (queue active)
Jan 21 10:04:33 hnmomega postfix/smtpd[30958]: disconnect from hnmamavis01.hnmnet.de[10.193.1.3]
Jan 21 10:04:34 hnmomega postfix/smtp[30957]: DC55F26F: to=<Ulrich.Poeschl@t-online.de>, relay=mx03.t-online.de[194.25.134.73]:25, delay=0.63, delays=0.01/0/0.19/0.42, dsn=2.0.0, status=sent (250 2.0.0 Message accepted.)
Jan 21 10:04:34 hnmomega postfix/qmgr[8199]: DC55F26F: removed
Jan 21 10:04:48 hnmomega postfix/smtpd[29948]: connect from hnmamavis01.hnmnet.de[10.193.1.3]
Jan 21 10:04:48 hnmomega postfix/smtpd[29948]: 3446326F: client=hnmamavis01.hnmnet.de[10.193.1.3]
Jan 21 10:04:48 hnmomega postfix/cleanup[29951]: 3446326F: message-id=<F2C20BBF4E5A044AA51BE7739E286579E8BFDF@w2k3-sbs.AHAG.local>
Jan 21 10:04:48 hnmomega postfix/qmgr[8199]: 3446326F: from=<Christoph.Hochhaeuser@ahag-bmw.de>, size=179301, nrcpt=1 (queue active)
Jan 21 10:04:48 hnmomega postfix/smtpd[29948]: disconnect from hnmamavis01.hnmnet.de[10.193.1.3]
Jan 21 10:04:50 hnmomega postfix/smtpd[30958]: connect from hnmamavis01.hnmnet.de[10.193.1.3]
Jan 21 10:04:50 hnmomega postfix/smtpd[30958]: 6EED8271: client=hnmamavis01.hnmnet.de[10.193.1.3]
