Jan 21 08:28:47 hnmomega postfix/qmgr[8199]: CC90826A: removed
Jan 21 08:28:58 hnmomega postfix/smtpd[18240]: connect from hnmamavis01.hnmnet.de[10.193.1.3]
Jan 21 08:28:58 hnmomega postfix/smtpd[18240]: 7D98D26A: client=hnmamavis01.hnmnet.de[10.193.1.3]
Jan 21 08:28:58 hnmomega postfix/cleanup[18243]: 7D98D26A: message-id=<83d0d95983e58f83e9427e716eaf0f04@publisher.copernica.nl>
Jan 21 08:28:58 hnmomega postfix/qmgr[8199]: 7D98D26A: from=<rcv-937bf5dd6ddb4026b070752f8bbf4139-5780@publisher.copernica.nl>, size=52831, nrcpt=1 (queue active)
Jan 21 08:28:58 hnmomega postfix/smtpd[18240]: disconnect from hnmamavis01.hnmnet.de[10.193.1.3]
Jan 21 08:28:59 hnmomega postfix/smtp[18712]: 7D98D26A: to=<fischer-weil@vr-web.de>, relay=mx1.vr-web.de[195.200.35.194]:25, delay=0.55, delays=0.01/0/0.36/0.18, dsn=2.0.0, status=sent (250 Ok. 0000000054BF553A.0000465D)
Jan 21 08:28:59 hnmomega postfix/qmgr[8199]: 7D98D26A: removed
Jan 21 08:29:15 hnmomega postfix/smtpd[18240]: connect from hnmamavis01.hnmnet.de[10.193.1.3]
Jan 21 08:29:15 hnmomega postfix/smtpd[18240]: E8D0A26A: client=hnmamavis01.hnmnet.de[10.193.1.3]
Jan 21 08:29:15 hnmomega postfix/cleanup[18243]: E8D0A26A: message-id=<0147463464CDCB408C16EE0BC575032E5F9E9EB1@c11021>
Jan 21 08:29:15 hnmomega postfix/qmgr[8199]: E8D0A26A: from=<Sasko.Macevski@ahag-bochum.de>, size=266699, nrcpt=1 (queue active)
Jan 21 08:29:15 hnmomega postfix/smtpd[18240]: disconnect from hnmamavis01.hnmnet.de[10.193.1.3]
Jan 21 08:29:16 hnmomega postfix/smtp[18244]: E8D0A26A: to=<thomas.rogalla@cyran.de>, relay=smtp.rzone.de[81.169.145.98]:25, delay=0.6, delays=0.02/0/0.21/0.38, dsn=2.1.5, status=sent (250 2.1.5 OK mail delivered with id 3032a0r0L7TG7V2)
Jan 21 08:29:16 hnmomega postfix/qmgr[8199]: E8D0A26A: removed
Jan 21 08:29:29 hnmomega postfix/smtpd[18240]: connect from hnmamavis01.hnmnet.de[10.193.1.3]
Jan 21 08:29:29 hnmomega postfix/smtpd[18240]: 1DC4A26A: client=hnmamavis01.hnmnet.de[10.193.1.3]
Jan 21 08:29:29 hnmomega postfix/cleanup[18243]: 1DC4A26A: message-id=<!&!AAAAAAAAAAAYAAAAAAAAAO9nUjLKu5FOvxjDDOzVijTCgAAAEAAAAPlUqyX4C9lHgizYDIH7Yk0BAAAAAA==@alping.de>
Jan 21 08:29:29 hnmomega postfix/qmgr[8199]: 1DC4A26A: from=<m.jager@alping.de>, size=1261402, nrcpt=1 (queue active)
Jan 21 08:29:29 hnmomega postfix/smtpd[18240]: disconnect from hnmamavis01.hnmnet.de[10.193.1.3]
Jan 21 08:29:30 hnmomega postfix/smtp[18712]: 1DC4A26A: to=<uglawe@t-online.de>, relay=mx00.t-online.de[194.25.134.8]:25, delay=1.1, delays=0.11/0/0.2/0.79, dsn=2.0.0, status=sent (250 2.0.0 Message accepted.)
Jan 21 08:29:30 hnmomega postfix/qmgr[8199]: 1DC4A26A: removed
Jan 21 08:29:33 hnmomega postfix/smtpd[18240]: connect from hnmamavis01.hnmnet.de[10.193.1.3]
Jan 21 08:29:33 hnmomega postfix/smtpd[18240]: 6BED926A: client=hnmamavis01.hnmnet.de[10.193.1.3]
Jan 21 08:29:33 hnmomega postfix/cleanup[18243]: 6BED926A: message-id=<003e01d0354b$dd7d9a80$9878cf80$@elektro-firma-gloeden.de>
Jan 21 08:29:33 hnmomega postfix/qmgr[8199]: 6BED926A: from=<auftrag@elektro-firma-gloeden.de>, size=37767, nrcpt=1 (queue active)
Jan 21 08:29:33 hnmomega postfix/smtpd[18240]: disconnect from hnmamavis01.hnmnet.de[10.193.1.3]
Jan 21 08:29:33 hnmomega postfix/smtp[18244]: 6BED926A: to=<mail@immobilien-fehlhaber.de>, relay=mx00.kundenserver.de[212.227.15.134]:25, delay=0.49, delays=0.01/0/0.18/0.31, dsn=2.0.0, status=sent (250 Requested mail action okay, completed: id=0Le3ZI-1XOIQT2iCq-00pxy1)
Jan 21 08:29:33 hnmomega postfix/qmgr[8199]: 6BED926A: removed
Jan 21 08:29:53 hnmomega postfix/smtpd[18240]: connect from hnmamavis01.hnmnet.de[10.193.1.3]
Jan 21 08:29:53 hnmomega postfix/smtpd[18240]: 3918426A: client=hnmamavis01.hnmnet.de[10.193.1.3]
Jan 21 08:29:53 hnmomega postfix/cleanup[18243]: 3918426A: message-id=<F2C20BBF4E5A044AA51BE7739E286579E8BF08@w2k3-sbs.AHAG.local>
Jan 21 08:29:53 hnmomega postfix/qmgr[8199]: 3918426A: from=<Philipp.Dornebeck@ahag-bmw.de>, size=4051, nrcpt=1 (queue active)
Jan 21 08:29:53 hnmomega postfix/smtpd[18240]: disconnect from hnmamavis01.hnmnet.de[10.193.1.3]
Jan 21 08:29:53 hnmomega postfix/smtp[18712]: 3918426A: to=<c.pentek@web.de>, relay=mx-ha02.web.de[213.165.67.120]:25, delay=0.38, delays=0/0/0.17/0.21, dsn=2.0.0, status=sent (250 Requested mail action okay, completed: id=0LiRzk-1XbTiP1oBY-00cgiT)
Jan 21 08:29:53 hnmomega postfix/qmgr[8199]: 3918426A: removed
Jan 21 08:30:07 hnmomega postfix/smtpd[18240]: connect from hnmamavis01.hnmnet.de[10.193.1.3]
Jan 21 08:30:07 hnmomega postfix/smtpd[18240]: DD0E626A: client=hnmamavis01.hnmnet.de[10.193.1.3]
Jan 21 08:30:07 hnmomega postfix/cleanup[18243]: DD0E626A: message-id=<07AAB415-504F-4FDE-964C-1C0034D4EB3D@drei-fisch.de>
Jan 21 08:30:07 hnmomega postfix/qmgr[8199]: DD0E626A: from=<steffi.schoenrock@drei-fisch.de>, size=25826, nrcpt=1 (queue active)
Jan 21 08:30:07 hnmomega postfix/smtpd[18240]: disconnect from hnmamavis01.hnmnet.de[10.193.1.3]
Jan 21 08:30:08 hnmomega postfix/smtp[18244]: DD0E626A: to=<info@laguna-verlag.de>, relay=mxlb.ispgateway.de[80.67.18.126]:25, delay=0.65, delays=0.07/0/0.35/0.23, dsn=2.0.0, status=sent (250 OK id=1YDpjs-0006dH-Ak)
Jan 21 08:30:08 hnmomega postfix/qmgr[8199]: DD0E626A: removed
Jan 21 08:30:37 hnmomega postfix/smtpd[18240]: connect from hnmamavis01.hnmnet.de[10.193.1.3]
Jan 21 08:30:37 hnmomega postfix/smtpd[18240]: F11C226A: client=hnmamavis01.hnmnet.de[10.193.1.3]
Jan 21 08:30:37 hnmomega postfix/cleanup[18243]: F11C226A: message-id=<97E0DBAA7CB5794C94B4C18D9658D2BB25129878@c11021>
Jan 21 08:30:38 hnmomega postfix/qmgr[8199]: F11C226A: from=<Daria.Bork@ahag-bochum.de>, size=268696, nrcpt=1 (queue active)
Jan 21 08:30:38 hnmomega postfix/smtpd[18240]: disconnect from hnmamavis01.hnmnet.de[10.193.1.3]
Jan 21 08:30:38 hnmomega postfix/smtp[18712]: F11C226A: to=<patrick.hoeft@bmw-ernst.de>, relay=mail.bmw-ernst.de[212.12.37.222]:25, delay=0.13, delays=0.02/0/0.04/0.06, dsn=2.0.0, status=sent (250 2.0.0 Ok: queued as 0ECBA1C905C)
Jan 21 08:30:38 hnmomega postfix/qmgr[8199]: F11C226A: removed
Jan 21 08:30:48 hnmomega postfix/smtpd[18240]: connect from hnmamavis01.hnmnet.de[10.193.1.3]
Jan 21 08:30:48 hnmomega postfix/smtpd[18240]: 9A29F26A: client=hnmamavis01.hnmnet.de[10.193.1.3]
Jan 21 08:30:48 hnmomega postfix/cleanup[18243]: 9A29F26A: message-id=<e48fdf6b-c0e7-45d7-88cc-bbe14ef739ee@RW-SRV.umwelt.local>
Jan 21 08:30:48 hnmomega postfix/qmgr[8199]: 9A29F26A: from=<SBSMonAcct@rw-umweltberatung.de>, size=470854, nrcpt=1 (queue active)
Jan 21 08:30:48 hnmomega postfix/smtpd[18240]: disconnect from hnmamavis01.hnmnet.de[10.193.1.3]
Jan 21 08:30:49 hnmomega postfix/smtp[18244]: 9A29F26A: to=<backup@mueritz-comp-greifswald.de>, relay=smtpin.rzone.de[81.169.145.97]:25, delay=0.67, delays=0.03/0/0.23/0.41, dsn=2.1.5, status=sent (250 2.1.5 OK mail delivered with id v06dcdr0L7UmGMU)
Jan 21 08:30:49 hnmomega postfix/qmgr[8199]: 9A29F26A: removed
Jan 21 08:31:02 hnmomega postfix/smtpd[18240]: connect from hnmamavis01.hnmnet.de[10.193.1.3]
Jan 21 08:31:02 hnmomega postfix/smtpd[18240]: EFB0526A: client=hnmamavis01.hnmnet.de[10.193.1.3]
Jan 21 08:31:02 hnmomega postfix/cleanup[18243]: EFB0526A: message-id=<F2C20BBF4E5A044AA51BE7739E286579E8BF09@w2k3-sbs.AHAG.local>
Jan 21 08:31:02 hnmomega postfix/qmgr[8199]: EFB0526A: from=<Jessica.Kij@ahag-bmw.de>, size=246282, nrcpt=1 (queue active)
Jan 21 08:31:02 hnmomega postfix/smtpd[18240]: disconnect from hnmamavis01.hnmnet.de[10.193.1.3]
Jan 21 08:31:03 hnmomega postfix/smtp[18712]: EFB0526A: to=<ggg@meneks.de>, relay=cluster4.eu.messagelabs.com[85.158.143.35]:25, delay=0.68, delays=0.02/0/0.34/0.32, dsn=2.0.0, status=sent (250 ok 1421825463 qp 14236 server-14.tower-21.messagelabs.com!1421825463!22886211!1)
Jan 21 08:31:03 hnmomega postfix/qmgr[8199]: EFB0526A: removed
Jan 21 08:31:11 hnmomega postfix/smtpd[18240]: connect from hnmamavis01.hnmnet.de[10.193.1.3]
Jan 21 08:31:11 hnmomega postfix/smtpd[18240]: 91E8426A: client=hnmamavis01.hnmnet.de[10.193.1.3]
Jan 21 08:31:11 hnmomega postfix/cleanup[18243]: 91E8426A: message-id=<000301d0354c$33bceb30$9b36c190$@stern@alping.de>
Jan 21 08:31:11 hnmomega postfix/qmgr[8199]: 91E8426A: from=<r.stern@alping.de>, size=27693, nrcpt=1 (queue active)
Jan 21 08:31:11 hnmomega postfix/smtpd[18240]: disconnect from hnmamavis01.hnmnet.de[10.193.1.3]
Jan 21 08:31:11 hnmomega postfix/smtp[18244]: 91E8426A: to=<ingbuero.barz@t-online.de>, relay=mx02.t-online.de[194.25.134.9]:25, delay=0.39, delays=0/0/0.2/0.19, dsn=2.0.0, status=sent (250 2.0.0 Message accepted.)
Jan 21 08:31:12 hnmomega postfix/qmgr[8199]: 91E8426A: removed
Jan 21 08:31:13 hnmomega postfix/smtpd[18240]: connect from hnmamavis01.hnmnet.de[10.193.1.3]
Jan 21 08:31:13 hnmomega postfix/smtpd[18240]: 2A50226A: client=hnmamavis01.hnmnet.de[10.193.1.3]
Jan 21 08:31:13 hnmomega postfix/cleanup[18243]: 2A50226A: message-id=<5D7A206F32D349D0844FC21ADD60B95D@PCRezeption1>
Jan 21 08:31:13 hnmomega postfix/qmgr[8199]: 2A50226A: from=<info@hotel-moewe.de>, size=211237, nrcpt=1 (queue active)
Jan 21 08:31:13 hnmomega postfix/smtpd[18240]: disconnect from hnmamavis01.hnmnet.de[10.193.1.3]
Jan 21 08:31:13 hnmomega postfix/smtp[18712]: 2A50226A: to=<herhaus.dagmar@web.de>, relay=mx-ha02.web.de[213.165.67.120]:25, delay=0.52, delays=0.01/0/0.19/0.31, dsn=2.0.0, status=sent (250 Requested mail action okay, completed: id=0M87S9-1XrbsW1gLR-00vfea)
Jan 21 08:31:13 hnmomega postfix/qmgr[8199]: 2A50226A: removed
Jan 21 08:31:44 hnmomega postfix/smtpd[18240]: connect from hnmamavis01.hnmnet.de[10.193.1.3]
Jan 21 08:31:44 hnmomega postfix/smtpd[18240]: 90BCC26A: client=hnmamavis01.hnmnet.de[10.193.1.3]
Jan 21 08:31:44 hnmomega postfix/cleanup[18243]: 90BCC26A: message-id=<5A69D6F32469054EAC81393E374A8479D96433D3@c11021>
Jan 21 08:31:44 hnmomega postfix/qmgr[8199]: 90BCC26A: from=<Arne.Kirchner@ahag-bochum.de>, size=193299, nrcpt=1 (queue active)
Jan 21 08:31:44 hnmomega postfix/smtpd[18240]: disconnect from hnmamavis01.hnmnet.de[10.193.1.3]
Jan 21 08:31:45 hnmomega postfix/smtp[18244]: 90BCC26A: to=<Rolf.Storchmaier@ac-schnitzer.de>, relay=mail.kohl.de[217.69.78.19]:25, delay=0.78, delays=0.05/0/0.34/0.39, dsn=4.2.0, status=deferred (host mail.kohl.de[217.69.78.19] said: 450 4.2.0 <Rolf.Storchmaier@ac-schnitzer.de>: Recipient address rejected: Greylisted, see http://postgrey.schweikert.ch/help/ac-schnitzer.de.html (in reply to RCPT TO command))
Jan 21 08:33:29 hnmomega postfix/smtpd[19250]: warning: database /etc/aliases.db is older than source file /etc/aliases
Jan 21 08:33:29 hnmomega postfix/smtpd[19250]: connect from hnmamavis01.hnmnet.de[10.193.1.3]
Jan 21 08:33:29 hnmomega postfix/trivial-rewrite[19252]: warning: database /etc/postfix/smtpouttransport.db is older than source file /etc/postfix/smtpouttransport
Jan 21 08:33:29 hnmomega postfix/smtpd[19250]: 977E326C: client=hnmamavis01.hnmnet.de[10.193.1.3]
Jan 21 08:33:29 hnmomega postfix/cleanup[19253]: 977E326C: message-id=<ec2b2eb4ca0cc4b8864cc538fe4b611d@iselectrooms.com>
Jan 21 08:33:29 hnmomega postfix/qmgr[8199]: 977E326C: from=<rooms@iselectrooms.com>, size=35934, nrcpt=1 (queue active)
Jan 21 08:33:29 hnmomega postfix/smtpd[19250]: disconnect from hnmamavis01.hnmnet.de[10.193.1.3]
Jan 21 08:33:31 hnmomega postfix/smtp[19254]: 977E326C: to=<resainternational@yahoo.de>, relay=mx-eu.mail.am0.yahoodns.net[188.125.69.79]:25, delay=1.8, delays=0.01/0.01/0.24/1.5, dsn=2.0.0, status=sent (250 ok dirdel)
Jan 21 08:33:31 hnmomega postfix/qmgr[8199]: 977E326C: removed
Jan 21 08:33:40 hnmomega postfix/smtpd[19250]: connect from hnmamavis01.hnmnet.de[10.193.1.3]
Jan 21 08:33:40 hnmomega postfix/smtpd[19250]: 2C52426C: client=hnmamavis01.hnmnet.de[10.193.1.3]
Jan 21 08:33:40 hnmomega postfix/cleanup[19253]: 2C52426C: message-id=<F2C20BBF4E5A044AA51BE7739E286579E8BF0A@w2k3-sbs.AHAG.local>
Jan 21 08:33:40 hnmomega postfix/qmgr[8199]: 2C52426C: from=<Christian.Gornik@ahag-bmw.de>, size=210356, nrcpt=1 (queue active)
Jan 21 08:33:40 hnmomega postfix/smtpd[19250]: disconnect from hnmamavis01.hnmnet.de[10.193.1.3]
Jan 21 08:33:40 hnmomega postfix/smtp[19254]: 2C52426C: to=<homeandgarden@gmx.net>, relay=mx00.emig.gmx.net[212.227.15.9]:25, delay=0.79, delays=0.06/0/0.19/0.54, dsn=2.0.0, status=sent (250 Requested mail action okay, completed: id=0LnCLF-1XWmwD1yNZ-00hOp1)
Jan 21 08:33:40 hnmomega postfix/qmgr[8199]: 2C52426C: removed
Jan 21 08:34:22 hnmomega postfix/smtpd[19250]: connect from hnmamavis01.hnmnet.de[10.193.1.3]
Jan 21 08:34:22 hnmomega postfix/smtpd[19250]: 7004126C: client=hnmamavis01.hnmnet.de[10.193.1.3]
Jan 21 08:34:22 hnmomega postfix/cleanup[19253]: 7004126C: message-id=<D872BE418746A3449520372F8038CAD07EF0B7@srvwiemail.wiesmann.local>
Jan 21 08:34:22 hnmomega postfix/qmgr[8199]: 7004126C: from=<Dennis.Hoelscher@ahag-coesfeld.de>, size=636309, nrcpt=1 (queue active)
Jan 21 08:34:22 hnmomega postfix/smtpd[19250]: disconnect from hnmamavis01.hnmnet.de[10.193.1.3]
Jan 21 08:34:27 hnmomega postfix/smtp[19254]: 7004126C: to=<dennishoelscher@hotmail.com>, relay=mx3.hotmail.com[65.55.37.120]:25, delay=5.3, delays=0.04/0/1.4/4, dsn=2.0.0, status=sent (250  <D872BE418746A3449520372F8038CAD07EF0B7@srvwiemail.wiesmann.local> Queued mail for delivery)
Jan 21 08:34:27 hnmomega postfix/qmgr[8199]: 7004126C: removed
Jan 21 08:35:22 hnmomega postfix/smtpd[19250]: connect from hnmamavis01.hnmnet.de[10.193.1.3]
Jan 21 08:35:22 hnmomega postfix/smtpd[19250]: 2F5D826C: client=hnmamavis01.hnmnet.de[10.193.1.3]
Jan 21 08:35:22 hnmomega postfix/cleanup[19253]: 2F5D826C: message-id=<54BF56AB.7000204@pommersches-landesmuseum.de>
Jan 21 08:35:22 hnmomega postfix/qmgr[8199]: 2F5D826C: from=<frenssen@pommersches-landesmuseum.de>, size=187540, nrcpt=1 (queue active)
Jan 21 08:35:22 hnmomega postfix/smtpd[19250]: disconnect from hnmamavis01.hnmnet.de[10.193.1.3]
Jan 21 08:35:23 hnmomega postfix/smtp[19254]: 2F5D826C: to=<Kesting@nordmetall.de>, relay=mxA.expurgate.net[194.145.224.13]:25, delay=0.98, delays=0.11/0/0.37/0.5, dsn=2.0.0, status=sent (250 OK id=expurgator-9b2b54/1421825723-00004E73-2D984C30/0/0)
Jan 21 08:35:23 hnmomega postfix/qmgr[8199]: 2F5D826C: removed
Jan 21 08:35:40 hnmomega postfix/smtpd[19250]: connect from hnmamavis01.hnmnet.de[10.193.1.3]
Jan 21 08:35:40 hnmomega postfix/smtpd[19250]: 5D7ED26C: client=hnmamavis01.hnmnet.de[10.193.1.3]
Jan 21 08:35:40 hnmomega postfix/cleanup[19253]: 5D7ED26C: message-id=<F2C20BBF4E5A044AA51BE7739E286579E8BF0B@w2k3-sbs.AHAG.local>
Jan 21 08:35:40 hnmomega postfix/qmgr[8199]: 5D7ED26C: from=<Tobias.Kauth@ahag-bmw.de>, size=192345, nrcpt=1 (queue active)
Jan 21 08:35:40 hnmomega postfix/smtpd[19250]: disconnect from hnmamavis01.hnmnet.de[10.193.1.3]
Jan 21 08:35:41 hnmomega postfix/smtp[19254]: 5D7ED26C: to=<jorgeaeizaga@gmail.com>, relay=gmail-smtp-in.l.google.com[74.125.136.26]:25, delay=1.5, delays=0.02/0/0.3/1.2, dsn=2.0.0, status=sent (250 2.0.0 OK 1421825741 fp7si9951241wib.89 - gsmtp)
Jan 21 08:35:41 hnmomega postfix/qmgr[8199]: 5D7ED26C: removed
Jan 21 08:36:28 hnmomega postfix/smtpd[19250]: connect from hnmamavis01.hnmnet.de[10.193.1.3]
Jan 21 08:36:28 hnmomega postfix/smtpd[19250]: 828C126C: client=hnmamavis01.hnmnet.de[10.193.1.3]
Jan 21 08:36:28 hnmomega postfix/cleanup[19253]: 828C126C: message-id=<rJptuTfSr0000075d@ahag-duelmen.de>
Jan 21 08:36:28 hnmomega postfix/qmgr[8199]: 828C126C: from=<>, size=54800, nrcpt=1 (queue active)
Jan 21 08:36:28 hnmomega postfix/smtpd[19250]: disconnect from hnmamavis01.hnmnet.de[10.193.1.3]
Jan 21 08:36:28 hnmomega postfix/smtp[19254]: 828C126C: to=<fibugate@reply.dashoefer.de>, relay=mx.eemms.net[81.223.46.20]:25, delay=0.43, delays=0.01/0/0.25/0.17, dsn=2.0.0, status=sent (250 2.0.0 Ok: queued as C4C9F4774DC)
Jan 21 08:36:28 hnmomega postfix/qmgr[8199]: 828C126C: removed
Jan 21 08:37:17 hnmomega postfix/qmgr[8199]: 90BCC26A: from=<Arne.Kirchner@ahag-bochum.de>, size=193299, nrcpt=1 (queue active)
Jan 21 08:37:17 hnmomega postfix/qmgr[8199]: D506523E: from=<>, size=9239, nrcpt=1 (queue active)
Jan 21 08:37:17 hnmomega postfix/qmgr[8199]: 2342C82: from=<lists@infotell.se>, size=197418, nrcpt=1 (queue active)
Jan 21 08:37:17 hnmomega postfix/smtp[19254]: 90BCC26A: to=<Rolf.Storchmaier@ac-schnitzer.de>, relay=mail.kohl.de[217.69.78.19]:25, delay=333, delays=332/0/0.33/0.37, dsn=2.0.0, status=sent (250 2.0.0 Ok: queued as 984A417E43)
Jan 21 08:37:17 hnmomega postfix/qmgr[8199]: 90BCC26A: removed
Jan 21 08:37:24 hnmomega postfix/smtpd[19250]: connect from hnmamavis01.hnmnet.de[10.193.1.3]
Jan 21 08:37:24 hnmomega postfix/smtpd[19250]: 28C7A239: client=hnmamavis01.hnmnet.de[10.193.1.3]
Jan 21 08:37:24 hnmomega postfix/cleanup[19253]: 28C7A239: message-id=<5A69D6F32469054EAC81393E374A8479D96433E5@c11021>
Jan 21 08:37:24 hnmomega postfix/qmgr[8199]: 28C7A239: from=<Arne.Kirchner@ahag-bochum.de>, size=177688, nrcpt=1 (queue active)
Jan 21 08:37:24 hnmomega postfix/smtpd[19250]: disconnect from hnmamavis01.hnmnet.de[10.193.1.3]
Jan 21 08:37:24 hnmomega postfix/smtp[19254]: 28C7A239: to=<bjoern.boerger@t-online.de>, relay=mx01.t-online.de[194.25.134.72]:25, delay=0.64, delays=0.05/0/0.22/0.37, dsn=2.0.0, status=sent (250 2.0.0 Message accepted.)
Jan 21 08:37:24 hnmomega postfix/qmgr[8199]: 28C7A239: removed
Jan 21 08:37:47 hnmomega postfix/smtp[20248]: connect to mail.juristlot.com[95.211.141.219]:25: Connection timed out
Jan 21 08:37:47 hnmomega postfix/smtp[20248]: D506523E: to=<jackie-service=fink-landtechnik.de@juristlot.com>, relay=none, delay=126482, delays=126452/0.01/30/0, dsn=4.4.1, status=deferred (connect to mail.juristlot.com[95.211.141.219]:25: Connection timed out)
Jan 21 08:37:47 hnmomega postfix/smtp[20249]: connect to telcomm-net.de[185.53.178.6]:25: Connection timed out
Jan 21 08:37:47 hnmomega postfix/smtp[20249]: 2342C82: to=<webmaster@telcomm-net.de>, relay=none, delay=84388, delays=84358/0.03/30/0, dsn=4.4.1, status=deferred (connect to telcomm-net.de[185.53.178.6]:25: Connection timed out)
Jan 21 08:38:01 hnmomega postfix/smtpd[19250]: connect from hnmamavis01.hnmnet.de[10.193.1.3]
Jan 21 08:38:01 hnmomega postfix/smtpd[19250]: 3832C26A: client=hnmamavis01.hnmnet.de[10.193.1.3]
Jan 21 08:38:01 hnmomega postfix/cleanup[19253]: 3832C26A: message-id=<F2C20BBF4E5A044AA51BE7739E286579E8BF0C@w2k3-sbs.AHAG.local>
Jan 21 08:38:01 hnmomega postfix/qmgr[8199]: 3832C26A: from=<Britta.Natrup@ahag-bmw.de>, size=11162, nrcpt=1 (queue active)
Jan 21 08:38:01 hnmomega postfix/smtpd[19250]: disconnect from hnmamavis01.hnmnet.de[10.193.1.3]
Jan 21 08:38:01 hnmomega postfix/smtp[19254]: 3832C26A: to=<atorka@gmx.net>, relay=mx00.emig.gmx.net[212.227.15.9]:25, delay=0.63, delays=0/0/0.18/0.44, dsn=2.0.0, status=sent (250 Requested mail action okay, completed: id=0Lsg0X-1Xl4bo1rwH-012FRM)
Jan 21 08:38:01 hnmomega postfix/qmgr[8199]: 3832C26A: removed
Jan 21 08:38:44 hnmomega postfix/smtpd[19250]: connect from hnmamavis01.hnmnet.de[10.193.1.3]
Jan 21 08:38:44 hnmomega postfix/smtpd[19250]: CEB5226A: client=hnmamavis01.hnmnet.de[10.193.1.3]
Jan 21 08:38:44 hnmomega postfix/cleanup[19253]: CEB5226A: message-id=<69C8859E265240218272F75425C1DDA1@PCRezeption1>
Jan 21 08:38:44 hnmomega postfix/qmgr[8199]: CEB5226A: from=<info@hotel-moewe.de>, size=211049, nrcpt=1 (queue active)
Jan 21 08:38:44 hnmomega postfix/smtpd[19250]: disconnect from hnmamavis01.hnmnet.de[10.193.1.3]
Jan 21 08:38:45 hnmomega postfix/smtp[20248]: CEB5226A: to=<herhaus.dagmar@web.de>, relay=mx-ha02.web.de[213.165.67.120]:25, delay=0.54, delays=0.01/0/0.2/0.32, dsn=2.0.0, status=sent (250 Requested mail action okay, completed: id=0M6kXY-1XqmgL0LlU-00wSyy)
Jan 21 08:38:45 hnmomega postfix/qmgr[8199]: CEB5226A: removed
Jan 21 08:39:34 hnmomega postfix/smtpd[19250]: connect from hnmamavis01.hnmnet.de[10.193.1.3]
Jan 21 08:39:34 hnmomega postfix/smtpd[19250]: 17F7A26A: client=hnmamavis01.hnmnet.de[10.193.1.3]
Jan 21 08:39:34 hnmomega postfix/cleanup[19253]: 17F7A26A: message-id=<F2C20BBF4E5A044AA51BE7739E286579E8BF0D@w2k3-sbs.AHAG.local>
Jan 21 08:39:34 hnmomega postfix/qmgr[8199]: 17F7A26A: from=<Sebastian.Port@ahag-bmw.de>, size=8788118, nrcpt=1 (queue active)
Jan 21 08:39:34 hnmomega postfix/smtpd[19250]: disconnect from hnmamavis01.hnmnet.de[10.193.1.3]
Jan 21 08:39:39 hnmomega postfix/smtpd[19250]: connect from hnmamavis01.hnmnet.de[10.193.1.3]
Jan 21 08:39:39 hnmomega postfix/smtpd[19250]: 3BFC926B: client=hnmamavis01.hnmnet.de[10.193.1.3]
Jan 21 08:39:39 hnmomega postfix/cleanup[19253]: 3BFC926B: message-id=<F2C20BBF4E5A044AA51BE7739E286579E8BF0E@w2k3-sbs.AHAG.local>
Jan 21 08:39:39 hnmomega postfix/qmgr[8199]: 3BFC926B: from=<Tobias.Kauth@ahag-bmw.de>, size=291833, nrcpt=1 (queue active)
Jan 21 08:39:39 hnmomega postfix/smtpd[19250]: disconnect from hnmamavis01.hnmnet.de[10.193.1.3]
Jan 21 08:39:39 hnmomega postfix/smtp[20248]: 3BFC926B: to=<marcel.haenel@gmx.de>, relay=mx01.emig.gmx.net[213.165.67.97]:25, delay=0.69, delays=0.03/0/0.17/0.49, dsn=2.0.0, status=sent (250 Requested mail action okay, completed: id=0MXE4X-1YGntu1yVB-00WB50)
Jan 21 08:39:39 hnmomega postfix/qmgr[8199]: 3BFC926B: removed
Jan 21 08:39:40 hnmomega postfix/smtpd[19250]: connect from hnmamavis01.hnmnet.de[10.193.1.3]
Jan 21 08:39:40 hnmomega postfix/smtpd[19250]: 3838F26B: client=hnmamavis01.hnmnet.de[10.193.1.3]
Jan 21 08:39:40 hnmomega postfix/cleanup[19253]: 3838F26B: message-id=<F2C20BBF4E5A044AA51BE7739E286579E8BF0F@w2k3-sbs.AHAG.local>
Jan 21 08:39:40 hnmomega postfix/qmgr[8199]: 3838F26B: from=<Jessica.Kij@ahag-bmw.de>, size=246430, nrcpt=1 (queue active)
Jan 21 08:39:40 hnmomega postfix/smtpd[19250]: disconnect from hnmamavis01.hnmnet.de[10.193.1.3]
Jan 21 08:39:41 hnmomega postfix/smtp[20248]: 3838F26B: to=<ggg@meneks.de>, relay=cluster4.eu.messagelabs.com[193.109.254.147]:25, delay=0.89, delays=0.05/0/0.37/0.47, dsn=2.0.0, status=sent (250 ok 1421825981 qp 17655 server-2.tower-27.messagelabs.com!1421825980!21941197!1)
Jan 21 08:39:41 hnmomega postfix/qmgr[8199]: 3838F26B: removed
Jan 21 08:40:12 hnmomega postfix/smtpd[19250]: connect from hnmamavis01.hnmnet.de[10.193.1.3]
Jan 21 08:40:12 hnmomega postfix/smtpd[19250]: F37DD26B: client=hnmamavis01.hnmnet.de[10.193.1.3]
Jan 21 08:40:12 hnmomega postfix/cleanup[19253]: F37DD26B: message-id=<31C425858E607048986071BE6773F435013ECEBE57@c11021>
Jan 21 08:40:13 hnmomega postfix/qmgr[8199]: F37DD26B: from=<Nicole.Schnittger@ahag-bochum.de>, size=315376, nrcpt=3 (queue active)
Jan 21 08:40:13 hnmomega postfix/smtpd[19250]: disconnect from hnmamavis01.hnmnet.de[10.193.1.3]
Jan 21 08:40:13 hnmomega postfix/smtp[20248]: F37DD26B: to=<manuela.nows@bmw-ernst.de>, relay=mail.bmw-ernst.de[212.12.37.222]:25, delay=0.22, delays=0.08/0/0.06/0.09, dsn=2.0.0, status=sent (250 2.0.0 Ok: queued as 20BD01C905C)
Jan 21 08:40:13 hnmomega postfix/smtp[20248]: F37DD26B: to=<michael.preuss@bmw-ernst.de>, relay=mail.bmw-ernst.de[212.12.37.222]:25, delay=0.22, delays=0.08/0/0.06/0.09, dsn=2.0.0, status=sent (250 2.0.0 Ok: queued as 20BD01C905C)
Jan 21 08:40:13 hnmomega postfix/smtp[20248]: F37DD26B: to=<patrick.hoeft@bmw-ernst.de>, relay=mail.bmw-ernst.de[212.12.37.222]:25, delay=0.22, delays=0.08/0/0.06/0.09, dsn=2.0.0, status=sent (250 2.0.0 Ok: queued as 20BD01C905C)
Jan 21 08:40:13 hnmomega postfix/qmgr[8199]: F37DD26B: removed
Jan 21 08:40:16 hnmomega postfix/smtpd[19250]: connect from hnmamavis01.hnmnet.de[10.193.1.3]
Jan 21 08:40:16 hnmomega postfix/smtpd[19250]: 7B7F626B: client=hnmamavis01.hnmnet.de[10.193.1.3]
Jan 21 08:40:16 hnmomega postfix/cleanup[19253]: 7B7F626B: message-id=<31C425858E607048986071BE6773F435013ECEBE57@c11021>
Jan 21 08:40:16 hnmomega postfix/qmgr[8199]: 7B7F626B: from=<Nicole.Schnittger@ahag-bochum.de>, size=315518, nrcpt=1 (queue active)
Jan 21 08:40:16 hnmomega postfix/smtpd[19250]: disconnect from hnmamavis01.hnmnet.de[10.193.1.3]
Jan 21 08:40:17 hnmomega postfix/smtp[20248]: 7B7F626B: to=<info@arnekirchner.com>, relay=mx51.mymxserver.com[188.94.249.25]:25, delay=1.1, delays=0.03/0/0.07/0.98, dsn=2.0.0, status=sent (250 2.0.0 Ok: queued as A29DB3D41E4)
Jan 21 08:40:17 hnmomega postfix/qmgr[8199]: 7B7F626B: removed
Jan 21 08:40:32 hnmomega postfix/smtp[19254]: 17F7A26A: to=<barmadol@rhone.ch>, relay=mail.rhone.ch[81.201.202.3]:25, delay=59, delays=0.66/0/15/43, dsn=2.0.0, status=sent (250 254897445 message accepted for delivery)
Jan 21 08:40:32 hnmomega postfix/qmgr[8199]: 17F7A26A: removed
Jan 21 08:40:59 hnmomega postfix/smtpd[19250]: connect from hnmamavis01.hnmnet.de[10.193.1.3]
Jan 21 08:40:59 hnmomega postfix/smtpd[19250]: 1D6D126A: client=hnmamavis01.hnmnet.de[10.193.1.3]
Jan 21 08:40:59 hnmomega postfix/cleanup[19253]: 1D6D126A: message-id=<F2C20BBF4E5A044AA51BE7739E286579E8BF11@w2k3-sbs.AHAG.local>
Jan 21 08:40:59 hnmomega postfix/smtpd[20774]: warning: database /etc/aliases.db is older than source file /etc/aliases
Jan 21 08:40:59 hnmomega postfix/smtpd[20774]: connect from hnmamavis01.hnmnet.de[10.193.1.3]
Jan 21 08:40:59 hnmomega postfix/smtpd[20774]: 2AF1C26B: client=hnmamavis01.hnmnet.de[10.193.1.3]
Jan 21 08:40:59 hnmomega postfix/cleanup[20776]: 2AF1C26B: message-id=<F2C20BBF4E5A044AA51BE7739E286579E8BF12@w2k3-sbs.AHAG.local>
Jan 21 08:40:59 hnmomega postfix/qmgr[8199]: 2AF1C26B: from=<Andreas.Nehring@ahag-bmw.de>, size=137786, nrcpt=1 (queue active)
Jan 21 08:40:59 hnmomega postfix/smtpd[20774]: disconnect from hnmamavis01.hnmnet.de[10.193.1.3]
Jan 21 08:40:59 hnmomega postfix/qmgr[8199]: 1D6D126A: from=<Sebastian.Port@ahag-bmw.de>, size=6879932, nrcpt=1 (queue active)
Jan 21 08:40:59 hnmomega postfix/smtpd[19250]: disconnect from hnmamavis01.hnmnet.de[10.193.1.3]
Jan 21 08:40:59 hnmomega postfix/smtp[20248]: 2AF1C26B: to=<Dortmund@kanzlei-voigt.de>, relay=mx00.kundenserver.de[212.227.15.134]:25, delay=0.61, delays=0.03/0/0.23/0.35, dsn=2.0.0, status=sent (250 Requested mail action okay, completed: id=0MUwqC-1YEsfX1pFM-00YAFl)
Jan 21 08:40:59 hnmomega postfix/qmgr[8199]: 2AF1C26B: removed
Jan 21 08:41:25 hnmomega postfix/smtpd[20774]: connect from hnmamavis01.hnmnet.de[10.193.1.3]
Jan 21 08:41:25 hnmomega postfix/smtpd[20774]: 15A8826B: client=hnmamavis01.hnmnet.de[10.193.1.3]
Jan 21 08:41:25 hnmomega postfix/cleanup[20776]: 15A8826B: message-id=<F2C20BBF4E5A044AA51BE7739E286579E8BF13@w2k3-sbs.AHAG.local>
Jan 21 08:41:25 hnmomega postfix/qmgr[8199]: 15A8826B: from=<Fenja.Reimann@ahag-bmw.de>, size=16275, nrcpt=1 (queue active)
Jan 21 08:41:25 hnmomega postfix/smtpd[20774]: disconnect from hnmamavis01.hnmnet.de[10.193.1.3]
Jan 21 08:41:25 hnmomega postfix/smtpd[19250]: connect from hnmamavis01.hnmnet.de[10.193.1.3]
Jan 21 08:41:25 hnmomega postfix/smtpd[19250]: 4FB8826C: client=hnmamavis01.hnmnet.de[10.193.1.3]
Jan 21 08:41:25 hnmomega postfix/cleanup[19253]: 4FB8826C: message-id=<F2C20BBF4E5A044AA51BE7739E286579E8BF14@w2k3-sbs.AHAG.local>
Jan 21 08:41:25 hnmomega postfix/qmgr[8199]: 4FB8826C: from=<Fenja.Reimann@ahag-bmw.de>, size=13692, nrcpt=1 (queue active)
Jan 21 08:41:25 hnmomega postfix/smtpd[19250]: disconnect from hnmamavis01.hnmnet.de[10.193.1.3]
Jan 21 08:41:25 hnmomega postfix/smtpd[20774]: connect from hnmamavis01.hnmnet.de[10.193.1.3]
Jan 21 08:41:25 hnmomega postfix/smtpd[20774]: 8723926D: client=hnmamavis01.hnmnet.de[10.193.1.3]
Jan 21 08:41:25 hnmomega postfix/cleanup[20776]: 8723926D: message-id=<F2C20BBF4E5A044AA51BE7739E286579E8BF15@w2k3-sbs.AHAG.local>
Jan 21 08:41:25 hnmomega postfix/qmgr[8199]: 8723926D: from=<Fenja.Reimann@ahag-bmw.de>, size=12354, nrcpt=1 (queue active)
Jan 21 08:41:25 hnmomega postfix/smtpd[20774]: disconnect from hnmamavis01.hnmnet.de[10.193.1.3]
Jan 21 08:41:26 hnmomega postfix/smtpd[19250]: connect from hnmamavis01.hnmnet.de[10.193.1.3]
Jan 21 08:41:26 hnmomega postfix/smtpd[19250]: 461A726E: client=hnmamavis01.hnmnet.de[10.193.1.3]
Jan 21 08:41:26 hnmomega postfix/cleanup[19253]: 461A726E: message-id=<F2C20BBF4E5A044AA51BE7739E286579E8BF16@w2k3-sbs.AHAG.local>
Jan 21 08:41:26 hnmomega postfix/qmgr[8199]: 461A726E: from=<Fenja.Reimann@ahag-bmw.de>, size=12322, nrcpt=1 (queue active)
Jan 21 08:41:26 hnmomega postfix/smtpd[19250]: disconnect from hnmamavis01.hnmnet.de[10.193.1.3]
Jan 21 08:41:28 hnmomega postfix/smtp[20778]: 8723926D: to=<martin.hochstrat@bmw-van-der-moolen.de>, relay=mailrelay.globalways.net[94.186.131.102]:25, delay=3.4, delays=0/0.01/0.19/3.2, dsn=2.0.0, status=sent (250 2.0.0 Ok: queued as CADA41004B)
Jan 21 08:41:29 hnmomega postfix/qmgr[8199]: 8723926D: removed
Jan 21 08:41:29 hnmomega postfix/smtp[20248]: 15A8826B: to=<eugen.kohlmann@bmw-van-der-moolen.de>, relay=mailrelay.globalways.net[94.186.131.102]:25, delay=4.9, delays=0/0/0.31/4.6, dsn=2.0.0, status=sent (250 2.0.0 Ok: queued as AC5CB1000D)
Jan 21 08:41:29 hnmomega postfix/qmgr[8199]: 15A8826B: removed
Jan 21 08:41:31 hnmomega postfix/smtp[20779]: 461A726E: to=<christian.dudler@bmw-van-der-moolen.de>, relay=mailrelay.globalways.net[94.186.131.101]:25, delay=5.1, delays=0/0.01/0.19/4.9, dsn=2.0.0, status=sent (250 2.0.0 Ok: queued as 26B5740A9)
Jan 21 08:41:31 hnmomega postfix/qmgr[8199]: 461A726E: removed
Jan 21 08:41:31 hnmomega postfix/smtp[20777]: 4FB8826C: to=<julian.leduec@bmw-van-der-moolen.de>, relay=mailrelay.globalways.net[94.186.131.102]:25, delay=6.1, delays=0/0.01/0.17/5.9, dsn=2.0.0, status=sent (250 2.0.0 Ok: queued as ACE4F1003B)
Jan 21 08:41:31 hnmomega postfix/qmgr[8199]: 4FB8826C: removed
Jan 21 08:41:37 hnmomega postfix/smtpd[20774]: connect from hnmamavis01.hnmnet.de[10.193.1.3]
Jan 21 08:41:37 hnmomega postfix/smtpd[20774]: 5FA7D26B: client=hnmamavis01.hnmnet.de[10.193.1.3]
Jan 21 08:41:37 hnmomega postfix/cleanup[20776]: 5FA7D26B: message-id=<F2C20BBF4E5A044AA51BE7739E286579E8BF17@w2k3-sbs.AHAG.local>
Jan 21 08:41:37 hnmomega postfix/qmgr[8199]: 5FA7D26B: from=<Fenja.Reimann@ahag-bmw.de>, size=12305, nrcpt=1 (queue active)
Jan 21 08:41:37 hnmomega postfix/smtpd[20774]: disconnect from hnmamavis01.hnmnet.de[10.193.1.3]
Jan 21 08:41:39 hnmomega postfix/smtp[20778]: 5FA7D26B: to=<marc.schoenrath@bmw-van-der-moolen.de>, relay=mailrelay.globalways.net[94.186.131.100]:25, delay=2.3, delays=0/0/0.15/2.2, dsn=2.0.0, status=sent (250 2.0.0 Ok: queued as 563C5E007B)
Jan 21 08:41:39 hnmomega postfix/qmgr[8199]: 5FA7D26B: removed
Jan 21 08:41:49 hnmomega postfix/smtp[19254]: 1D6D126A: to=<barmadol@rhone.ch>, relay=mail.rhone.ch[81.201.202.3]:25, delay=50, delays=0.46/0/15/34, dsn=2.0.0, status=sent (250 254897571 message accepted for delivery)
Jan 21 08:41:49 hnmomega postfix/qmgr[8199]: 1D6D126A: removed
Jan 21 08:41:49 hnmomega postfix/smtpd[19250]: connect from hnmamavis01.hnmnet.de[10.193.1.3]
Jan 21 08:41:49 hnmomega postfix/smtpd[19250]: 7ED7926A: client=hnmamavis01.hnmnet.de[10.193.1.3]
Jan 21 08:41:49 hnmomega postfix/cleanup[19253]: 7ED7926A: message-id=<54BF582D.9090203@pommersches-landesmuseum.de>
Jan 21 08:41:49 hnmomega postfix/qmgr[8199]: 7ED7926A: from=<darr@pommersches-landesmuseum.de>, size=191058, nrcpt=1 (queue active)
Jan 21 08:41:49 hnmomega postfix/smtpd[19250]: disconnect from hnmamavis01.hnmnet.de[10.193.1.3]
Jan 21 08:41:50 hnmomega postfix/smtp[20248]: 7ED7926A: to=<janabalje@gmx.de>, relay=mx01.emig.gmx.net[213.165.67.115]:25, delay=0.71, delays=0.02/0/0.38/0.31, dsn=2.0.0, status=sent (250 Requested mail action okay, completed: id=0MdF9D-1YUXrK3xA3-00ISN6)
Jan 21 08:41:50 hnmomega postfix/qmgr[8199]: 7ED7926A: removed
Jan 21 08:41:55 hnmomega postfix/smtpd[20774]: connect from hnmamavis01.hnmnet.de[10.193.1.3]
Jan 21 08:41:55 hnmomega postfix/smtpd[20774]: 35CF926A: client=hnmamavis01.hnmnet.de[10.193.1.3]
Jan 21 08:41:55 hnmomega postfix/cleanup[20776]: 35CF926A: message-id=<09BD62B4C8045B4EAD3E1382ABA31BCD0216993D@S1.varioug.local>
Jan 21 08:41:55 hnmomega postfix/qmgr[8199]: 35CF926A: from=<ALorenz@varioug.de>, size=18535, nrcpt=1 (queue active)
Jan 21 08:41:55 hnmomega postfix/smtpd[20774]: disconnect from hnmamavis01.hnmnet.de[10.193.1.3]
Jan 21 08:42:02 hnmomega postfix/smtp[20779]: 35CF926A: to=<echo@datevnet.de>, relay=idvmailin12.datevnet.de[193.27.50.98]:25, delay=7.5, delays=0/0/6.8/0.77, dsn=2.0.0, status=sent (250 2.0.0 Ok: queued as 3kRzG20M24z2x9J)
Jan 21 08:42:02 hnmomega postfix/qmgr[8199]: 35CF926A: removed
Jan 21 08:42:17 hnmomega postfix/qmgr[8199]: 90BFA260: from=<>, size=13162, nrcpt=1 (queue active)
Jan 21 08:42:17 hnmomega postfix/qmgr[8199]: AD17A268: from=<>, size=12761, nrcpt=1 (queue active)
Jan 21 08:42:18 hnmomega postfix/smtp[20778]: AD17A268: to=<info@xperts-hidden.com>, relay=mail.xperts-hidden.com[81.180.168.168]:25, delay=59390, delays=59390/0/0.24/0.05, dsn=4.7.1, status=deferred (host mail.xperts-hidden.com[81.180.168.168] said: 454 4.7.1 <info@xperts-hidden.com>: Relay access denied (in reply to RCPT TO command))
Jan 21 08:42:18 hnmomega postfix/smtp[20777]: 90BFA260: to=<postmaster@yournetselect.info>, relay=yournetselect.info[96.31.74.42]:25, delay=80398, delays=80397/0/0.62/0.31, dsn=4.2.2, status=deferred (host yournetselect.info[96.31.74.42] said: 452 4.2.2 Mailbox full (in reply to RCPT TO command))
Jan 21 08:42:27 hnmomega postfix/smtpd[19250]: connect from hnmamavis01.hnmnet.de[10.193.1.3]
Jan 21 08:42:27 hnmomega postfix/smtpd[19250]: C5BBE26A: client=hnmamavis01.hnmnet.de[10.193.1.3]
Jan 21 08:42:27 hnmomega postfix/cleanup[19253]: C5BBE26A: message-id=<64EED43D63CF1E44BDAFC8BC8B214AAC01E2A982@hven-076srv014.bmw-ernst.local>
Jan 21 08:42:27 hnmomega postfix/cleanup[19253]: C5BBE26A: resent-message-id=<20150121074227.B60F0FEE@hnmamavis01.hnmnet.de>
Jan 21 08:42:27 hnmomega postfix/qmgr[8199]: C5BBE26A: from=<arne.kirchner@ahag-bochum.de>, size=304532, nrcpt=1 (queue active)
Jan 21 08:42:27 hnmomega postfix/smtpd[19250]: disconnect from hnmamavis01.hnmnet.de[10.193.1.3]
Jan 21 08:42:28 hnmomega postfix/smtpd[20774]: connect from hnmamavis01.hnmnet.de[10.193.1.3]
Jan 21 08:42:28 hnmomega postfix/smtpd[20774]: 8E32F26B: client=hnmamavis01.hnmnet.de[10.193.1.3]
Jan 21 08:42:28 hnmomega postfix/cleanup[20776]: 8E32F26B: message-id=<F2C20BBF4E5A044AA51BE7739E286579E8BF1B@w2k3-sbs.AHAG.local>
Jan 21 08:42:28 hnmomega postfix/qmgr[8199]: 8E32F26B: from=<Michael.Juenemann@ahag-bmw.de>, size=212555, nrcpt=1 (queue active)
Jan 21 08:42:28 hnmomega postfix/smtpd[20774]: disconnect from hnmamavis01.hnmnet.de[10.193.1.3]
Jan 21 08:42:29 hnmomega postfix/smtp[20248]: C5BBE26A: to=<info@arnekirchner.com>, relay=nx51.mymxserver.com[188.94.250.250]:25, delay=1.3, delays=0.02/0/0.06/1.2, dsn=2.0.0, status=sent (250 2.0.0 Ok: queued as 01CD03D41E1)
Jan 21 08:42:29 hnmomega postfix/qmgr[8199]: C5BBE26A: removed
Jan 21 08:42:29 hnmomega postfix/smtp[19254]: 8E32F26B: to=<d.fuhrmann@spuerkel.de>, relay=mailproxy2.spuerkel.de[188.40.69.76]:25, delay=1.1, delays=0.02/0/0.22/0.9, dsn=2.0.0, status=sent (250 2.0.0 Ok: queued as C5FBBE28037)
Jan 21 08:42:29 hnmomega postfix/qmgr[8199]: 8E32F26B: removed
Jan 21 08:42:55 hnmomega postfix/smtpd[19250]: connect from hnmamavis01.hnmnet.de[10.193.1.3]
Jan 21 08:42:55 hnmomega postfix/smtpd[19250]: 185DF26A: client=hnmamavis01.hnmnet.de[10.193.1.3]
Jan 21 08:42:55 hnmomega postfix/cleanup[19253]: 185DF26A: message-id=<585C726F99A45C478FF35D0F476EBDC202B88D0C@S1.varioug.local>
Jan 21 08:42:55 hnmomega postfix/qmgr[8199]: 185DF26A: from=<UBorgwardt@varioug.de>, size=40381, nrcpt=1 (queue active)
Jan 21 08:42:55 hnmomega postfix/smtpd[19250]: disconnect from hnmamavis01.hnmnet.de[10.193.1.3]
Jan 21 08:43:02 hnmomega postfix/smtp[20779]: 185DF26A: to=<echo@datevnet.de>, relay=idvmailin13.datevnet.de[193.27.50.112]:25, delay=7, delays=0.01/0/6.2/0.78, dsn=2.0.0, status=sent (250 2.0.0 Ok: queued as 3kRzH92mwqz6Hh)
Jan 21 08:43:02 hnmomega postfix/qmgr[8199]: 185DF26A: removed
Jan 21 08:43:27 hnmomega postfix/smtpd[20774]: connect from hnmamavis01.hnmnet.de[10.193.1.3]
Jan 21 08:43:27 hnmomega postfix/smtpd[20774]: B479F26A: client=hnmamavis01.hnmnet.de[10.193.1.3]
Jan 21 08:43:27 hnmomega postfix/cleanup[20776]: B479F26A: message-id=<7887C212B04E8F409963D70C7617448C012AB4FB18@c11021>
Jan 21 08:43:27 hnmomega postfix/qmgr[8199]: B479F26A: from=<michael.volpi@ahag-bochum.de>, size=7195, nrcpt=1 (queue active)
Jan 21 08:43:27 hnmomega postfix/smtpd[20774]: disconnect from hnmamavis01.hnmnet.de[10.193.1.3]
Jan 21 08:43:28 hnmomega postfix/smtp[20778]: B479F26A: to=<fuad.karacic@googlemail.com>, relay=gmail-smtp-in.l.google.com[74.125.136.27]:25, delay=0.74, delays=0/0/0.29/0.45, dsn=2.0.0, status=sent (250 2.0.0 OK 1421826208 eu10si10042345wib.35 - gsmtp)
Jan 21 08:43:28 hnmomega postfix/qmgr[8199]: B479F26A: removed
Jan 21 08:43:31 hnmomega postfix/smtpd[19250]: connect from hnmamavis01.hnmnet.de[10.193.1.3]
Jan 21 08:43:31 hnmomega postfix/smtpd[19250]: C8F6B26A: client=hnmamavis01.hnmnet.de[10.193.1.3]
Jan 21 08:43:31 hnmomega postfix/cleanup[19253]: C8F6B26A: message-id=<D872BE418746A3449520372F8038CAD08F27BA@srvwiemail.wiesmann.local>
Jan 21 08:43:31 hnmomega postfix/qmgr[8199]: C8F6B26A: from=<Michael.Knuth-Zajonz@ahag-coesfeld.de>, size=10715, nrcpt=1 (queue active)
Jan 21 08:43:31 hnmomega postfix/smtpd[19250]: disconnect from hnmamavis01.hnmnet.de[10.193.1.3]
Jan 21 08:43:33 hnmomega postfix/smtpd[20774]: connect from hnmamavis01.hnmnet.de[10.193.1.3]
Jan 21 08:43:33 hnmomega postfix/smtpd[20774]: CE8BA26B: client=hnmamavis01.hnmnet.de[10.193.1.3]
Jan 21 08:43:33 hnmomega postfix/cleanup[20776]: CE8BA26B: message-id=<20150121074313.2ECD717B@hnmmail01.hnmnet.de>
Jan 21 08:43:33 hnmomega postfix/qmgr[8199]: CE8BA26B: from=<>, size=7164, nrcpt=1 (queue active)
Jan 21 08:43:33 hnmomega postfix/smtpd[20774]: disconnect from hnmamavis01.hnmnet.de[10.193.1.3]
Jan 21 08:43:34 hnmomega postfix/smtp[20248]: CE8BA26B: to=<bounces@stayfriends.de>, relay=mx1.stayfriends.de[193.105.46.73]:25, delay=0.35, delays=0/0/0.22/0.13, dsn=2.0.0, status=sent (250 2.0.0 Ok: queued as 17A0D20215)
Jan 21 08:43:34 hnmomega postfix/qmgr[8199]: CE8BA26B: removed
Jan 21 08:43:34 hnmomega postfix/smtp[20777]: C8F6B26A: to=<burlagem@hotmail.com>, relay=mx3.hotmail.com[65.55.33.119]:25, delay=2.9, delays=0/0/1.4/1.6, dsn=2.0.0, status=sent (250  <D872BE418746A3449520372F8038CAD08F27BA@srvwiemail.wiesmann.local> Queued mail for delivery)
Jan 21 08:43:34 hnmomega postfix/qmgr[8199]: C8F6B26A: removed
Jan 21 08:43:45 hnmomega postfix/smtpd[19250]: connect from hnmamavis01.hnmnet.de[10.193.1.3]
Jan 21 08:43:45 hnmomega postfix/smtpd[19250]: 17B8526A: client=hnmamavis01.hnmnet.de[10.193.1.3]
Jan 21 08:43:45 hnmomega postfix/cleanup[19253]: 17B8526A: message-id=<F2C20BBF4E5A044AA51BE7739E286579E8BF1F@w2k3-sbs.AHAG.local>
Jan 21 08:43:45 hnmomega postfix/qmgr[8199]: 17B8526A: from=<Michael.Juenemann@ahag-bmw.de>, size=360871, nrcpt=1 (queue active)
Jan 21 08:43:45 hnmomega postfix/smtpd[19250]: disconnect from hnmamavis01.hnmnet.de[10.193.1.3]
Jan 21 08:43:46 hnmomega postfix/smtp[19254]: 17B8526A: to=<info@prorent.eu>, relay=mx1.mail-pusher.de[80.82.223.55]:25, delay=1.2, delays=0.02/0/0.24/0.96, dsn=2.0.0, status=sent (250 2.0.0 Ok: queued as 219BB40E6C)
Jan 21 08:43:46 hnmomega postfix/qmgr[8199]: 17B8526A: removed
Jan 21 08:44:36 hnmomega postfix/smtpd[20774]: connect from hnmamavis01.hnmnet.de[10.193.1.3]
Jan 21 08:44:36 hnmomega postfix/smtpd[20774]: DF12426A: client=hnmamavis01.hnmnet.de[10.193.1.3]
Jan 21 08:44:36 hnmomega postfix/cleanup[20776]: DF12426A: message-id=<15863091.1421826212286.JavaMail.clientonede-0020@CLIENTONESERVER>
Jan 21 08:44:36 hnmomega postfix/cleanup[20776]: DF12426A: resent-message-id=<20150121074436.DBE7E163@hnmamavis01.hnmnet.de>
Jan 21 08:44:36 hnmomega postfix/qmgr[8199]: DF12426A: from=<arne.kirchner@ahag-bochum.de>, size=14758, nrcpt=1 (queue active)
Jan 21 08:44:36 hnmomega postfix/smtpd[20774]: disconnect from hnmamavis01.hnmnet.de[10.193.1.3]
Jan 21 08:44:37 hnmomega postfix/smtp[20779]: DF12426A: to=<info@arnekirchner.com>, relay=mx51.mymxserver.com[188.94.251.25]:25, delay=0.94, delays=0/0/0.06/0.87, dsn=2.0.0, status=sent (250 2.0.0 Ok: queued as ACD503D41E3)
Jan 21 08:44:37 hnmomega postfix/qmgr[8199]: DF12426A: removed
Jan 21 08:44:47 hnmomega postfix/smtpd[19250]: connect from hnmamavis01.hnmnet.de[10.193.1.3]
Jan 21 08:44:47 hnmomega postfix/smtpd[19250]: 2093626A: client=hnmamavis01.hnmnet.de[10.193.1.3]
Jan 21 08:44:47 hnmomega postfix/cleanup[19253]: 2093626A: message-id=<D872BE418746A3449520372F8038CAD08F27BB@srvwiemail.wiesmann.local>
Jan 21 08:44:47 hnmomega postfix/qmgr[8199]: 2093626A: from=<Lisa.Hoffmann@ahag-duelmen.de>, size=4614, nrcpt=1 (queue active)
Jan 21 08:44:47 hnmomega postfix/smtpd[19250]: disconnect from hnmamavis01.hnmnet.de[10.193.1.3]
Jan 21 08:44:47 hnmomega postfix/smtp[20778]: 2093626A: to=<steinbeck-vogt@t-online.de>, relay=mx00.t-online.de[194.25.134.8]:25, delay=0.42, delays=0.05/0/0.17/0.2, dsn=2.0.0, status=sent (250 2.0.0 Message accepted.)
Jan 21 08:44:47 hnmomega postfix/qmgr[8199]: 2093626A: removed
Jan 21 08:45:07 hnmomega postfix/smtpd[20774]: connect from hnmamavis01.hnmnet.de[10.193.1.3]
Jan 21 08:45:07 hnmomega postfix/smtpd[20774]: 767A626A: client=hnmamavis01.hnmnet.de[10.193.1.3]
Jan 21 08:45:07 hnmomega postfix/cleanup[20776]: 767A626A: message-id=<7927E413BFC146778E56ED295B75191A@PCRezeption1>
Jan 21 08:45:07 hnmomega postfix/qmgr[8199]: 767A626A: from=<info@hotel-moewe.de>, size=206204, nrcpt=1 (queue active)
Jan 21 08:45:07 hnmomega postfix/smtpd[20774]: disconnect from hnmamavis01.hnmnet.de[10.193.1.3]
Jan 21 08:45:08 hnmomega postfix/smtp[20248]: 767A626A: to=<tauchert-schmidt-u@gmx.de>, relay=mx01.emig.gmx.net[213.165.67.97]:25, delay=0.92, delays=0.21/0/0.21/0.5, dsn=2.0.0, status=sent (250 Requested mail action okay, completed: id=0MStp3-1YLEO63s6n-00RrgZ)
Jan 21 08:45:08 hnmomega postfix/qmgr[8199]: 767A626A: removed
Jan 21 08:46:54 hnmomega postfix/smtpd[21775]: warning: database /etc/aliases.db is older than source file /etc/aliases
Jan 21 08:46:54 hnmomega postfix/smtpd[21775]: connect from hnmamavis01.hnmnet.de[10.193.1.3]
Jan 21 08:46:54 hnmomega postfix/smtpd[21775]: 8427D26A: client=hnmamavis01.hnmnet.de[10.193.1.3]
Jan 21 08:46:54 hnmomega postfix/cleanup[21777]: 8427D26A: message-id=<7887C212B04E8F409963D70C7617448C012AB4FB29@c11021>
Jan 21 08:46:54 hnmomega postfix/qmgr[8199]: 8427D26A: from=<michael.volpi@ahag-bochum.de>, size=521047, nrcpt=1 (queue active)
Jan 21 08:46:54 hnmomega postfix/smtpd[21775]: disconnect from hnmamavis01.hnmnet.de[10.193.1.3]
Jan 21 08:46:55 hnmomega postfix/smtp[21778]: 8427D26A: to=<Andreas.Buerkler@bmw.de>, relay=mx1.bmw.c3s2.iphmx.com[68.232.139.62]:25, delay=0.7, delays=0.04/0.01/0.31/0.34, dsn=2.0.0, status=sent (250 ok:  Message 24174127 accepted)
Jan 21 08:46:55 hnmomega postfix/qmgr[8199]: 8427D26A: removed
Jan 21 08:47:04 hnmomega postfix/smtpd[21775]: connect from hnmamavis01.hnmnet.de[10.193.1.3]
Jan 21 08:47:04 hnmomega postfix/smtpd[21775]: F0C8C26A: client=hnmamavis01.hnmnet.de[10.193.1.3]
Jan 21 08:47:04 hnmomega postfix/cleanup[21777]: F0C8C26A: message-id=<F2C20BBF4E5A044AA51BE7739E286579DC0910@w2k3-sbs.AHAG.local>
Jan 21 08:47:05 hnmomega postfix/qmgr[8199]: F0C8C26A: from=<Maik.Natrup@ahag-bmw.de>, size=528221, nrcpt=1 (queue active)
Jan 21 08:47:05 hnmomega postfix/smtpd[21775]: disconnect from hnmamavis01.hnmnet.de[10.193.1.3]
Jan 21 08:47:05 hnmomega postfix/smtp[21778]: F0C8C26A: to=<maxelon@kanzlei-maxelon.de>, relay=mx00.kundenserver.de[212.227.15.134]:25, delay=0.74, delays=0.05/0/0.24/0.45, dsn=2.0.0, status=sent (250 Requested mail action okay, completed: id=0MTaQV-1YKgP81HXj-00SOTD)
Jan 21 08:47:05 hnmomega postfix/cleanup[21777]: B637426C: message-id=<20150121074705.B637426C@hnmomega.hnm-server.de>
Jan 21 08:47:05 hnmomega postfix/qmgr[8199]: B637426C: from=<>, size=4166, nrcpt=1 (queue active)
Jan 21 08:47:05 hnmomega postfix/bounce[21779]: F0C8C26A: sender delivery status notification: B637426C
Jan 21 08:47:05 hnmomega postfix/qmgr[8199]: F0C8C26A: removed
Jan 21 08:47:06 hnmomega postfix/smtp[21778]: B637426C: to=<Maik.Natrup@ahag-bmw.de>, relay=mail.alpha-hnm.de[46.4.120.175]:25, delay=0.38, delays=0/0/0.16/0.21, dsn=2.0.0, status=sent (250 2.0.0 Ok: queued as E0CC947E0818)
Jan 21 08:47:06 hnmomega postfix/qmgr[8199]: B637426C: removed
Jan 21 08:47:15 hnmomega postfix/smtpd[21775]: connect from hnmamavis01.hnmnet.de[10.193.1.3]
Jan 21 08:47:15 hnmomega postfix/smtpd[21775]: 7A58D26A: client=hnmamavis01.hnmnet.de[10.193.1.3]
Jan 21 08:47:15 hnmomega postfix/cleanup[21777]: 7A58D26A: message-id=<002601d0354e$6eda35e0$4c8ea1a0$@gross@leuchten-pasewalk.de>
Jan 21 08:47:15 hnmomega postfix/qmgr[8199]: 7A58D26A: from=<andrea.gross@leuchten-pasewalk.de>, size=18457, nrcpt=1 (queue active)
Jan 21 08:47:15 hnmomega postfix/smtpd[21775]: disconnect from hnmamavis01.hnmnet.de[10.193.1.3]
Jan 21 08:47:17 hnmomega postfix/qmgr[8199]: 3EB00264: from=<>, size=13160, nrcpt=1 (queue active)
Jan 21 08:47:17 hnmomega postfix/qmgr[8199]: 1288C245: from=<>, size=9771, nrcpt=1 (queue active)
Jan 21 08:47:18 hnmomega postfix/smtp[21780]: 3EB00264: to=<postmaster@yournetselect.info>, relay=yournetselect.info[96.31.74.42]:25, delay=160470, delays=160469/0.01/0.41/0.32, dsn=4.2.2, status=deferred (host yournetselect.info[96.31.74.42] said: 452 4.2.2 Mailbox full (in reply to RCPT TO command))
Jan 21 08:47:18 hnmomega postfix/smtp[21781]: connect to mail.gazovelot.com[89.46.100.116]:25: Connection refused
Jan 21 08:47:18 hnmomega postfix/smtp[21781]: 1288C245: to=<mike-service=fink-landtechnik.de@gazovelot.com>, relay=none, delay=138944, delays=138942/0.03/1.1/0, dsn=4.4.1, status=deferred (connect to mail.gazovelot.com[89.46.100.116]:25: Connection refused)
Jan 21 08:47:19 hnmomega postfix/smtpd[21775]: connect from hnmamavis01.hnmnet.de[10.193.1.3]
Jan 21 08:47:19 hnmomega postfix/smtpd[21775]: 5495C26B: client=hnmamavis01.hnmnet.de[10.193.1.3]
Jan 21 08:47:19 hnmomega postfix/cleanup[21777]: 5495C26B: message-id=<70F6B6AE-E341-4D47-857A-2C87756E4220@gmx.net>
Jan 21 08:47:19 hnmomega postfix/qmgr[8199]: 5495C26B: from=<c_bacher@gmx.net>, size=3890, nrcpt=1 (queue active)
Jan 21 08:47:19 hnmomega postfix/smtpd[21775]: disconnect from hnmamavis01.hnmnet.de[10.193.1.3]
Jan 21 08:47:21 hnmomega postfix/smtp[21780]: 5495C26B: to=<info@bmw-ahag.de>, relay=mail01.qsc.de[213.148.129.20]:25, delay=2.1, delays=0/0/0.19/2, dsn=2.0.0, status=sent (250 OK id=1YDq0W-0006c0-6U)
Jan 21 08:47:21 hnmomega postfix/qmgr[8199]: 5495C26B: removed
Jan 21 08:47:23 hnmomega postfix/smtp[21778]: 7A58D26A: to=<Mail@corlight.com>, relay=mx1.rolmail.net[195.254.252.241]:25, delay=8.2, delays=0/0/7/1.2, dsn=2.0.0, status=sent (250 2.0.0 Ok: queued as 3kRzNB4BN8z11LxY)
Jan 21 08:47:23 hnmomega postfix/qmgr[8199]: 7A58D26A: removed
Jan 21 08:47:37 hnmomega postfix/smtpd[21775]: connect from hnmamavis01.hnmnet.de[10.193.1.3]
Jan 21 08:47:37 hnmomega postfix/smtpd[21775]: 4B98C26A: client=hnmamavis01.hnmnet.de[10.193.1.3]
Jan 21 08:47:37 hnmomega postfix/cleanup[21777]: 4B98C26A: message-id=<900178381C72E949AD0BF28DFB0BB4B2024CA73F@S1.varioug.local>
Jan 21 08:47:37 hnmomega postfix/qmgr[8199]: 4B98C26A: from=<RLoschke@varioug.de>, size=33032, nrcpt=1 (queue active)
Jan 21 08:47:37 hnmomega postfix/smtpd[21775]: disconnect from hnmamavis01.hnmnet.de[10.193.1.3]
Jan 21 08:47:44 hnmomega postfix/smtp[21781]: 4B98C26A: to=<echo@datevnet.de>, relay=idvmailin11.datevnet.de[193.27.50.118]:25, delay=6.8, delays=0.04/0/5.9/0.91, dsn=2.0.0, status=sent (250 2.0.0 Ok: queued as 3kRzNb25G5z6HM)
Jan 21 08:47:44 hnmomega postfix/qmgr[8199]: 4B98C26A: removed
Jan 21 08:47:58 hnmomega postfix/smtpd[21775]: connect from hnmamavis01.hnmnet.de[10.193.1.3]
Jan 21 08:47:58 hnmomega postfix/smtpd[21775]: 57E1C26A: client=hnmamavis01.hnmnet.de[10.193.1.3]
Jan 21 08:47:58 hnmomega postfix/cleanup[21777]: 57E1C26A: message-id=<20150121074744.096F317B@hnmmail01.hnmnet.de>
Jan 21 08:47:58 hnmomega postfix/qmgr[8199]: 57E1C26A: from=<>, size=7200, nrcpt=1 (queue active)
Jan 21 08:47:58 hnmomega postfix/smtpd[21775]: disconnect from hnmamavis01.hnmnet.de[10.193.1.3]
Jan 21 08:47:58 hnmomega postfix/smtp[21780]: 57E1C26A: to=<c_bacher@gmx.net>, relay=mx01.emig.gmx.net[213.165.67.97]:25, delay=0.38, delays=0/0/0.23/0.15, dsn=2.0.0, status=sent (250 Requested mail action okay, completed: id=0MT6sM-1YKxZ22Ub8-00S4GX)
Jan 21 08:47:58 hnmomega postfix/qmgr[8199]: 57E1C26A: removed
Jan 21 08:48:06 hnmomega postfix/smtpd[21775]: connect from hnmamavis01.hnmnet.de[10.193.1.3]
Jan 21 08:48:06 hnmomega postfix/smtpd[21775]: E8E9926A: client=hnmamavis01.hnmnet.de[10.193.1.3]
Jan 21 08:48:06 hnmomega postfix/cleanup[21777]: E8E9926A: message-id=<D872BE418746A3449520372F8038CAD08F27BC@srvwiemail.wiesmann.local>
Jan 21 08:48:07 hnmomega postfix/qmgr[8199]: E8E9926A: from=<Dennis.Hoelscher@ahag-coesfeld.de>, size=628246, nrcpt=1 (queue active)
Jan 21 08:48:07 hnmomega postfix/smtpd[21775]: disconnect from hnmamavis01.hnmnet.de[10.193.1.3]
Jan 21 08:48:07 hnmomega postfix/smtp[21778]: E8E9926A: to=<Andreas.Buerkler@bmw.de>, relay=mx1.bmw.c3s2.iphmx.com[68.232.139.97]:25, delay=0.6, delays=0.05/0/0.17/0.38, dsn=2.0.0, status=sent (250 ok:  Message 20508060 accepted)
Jan 21 08:48:07 hnmomega postfix/qmgr[8199]: E8E9926A: removed
Jan 21 08:48:14 hnmomega postfix/smtpd[21775]: connect from hnmamavis01.hnmnet.de[10.193.1.3]
Jan 21 08:48:14 hnmomega postfix/trivial-rewrite[21788]: warning: database /etc/postfix/smtpouttransport.db is older than source file /etc/postfix/smtpouttransport
Jan 21 08:48:14 hnmomega postfix/smtpd[21775]: B315826A: client=hnmamavis01.hnmnet.de[10.193.1.3]
Jan 21 08:48:14 hnmomega postfix/cleanup[21777]: B315826A: message-id=<54BF59AC.2020701@pommersches-landesmuseum.de>
Jan 21 08:48:14 hnmomega postfix/trivial-rewrite[21789]: warning: database /etc/postfix/smtpouttransport.db is older than source file /etc/postfix/smtpouttransport
Jan 21 08:48:14 hnmomega postfix/qmgr[8199]: B315826A: from=<darr@pommersches-landesmuseum.de>, size=195404, nrcpt=1 (queue active)
Jan 21 08:48:14 hnmomega postfix/smtpd[21775]: disconnect from hnmamavis01.hnmnet.de[10.193.1.3]
