Jan 21 10:04:50 hnmomega postfix/cleanup[29951]: 6EED8271: message-id=<54BF6B53.4060507@pommersches-landesmuseum.de>
Jan 21 10:04:50 hnmomega postfix/qmgr[8199]: 6EED8271: from=<frenssen@pommersches-landesmuseum.de>, size=186810, nrcpt=1 (queue active)
Jan 21 10:04:50 hnmomega postfix/smtpd[30958]: disconnect from hnmamavis01.hnmnet.de[10.193.1.3]
Jan 21 10:04:51 hnmomega postfix/smtp[30957]: 6EED8271: to=<yvonne@linksbuendig.de>, relay=mx01.kundenserver.de[212.227.17.191]:25, delay=0.74, delays=0.01/0/0.29/0.44, dsn=2.0.0, status=sent (250 Requested mail action okay, completed: id=0Ly7M1-1Xhjrb3KFR-015dP0)
Jan 21 10:04:51 hnmomega postfix/qmgr[8199]: 6EED8271: removed
Jan 21 10:04:52 hnmomega postfix/smtp[31495]: 3446326F: to=<service.test@bmw.de>, relay=mx1.bmw.c3s2.iphmx.com[68.232.139.97]:25, delay=4.6, delays=0.01/0/4/0.52, dsn=2.0.0, status=sent (250 ok:  Message 20522991 accepted)
Jan 21 10:04:52 hnmomega postfix/qmgr[8199]: 3446326F: removed
Jan 21 10:05:13 hnmomega postfix/smtpd[29948]: connect from hnmamavis01.hnmnet.de[10.193.1.3]
Jan 21 10:05:13 hnmomega postfix/smtpd[29948]: 463D326F: client=hnmamavis01.hnmnet.de[10.193.1.3]
Jan 21 10:05:13 hnmomega postfix/cleanup[29951]: 463D326F: message-id=<vyh5l0pu53ro7hv5fsl46l4w.1421830921114@email.android.com>
Jan 21 10:05:13 hnmomega postfix/qmgr[8199]: 463D326F: from=<ma.mader@gmx.at>, size=7856, nrcpt=1 (queue active)
Jan 21 10:05:13 hnmomega postfix/smtpd[29948]: disconnect from hnmamavis01.hnmnet.de[10.193.1.3]
Jan 21 10:05:14 hnmomega postfix/smtp[30957]: 463D326F: to=<resainternational@yahoo.de>, relay=mx-eu.mail.am0.yahoodns.net[188.125.69.79]:25, delay=1.1, delays=0.01/0/0.21/0.85, dsn=2.0.0, status=sent (250 ok dirdel)
Jan 21 10:05:14 hnmomega postfix/qmgr[8199]: 463D326F: removed
Jan 21 10:05:14 hnmomega postfix/smtpd[30958]: connect from hnmamavis01.hnmnet.de[10.193.1.3]
Jan 21 10:05:14 hnmomega postfix/smtpd[30958]: EC2BA26F: client=hnmamavis01.hnmnet.de[10.193.1.3]
Jan 21 10:05:14 hnmomega postfix/cleanup[29951]: EC2BA26F: message-id=<34996AC58ED04819B2AEA52A53147FFC@SteffiBroPC>
Jan 21 10:05:14 hnmomega postfix/qmgr[8199]: EC2BA26F: from=<hauskoordination@im-labyrinth.de>, size=14094, nrcpt=1 (queue active)
Jan 21 10:05:14 hnmomega postfix/smtpd[30958]: disconnect from hnmamavis01.hnmnet.de[10.193.1.3]
Jan 21 10:05:15 hnmomega postfix/smtp[31495]: EC2BA26F: to=<S.Sack@greifswald.de>, relay=mail.alpha-hnm.de[46.4.120.175]:25, delay=0.37, delays=0.01/0/0.15/0.21, dsn=2.0.0, status=sent (250 2.0.0 Ok: queued as 21AFF47E075F)
Jan 21 10:05:15 hnmomega postfix/qmgr[8199]: EC2BA26F: removed
Jan 21 10:05:51 hnmomega postfix/smtpd[29948]: connect from hnmamavis01.hnmnet.de[10.193.1.3]
Jan 21 10:05:51 hnmomega postfix/smtpd[29948]: 2E03C26F: client=hnmamavis01.hnmnet.de[10.193.1.3]
Jan 21 10:05:51 hnmomega postfix/cleanup[29951]: 2E03C26F: message-id=<14b0a84bb4a.718a.13da6e@ismtpd-001>
Jan 21 10:05:51 hnmomega postfix/qmgr[8199]: 2E03C26F: from=<bounces+959518-88f4-info=pckosmos.de@sg.booking.com>, size=73015, nrcpt=1 (queue active)
Jan 21 10:05:51 hnmomega postfix/smtpd[29948]: disconnect from hnmamavis01.hnmnet.de[10.193.1.3]
Jan 21 10:05:51 hnmomega postfix/smtp[30957]: 2E03C26F: to=<dekatrias@t-online.de>, relay=mx03.t-online.de[194.25.134.73]:25, delay=0.48, delays=0.01/0/0.17/0.3, dsn=2.0.0, status=sent (250 2.0.0 Message accepted.)
Jan 21 10:05:51 hnmomega postfix/qmgr[8199]: 2E03C26F: removed
Jan 21 10:05:59 hnmomega postfix/smtpd[30958]: connect from hnmamavis01.hnmnet.de[10.193.1.3]
Jan 21 10:05:59 hnmomega postfix/smtpd[30958]: 1CDB726F: client=hnmamavis01.hnmnet.de[10.193.1.3]
Jan 21 10:05:59 hnmomega postfix/cleanup[29951]: 1CDB726F: message-id=<20150121090243.2C1E64840F9B@web01-hnm.de>
Jan 21 10:05:59 hnmomega postfix/qmgr[8199]: 1CDB726F: from=<root@web01-hnm.de>, size=4227, nrcpt=1 (queue active)
Jan 21 10:05:59 hnmomega postfix/smtpd[30958]: disconnect from hnmamavis01.hnmnet.de[10.193.1.3]
Jan 21 10:05:59 hnmomega postfix/smtp[31495]: 1CDB726F: to=<s.gall@net-dynamic.de>, relay=mail.nd-server.org[213.133.111.82]:25, delay=0.36, delays=0/0/0.17/0.19, dsn=2.0.0, status=sent (250 2.0.0 Ok: queued as 493ED362FD3)
Jan 21 10:05:59 hnmomega postfix/qmgr[8199]: 1CDB726F: removed
Jan 21 10:06:38 hnmomega postfix/smtpd[29948]: connect from hnmamavis01.hnmnet.de[10.193.1.3]
Jan 21 10:06:38 hnmomega postfix/smtpd[29948]: 1D9C826F: client=hnmamavis01.hnmnet.de[10.193.1.3]
Jan 21 10:06:38 hnmomega postfix/cleanup[29951]: 1D9C826F: message-id=<F2C20BBF4E5A044AA51BE7739E286579E8BFE2@w2k3-sbs.AHAG.local>
Jan 21 10:06:38 hnmomega postfix/qmgr[8199]: 1D9C826F: from=<Heiko.Hofmann@ahag-bmw.de>, size=175512, nrcpt=1 (queue active)
Jan 21 10:06:38 hnmomega postfix/smtpd[29948]: disconnect from hnmamavis01.hnmnet.de[10.193.1.3]
Jan 21 10:06:38 hnmomega postfix/smtp[30957]: 1D9C826F: to=<oliver.moellenbeck@gmx.de>, relay=mx01.emig.gmx.net[213.165.67.115]:25, delay=0.66, delays=0.01/0/0.19/0.46, dsn=2.0.0, status=sent (250 Requested mail action okay, completed: id=0MLihD-1YD2IX1RyN-000tGy)
Jan 21 10:06:38 hnmomega postfix/qmgr[8199]: 1D9C826F: removed
Jan 21 10:06:45 hnmomega postfix/smtpd[30958]: connect from hnmamavis01.hnmnet.de[10.193.1.3]
Jan 21 10:06:45 hnmomega postfix/smtpd[30958]: 4333226F: client=hnmamavis01.hnmnet.de[10.193.1.3]
Jan 21 10:06:45 hnmomega postfix/cleanup[29951]: 4333226F: message-id=<20150121100514.0004.CanonTxNo.3959@ahag-bochum.local>
Jan 21 10:06:45 hnmomega postfix/qmgr[8199]: 4333226F: from=<fax.porschestr@ahag-bochum.de>, size=176609, nrcpt=1 (queue active)
Jan 21 10:06:45 hnmomega postfix/smtpd[30958]: disconnect from hnmamavis01.hnmnet.de[10.193.1.3]
Jan 21 10:06:45 hnmomega postfix/smtp[31495]: 4333226F: to=<bjoern.boerger@t-online.de>, relay=mx00.t-online.de[194.25.134.8]:25, delay=0.53, delays=0.02/0/0.18/0.33, dsn=2.0.0, status=sent (250 2.0.0 Message accepted.)
Jan 21 10:06:45 hnmomega postfix/qmgr[8199]: 4333226F: removed
Jan 21 10:06:47 hnmomega postfix/smtpd[29948]: connect from hnmamavis01.hnmnet.de[10.193.1.3]
Jan 21 10:06:47 hnmomega postfix/smtpd[29948]: 141BE26F: client=hnmamavis01.hnmnet.de[10.193.1.3]
Jan 21 10:06:47 hnmomega postfix/cleanup[29951]: 141BE26F: message-id=<re-pTf22wushbRBtwsi4NujRioniK6Ocy-1670L78N-166SYIQ9-85114KO@newsletter.hotel.de>
Jan 21 10:06:47 hnmomega postfix/qmgr[8199]: 141BE26F: from=<return@newsletter.hotel.de>, size=229694, nrcpt=1 (queue active)
Jan 21 10:06:47 hnmomega postfix/smtpd[29948]: disconnect from hnmamavis01.hnmnet.de[10.193.1.3]
Jan 21 10:06:48 hnmomega postfix/smtp[30957]: 141BE26F: to=<resainternational@yahoo.de>, relay=mx-eu.mail.am0.yahoodns.net[188.125.69.79]:25, delay=1.6, delays=0.05/0/0.24/1.3, dsn=2.0.0, status=sent (250 ok dirdel)
Jan 21 10:06:48 hnmomega postfix/qmgr[8199]: 141BE26F: removed
Jan 21 10:06:57 hnmomega postfix/smtpd[30958]: connect from hnmamavis01.hnmnet.de[10.193.1.3]
Jan 21 10:06:57 hnmomega postfix/smtpd[30958]: 5D3F926F: client=hnmamavis01.hnmnet.de[10.193.1.3]
Jan 21 10:06:57 hnmomega postfix/cleanup[29951]: 5D3F926F: message-id=<re-pTf22wushbPhuipwvotsNwsqsLpj4JPrw-1670KU9N-166SYIQ9-1876TEX@newsletter.hotel.de>
Jan 21 10:06:57 hnmomega postfix/qmgr[8199]: 5D3F926F: from=<return@newsletter.hotel.de>, size=227089, nrcpt=1 (queue active)
Jan 21 10:06:57 hnmomega postfix/smtpd[30958]: disconnect from hnmamavis01.hnmnet.de[10.193.1.3]
Jan 21 10:06:59 hnmomega postfix/smtp[31495]: 5D3F926F: to=<resainternational@yahoo.de>, relay=mx-eu.mail.am0.yahoodns.net[188.125.69.79]:25, delay=1.6, delays=0.02/0/0.2/1.4, dsn=2.0.0, status=sent (250 ok dirdel)
Jan 21 10:06:59 hnmomega postfix/qmgr[8199]: 5D3F926F: removed
Jan 21 10:07:04 hnmomega postfix/smtpd[29948]: connect from hnmamavis01.hnmnet.de[10.193.1.3]
Jan 21 10:07:04 hnmomega postfix/smtpd[29948]: B82F026F: client=hnmamavis01.hnmnet.de[10.193.1.3]
Jan 21 10:07:04 hnmomega postfix/cleanup[29951]: B82F026F: message-id=<04962b663271bb4c30a23e2e4e855334598.20150121090312@mail60.us4.mcsv.net>
Jan 21 10:07:04 hnmomega postfix/qmgr[8199]: B82F026F: from=<bounce-mc.us3_23364411.287901-info=meierdruck.de@mail60.us4.mcsv.net>, size=54711, nrcpt=1 (queue active)
Jan 21 10:07:04 hnmomega postfix/smtpd[29948]: disconnect from hnmamavis01.hnmnet.de[10.193.1.3]
Jan 21 10:07:05 hnmomega postfix/smtp[30957]: B82F026F: to=<meierdruck@arcor.de>, relay=mx.arcor.de[151.189.21.118]:25, delay=1.1, delays=0.01/0/0.13/0.95, dsn=2.0.0, status=sent (250 2.0.0 Ok: queued as BF12F2127F5)
Jan 21 10:07:05 hnmomega postfix/qmgr[8199]: B82F026F: removed
Jan 21 10:07:06 hnmomega postfix/smtpd[30958]: connect from hnmamavis01.hnmnet.de[10.193.1.3]
Jan 21 10:07:06 hnmomega postfix/smtpd[30958]: D7CF226F: client=hnmamavis01.hnmnet.de[10.193.1.3]
Jan 21 10:07:06 hnmomega postfix/cleanup[29951]: D7CF226F: message-id=<F2C20BBF4E5A044AA51BE7739E286579E8BFE3@w2k3-sbs.AHAG.local>
Jan 21 10:07:06 hnmomega postfix/qmgr[8199]: D7CF226F: from=<Heiko.Hofmann@ahag-bmw.de>, size=194144, nrcpt=1 (queue active)
Jan 21 10:07:06 hnmomega postfix/smtpd[30958]: disconnect from hnmamavis01.hnmnet.de[10.193.1.3]
Jan 21 10:07:07 hnmomega postfix/smtp[31495]: D7CF226F: to=<berand@qbs-berand.de>, relay=mx01.schlund.de[212.227.15.150]:25, delay=0.54, delays=0.01/0/0.18/0.35, dsn=2.0.0, status=sent (250 Requested mail action okay, completed: id=0Lv6nq-1XmwlV0OMk-010MTM)
Jan 21 10:07:07 hnmomega postfix/qmgr[8199]: D7CF226F: removed
Jan 21 10:07:16 hnmomega postfix/smtpd[29948]: connect from hnmamavis01.hnmnet.de[10.193.1.3]
Jan 21 10:07:16 hnmomega postfix/smtpd[29948]: 67FF526F: client=hnmamavis01.hnmnet.de[10.193.1.3]
Jan 21 10:07:16 hnmomega postfix/cleanup[29951]: 67FF526F: message-id=<54BF6BE8.9010405@pommersches-landesmuseum.de>
Jan 21 10:07:16 hnmomega postfix/qmgr[8199]: 67FF526F: from=<info@pommersches-landesmuseum.de>, size=188432, nrcpt=1 (queue active)
Jan 21 10:07:16 hnmomega postfix/smtpd[29948]: disconnect from hnmamavis01.hnmnet.de[10.193.1.3]
Jan 21 10:07:16 hnmomega postfix/smtpd[30958]: connect from hnmamavis01.hnmnet.de[10.193.1.3]
Jan 21 10:07:16 hnmomega postfix/smtpd[30958]: CA6B8271: client=hnmamavis01.hnmnet.de[10.193.1.3]
Jan 21 10:07:16 hnmomega postfix/cleanup[29951]: CA6B8271: message-id=<D872BE418746A3449520372F8038CAD07EF0B9@srvwiemail.wiesmann.local>
Jan 21 10:07:16 hnmomega postfix/qmgr[8199]: CA6B8271: from=<Dennis.Hoelscher@ahag-coesfeld.de>, size=39906, nrcpt=1 (queue active)
Jan 21 10:07:16 hnmomega postfix/smtpd[30958]: disconnect from hnmamavis01.hnmnet.de[10.193.1.3]
Jan 21 10:07:17 hnmomega postfix/qmgr[8199]: E33B026C: from=<ALorenz@varioug.de>, size=18909, nrcpt=1 (queue active)
Jan 21 10:07:17 hnmomega postfix/qmgr[8199]: E357F23D: from=<bjoern.boerger@ahag-bochum.de>, size=7626, nrcpt=1 (queue active)
Jan 21 10:07:17 hnmomega postfix/smtp[1554]: E33B026C: to=<w.till@dashoefer.de>, relay=mail.dashoefer.de[5.159.56.16]:25, delay=332, delays=332/0.02/0.22/0.03, dsn=4.7.1, status=deferred (host mail.dashoefer.de[5.159.56.16] said: 450 4.7.1 <w.till@dashoefer.de>: Recipient address rejected: Greylisted for 30 minutes (in reply to RCPT TO command))
Jan 21 10:07:18 hnmomega postfix/smtp[1555]: E357F23D: to=<laffien@futurecomm.de>, relay=mx01.fcnet.de[83.136.87.141]:25, delay=436, delays=436/0.03/0.4/0.32, dsn=2.0.0, status=sent (250 2.0.0 Ok: queued as 2FCD1CF4DB)
Jan 21 10:07:18 hnmomega postfix/qmgr[8199]: E357F23D: removed
Jan 21 10:07:18 hnmomega postfix/smtp[30957]: 67FF526F: to=<kerstin.krull@uni-greifswald.de>, relay=vm-mailgate1.uni-greifswald.de[141.53.10.22]:25, delay=1.9, delays=0.01/0/0.35/1.6, dsn=2.0.0, status=sent (250 2.0.0 from MTA(smtp:[127.0.0.1]:10025): 250 2.0.0 Ok: queued as 55F181831954)
Jan 21 10:07:18 hnmomega postfix/qmgr[8199]: 67FF526F: removed
Jan 21 10:07:20 hnmomega postfix/smtp[31495]: CA6B8271: to=<dennishoelscher@hotmail.com>, relay=mx3.hotmail.com[65.54.188.110]:25, delay=3.2, delays=0.01/0/1.3/1.8, dsn=2.0.0, status=sent (250  <D872BE418746A3449520372F8038CAD07EF0B9@srvwiemail.wiesmann.local> Queued mail for delivery)
Jan 21 10:07:20 hnmomega postfix/qmgr[8199]: CA6B8271: removed
Jan 21 10:07:24 hnmomega postfix/smtpd[29948]: connect from hnmamavis01.hnmnet.de[10.193.1.3]
Jan 21 10:07:24 hnmomega postfix/smtpd[29948]: 5001B23D: client=hnmamavis01.hnmnet.de[10.193.1.3]
Jan 21 10:07:24 hnmomega postfix/cleanup[29951]: 5001B23D: message-id=<54BF6BF4.4090008@ib-vm.de>
Jan 21 10:07:24 hnmomega postfix/qmgr[8199]: 5001B23D: from=<reuter.ingrid@ib-vm.de>, size=124370, nrcpt=1 (queue active)
Jan 21 10:07:24 hnmomega postfix/smtpd[29948]: disconnect from hnmamavis01.hnmnet.de[10.193.1.3]
Jan 21 10:07:24 hnmomega postfix/smtp[1554]: 5001B23D: to=<Eugen.Turnow@boddenland.de>, relay=mxlb.ispgateway.de[80.67.18.126]:25, delay=0.58, delays=0.02/0/0.25/0.31, dsn=2.0.0, status=sent (250 OK id=1YDrG0-0007Hc-Jh)
Jan 21 10:07:24 hnmomega postfix/qmgr[8199]: 5001B23D: removed
Jan 21 10:07:24 hnmomega postfix/smtpd[30958]: connect from hnmamavis01.hnmnet.de[10.193.1.3]
Jan 21 10:07:24 hnmomega postfix/smtpd[30958]: E8C1C23D: client=hnmamavis01.hnmnet.de[10.193.1.3]
Jan 21 10:07:24 hnmomega postfix/cleanup[29951]: E8C1C23D: message-id=<dovecot-1421831159-449808-0@hnmmail01.hnmnet.de>
Jan 21 10:07:24 hnmomega postfix/qmgr[8199]: E8C1C23D: from=<>, size=5421, nrcpt=1 (queue active)
Jan 21 10:07:24 hnmomega postfix/smtpd[30958]: disconnect from hnmamavis01.hnmnet.de[10.193.1.3]
Jan 21 10:07:27 hnmomega postfix/smtp[1555]: E8C1C23D: to=<3CVSY6F-I9EGCC-5METYF-ASD6ND-RHUBBD-H-M2-20150121-517fd508b6ee2d@emea.e.paypal.com>, relay=mail-router.e-dialog.com[208.94.20.16]:25, delay=2.9, delays=0.04/0/2.6/0.23, dsn=4.0.0, status=deferred (host mail-router.e-dialog.com[208.94.20.16] said: 450 5.8.26 93.92.128.124 greylisted - please try again much later; report problems to blacklist@e-dialog.com. (in reply to RCPT TO command))
Jan 21 10:07:43 hnmomega postfix/smtpd[29948]: connect from hnmamavis01.hnmnet.de[10.193.1.3]
Jan 21 10:07:43 hnmomega postfix/smtpd[29948]: 3C28826F: client=hnmamavis01.hnmnet.de[10.193.1.3]
Jan 21 10:07:43 hnmomega postfix/cleanup[29951]: 3C28826F: message-id=<20150121090623.A0E301046@hnmamavis01.hnmnet.de>
Jan 21 10:07:43 hnmomega postfix/qmgr[8199]: 3C28826F: from=<gisela.ulpts@famo24.de>, size=13660, nrcpt=1 (queue active)
Jan 21 10:07:43 hnmomega postfix/smtpd[29948]: disconnect from hnmamavis01.hnmnet.de[10.193.1.3]
Jan 21 10:07:43 hnmomega postfix/smtp[30957]: 3C28826F: to=<frankloeffelmacher@gmx.de>, relay=mx00.emig.gmx.net[212.227.15.9]:25, delay=0.52, delays=0/0/0.18/0.33, dsn=2.0.0, status=sent (250 Requested mail action okay, completed: id=0MLB2X-1YDaHO1q53-000MZx)
Jan 21 10:07:43 hnmomega postfix/qmgr[8199]: 3C28826F: removed
Jan 21 10:07:53 hnmomega postfix/smtpd[30958]: connect from hnmamavis01.hnmnet.de[10.193.1.3]
Jan 21 10:07:53 hnmomega postfix/smtpd[30958]: D79B226F: client=hnmamavis01.hnmnet.de[10.193.1.3]
Jan 21 10:07:53 hnmomega postfix/cleanup[29951]: D79B226F: message-id=<001b01d03559$9b19b8a0$d14d29e0$@de>
Jan 21 10:07:53 hnmomega postfix/qmgr[8199]: D79B226F: from=<em@dlv-vorpommern.de>, size=17129, nrcpt=3 (queue active)
Jan 21 10:07:53 hnmomega postfix/smtpd[30958]: disconnect from hnmamavis01.hnmnet.de[10.193.1.3]
Jan 21 10:07:54 hnmomega postfix/smtp[1554]: D79B226F: to=<verwaltung@bbs-seifert.de>, relay=smtp.rzone.de[81.169.145.98]:25, delay=0.34, delays=0.01/0/0.22/0.12, dsn=2.1.5, status=sent (250 2.1.5 OK mail delivered with id R0709br0L97sDFw)
Jan 21 10:07:54 hnmomega postfix/smtp[1555]: D79B226F: to=<Matthias.Eberhardt@arbeitsagentur.de>, relay=mail2.arbeitsagentur.de[195.88.117.143]:25, delay=0.55, delays=0.01/0/0.25/0.29, dsn=2.0.0, status=sent (250 2.0.0 Ok: queued as 5CD1B1980E6)
Jan 21 10:07:54 hnmomega postfix/smtp[31495]: D79B226F: to=<info@abs-greifswald.de>, relay=mx00.kundenserver.de[212.227.15.134]:25, delay=0.59, delays=0.01/0/0.22/0.36, dsn=2.0.0, status=sent (250 Requested mail action okay, completed: id=0MLPfC-1YDJIe0Y66-000aLt)
Jan 21 10:07:54 hnmomega postfix/qmgr[8199]: D79B226F: removed
Jan 21 10:08:48 hnmomega postfix/smtpd[29948]: connect from hnmamavis01.hnmnet.de[10.193.1.3]
Jan 21 10:08:48 hnmomega postfix/smtpd[29948]: DD3DB26F: client=hnmamavis01.hnmnet.de[10.193.1.3]
Jan 21 10:08:48 hnmomega postfix/cleanup[29951]: DD3DB26F: message-id=<20150121090754.67ED1CEE@hnmamavis01.hnmnet.de>
Jan 21 10:08:48 hnmomega postfix/qmgr[8199]: DD3DB26F: from=<zentrale@rt-t.de>, size=15826, nrcpt=1 (queue active)
Jan 21 10:08:48 hnmomega postfix/smtpd[29948]: disconnect from hnmamavis01.hnmnet.de[10.193.1.3]
Jan 21 10:08:51 hnmomega postfix/smtp[30957]: DD3DB26F: to=<info@gsv04.de>, relay=mxcluster1.one.com[91.198.169.8]:25, delay=2.2, delays=0.01/0/0.21/2, dsn=2.0.0, status=sent (250 2.0.0 OK: queued as 1ca367d3-a14d-11e4-ac96-b82a72d88088)
Jan 21 10:08:51 hnmomega postfix/qmgr[8199]: DD3DB26F: removed
Jan 21 10:08:56 hnmomega postfix/smtpd[30958]: connect from hnmamavis01.hnmnet.de[10.193.1.3]
Jan 21 10:08:56 hnmomega postfix/smtpd[30958]: 122BE26F: client=hnmamavis01.hnmnet.de[10.193.1.3]
Jan 21 10:08:56 hnmomega postfix/cleanup[29951]: 122BE26F: message-id=<003101d03557$942abc80$bc803580$@isa-sachsen.de>
Jan 21 10:08:56 hnmomega postfix/qmgr[8199]: 122BE26F: from=<lehmann@isa-sachsen.de>, size=94987, nrcpt=1 (queue active)
Jan 21 10:08:56 hnmomega postfix/smtpd[30958]: disconnect from hnmamavis01.hnmnet.de[10.193.1.3]
Jan 21 10:08:56 hnmomega postfix/smtp[1554]: 122BE26F: to=<frankloeffelmacher@gmx.de>, relay=mx00.emig.gmx.net[213.165.67.114]:25, delay=0.64, delays=0.01/0/0.21/0.43, dsn=2.0.0, status=sent (250 Requested mail action okay, completed: id=0MIyz3-1YBNNB1HWD-002TlZ)
Jan 21 10:08:56 hnmomega postfix/qmgr[8199]: 122BE26F: removed
Jan 21 10:09:08 hnmomega postfix/smtpd[29948]: connect from hnmamavis01.hnmnet.de[10.193.1.3]
Jan 21 10:09:08 hnmomega postfix/smtpd[29948]: 1A07926F: client=hnmamavis01.hnmnet.de[10.193.1.3]
Jan 21 10:09:08 hnmomega postfix/cleanup[29951]: 1A07926F: message-id=<31C425858E607048986071BE6773F435013ECEBF66@c11021>
Jan 21 10:09:08 hnmomega postfix/qmgr[8199]: 1A07926F: from=<Nicole.Schnittger@ahag-bochum.de>, size=455652, nrcpt=4 (queue active)
Jan 21 10:09:08 hnmomega postfix/smtpd[29948]: disconnect from hnmamavis01.hnmnet.de[10.193.1.3]
Jan 21 10:09:08 hnmomega postfix/smtp[1555]: 1A07926F: to=<baerbel.conredel@bmw-ernst.de>, relay=mail.bmw-ernst.de[212.12.37.222]:25, delay=0.19, delays=0.04/0/0.02/0.12, dsn=2.0.0, status=sent (250 2.0.0 Ok: queued as 2B90A1C905C)
Jan 21 10:09:08 hnmomega postfix/smtp[1555]: 1A07926F: to=<hans-juergen.schaller@bmw-ernst.de>, relay=mail.bmw-ernst.de[212.12.37.222]:25, delay=0.19, delays=0.04/0/0.02/0.12, dsn=2.0.0, status=sent (250 2.0.0 Ok: queued as 2B90A1C905C)
Jan 21 10:09:08 hnmomega postfix/smtp[1555]: 1A07926F: to=<michael.preuss@bmw-ernst.de>, relay=mail.bmw-ernst.de[212.12.37.222]:25, delay=0.19, delays=0.04/0/0.02/0.12, dsn=2.0.0, status=sent (250 2.0.0 Ok: queued as 2B90A1C905C)
Jan 21 10:09:08 hnmomega postfix/smtp[1555]: 1A07926F: to=<patrick.hoeft@bmw-ernst.de>, relay=mail.bmw-ernst.de[212.12.37.222]:25, delay=0.19, delays=0.04/0/0.02/0.12, dsn=2.0.0, status=sent (250 2.0.0 Ok: queued as 2B90A1C905C)
Jan 21 10:09:08 hnmomega postfix/qmgr[8199]: 1A07926F: removed
Jan 21 10:09:14 hnmomega postfix/smtpd[30958]: connect from hnmamavis01.hnmnet.de[10.193.1.3]
Jan 21 10:09:14 hnmomega postfix/smtpd[30958]: D64AA26F: client=hnmamavis01.hnmnet.de[10.193.1.3]
Jan 21 10:09:14 hnmomega postfix/cleanup[29951]: D64AA26F: message-id=<31C425858E607048986071BE6773F435013ECEBF66@c11021>
Jan 21 10:09:14 hnmomega postfix/qmgr[8199]: D64AA26F: from=<Nicole.Schnittger@ahag-bochum.de>, size=455795, nrcpt=1 (queue active)
Jan 21 10:09:14 hnmomega postfix/smtpd[30958]: disconnect from hnmamavis01.hnmnet.de[10.193.1.3]
Jan 21 10:09:15 hnmomega postfix/smtp[31495]: D64AA26F: to=<info@arnekirchner.com>, relay=mx51.mymxserver.com[188.94.251.25]:25, delay=0.74, delays=0.04/0/0.06/0.64, dsn=2.0.0, status=sent (250 2.0.0 Ok: queued as 07BDE21C0AD)
Jan 21 10:09:15 hnmomega postfix/qmgr[8199]: D64AA26F: removed
Jan 21 10:09:31 hnmomega postfix/smtpd[29948]: connect from hnmamavis01.hnmnet.de[10.193.1.3]
Jan 21 10:09:31 hnmomega postfix/smtpd[29948]: 56F2C26F: client=hnmamavis01.hnmnet.de[10.193.1.3]
Jan 21 10:09:31 hnmomega postfix/cleanup[29951]: 56F2C26F: message-id=<re-pS7d0xQMKEIlb_5Fbc2CrnRjongWexmeEHmqr-16713TS6-166ZXJ90-1DG108C@newsletter.hotel.de>
Jan 21 10:09:31 hnmomega postfix/qmgr[8199]: 56F2C26F: from=<return@newsletter.hotel.de>, size=226878, nrcpt=1 (queue active)
Jan 21 10:09:31 hnmomega postfix/smtpd[29948]: disconnect from hnmamavis01.hnmnet.de[10.193.1.3]
Jan 21 10:09:32 hnmomega postfix/smtp[30957]: 56F2C26F: to=<hermanowski58@googlemail.com>, relay=gmail-smtp-in.l.google.com[74.125.136.27]:25, delay=1.1, delays=0.02/0/0.32/0.72, dsn=2.0.0, status=sent (250 2.0.0 OK 1421831372 uo9si38046175wjc.89 - gsmtp)
Jan 21 10:09:32 hnmomega postfix/qmgr[8199]: 56F2C26F: removed
Jan 21 10:10:34 hnmomega postfix/smtpd[30958]: connect from hnmamavis01.hnmnet.de[10.193.1.3]
Jan 21 10:10:34 hnmomega postfix/smtpd[30958]: ED86026F: client=hnmamavis01.hnmnet.de[10.193.1.3]
Jan 21 10:10:34 hnmomega postfix/cleanup[29951]: ED86026F: message-id=<001601d03559$97e8eb10$c7bac130$@wp-krutzsch.de>
Jan 21 10:10:34 hnmomega postfix/qmgr[8199]: ED86026F: from=<b.schmidt@wp-krutzsch.de>, size=23575, nrcpt=1 (queue active)
Jan 21 10:10:34 hnmomega postfix/smtpd[30958]: disconnect from hnmamavis01.hnmnet.de[10.193.1.3]
Jan 21 10:10:44 hnmomega postfix/smtp[1554]: ED86026F: to=<Birgit.Haga@NORDOST.AOK.DE>, relay=mailext.zsa.pub.AOK.DE[217.110.254.65]:25, delay=9.5, delays=0.01/0/7.2/2.3, dsn=2.0.0, status=sent (250 ok:  Message 128683545 accepted)
Jan 21 10:10:44 hnmomega postfix/qmgr[8199]: ED86026F: removed
Jan 21 10:11:17 hnmomega postfix/smtpd[30958]: connect from hnmamavis01.hnmnet.de[10.193.1.3]
Jan 21 10:11:17 hnmomega postfix/smtpd[30958]: AF90C26F: client=hnmamavis01.hnmnet.de[10.193.1.3]
Jan 21 10:11:17 hnmomega postfix/cleanup[29951]: AF90C26F: message-id=<F2C20BBF4E5A044AA51BE7739E286579E8BFE8@w2k3-sbs.AHAG.local>
Jan 21 10:11:17 hnmomega postfix/qmgr[8199]: AF90C26F: from=<Britta.Natrup@ahag-bmw.de>, size=11136, nrcpt=1 (queue active)
Jan 21 10:11:17 hnmomega postfix/smtpd[30958]: disconnect from hnmamavis01.hnmnet.de[10.193.1.3]
Jan 21 10:11:17 hnmomega postfix/smtp[1554]: AF90C26F: to=<michael.gross@bmw-ernst.de>, relay=mail.bmw-ernst.de[212.12.37.222]:25, delay=0.05, delays=0/0/0.03/0.02, dsn=2.0.0, status=sent (250 2.0.0 Ok: queued as B8CD71C905E)
Jan 21 10:11:17 hnmomega postfix/qmgr[8199]: AF90C26F: removed
Jan 21 10:11:51 hnmomega postfix/smtpd[30958]: connect from hnmamavis01.hnmnet.de[10.193.1.3]
Jan 21 10:11:51 hnmomega postfix/smtpd[30958]: E17ED26F: client=hnmamavis01.hnmnet.de[10.193.1.3]
Jan 21 10:11:51 hnmomega postfix/cleanup[2085]: E17ED26F: message-id=<002601d0355a$40924180$c1b6c480$@leibelt@alping.de>
Jan 21 10:11:51 hnmomega postfix/qmgr[8199]: E17ED26F: from=<m.leibelt@alping.de>, size=26392, nrcpt=1 (queue active)
Jan 21 10:11:51 hnmomega postfix/smtpd[30958]: disconnect from hnmamavis01.hnmnet.de[10.193.1.3]
Jan 21 10:11:52 hnmomega postfix/smtp[1554]: E17ED26F: to=<Hoffmann@eis-elektric.de>, relay=mx01.kundenserver.de[212.227.17.191]:25, delay=0.56, delays=0.01/0/0.22/0.33, dsn=2.0.0, status=sent (250 Requested mail action okay, completed: id=0LukwD-1XnDfl0z7x-0102tj)
Jan 21 10:11:52 hnmomega postfix/qmgr[8199]: E17ED26F: removed
Jan 21 10:11:58 hnmomega postfix/smtpd[30958]: connect from hnmamavis01.hnmnet.de[10.193.1.3]
Jan 21 10:11:58 hnmomega postfix/smtpd[30958]: DB5DB26F: client=hnmamavis01.hnmnet.de[10.193.1.3]
Jan 21 10:11:58 hnmomega postfix/cleanup[2085]: DB5DB26F: message-id=<F2C20BBF4E5A044AA51BE7739E286579E8BFE9@w2k3-sbs.AHAG.local>
Jan 21 10:11:58 hnmomega postfix/qmgr[8199]: DB5DB26F: from=<Juergen.Timphus@ahag-bmw.de>, size=250325, nrcpt=1 (queue active)
Jan 21 10:11:58 hnmomega postfix/smtpd[30958]: disconnect from hnmamavis01.hnmnet.de[10.193.1.3]
Jan 21 10:11:59 hnmomega postfix/smtpd[30958]: connect from hnmamavis01.hnmnet.de[10.193.1.3]
Jan 21 10:11:59 hnmomega postfix/smtpd[30958]: 4206F271: client=hnmamavis01.hnmnet.de[10.193.1.3]
Jan 21 10:11:59 hnmomega postfix/cleanup[2085]: 4206F271: message-id=<7887C212B04E8F409963D70C7617448C012AB4FB6D@c11021>
Jan 21 10:11:59 hnmomega postfix/qmgr[8199]: 4206F271: from=<michael.volpi@ahag-bochum.de>, size=342104, nrcpt=1 (queue active)
Jan 21 10:11:59 hnmomega postfix/smtpd[30958]: disconnect from hnmamavis01.hnmnet.de[10.193.1.3]
Jan 21 10:12:00 hnmomega postfix/smtp[1554]: DB5DB26F: to=<tanja.juretic@Axivas.com>, relay=mail.Axivas.com[217.5.139.89]:25, delay=1.2, delays=0.02/0/0.32/0.9, dsn=4.0.0, status=deferred (host mail.Axivas.com[217.5.139.89] said: 451 Temporary local problem, please try again! (in reply to end of DATA command))
Jan 21 10:12:00 hnmomega postfix/smtp[2092]: 4206F271: to=<T.Liedtke@rhc.de>, relay=mail2.rhc.de[195.14.234.106]:25, delay=1.3, delays=0.03/0.02/0.08/1.2, dsn=2.0.0, status=sent (250 Requested mail action okay, completed)
Jan 21 10:12:00 hnmomega postfix/qmgr[8199]: 4206F271: removed
Jan 21 10:12:17 hnmomega postfix/qmgr[8199]: 42E96267: from=<>, size=9066, nrcpt=1 (queue active)
Jan 21 10:12:17 hnmomega postfix/qmgr[8199]: 1FA9A90: from=<>, size=15293, nrcpt=1 (queue active)
Jan 21 10:12:17 hnmomega postfix/qmgr[8199]: BC2C8270: from=<>, size=10490, nrcpt=1 (queue active)
Jan 21 10:12:17 hnmomega postfix/smtp[2092]: 1FA9A90: to=<info@bidsxpert.com>, relay=mail.bidsxpert.com[81.180.173.193]:25, delay=332279, delays=332278/0/0.25/0.05, dsn=4.7.1, status=deferred (host mail.bidsxpert.com[81.180.173.193] said: 454 4.7.1 <info@bidsxpert.com>: Relay access denied (in reply to RCPT TO command))
Jan 21 10:12:18 hnmomega postfix/smtp[2094]: BC2C8270: to=<info@bottomlinebooster.net>, relay=mail.bottomlinebooster.net[87.121.193.3]:25, delay=524, delays=524/0.01/0.51/0.04, dsn=4.7.1, status=deferred (host mail.bottomlinebooster.net[87.121.193.3] said: 454 4.7.1 <info@bottomlinebooster.net>: Relay access denied (in reply to RCPT TO command))
Jan 21 10:12:18 hnmomega postfix/smtp[1554]: connect to mail.casonizedlot.com[38.109.218.164]:25: Connection refused
Jan 21 10:12:18 hnmomega postfix/smtp[1554]: 42E96267: to=<james-service=fink-landtechnik.de@casonizedlot.com>, relay=none, delay=50715, delays=50713/0/1.2/0, dsn=4.4.1, status=deferred (connect to mail.casonizedlot.com[38.109.218.164]:25: Connection refused)
Jan 21 10:12:26 hnmomega postfix/smtpd[30958]: connect from hnmamavis01.hnmnet.de[10.193.1.3]
Jan 21 10:12:26 hnmomega postfix/smtpd[30958]: 54266271: client=hnmamavis01.hnmnet.de[10.193.1.3]
Jan 21 10:12:26 hnmomega postfix/cleanup[2085]: 54266271: message-id=<635574319213794875.H1909470075@emailsocket.dc.lan>
Jan 21 10:12:26 hnmomega postfix/qmgr[8199]: 54266271: from=<b15czhhrgurzrhuzzgz78t@auevs.travel24.com>, size=58078, nrcpt=1 (queue active)
Jan 21 10:12:26 hnmomega postfix/smtpd[30958]: disconnect from hnmamavis01.hnmnet.de[10.193.1.3]
Jan 21 10:12:26 hnmomega postfix/smtp[2092]: 54266271: to=<home@balance-hro.de>, relay=mx01.kundenserver.de[212.227.17.191]:25, delay=0.48, delays=0.01/0/0.16/0.31, dsn=2.0.0, status=sent (250 Requested mail action okay, completed: id=0Ln0Nl-1XWpPT2AEX-00hNKq)
Jan 21 10:12:26 hnmomega postfix/qmgr[8199]: 54266271: removed
Jan 21 10:12:33 hnmomega postfix/smtpd[30958]: connect from hnmamavis01.hnmnet.de[10.193.1.3]
Jan 21 10:12:33 hnmomega postfix/smtpd[30958]: 60E58271: client=hnmamavis01.hnmnet.de[10.193.1.3]
Jan 21 10:12:33 hnmomega postfix/cleanup[2085]: 60E58271: message-id=<7887C212B04E8F409963D70C7617448C012AB4FB86@c11021>
Jan 21 10:12:33 hnmomega postfix/qmgr[8199]: 60E58271: from=<michael.volpi@ahag-bochum.de>, size=4285, nrcpt=1 (queue active)
Jan 21 10:12:33 hnmomega postfix/smtpd[30958]: disconnect from hnmamavis01.hnmnet.de[10.193.1.3]
Jan 21 10:12:34 hnmomega postfix/smtp[1554]: 60E58271: to=<Volker.Krol@johanneswerk.de>, relay=mail1.proservice-gmbh.de[89.246.243.149]:25, delay=0.8, delays=0/0/0.18/0.61, dsn=2.0.0, status=sent (250 Ok: queued as 2D04082043)
Jan 21 10:12:34 hnmomega postfix/qmgr[8199]: 60E58271: removed
Jan 21 10:12:36 hnmomega postfix/smtpd[30958]: connect from hnmamavis01.hnmnet.de[10.193.1.3]
Jan 21 10:12:36 hnmomega postfix/smtpd[30958]: 0DAE9271: client=hnmamavis01.hnmnet.de[10.193.1.3]
Jan 21 10:12:36 hnmomega postfix/cleanup[2085]: 0DAE9271: message-id=<F2C20BBF4E5A044AA51BE7739E286579E8BFE8@w2k3-sbs.AHAG.local>
Jan 21 10:12:36 hnmomega postfix/cleanup[2085]: 0DAE9271: resent-message-id=<20150121091236.0B31A30E@hnmamavis01.hnmnet.de>
Jan 21 10:12:36 hnmomega postfix/qmgr[8199]: 0DAE9271: from=<arne.kirchner@ahag-bochum.de>, size=12953, nrcpt=1 (queue active)
Jan 21 10:12:36 hnmomega postfix/smtpd[30958]: disconnect from hnmamavis01.hnmnet.de[10.193.1.3]
Jan 21 10:12:36 hnmomega postfix/smtp[2094]: 0DAE9271: to=<info@arnekirchner.com>, relay=mx51.mymxserver.com[188.94.251.25]:25, delay=0.29, delays=0.04/0/0.06/0.19, dsn=2.0.0, status=sent (250 2.0.0 Ok: queued as 4027021C09C)
Jan 21 10:12:36 hnmomega postfix/qmgr[8199]: 0DAE9271: removed
Jan 21 10:12:49 hnmomega postfix/smtpd[30958]: connect from hnmamavis01.hnmnet.de[10.193.1.3]
Jan 21 10:12:49 hnmomega postfix/smtpd[30958]: F28C7271: client=hnmamavis01.hnmnet.de[10.193.1.3]
Jan 21 10:12:49 hnmomega postfix/cleanup[2085]: F28C7271: message-id=<W2K8-SRV-SAYAPNXRPm00001472@ahag-bmw.de>
Jan 21 10:12:49 hnmomega postfix/qmgr[8199]: F28C7271: from=<patrick.hoeft@bmw-ernst.de>, size=8412, nrcpt=1 (queue active)
Jan 21 10:12:49 hnmomega postfix/smtpd[30958]: disconnect from hnmamavis01.hnmnet.de[10.193.1.3]
Jan 21 10:12:50 hnmomega postfix/smtp[2092]: F28C7271: to=<patrick.hoeft@bmw-ernst.de>, relay=mail.bmw-ernst.de[212.12.37.222]:25, delay=0.13, delays=0/0/0.02/0.1, dsn=2.0.0, status=sent (250 2.0.0 Ok: queued as 059B61C905C)
Jan 21 10:12:50 hnmomega postfix/qmgr[8199]: F28C7271: removed
Jan 21 10:12:57 hnmomega postfix/smtpd[30958]: connect from hnmamavis01.hnmnet.de[10.193.1.3]
Jan 21 10:12:57 hnmomega postfix/smtpd[30958]: A9AAA271: client=hnmamavis01.hnmnet.de[10.193.1.3]
Jan 21 10:12:57 hnmomega postfix/cleanup[2085]: A9AAA271: message-id=<975C5139DA54F6408D1351D6033C3D4D012B384861@c11021>
Jan 21 10:12:57 hnmomega postfix/qmgr[8199]: A9AAA271: from=<Frank.Mueller@ahag-bochum.de>, size=1266211, nrcpt=1 (queue active)
Jan 21 10:12:57 hnmomega postfix/smtpd[30958]: disconnect from hnmamavis01.hnmnet.de[10.193.1.3]
Jan 21 10:12:59 hnmomega postfix/smtp[2094]: A9AAA271: to=<schumacher@orthopaedie-huels.de>, relay=mx00.kundenserver.de[212.227.15.134]:25, delay=1.9, delays=0.07/0/0.23/1.6, dsn=2.0.0, status=sent (250 Requested mail action okay, completed: id=0LnAu9-1XWpLr04ZJ-00hNON)
Jan 21 10:12:59 hnmomega postfix/qmgr[8199]: A9AAA271: removed
Jan 21 10:13:06 hnmomega postfix/smtpd[30958]: connect from hnmamavis01.hnmnet.de[10.193.1.3]
Jan 21 10:13:06 hnmomega postfix/smtpd[30958]: F4040271: client=hnmamavis01.hnmnet.de[10.193.1.3]
Jan 21 10:13:07 hnmomega postfix/cleanup[2085]: F4040271: message-id=<W2K8-SRV-SAGror8Tvu00001473@ahag-bmw.de>
Jan 21 10:13:07 hnmomega postfix/qmgr[8199]: F4040271: from=<patrick.hoeft@bmw-ernst.de>, size=8574, nrcpt=1 (queue active)
Jan 21 10:13:07 hnmomega postfix/smtpd[30958]: disconnect from hnmamavis01.hnmnet.de[10.193.1.3]
Jan 21 10:13:07 hnmomega postfix/smtp[1554]: F4040271: to=<thomas.heidholt@bmw-ernst.de>, relay=mail.bmw-ernst.de[212.12.37.222]:25, delay=0.09, delays=0/0/0.03/0.06, dsn=2.0.0, status=sent (250 2.0.0 Ok: queued as 08C411C905C)
Jan 21 10:13:07 hnmomega postfix/qmgr[8199]: F4040271: removed
Jan 21 10:14:20 hnmomega postfix/smtpd[30958]: connect from hnmamavis01.hnmnet.de[10.193.1.3]
Jan 21 10:14:20 hnmomega postfix/smtpd[30958]: C84DB271: client=hnmamavis01.hnmnet.de[10.193.1.3]
Jan 21 10:14:20 hnmomega postfix/cleanup[2085]: C84DB271: message-id=<001c01d0355a$9889a270$c99ce750$@as-industriemontage.de>
Jan 21 10:14:20 hnmomega postfix/qmgr[8199]: C84DB271: from=<corinna.mai@as-industriemontage.de>, size=3882, nrcpt=1 (queue active)
Jan 21 10:14:20 hnmomega postfix/smtpd[30958]: disconnect from hnmamavis01.hnmnet.de[10.193.1.3]
Jan 21 10:14:21 hnmomega postfix/smtp[2092]: C84DB271: to=<marbach-koenig@t-online.de>, relay=mx01.t-online.de[194.25.134.72]:25, delay=0.47, delays=0/0/0.3/0.17, dsn=2.0.0, status=sent (250 2.0.0 Message accepted.)
Jan 21 10:14:21 hnmomega postfix/qmgr[8199]: C84DB271: removed
Jan 21 10:15:14 hnmomega postfix/smtpd[30958]: connect from hnmamavis01.hnmnet.de[10.193.1.3]
Jan 21 10:15:14 hnmomega postfix/smtpd[30958]: 53AA4271: client=hnmamavis01.hnmnet.de[10.193.1.3]
Jan 21 10:15:14 hnmomega postfix/cleanup[2085]: 53AA4271: message-id=<393ace04efdf8a1435a2ed3361da1bcf@cron-he.crsend.com>
Jan 21 10:15:14 hnmomega postfix/qmgr[8199]: 53AA4271: from=<bounce+8259@bounce.crsend.com>, size=19987, nrcpt=1 (queue active)
Jan 21 10:15:14 hnmomega postfix/smtpd[30958]: disconnect from hnmamavis01.hnmnet.de[10.193.1.3]
Jan 21 10:15:14 hnmomega postfix/smtp[2092]: 53AA4271: to=<dekatrias@t-online.de>, relay=mx01.t-online.de[194.25.134.72]:25, delay=0.49, delays=0.01/0/0.22/0.26, dsn=2.0.0, status=sent (250 2.0.0 Message accepted.)
Jan 21 10:15:14 hnmomega postfix/qmgr[8199]: 53AA4271: removed
Jan 21 10:15:17 hnmomega postfix/smtpd[30958]: connect from hnmamavis01.hnmnet.de[10.193.1.3]
Jan 21 10:15:17 hnmomega postfix/smtpd[30958]: C570E271: client=hnmamavis01.hnmnet.de[10.193.1.3]
Jan 21 10:15:17 hnmomega postfix/cleanup[2085]: C570E271: message-id=<54BF6E0E.7060007@pommersches-landesmuseum.de>
Jan 21 10:15:17 hnmomega postfix/qmgr[8199]: C570E271: from=<frenssen@pommersches-landesmuseum.de>, size=192175, nrcpt=1 (queue active)
Jan 21 10:15:17 hnmomega postfix/smtpd[30958]: disconnect from hnmamavis01.hnmnet.de[10.193.1.3]
Jan 21 10:15:18 hnmomega postfix/smtp[2092]: C570E271: to=<Kesting@nordmetall.de>, relay=mxB.expurgate.net[195.190.135.23]:25, delay=0.24, delays=0.02/0/0.03/0.2, dsn=2.0.0, status=sent (250 OK id=expurgator-9b91ac/1421831717-000070AD-7D9DA5EF/0/0)
Jan 21 10:15:18 hnmomega postfix/qmgr[8199]: C570E271: removed
Jan 21 10:15:29 hnmomega postfix/smtpd[30958]: connect from hnmamavis01.hnmnet.de[10.193.1.3]
Jan 21 10:15:29 hnmomega postfix/smtpd[30958]: 6C351271: client=hnmamavis01.hnmnet.de[10.193.1.3]
Jan 21 10:15:29 hnmomega postfix/cleanup[2085]: 6C351271: message-id=<003701d0355b$eeb2b690$cc1823b0$@gloeden@elektro-firma-gloeden.de>
Jan 21 10:15:29 hnmomega postfix/qmgr[8199]: 6C351271: from=<m.gloeden@elektro-firma-gloeden.de>, size=27600, nrcpt=1 (queue active)
Jan 21 10:15:29 hnmomega postfix/smtpd[30958]: disconnect from hnmamavis01.hnmnet.de[10.193.1.3]
Jan 21 10:15:30 hnmomega postfix/smtp[2092]: 6C351271: to=<ogewo-hildebrandt@gmx.de>, relay=mx01.emig.gmx.net[213.165.67.97]:25, delay=0.67, delays=0.01/0/0.22/0.45, dsn=2.0.0, status=sent (250 Requested mail action okay, completed: id=0MWh2V-1YF8hu2siB-00Xtjz)
Jan 21 10:15:30 hnmomega postfix/qmgr[8199]: 6C351271: removed
Jan 21 10:16:16 hnmomega postfix/smtpd[30958]: connect from hnmamavis01.hnmnet.de[10.193.1.3]
Jan 21 10:16:16 hnmomega postfix/smtpd[30958]: 613EB271: client=hnmamavis01.hnmnet.de[10.193.1.3]
Jan 21 10:16:16 hnmomega postfix/cleanup[2085]: 613EB271: message-id=<W2K8-SRV-SAtgvpa9SM00001475@ahag-bmw.de>
Jan 21 10:16:16 hnmomega postfix/qmgr[8199]: 613EB271: from=<patrick.hoeft@bmw-ernst.de>, size=19889, nrcpt=1 (queue active)
Jan 21 10:16:16 hnmomega postfix/smtpd[30958]: disconnect from hnmamavis01.hnmnet.de[10.193.1.3]
Jan 21 10:16:16 hnmomega postfix/smtp[2092]: 613EB271: to=<aufbereitung@bmw-ernst.de>, relay=mail.bmw-ernst.de[212.12.37.222]:25, delay=0.14, delays=0/0/0.02/0.11, dsn=2.0.0, status=sent (250 2.0.0 Ok: queued as 6906F1C905C)
Jan 21 10:16:16 hnmomega postfix/qmgr[8199]: 613EB271: removed
Jan 21 10:16:17 hnmomega postfix/smtpd[30958]: connect from hnmamavis01.hnmnet.de[10.193.1.3]
Jan 21 10:16:17 hnmomega postfix/smtpd[30958]: A64A5271: client=hnmamavis01.hnmnet.de[10.193.1.3]
Jan 21 10:16:17 hnmomega postfix/cleanup[2085]: A64A5271: message-id=<W2K8-SRV-SA9fHS1k4O00001476@ahag-bmw.de>
Jan 21 10:16:17 hnmomega postfix/qmgr[8199]: A64A5271: from=<patrick.hoeft@bmw-ernst.de>, size=19054, nrcpt=1 (queue active)
Jan 21 10:16:17 hnmomega postfix/smtpd[30958]: disconnect from hnmamavis01.hnmnet.de[10.193.1.3]
Jan 21 10:16:17 hnmomega postfix/smtp[2092]: A64A5271: to=<teilebestellung@bmw-ernst.de>, relay=mail.bmw-ernst.de[212.12.37.222]:25, delay=0.08, delays=0/0/0.02/0.05, dsn=2.0.0, status=sent (250 2.0.0 Ok: queued as ADD931C905C)
Jan 21 10:16:17 hnmomega postfix/qmgr[8199]: A64A5271: removed
Jan 21 10:16:18 hnmomega postfix/smtpd[30958]: connect from hnmamavis01.hnmnet.de[10.193.1.3]
Jan 21 10:16:18 hnmomega postfix/smtpd[30958]: 0E833271: client=hnmamavis01.hnmnet.de[10.193.1.3]
Jan 21 10:16:18 hnmomega postfix/cleanup[2085]: 0E833271: message-id=<W2K8-SRV-SALbYgryWn00001474@ahag-bmw.de>
Jan 21 10:16:18 hnmomega postfix/qmgr[8199]: 0E833271: from=<patrick.hoeft@bmw-ernst.de>, size=26069, nrcpt=1 (queue active)
Jan 21 10:16:18 hnmomega postfix/smtpd[30958]: disconnect from hnmamavis01.hnmnet.de[10.193.1.3]
Jan 21 10:16:18 hnmomega postfix/smtp[2092]: 0E833271: to=<sps-auftrag@bmw-ernst.de>, relay=mail.bmw-ernst.de[212.12.37.222]:25, delay=0.1, delays=0/0/0.02/0.07, dsn=2.0.0, status=sent (250 2.0.0 Ok: queued as 160E31C905C)
Jan 21 10:16:18 hnmomega postfix/qmgr[8199]: 0E833271: removed
Jan 21 10:17:17 hnmomega postfix/qmgr[8199]: 0B9616E: from=<>, size=8795, nrcpt=1 (queue active)
Jan 21 10:17:17 hnmomega postfix/qmgr[8199]: DB5DB26F: from=<Juergen.Timphus@ahag-bmw.de>, size=250325, nrcpt=1 (queue active)
Jan 21 10:17:17 hnmomega postfix/qmgr[8199]: E8C1C23D: from=<>, size=5421, nrcpt=1 (queue active)
Jan 21 10:17:17 hnmomega postfix/qmgr[8199]: E33B026C: from=<ALorenz@varioug.de>, size=18909, nrcpt=1 (queue active)
Jan 21 10:17:17 hnmomega postfix/smtp[3093]: E33B026C: to=<w.till@dashoefer.de>, relay=mail.dashoefer.de[5.159.56.16]:25, delay=931, delays=931/0.04/0.06/0.02, dsn=4.7.1, status=deferred (host mail.dashoefer.de[5.159.56.16] said: 450 4.7.1 <w.till@dashoefer.de>: Recipient address rejected: Greylisted for 30 minutes (in reply to RCPT TO command))
Jan 21 10:17:17 hnmomega postfix/smtp[3091]: DB5DB26F: to=<tanja.juretic@Axivas.com>, relay=mail.Axivas.com[217.5.139.89]:25, delay=319, delays=318/0.02/0.21/0.56, dsn=2.0.0, status=sent (250 OK id=1YDrPZ-00083K-1N)
Jan 21 10:17:17 hnmomega postfix/qmgr[8199]: DB5DB26F: removed
Jan 21 10:17:19 hnmomega postfix/smtp[3092]: E8C1C23D: to=<3CVSY6F-I9EGCC-5METYF-ASD6ND-RHUBBD-H-M2-20150121-517fd508b6ee2d@emea.e.paypal.com>, relay=mail-router.e-dialog.com[208.94.20.16]:25, delay=595, delays=592/0.03/2.3/0.23, dsn=4.0.0, status=deferred (host mail-router.e-dialog.com[208.94.20.16] said: 450 5.8.26 93.92.128.124 greylisted - please try again later; report problems to blacklist@e-dialog.com. (in reply to RCPT TO command))
Jan 21 10:17:47 hnmomega postfix/smtp[2092]: connect to mail.eemonklot.com[46.36.38.56]:25: Connection timed out
Jan 21 10:17:47 hnmomega postfix/smtp[2092]: 0B9616E: to=<james-service=fink-landtechnik.de@eemonklot.com>, relay=none, delay=380725, delays=380695/0/30/0, dsn=4.4.1, status=deferred (connect to mail.eemonklot.com[46.36.38.56]:25: Connection timed out)
Jan 21 10:18:00 hnmomega postfix/smtpd[3100]: warning: database /etc/aliases.db is older than source file /etc/aliases
Jan 21 10:18:00 hnmomega postfix/smtpd[3100]: connect from hnmamavis01.hnmnet.de[10.193.1.3]
Jan 21 10:18:00 hnmomega postfix/smtpd[3100]: F3BB326F: client=hnmamavis01.hnmnet.de[10.193.1.3]
Jan 21 10:18:00 hnmomega postfix/cleanup[3102]: F3BB326F: message-id=<1421831860.65333.qmail@poste.it>
Jan 21 10:18:01 hnmomega postfix/qmgr[8199]: F3BB326F: from=<root@vps25747.lws-hosting.com>, size=4943, nrcpt=1 (queue active)
Jan 21 10:18:01 hnmomega postfix/smtpd[3100]: disconnect from hnmamavis01.hnmnet.de[10.193.1.3]
Jan 21 10:18:02 hnmomega postfix/smtp[3093]: F3BB326F: to=<resainternational@yahoo.de>, relay=mx-eu.mail.am0.yahoodns.net[188.125.69.79]:25, delay=1.1, delays=0.05/0/0.22/0.79, dsn=2.0.0, status=sent (250 ok dirdel)
Jan 21 10:18:02 hnmomega postfix/qmgr[8199]: F3BB326F: removed
Jan 21 10:18:18 hnmomega postfix/smtpd[3100]: connect from hnmamavis01.hnmnet.de[10.193.1.3]
Jan 21 10:18:18 hnmomega postfix/smtpd[3100]: 4EACA26F: client=hnmamavis01.hnmnet.de[10.193.1.3]
Jan 21 10:18:18 hnmomega postfix/cleanup[3102]: 4EACA26F: message-id=<E0C747881E0F0B46BC82C172828E5E83013F148461@c11021>
Jan 21 10:18:18 hnmomega postfix/qmgr[8199]: 4EACA26F: from=<bjoern.boerger@ahag-bochum.de>, size=263857, nrcpt=1 (queue active)
Jan 21 10:18:18 hnmomega postfix/smtpd[3100]: disconnect from hnmamavis01.hnmnet.de[10.193.1.3]
Jan 21 10:18:18 hnmomega postfix/smtp[3091]: 4EACA26F: to=<patrick.hoeft@bmw-ernst.de>, relay=mail.bmw-ernst.de[212.12.37.222]:25, delay=0.17, delays=0.03/0/0.03/0.12, dsn=2.0.0, status=sent (250 2.0.0 Ok: queued as 5C9A81C905C)
Jan 21 10:18:18 hnmomega postfix/qmgr[8199]: 4EACA26F: removed
Jan 21 10:19:00 hnmomega postfix/smtpd[3100]: connect from hnmamavis01.hnmnet.de[10.193.1.3]
Jan 21 10:19:00 hnmomega postfix/trivial-rewrite[3103]: warning: database /etc/postfix/smtpouttransport.db is older than source file /etc/postfix/smtpouttransport
Jan 21 10:19:00 hnmomega postfix/smtpd[3100]: DD15226F: client=hnmamavis01.hnmnet.de[10.193.1.3]
Jan 21 10:19:00 hnmomega postfix/cleanup[3102]: DD15226F: message-id=<F2C20BBF4E5A044AA51BE7739E286579E8BFEB@w2k3-sbs.AHAG.local>
Jan 21 10:19:00 hnmomega postfix/trivial-rewrite[3104]: warning: database /etc/postfix/smtpouttransport.db is older than source file /etc/postfix/smtpouttransport
Jan 21 10:19:00 hnmomega postfix/qmgr[8199]: DD15226F: from=<Christoph.Hochhaeuser@ahag-bmw.de>, size=215271, nrcpt=1 (queue active)
Jan 21 10:19:00 hnmomega postfix/smtpd[3100]: disconnect from hnmamavis01.hnmnet.de[10.193.1.3]
Jan 21 10:19:01 hnmomega postfix/smtp[2092]: DD15226F: to=<christian.stromberg@gmx.net>, relay=mx00.emig.gmx.net[213.165.67.114]:25, delay=0.75, delays=0.02/0/0.18/0.55, dsn=2.0.0, status=sent (250 Requested mail action okay, completed: id=0LdIFV-1XVgvs0ZTF-00iQTS)
Jan 21 10:19:01 hnmomega postfix/qmgr[8199]: DD15226F: removed
Jan 21 10:19:17 hnmomega postfix/smtpd[3100]: connect from hnmamavis01.hnmnet.de[10.193.1.3]
Jan 21 10:19:17 hnmomega postfix/smtpd[3100]: 6A2A826F: client=hnmamavis01.hnmnet.de[10.193.1.3]
Jan 21 10:19:17 hnmomega postfix/cleanup[3102]: 6A2A826F: message-id=<04962b663271bb4c30a23e2e4e855334598.20150121090316@mail49.wdc01.mcdlv.net>
Jan 21 10:19:17 hnmomega postfix/qmgr[8199]: 6A2A826F: from=<bounce-mc.us3_23364411.287913-info=meierdruck.de@mail49.wdc01.mcdlv.net>, size=54404, nrcpt=1 (queue active)
Jan 21 10:19:17 hnmomega postfix/smtpd[3100]: disconnect from hnmamavis01.hnmnet.de[10.193.1.3]
Jan 21 10:19:17 hnmomega postfix/smtp[3093]: 6A2A826F: to=<meierdruck@arcor.de>, relay=mx.arcor.de[151.189.21.118]:25, delay=0.24, delays=0.01/0/0.15/0.09, dsn=2.0.0, status=sent (250 2.0.0 Ok: queued as 969D6212806)
Jan 21 10:19:17 hnmomega postfix/qmgr[8199]: 6A2A826F: removed
Jan 21 10:19:21 hnmomega postfix/smtpd[3100]: connect from hnmamavis01.hnmnet.de[10.193.1.3]
Jan 21 10:19:21 hnmomega postfix/smtpd[3100]: 16B6526F: client=hnmamavis01.hnmnet.de[10.193.1.3]
Jan 21 10:19:21 hnmomega postfix/cleanup[3102]: 16B6526F: message-id=<D872BE418746A3449520372F8038CAD07D2EAC@srvwiemail.wiesmann.local>
Jan 21 10:19:21 hnmomega postfix/qmgr[8199]: 16B6526F: from=<Rene-Andre.Kollek@ahag-coesfeld.de>, size=7509, nrcpt=1 (queue active)
Jan 21 10:19:21 hnmomega postfix/smtpd[3100]: disconnect from hnmamavis01.hnmnet.de[10.193.1.3]
Jan 21 10:19:21 hnmomega postfix/smtp[3091]: 16B6526F: to=<r.kollek@gmx.de>, relay=mx00.emig.gmx.net[213.165.67.114]:25, delay=0.58, delays=0/0/0.22/0.36, dsn=2.0.0, status=sent (250 Requested mail action okay, completed: id=0M6eIe-1XqqRZ1Ntk-00wRN0)
Jan 21 10:19:21 hnmomega postfix/qmgr[8199]: 16B6526F: removed
Jan 21 10:19:37 hnmomega postfix/smtpd[3100]: connect from hnmamavis01.hnmnet.de[10.193.1.3]
Jan 21 10:19:37 hnmomega postfix/smtpd[3100]: 2ED9B26F: client=hnmamavis01.hnmnet.de[10.193.1.3]
Jan 21 10:19:37 hnmomega postfix/cleanup[3102]: 2ED9B26F: message-id=<W2K8-SRV-SAnIUC1L2F00001477@ahag-bmw.de>
Jan 21 10:19:37 hnmomega postfix/qmgr[8199]: 2ED9B26F: from=<tracy.hildebrandt@bmw-ernst.de>, size=8373, nrcpt=1 (queue active)
Jan 21 10:19:37 hnmomega postfix/smtpd[3100]: disconnect from hnmamavis01.hnmnet.de[10.193.1.3]
Jan 21 10:19:37 hnmomega postfix/smtp[2092]: 2ED9B26F: to=<tracy.hildebrandt@bmw-ernst.de>, relay=mail.bmw-ernst.de[212.12.37.222]:25, delay=0.13, delays=0/0/0.03/0.1, dsn=2.0.0, status=sent (250 2.0.0 Ok: queued as 36FA51C905C)
Jan 21 10:19:37 hnmomega postfix/qmgr[8199]: 2ED9B26F: removed
Jan 21 10:19:38 hnmomega postfix/smtpd[3100]: connect from hnmamavis01.hnmnet.de[10.193.1.3]
Jan 21 10:19:38 hnmomega postfix/smtpd[3100]: 1D5AE26F: client=hnmamavis01.hnmnet.de[10.193.1.3]
Jan 21 10:19:38 hnmomega postfix/cleanup[3102]: 1D5AE26F: message-id=<W2K8-SRV-SAS9sCFBUz00001478@ahag-bmw.de>
Jan 21 10:19:38 hnmomega postfix/qmgr[8199]: 1D5AE26F: from=<patrick.hoeft@bmw-ernst.de>, size=8506, nrcpt=1 (queue active)
Jan 21 10:19:38 hnmomega postfix/smtpd[3100]: disconnect from hnmamavis01.hnmnet.de[10.193.1.3]
Jan 21 10:19:38 hnmomega postfix/smtp[3093]: 1D5AE26F: to=<thomas.heidholt@bmw-ernst.de>, relay=mail.bmw-ernst.de[212.12.37.222]:25, delay=0.12, delays=0/0/0.03/0.09, dsn=2.0.0, status=sent (250 2.0.0 Ok: queued as 253881C905C)
Jan 21 10:19:38 hnmomega postfix/qmgr[8199]: 1D5AE26F: removed
Jan 21 10:19:49 hnmomega postfix/smtpd[3100]: connect from hnmamavis01.hnmnet.de[10.193.1.3]
Jan 21 10:19:49 hnmomega postfix/smtpd[3100]: 1F8F426F: client=hnmamavis01.hnmnet.de[10.193.1.3]
Jan 21 10:19:49 hnmomega postfix/cleanup[3102]: 1F8F426F: message-id=<!&!AAAAAAAAAAAYAAAAAAAAAIpwEdfVlzBKuXKHhC/VLJLCgAAAEAAAAK8MspkkCJROjd1R2HF1M0wBAAAAAA==@imbu-service.de>
Jan 21 10:19:49 hnmomega postfix/qmgr[8199]: 1F8F426F: from=<k.gloeden@imbu-service.de>, size=6551, nrcpt=1 (queue active)
Jan 21 10:19:49 hnmomega postfix/smtpd[3100]: disconnect from hnmamavis01.hnmnet.de[10.193.1.3]
Jan 21 10:19:55 hnmomega postfix/smtp[3091]: 1F8F426F: to=<ericguse@icloud.com>, relay=mx3.mail.icloud.com[17.158.8.50]:25, delay=6, delays=0/0/1.3/4.7, dsn=2.5.0, status=sent (250 2.5.0 Ok.)
Jan 21 10:19:55 hnmomega postfix/qmgr[8199]: 1F8F426F: removed
Jan 21 10:20:50 hnmomega postfix/smtpd[3100]: connect from hnmamavis01.hnmnet.de[10.193.1.3]
Jan 21 10:20:50 hnmomega postfix/smtpd[3100]: C9C6426F: client=hnmamavis01.hnmnet.de[10.193.1.3]
Jan 21 10:20:50 hnmomega postfix/cleanup[3102]: C9C6426F: message-id=<54BF6F58.3060107@pommersches-landesmuseum.de>
Jan 21 10:20:50 hnmomega postfix/qmgr[8199]: C9C6426F: from=<info@pommersches-landesmuseum.de>, size=382086, nrcpt=1 (queue active)
Jan 21 10:20:50 hnmomega postfix/smtpd[3100]: disconnect from hnmamavis01.hnmnet.de[10.193.1.3]
Jan 21 10:20:51 hnmomega postfix/smtp[2092]: C9C6426F: to=<Henning.Murmann@t-online.de>, relay=mx03.t-online.de[194.25.134.73]:25, delay=0.69, delays=0.07/0/0.17/0.45, dsn=2.0.0, status=sent (250 2.0.0 Message accepted.)
Jan 21 10:20:51 hnmomega postfix/qmgr[8199]: C9C6426F: removed
Jan 21 10:21:00 hnmomega postfix/smtpd[3100]: connect from hnmamavis01.hnmnet.de[10.193.1.3]
Jan 21 10:21:00 hnmomega postfix/smtpd[3100]: 5B4CB26F: client=hnmamavis01.hnmnet.de[10.193.1.3]
Jan 21 10:21:00 hnmomega postfix/cleanup[3102]: 5B4CB26F: message-id=<E0C747881E0F0B46BC82C172828E5E83013F148479@c11021>
Jan 21 10:21:00 hnmomega postfix/qmgr[8199]: 5B4CB26F: from=<bjoern.boerger@ahag-bochum.de>, size=200257, nrcpt=1 (queue active)
Jan 21 10:21:00 hnmomega postfix/smtpd[3100]: disconnect from hnmamavis01.hnmnet.de[10.193.1.3]
Jan 21 10:21:02 hnmomega postfix/smtp[3093]: 5B4CB26F: to=<bestandwest@bmw.de>, relay=mx1.bmw.c3s2.iphmx.com[68.232.133.169]:25, delay=2.2, delays=0.01/0/0.93/1.2, dsn=2.0.0, status=sent (250 ok:  Message 29698698 accepted)
Jan 21 10:21:02 hnmomega postfix/qmgr[8199]: 5B4CB26F: removed
Jan 21 10:21:29 hnmomega postfix/smtpd[3100]: connect from hnmamavis01.hnmnet.de[10.193.1.3]
Jan 21 10:21:29 hnmomega postfix/smtpd[3100]: 4C9D926F: client=hnmamavis01.hnmnet.de[10.193.1.3]
Jan 21 10:21:29 hnmomega postfix/cleanup[3102]: 4C9D926F: message-id=<BA1551B73C52A843AA5D2E0AD223B2A5012B7DC621@c11021>
Jan 21 10:21:29 hnmomega postfix/qmgr[8199]: 4C9D926F: from=<joris.west@ahag-bochum.de>, size=287529, nrcpt=1 (queue active)
Jan 21 10:21:29 hnmomega postfix/smtpd[3100]: disconnect from hnmamavis01.hnmnet.de[10.193.1.3]
Jan 21 10:21:30 hnmomega postfix/smtp[3091]: 4C9D926F: to=<Stefan.Fuerg@vr-dachau.de>, relay=cluster8.eu.messagelabs.com[85.158.137.19]:25, delay=0.92, delays=0.02/0/0.3/0.59, dsn=2.0.0, status=sent (250 ok 1421832090 qp 8608 server-2.tower-39.messagelabs.com!1421832089!28093684!1)
Jan 21 10:21:30 hnmomega postfix/qmgr[8199]: 4C9D926F: removed
Jan 21 10:21:39 hnmomega postfix/smtpd[3100]: connect from hnmamavis01.hnmnet.de[10.193.1.3]
Jan 21 10:21:39 hnmomega postfix/smtpd[3100]: 822C326F: client=hnmamavis01.hnmnet.de[10.193.1.3]
Jan 21 10:21:39 hnmomega postfix/cleanup[3102]: 822C326F: message-id=<W2K8-SRV-SAlT4GauSg00001479@ahag-bmw.de>
Jan 21 10:21:39 hnmomega postfix/qmgr[8199]: 822C326F: from=<patrick.hoeft@bmw-ernst.de>, size=8526, nrcpt=1 (queue active)
Jan 21 10:21:39 hnmomega postfix/smtpd[3100]: disconnect from hnmamavis01.hnmnet.de[10.193.1.3]
Jan 21 10:21:39 hnmomega postfix/smtp[2092]: 822C326F: to=<thomas.heidholt@bmw-ernst.de>, relay=mail.bmw-ernst.de[212.12.37.222]:25, delay=0.05, delays=0/0/0.02/0.02, dsn=2.0.0, status=sent (250 2.0.0 Ok: queued as 8970F1C905C)
Jan 21 10:21:39 hnmomega postfix/qmgr[8199]: 822C326F: removed
Jan 21 10:22:03 hnmomega postfix/smtpd[3100]: connect from hnmamavis01.hnmnet.de[10.193.1.3]
Jan 21 10:22:03 hnmomega postfix/smtpd[3100]: 2BD3526F: client=hnmamavis01.hnmnet.de[10.193.1.3]
