Jan 22 07:32:56 hnmomega postfix/cleanup[3420]: E349C26B: message-id=<001101d0360c$f4f02270$ded06750$@spiegelblank.com>
Jan 22 07:32:56 hnmomega postfix/qmgr[8199]: E349C26B: from=<wegner@spiegelblank.com>, size=10538, nrcpt=1 (queue active)
Jan 22 07:32:56 hnmomega postfix/smtpd[3417]: disconnect from hnmamavis01.hnmnet.de[10.193.1.3]
Jan 22 07:32:57 hnmomega postfix/smtp[3421]: E349C26B: host mail.kfh-dialyse.de[145.253.108.114] said: 451 Temporary local problem, please try again! (in reply to end of DATA command)
Jan 22 07:32:57 hnmomega postfix/smtp[3421]: E349C26B: to=<Stralsund@kfh-dialyse.de>, relay=mail.arcor-ip.de[145.253.2.14]:25, delay=0.92, delays=0/0/0.84/0.08, dsn=4.7.1, status=deferred (host mail.arcor-ip.de[145.253.2.14] said: 451 4.7.1 <Stralsund@kfh-dialyse.de>: Recipient address rejected: Greylisting in effect, please come back later (in reply to RCPT TO command))
Jan 22 07:33:34 hnmomega postfix/smtpd[3417]: connect from hnmamavis01.hnmnet.de[10.193.1.3]
Jan 22 07:33:34 hnmomega postfix/smtpd[3417]: ADE5926D: client=hnmamavis01.hnmnet.de[10.193.1.3]
Jan 22 07:33:34 hnmomega postfix/cleanup[3420]: ADE5926D: message-id=<20150122063309.3C9BF484136D@web01-hnm.de>
Jan 22 07:33:34 hnmomega postfix/qmgr[8199]: ADE5926D: from=<soshnm@icloud.com>, size=3172, nrcpt=1 (queue active)
Jan 22 07:33:34 hnmomega postfix/smtpd[3417]: disconnect from hnmamavis01.hnmnet.de[10.193.1.3]
Jan 22 07:33:35 hnmomega postfix/smtp[3421]: ADE5926D: to=<s.gall@net-dynamic.de>, relay=mail.nd-server.org[213.133.111.82]:25, delay=0.31, delays=0/0/0.15/0.16, dsn=2.0.0, status=sent (250 2.0.0 Ok: queued as DA67C36A24A)
Jan 22 07:33:35 hnmomega postfix/qmgr[8199]: ADE5926D: removed
Jan 22 07:35:34 hnmomega postfix/smtpd[4179]: warning: database /etc/aliases.db is older than source file /etc/aliases
Jan 22 07:35:34 hnmomega postfix/smtpd[4179]: connect from hnmamavis01.hnmnet.de[10.193.1.3]
Jan 22 07:35:34 hnmomega postfix/trivial-rewrite[4181]: warning: database /etc/postfix/smtpouttransport.db is older than source file /etc/postfix/smtpouttransport
Jan 22 07:35:34 hnmomega postfix/smtpd[4179]: 5F73726D: client=hnmamavis01.hnmnet.de[10.193.1.3]
Jan 22 07:35:34 hnmomega postfix/cleanup[4182]: 5F73726D: message-id=<000301d0360d$51318920$f3949b60$@spiegelblank.com>
Jan 22 07:35:34 hnmomega postfix/qmgr[8199]: 5F73726D: from=<material@spiegelblank.com>, size=45971, nrcpt=1 (queue active)
Jan 22 07:35:34 hnmomega postfix/smtpd[4179]: disconnect from hnmamavis01.hnmnet.de[10.193.1.3]
Jan 22 07:35:46 hnmomega postfix/smtp[4183]: 5F73726D: to=<s.tiemerding@hugopfohe.de>, relay=mailgate2.companity.com[46.51.168.81]:25, delay=12, delays=0.01/0.01/0.35/11, dsn=2.0.0, status=sent (250 2.0.0 Ok: queued as 12D19DE172)
Jan 22 07:35:46 hnmomega postfix/qmgr[8199]: 5F73726D: removed
Jan 22 07:36:15 hnmomega postfix/smtpd[4179]: connect from hnmamavis01.hnmnet.de[10.193.1.3]
Jan 22 07:36:15 hnmomega postfix/smtpd[4179]: 9D48D26D: client=hnmamavis01.hnmnet.de[10.193.1.3]
Jan 22 07:36:15 hnmomega postfix/cleanup[4182]: 9D48D26D: message-id=<000001d0360d$af617960$0e246c20$@stadtmarketing-greifswald.de>
Jan 22 07:36:15 hnmomega postfix/qmgr[8199]: 9D48D26D: from=<Assistenz@stadtmarketing-greifswald.de>, size=82782, nrcpt=1 (queue active)
Jan 22 07:36:15 hnmomega postfix/smtpd[4179]: disconnect from hnmamavis01.hnmnet.de[10.193.1.3]
Jan 22 07:36:16 hnmomega postfix/smtp[4183]: 9D48D26D: to=<info@vitalisfitness-studio.de>, relay=mxcluster1.one.com[91.198.169.8]:25, delay=1, delays=0.01/0/0.22/0.81, dsn=2.0.0, status=sent (250 2.0.0 OK: queued as f76570fd-a200-11e4-8d81-b82a72d82f61)
Jan 22 07:36:16 hnmomega postfix/qmgr[8199]: 9D48D26D: removed
Jan 22 07:38:24 hnmomega postfix/smtpd[4431]: warning: database /etc/aliases.db is older than source file /etc/aliases
Jan 22 07:38:24 hnmomega postfix/smtpd[4431]: connect from hnmamavis01.hnmnet.de[10.193.1.3]
Jan 22 07:38:24 hnmomega postfix/trivial-rewrite[4433]: warning: database /etc/postfix/smtpouttransport.db is older than source file /etc/postfix/smtpouttransport
Jan 22 07:38:24 hnmomega postfix/smtpd[4431]: 5706E26D: client=hnmamavis01.hnmnet.de[10.193.1.3]
Jan 22 07:38:24 hnmomega postfix/cleanup[4434]: 5706E26D: message-id=<54C09ACF.7030707@ib-vm.de>
Jan 22 07:38:24 hnmomega postfix/qmgr[8199]: 5706E26D: from=<reuter.michael@ib-vm.de>, size=5690, nrcpt=1 (queue active)
Jan 22 07:38:24 hnmomega postfix/smtpd[4431]: disconnect from hnmamavis01.hnmnet.de[10.193.1.3]
Jan 22 07:38:25 hnmomega postfix/smtp[4435]: 5706E26D: to=<nils.wallis@siwa-bau.de>, relay=mail.siwa-bau.de[85.13.138.41]:25, delay=0.91, delays=0.04/0.01/0.66/0.2, dsn=2.0.0, status=sent (250 2.0.0 Ok: queued as 2140DDC0113)
Jan 22 07:38:25 hnmomega postfix/qmgr[8199]: 5706E26D: removed
Jan 22 07:42:19 hnmomega postfix/qmgr[8199]: 54344263: from=<>, size=12021, nrcpt=1 (queue active)
Jan 22 07:42:19 hnmomega postfix/trivial-rewrite[4959]: warning: database /etc/postfix/smtpouttransport.db is older than source file /etc/postfix/smtpouttransport
Jan 22 07:42:19 hnmomega postfix/qmgr[8199]: 2CC3F1E: from=<farysch@wp-krutzsch.de>, size=4858, nrcpt=1 (queue active)
Jan 22 07:42:19 hnmomega postfix/qmgr[8199]: E349C26B: from=<wegner@spiegelblank.com>, size=10538, nrcpt=1 (queue active)
Jan 22 07:42:19 hnmomega postfix/smtp[4960]: 54344263: to=<info@auto-bids.com>, relay=mail.auto-bids.com[81.180.168.2]:25, delay=231316, delays=231315/0.02/0.48/0.05, dsn=4.7.1, status=deferred (host mail.auto-bids.com[81.180.168.2] said: 454 4.7.1 <info@auto-bids.com>: Relay access denied (in reply to RCPT TO command))
Jan 22 07:42:20 hnmomega postfix/smtp[4962]: E349C26B: to=<Stralsund@kfh-dialyse.de>, relay=mail.kfh-dialyse.de[145.253.108.114]:25, delay=563, delays=562/0.03/0.17/0.42, dsn=2.0.0, status=sent (250 OK id=1YEBT9-0005o0-2j)
Jan 22 07:42:20 hnmomega postfix/qmgr[8199]: E349C26B: removed
Jan 22 07:42:49 hnmomega postfix/smtp[4961]: connect to worldonline.de[62.27.45.170]:25: Connection timed out
Jan 22 07:42:49 hnmomega postfix/smtp[4961]: 2CC3F1E: to=<edgar.fleischer@worldonline.de>, relay=none, delay=248251, delays=248221/0.02/30/0, dsn=4.4.1, status=deferred (connect to worldonline.de[62.27.45.170]:25: Connection timed out)
Jan 22 07:43:09 hnmomega postfix/smtpd[4964]: warning: database /etc/aliases.db is older than source file /etc/aliases
Jan 22 07:43:09 hnmomega postfix/smtpd[4964]: connect from hnmamavis01.hnmnet.de[10.193.1.3]
Jan 22 07:43:09 hnmomega postfix/smtpd[4964]: 95D4A26B: client=hnmamavis01.hnmnet.de[10.193.1.3]
Jan 22 07:43:09 hnmomega postfix/cleanup[4966]: 95D4A26B: message-id=<31C425858E607048986071BE6773F435013ECEC2DF@c11021>
Jan 22 07:43:09 hnmomega postfix/qmgr[8199]: 95D4A26B: from=<Nicole.Schnittger@ahag-bochum.de>, size=50624, nrcpt=1 (queue active)
Jan 22 07:43:09 hnmomega postfix/smtpd[4964]: disconnect from hnmamavis01.hnmnet.de[10.193.1.3]
Jan 22 07:43:10 hnmomega postfix/smtp[4960]: 95D4A26B: to=<tatjana.goldring@bmw-ernst.de>, relay=mail.bmw-ernst.de[212.12.37.222]:25, delay=0.43, delays=0.05/0/0.05/0.34, dsn=2.0.0, status=sent (250 2.0.0 Ok: queued as BF9181C9063)
Jan 22 07:43:10 hnmomega postfix/qmgr[8199]: 95D4A26B: removed
Jan 22 07:44:07 hnmomega postfix/smtpd[4964]: connect from hnmamavis01.hnmnet.de[10.193.1.3]
Jan 22 07:44:07 hnmomega postfix/smtpd[4964]: 4A5C626B: client=hnmamavis01.hnmnet.de[10.193.1.3]
Jan 22 07:44:07 hnmomega postfix/cleanup[4966]: 4A5C626B: message-id=<31C425858E607048986071BE6773F435013ECEC304@c11021>
Jan 22 07:44:07 hnmomega postfix/qmgr[8199]: 4A5C626B: from=<Nicole.Schnittger@ahag-bochum.de>, size=82917, nrcpt=1 (queue active)
Jan 22 07:44:07 hnmomega postfix/smtpd[4964]: disconnect from hnmamavis01.hnmnet.de[10.193.1.3]
Jan 22 07:44:07 hnmomega postfix/smtp[4961]: 4A5C626B: to=<gwallersheim@web.de>, relay=mx-ha02.web.de[213.165.67.120]:25, delay=0.59, delays=0.05/0/0.25/0.29, dsn=2.0.0, status=sent (250 Requested mail action okay, completed: id=0MILJL-1YIIdE2eZ5-004DIT)
Jan 22 07:44:07 hnmomega postfix/qmgr[8199]: 4A5C626B: removed
Jan 22 07:44:08 hnmomega postfix/smtpd[4964]: connect from hnmamavis01.hnmnet.de[10.193.1.3]
Jan 22 07:44:08 hnmomega postfix/smtpd[4964]: 2975F26B: client=hnmamavis01.hnmnet.de[10.193.1.3]
Jan 22 07:44:08 hnmomega postfix/cleanup[4966]: 2975F26B: message-id=<55a2e7c9.1fab8.14b105ae311.Coremail.operation1@jiaritour.com>
Jan 22 07:44:08 hnmomega postfix/qmgr[8199]: 2975F26B: from=<operation1@jiaritour.com>, size=10016, nrcpt=1 (queue active)
Jan 22 07:44:08 hnmomega postfix/smtpd[4964]: disconnect from hnmamavis01.hnmnet.de[10.193.1.3]
Jan 22 07:44:13 hnmomega postfix/smtpd[4964]: connect from hnmamavis01.hnmnet.de[10.193.1.3]
Jan 22 07:44:13 hnmomega postfix/smtpd[4964]: A145626C: client=hnmamavis01.hnmnet.de[10.193.1.3]
Jan 22 07:44:13 hnmomega postfix/cleanup[4966]: A145626C: message-id=<D872BE418746A3449520372F8038CAD0908225@srvwiemail.wiesmann.local>
Jan 22 07:44:13 hnmomega postfix/qmgr[8199]: A145626C: from=<Ferhat.Isik@ahag-coesfeld.de>, size=7550, nrcpt=1 (queue active)
Jan 22 07:44:13 hnmomega postfix/smtpd[4964]: disconnect from hnmamavis01.hnmnet.de[10.193.1.3]
Jan 22 07:44:14 hnmomega postfix/smtp[4961]: A145626C: to=<ferhat.isik86@web.de>, relay=mx-ha03.web.de[213.165.67.104]:25, delay=0.48, delays=0/0/0.19/0.29, dsn=2.0.0, status=sent (250 Requested mail action okay, completed: id=0MEnT0-1YU8zH3gNO-00G3kN)
Jan 22 07:44:14 hnmomega postfix/qmgr[8199]: A145626C: removed
Jan 22 07:44:14 hnmomega postfix/smtp[4960]: 2975F26B: to=<resainternational@yahoo.de>, relay=mx-eu.mail.am0.yahoodns.net[188.125.69.79]:25, delay=6.2, delays=0/0/0.26/5.9, dsn=2.0.0, status=sent (250 ok dirdel)
Jan 22 07:44:14 hnmomega postfix/qmgr[8199]: 2975F26B: removed
Jan 22 07:45:28 hnmomega postfix/smtpd[4964]: connect from hnmamavis01.hnmnet.de[10.193.1.3]
Jan 22 07:45:28 hnmomega postfix/smtpd[4964]: 7CEF326B: client=hnmamavis01.hnmnet.de[10.193.1.3]
Jan 22 07:45:28 hnmomega postfix/cleanup[4966]: 7CEF326B: message-id=<d02ef93e870126970481d1785b6cf024.squirrel@cpanel.gruieo.concrete5.arvixe.com>
Jan 22 07:45:28 hnmomega postfix/qmgr[8199]: 7CEF326B: from=<>, size=4038, nrcpt=1 (queue active)
Jan 22 07:45:28 hnmomega postfix/smtpd[4964]: disconnect from hnmamavis01.hnmnet.de[10.193.1.3]
Jan 22 07:45:28 hnmomega postfix/smtp[4961]: 7CEF326B: to=<frankloeffelmacher@gmx.de>, relay=mx01.emig.gmx.net[213.165.67.115]:25, delay=0.44, delays=0.01/0/0.24/0.18, dsn=2.0.0, status=sent (250 Requested mail action okay, completed: id=0LqUo9-1XjVXN3FpJ-00e8ti)
Jan 22 07:45:28 hnmomega postfix/qmgr[8199]: 7CEF326B: removed
Jan 22 07:45:30 hnmomega postfix/smtpd[4964]: connect from hnmamavis01.hnmnet.de[10.193.1.3]
Jan 22 07:45:30 hnmomega postfix/smtpd[4964]: A5C2E26B: client=hnmamavis01.hnmnet.de[10.193.1.3]
Jan 22 07:45:30 hnmomega postfix/cleanup[4966]: A5C2E26B: message-id=<20150122_063526_018788.info@de4.gc-prom.com>
Jan 22 07:45:30 hnmomega postfix/qmgr[8199]: A5C2E26B: from=<info@de4.gc-prom.com>, size=4547, nrcpt=1 (queue active)
Jan 22 07:45:30 hnmomega postfix/smtpd[4964]: disconnect from hnmamavis01.hnmnet.de[10.193.1.3]
Jan 22 07:45:30 hnmomega postfix/smtp[4960]: A5C2E26B: to=<pagoden-center@arcor.de>, relay=mx.arcor.de[151.189.21.118]:25, delay=0.27, delays=0.04/0/0.17/0.06, dsn=2.0.0, status=sent (250 2.0.0 Ok: queued as DED12CC003)
Jan 22 07:45:30 hnmomega postfix/qmgr[8199]: A5C2E26B: removed
Jan 22 07:46:54 hnmomega postfix/smtpd[4964]: connect from hnmamavis01.hnmnet.de[10.193.1.3]
Jan 22 07:46:54 hnmomega postfix/smtpd[4964]: 8B12F26B: client=hnmamavis01.hnmnet.de[10.193.1.3]
Jan 22 07:46:54 hnmomega postfix/cleanup[4966]: 8B12F26B: message-id=<20150122075656.2F2B9CE7528@generate-contacts.org>
Jan 22 07:46:54 hnmomega postfix/qmgr[8199]: 8B12F26B: from=<root@generate-contacts.org>, size=5076, nrcpt=1 (queue active)
Jan 22 07:46:54 hnmomega postfix/smtpd[4964]: disconnect from hnmamavis01.hnmnet.de[10.193.1.3]
Jan 22 07:46:55 hnmomega postfix/smtp[4961]: 8B12F26B: to=<hermanowski58@googlemail.com>, relay=gmail-smtp-in.l.google.com[74.125.136.26]:25, delay=1.1, delays=0.04/0/0.42/0.68, dsn=2.0.0, status=sent (250 2.0.0 OK 1421909215 el10si2715348wid.58 - gsmtp)
Jan 22 07:46:55 hnmomega postfix/qmgr[8199]: 8B12F26B: removed
Jan 22 07:47:19 hnmomega postfix/qmgr[8199]: EF6A9266: from=<>, size=7929, nrcpt=1 (queue active)
Jan 22 07:47:51 hnmomega postfix/smtp[4961]: connect to mail.juristlot.com[95.211.141.219]:25: Connection timed out
Jan 22 07:47:51 hnmomega postfix/smtp[4961]: EF6A9266: to=<jackie-hepsen=karakuz.com@juristlot.com>, relay=none, delay=206414, delays=206382/0/32/0, dsn=4.4.1, status=deferred (connect to mail.juristlot.com[95.211.141.219]:25: Connection timed out)
Jan 22 07:47:52 hnmomega postfix/smtpd[4964]: connect from hnmamavis01.hnmnet.de[10.193.1.3]
Jan 22 07:47:52 hnmomega postfix/smtpd[4964]: 1A78E26B: client=hnmamavis01.hnmnet.de[10.193.1.3]
Jan 22 07:47:52 hnmomega postfix/cleanup[4966]: 1A78E26B: message-id=<000001d0360e$d2386e20$76a94a60$@wp-krutzsch.de>
Jan 22 07:47:52 hnmomega postfix/qmgr[8199]: 1A78E26B: from=<b.schmidt@wp-krutzsch.de>, size=8968, nrcpt=1 (queue active)
Jan 22 07:47:52 hnmomega postfix/smtpd[4964]: disconnect from hnmamavis01.hnmnet.de[10.193.1.3]
Jan 22 07:47:52 hnmomega postfix/smtp[4961]: 1A78E26B: to=<mary-t.fischer@web.de>, relay=mx-ha03.web.de[213.165.67.104]:25, delay=0.48, delays=0.01/0/0.22/0.25, dsn=2.0.0, status=sent (250 Requested mail action okay, completed: id=0Lgqgw-1XtiNq1Xc6-00oIU0)
Jan 22 07:47:52 hnmomega postfix/qmgr[8199]: 1A78E26B: removed
Jan 22 07:48:23 hnmomega postfix/smtpd[4964]: connect from hnmamavis01.hnmnet.de[10.193.1.3]
Jan 22 07:48:23 hnmomega postfix/smtpd[4964]: B705B26B: client=hnmamavis01.hnmnet.de[10.193.1.3]
Jan 22 07:48:23 hnmomega postfix/cleanup[4966]: B705B26B: message-id=<7B3C5C4433D51E46850FB9DCCA029B2BB7E32D2B@c11021>
Jan 22 07:48:23 hnmomega postfix/qmgr[8199]: B705B26B: from=<David.Michel@ahag-bochum.de>, size=223910, nrcpt=1 (queue active)
Jan 22 07:48:23 hnmomega postfix/smtpd[4964]: disconnect from hnmamavis01.hnmnet.de[10.193.1.3]
Jan 22 07:48:23 hnmomega postfix/smtp[4961]: B705B26B: to=<patrick.hoeft@bmw-ernst.de>, relay=mail.bmw-ernst.de[212.12.37.222]:25, delay=0.14, delays=0.02/0/0.05/0.06, dsn=2.0.0, status=sent (250 2.0.0 Ok: queued as CA3EA1C9064)
Jan 22 07:48:23 hnmomega postfix/qmgr[8199]: B705B26B: removed
Jan 22 07:48:40 hnmomega postfix/smtpd[4964]: connect from hnmamavis01.hnmnet.de[10.193.1.3]
Jan 22 07:48:40 hnmomega postfix/smtpd[4964]: 4982926B: client=hnmamavis01.hnmnet.de[10.193.1.3]
Jan 22 07:48:40 hnmomega postfix/cleanup[4966]: 4982926B: message-id=<b9khb5ubfs4qreauzwmb5byeau0qta.10869779.5493@mta823.miniinthebox.chtah.com>
Jan 22 07:48:40 hnmomega postfix/qmgr[8199]: 4982926B: from=<bo-b9khb5ubfs4qreauzwmb5byeau0qta@b.miniinthebox.chtah.com>, size=64943, nrcpt=1 (queue active)
Jan 22 07:48:40 hnmomega postfix/smtpd[4964]: disconnect from hnmamavis01.hnmnet.de[10.193.1.3]
Jan 22 07:48:40 hnmomega postfix/smtp[4961]: 4982926B: to=<techniker@pommmersches-landesmuseum.de>, relay=none, delay=0.02, delays=0.01/0/0.01/0, dsn=5.4.4, status=bounced (unable to look up host pommmersches-landesmuseum.de: Name or service not known)
Jan 22 07:48:40 hnmomega postfix/cleanup[4966]: 4F26826D: message-id=<20150122064840.4F26826D@hnmomega.hnm-server.de>
Jan 22 07:48:40 hnmomega postfix/qmgr[8199]: 4F26826D: from=<>, size=7418, nrcpt=1 (queue active)
Jan 22 07:48:40 hnmomega postfix/bounce[5962]: 4982926B: sender non-delivery notification: 4F26826D
Jan 22 07:48:40 hnmomega postfix/qmgr[8199]: 4982926B: removed
Jan 22 07:48:41 hnmomega postfix/smtp[4961]: 4F26826D: to=<bo-b9khb5ubfs4qreauzwmb5byeau0qta@b.miniinthebox.chtah.com>, relay=a.mx.b.miniinthebox.chtah.com[65.125.54.128]:25, delay=0.69, delays=0/0/0.43/0.26, dsn=2.0.0, status=sent (250 ok 1421909320)
Jan 22 07:48:41 hnmomega postfix/qmgr[8199]: 4F26826D: removed
Jan 22 07:49:20 hnmomega postfix/smtpd[4964]: connect from hnmamavis01.hnmnet.de[10.193.1.3]
Jan 22 07:49:20 hnmomega postfix/smtpd[4964]: 8FB7026B: client=hnmamavis01.hnmnet.de[10.193.1.3]
Jan 22 07:49:20 hnmomega postfix/cleanup[4966]: 8FB7026B: message-id=<000301d0360f$841d0c90$8c5725b0$@resainternational.com>
Jan 22 07:49:20 hnmomega postfix/qmgr[8199]: 8FB7026B: from=<info@resainternational.com>, size=37932, nrcpt=1 (queue active)
Jan 22 07:49:20 hnmomega postfix/smtpd[4964]: disconnect from hnmamavis01.hnmnet.de[10.193.1.3]
Jan 22 07:49:21 hnmomega postfix/smtp[4961]: 8FB7026B: to=<info@hotel-jedermann.de>, relay=gatekeeper.space.net[195.30.114.130]:25, delay=0.88, delays=0/0/0.62/0.25, dsn=2.0.0, status=sent (250 ok:  Message 15588616 accepted)
Jan 22 07:49:21 hnmomega postfix/qmgr[8199]: 8FB7026B: removed
Jan 22 07:50:09 hnmomega postfix/smtpd[4964]: connect from hnmamavis01.hnmnet.de[10.193.1.3]
Jan 22 07:50:09 hnmomega postfix/smtpd[4964]: 0447126B: client=hnmamavis01.hnmnet.de[10.193.1.3]
Jan 22 07:50:09 hnmomega postfix/cleanup[4966]: 0447126B: message-id=<000001d0360f$5a6bfbe0$0f43f3a0$@spiegelblank.com>
Jan 22 07:50:09 hnmomega postfix/qmgr[8199]: 0447126B: from=<fibu@spiegelblank.com>, size=15081, nrcpt=1 (queue active)
Jan 22 07:50:09 hnmomega postfix/smtpd[4964]: disconnect from hnmamavis01.hnmnet.de[10.193.1.3]
Jan 22 07:50:09 hnmomega postfix/smtp[4961]: 0447126B: to=<Annet.Ratajczak@btrsumus.de>, relay=mxlb.ispgateway.de[80.67.18.126]:25, delay=0.43, delays=0.01/0/0.23/0.19, dsn=2.0.0, status=sent (250 OK id=1YEBaj-0006cX-8N)
Jan 22 07:50:09 hnmomega postfix/qmgr[8199]: 0447126B: removed
Jan 22 07:50:10 hnmomega postfix/smtpd[4964]: connect from hnmamavis01.hnmnet.de[10.193.1.3]
Jan 22 07:50:10 hnmomega postfix/smtpd[4964]: 04F9426B: client=hnmamavis01.hnmnet.de[10.193.1.3]
Jan 22 07:50:10 hnmomega postfix/cleanup[4966]: 04F9426B: message-id=<7B3C5C4433D51E46850FB9DCCA029B2BB7E32D46@c11021>
Jan 22 07:50:10 hnmomega postfix/qmgr[8199]: 04F9426B: from=<David.Michel@ahag-bochum.de>, size=190163, nrcpt=1 (queue active)
Jan 22 07:50:10 hnmomega postfix/smtpd[4964]: disconnect from hnmamavis01.hnmnet.de[10.193.1.3]
Jan 22 07:50:10 hnmomega postfix/smtp[4961]: 04F9426B: to=<joana.scholz@bmw-ernst.de>, relay=mail.bmw-ernst.de[212.12.37.222]:25, delay=0.17, delays=0.06/0/0.06/0.06, dsn=2.0.0, status=sent (250 2.0.0 Ok: queued as 21F271C9064)
Jan 22 07:50:10 hnmomega postfix/qmgr[8199]: 04F9426B: removed
Jan 22 07:50:39 hnmomega postfix/smtpd[4964]: connect from hnmamavis01.hnmnet.de[10.193.1.3]
Jan 22 07:50:39 hnmomega postfix/smtpd[4964]: 1C2A126B: client=hnmamavis01.hnmnet.de[10.193.1.3]
Jan 22 07:50:39 hnmomega postfix/cleanup[4966]: 1C2A126B: message-id=<000801d0360f$b31e9680$195bc380$@resainternational.com>
Jan 22 07:50:39 hnmomega postfix/qmgr[8199]: 1C2A126B: from=<info@resainternational.com>, size=2910, nrcpt=1 (queue active)
Jan 22 07:50:39 hnmomega postfix/smtpd[4964]: disconnect from hnmamavis01.hnmnet.de[10.193.1.3]
Jan 22 07:50:39 hnmomega postfix/smtp[4961]: 1C2A126B: to=<info@hotel-jedermann.de>, relay=gatekeeper.space.net[194.97.132.2]:25, delay=0.42, delays=0.01/0/0.32/0.09, dsn=2.0.0, status=sent (250 ok:  Message 15970157 accepted)
Jan 22 07:50:39 hnmomega postfix/qmgr[8199]: 1C2A126B: removed
Jan 22 07:51:52 hnmomega postfix/smtpd[4964]: connect from hnmamavis01.hnmnet.de[10.193.1.3]
Jan 22 07:51:52 hnmomega postfix/smtpd[4964]: 33AA326B: client=hnmamavis01.hnmnet.de[10.193.1.3]
Jan 22 07:51:52 hnmomega postfix/cleanup[4966]: 33AA326B: message-id=<000c01d0360f$ded7fa50$9c87eef0$@resainternational.com>
Jan 22 07:51:52 hnmomega postfix/qmgr[8199]: 33AA326B: from=<info@resainternational.com>, size=4768, nrcpt=1 (queue active)
Jan 22 07:51:52 hnmomega postfix/smtpd[4964]: disconnect from hnmamavis01.hnmnet.de[10.193.1.3]
Jan 22 07:51:52 hnmomega postfix/smtp[4961]: 33AA326B: to=<info@hotel-jedermann.de>, relay=gatekeeper.spacenet.de[195.30.114.130]:25, delay=0.26, delays=0.04/0/0.13/0.09, dsn=2.0.0, status=sent (250 ok:  Message 15588833 accepted)
Jan 22 07:51:52 hnmomega postfix/qmgr[8199]: 33AA326B: removed
Jan 22 07:53:37 hnmomega postfix/smtpd[6497]: warning: database /etc/aliases.db is older than source file /etc/aliases
Jan 22 07:53:37 hnmomega postfix/smtpd[6497]: connect from hnmamavis01.hnmnet.de[10.193.1.3]
Jan 22 07:53:37 hnmomega postfix/trivial-rewrite[6499]: warning: database /etc/postfix/smtpouttransport.db is older than source file /etc/postfix/smtpouttransport
Jan 22 07:53:37 hnmomega postfix/smtpd[6497]: 4527426B: client=hnmamavis01.hnmnet.de[10.193.1.3]
Jan 22 07:53:37 hnmomega postfix/cleanup[6500]: 4527426B: message-id=<F2C20BBF4E5A044AA51BE7739E286579E8C0C2@w2k3-sbs.AHAG.local>
Jan 22 07:53:37 hnmomega postfix/qmgr[8199]: 4527426B: from=<Christian.Gornik@ahag-bmw.de>, size=210328, nrcpt=1 (queue active)
Jan 22 07:53:37 hnmomega postfix/smtpd[6497]: disconnect from hnmamavis01.hnmnet.de[10.193.1.3]
Jan 22 07:53:37 hnmomega postfix/smtp[6501]: 4527426B: to=<homeandgarden@gmx.net>, relay=mx00.emig.gmx.net[212.227.15.9]:25, delay=0.56, delays=0.02/0.01/0.2/0.32, dsn=2.0.0, status=sent (250 Requested mail action okay, completed: id=0MZxZX-1Y0ldG2E0d-00LluU)
Jan 22 07:53:37 hnmomega postfix/qmgr[8199]: 4527426B: removed
Jan 22 07:54:10 hnmomega postfix/smtpd[6497]: connect from hnmamavis01.hnmnet.de[10.193.1.3]
Jan 22 07:54:10 hnmomega postfix/smtpd[6497]: 74E9226B: client=hnmamavis01.hnmnet.de[10.193.1.3]
Jan 22 07:54:10 hnmomega postfix/cleanup[6500]: 74E9226B: message-id=<F2C20BBF4E5A044AA51BE7739E286579E8C0C3@w2k3-sbs.AHAG.local>
Jan 22 07:54:10 hnmomega postfix/qmgr[8199]: 74E9226B: from=<Christoph.Hochhaeuser@ahag-bmw.de>, size=193335, nrcpt=1 (queue active)
Jan 22 07:54:10 hnmomega postfix/smtpd[6497]: disconnect from hnmamavis01.hnmnet.de[10.193.1.3]
Jan 22 07:54:12 hnmomega postfix/smtp[6501]: 74E9226B: to=<Susanne.Meining@bmw.de>, relay=mx1.bmw.c3s2.iphmx.com[68.232.139.67]:25, delay=1.6, delays=0.01/0/1.4/0.23, dsn=2.0.0, status=sent (250 ok:  Message 27015740 accepted)
Jan 22 07:54:12 hnmomega postfix/qmgr[8199]: 74E9226B: removed
Jan 22 07:56:31 hnmomega postfix/smtpd[7483]: warning: database /etc/aliases.db is older than source file /etc/aliases
Jan 22 07:56:31 hnmomega postfix/smtpd[7483]: connect from hnmamavis01.hnmnet.de[10.193.1.3]
Jan 22 07:56:31 hnmomega postfix/trivial-rewrite[7485]: warning: database /etc/postfix/smtpouttransport.db is older than source file /etc/postfix/smtpouttransport
Jan 22 07:56:31 hnmomega postfix/smtpd[7483]: 6403126B: client=hnmamavis01.hnmnet.de[10.193.1.3]
Jan 22 07:56:31 hnmomega postfix/cleanup[7486]: 6403126B: message-id=<0.0.16F.CEF.1D036108107B1A8.0@uspmta121151.emsmtp.com>
Jan 22 07:56:31 hnmomega postfix/qmgr[8199]: 6403126B: from=<suite5@xpressus.emsmtp.com>, size=25506, nrcpt=1 (queue active)
Jan 22 07:56:31 hnmomega postfix/smtpd[7483]: disconnect from hnmamavis01.hnmnet.de[10.193.1.3]
Jan 22 07:56:31 hnmomega postfix/smtp[7487]: 6403126B: to=<juliane.schmidt@uniklinikum-dresden.de>, relay=mail.uniklinikum-dresden.de[141.76.248.19]:25, delay=0.25, delays=0.01/0.01/0.15/0.08, dsn=2.0.0, status=sent (250 2.0.0 Ok: queued as 94C0667D48)
Jan 22 07:56:31 hnmomega postfix/qmgr[8199]: 6403126B: removed
Jan 22 07:57:19 hnmomega postfix/qmgr[8199]: D506523E: from=<>, size=9239, nrcpt=1 (queue active)
Jan 22 07:57:19 hnmomega postfix/qmgr[8199]: 2342C82: from=<lists@infotell.se>, size=197418, nrcpt=1 (queue active)
Jan 22 07:57:28 hnmomega postfix/smtpd[7483]: connect from hnmamavis01.hnmnet.de[10.193.1.3]
Jan 22 07:57:28 hnmomega postfix/smtpd[7483]: A605430: client=hnmamavis01.hnmnet.de[10.193.1.3]
Jan 22 07:57:28 hnmomega postfix/cleanup[7486]: A605430: message-id=<001d01d03610$6253a550$26faeff0$@spiegelblank.com>
Jan 22 07:57:28 hnmomega postfix/qmgr[8199]: A605430: from=<personal@spiegelblank.com>, size=11254, nrcpt=1 (queue active)
Jan 22 07:57:28 hnmomega postfix/smtpd[7483]: disconnect from hnmamavis01.hnmnet.de[10.193.1.3]
Jan 22 07:57:31 hnmomega postfix/smtp[7495]: A605430: to=<nicki-nelly@hotmail.de>, relay=mx4.hotmail.com[65.55.37.88]:25, delay=3, delays=0/0.01/1.4/1.6, dsn=2.0.0, status=sent (250  <001d01d03610$6253a550$26faeff0$@spiegelblank.com> Queued mail for delivery)
Jan 22 07:57:31 hnmomega postfix/qmgr[8199]: A605430: removed
Jan 22 07:57:49 hnmomega postfix/smtp[7487]: connect to mail.juristlot.com[95.211.141.219]:25: Connection timed out
Jan 22 07:57:49 hnmomega postfix/smtp[7487]: D506523E: to=<jackie-service=fink-landtechnik.de@juristlot.com>, relay=none, delay=210485, delays=210455/0/30/0, dsn=4.4.1, status=deferred (connect to mail.juristlot.com[95.211.141.219]:25: Connection timed out)
Jan 22 07:57:49 hnmomega postfix/smtp[7494]: connect to telcomm-net.de[185.53.178.6]:25: Connection timed out
Jan 22 07:57:49 hnmomega postfix/smtp[7494]: 2342C82: to=<webmaster@telcomm-net.de>, relay=none, delay=168391, delays=168361/0.01/30/0, dsn=4.4.1, status=deferred (connect to telcomm-net.de[185.53.178.6]:25: Connection timed out)
Jan 22 07:58:11 hnmomega postfix/smtpd[7483]: connect from hnmamavis01.hnmnet.de[10.193.1.3]
Jan 22 07:58:11 hnmomega postfix/smtpd[7483]: C96F626B: client=hnmamavis01.hnmnet.de[10.193.1.3]
Jan 22 07:58:11 hnmomega postfix/cleanup[7486]: C96F626B: message-id=<00a901d03610$caefbc70$60cf3550$@elektro-firma-gloeden.de>
Jan 22 07:58:11 hnmomega postfix/qmgr[8199]: C96F626B: from=<auftrag@elektro-firma-gloeden.de>, size=6886, nrcpt=1 (queue active)
Jan 22 07:58:11 hnmomega postfix/smtpd[7483]: disconnect from hnmamavis01.hnmnet.de[10.193.1.3]
Jan 22 07:58:12 hnmomega postfix/smtp[7495]: C96F626B: to=<mail@immobilien-fehlhaber.de>, relay=mx01.kundenserver.de[212.227.17.191]:25, delay=0.5, delays=0/0/0.2/0.3, dsn=2.0.0, status=sent (250 Requested mail action okay, completed: id=0MH7Rq-1YRx6k0Fb0-00DlOs)
Jan 22 07:58:12 hnmomega postfix/qmgr[8199]: C96F626B: removed
Jan 22 07:58:55 hnmomega postfix/smtpd[7483]: connect from hnmamavis01.hnmnet.de[10.193.1.3]
Jan 22 07:58:55 hnmomega postfix/smtpd[7483]: B9C4626B: client=hnmamavis01.hnmnet.de[10.193.1.3]
Jan 22 07:58:55 hnmomega postfix/cleanup[7486]: B9C4626B: message-id=<001a01d03610$94f1b6f0$bed524d0$@spiegelblank.com>
Jan 22 07:58:55 hnmomega postfix/qmgr[8199]: B9C4626B: from=<wegner@spiegelblank.com>, size=140221, nrcpt=1 (queue active)
Jan 22 07:58:55 hnmomega postfix/smtpd[7483]: disconnect from hnmamavis01.hnmnet.de[10.193.1.3]
Jan 22 07:58:56 hnmomega postfix/smtp[7487]: B9C4626B: to=<DFust@baubeconstadtsanierung.de>, relay=tis.dsk-gmbh.de[145.253.150.67]:25, delay=0.81, delays=0.05/0/0.49/0.28, dsn=2.0.0, status=sent (250 message queued (5AA99DCFBB1))
Jan 22 07:58:56 hnmomega postfix/qmgr[8199]: B9C4626B: removed
Jan 22 08:00:59 hnmomega postfix/smtpd[8019]: warning: database /etc/aliases.db is older than source file /etc/aliases
Jan 22 08:00:59 hnmomega postfix/smtpd[8019]: connect from hnmamavis01.hnmnet.de[10.193.1.3]
Jan 22 08:00:59 hnmomega postfix/trivial-rewrite[8021]: warning: database /etc/postfix/smtpouttransport.db is older than source file /etc/postfix/smtpouttransport
Jan 22 08:00:59 hnmomega postfix/smtpd[8019]: E6B6A26B: client=hnmamavis01.hnmnet.de[10.193.1.3]
Jan 22 08:00:59 hnmomega postfix/cleanup[8022]: E6B6A26B: message-id=<DIIE.00000B5F000045B7@192.168.0.3>
Jan 22 08:01:00 hnmomega postfix/qmgr[8199]: E6B6A26B: from=<lehrkamp@wg-anklam.de>, size=6818573, nrcpt=1 (queue active)
Jan 22 08:01:00 hnmomega postfix/smtpd[8019]: disconnect from hnmamavis01.hnmnet.de[10.193.1.3]
Jan 22 08:01:05 hnmomega postfix/smtp[8023]: E6B6A26B: to=<Andreas.Papp@kapellmann.de>, relay=mail.kapellmann.de[82.141.30.136]:25, delay=5.2, delays=0.52/0.01/0.42/4.2, dsn=2.0.0, status=sent (250 Requested mail action okay, completed.)
Jan 22 08:01:05 hnmomega postfix/qmgr[8199]: E6B6A26B: removed
Jan 22 08:01:11 hnmomega postfix/smtpd[8019]: connect from hnmamavis01.hnmnet.de[10.193.1.3]
Jan 22 08:01:11 hnmomega postfix/smtpd[8019]: A8A8426B: client=hnmamavis01.hnmnet.de[10.193.1.3]
Jan 22 08:01:11 hnmomega postfix/cleanup[8022]: A8A8426B: message-id=<20150122070007.27F0C5240973@dd12214.kasserver.com>
Jan 22 08:01:11 hnmomega postfix/qmgr[8199]: A8A8426B: from=<info@yachtproject.de>, size=2917, nrcpt=1 (queue active)
Jan 22 08:01:11 hnmomega postfix/smtpd[8019]: disconnect from hnmamavis01.hnmnet.de[10.193.1.3]
Jan 22 08:01:11 hnmomega postfix/smtpd[8019]: connect from hnmamavis01.hnmnet.de[10.193.1.3]
Jan 22 08:01:11 hnmomega postfix/smtpd[8019]: AB1F826C: client=hnmamavis01.hnmnet.de[10.193.1.3]
Jan 22 08:01:11 hnmomega postfix/cleanup[8022]: AB1F826C: message-id=<DIIE.00000B60000045B9@192.168.0.3>
Jan 22 08:01:11 hnmomega postfix/qmgr[8199]: AB1F826C: from=<jonas@wg-anklam.de>, size=31164, nrcpt=1 (queue active)
Jan 22 08:01:11 hnmomega postfix/smtpd[8019]: disconnect from hnmamavis01.hnmnet.de[10.193.1.3]
Jan 22 08:01:12 hnmomega postfix/smtp[8023]: A8A8426B: to=<s.gall@net-dynamic.de>, relay=mail.nd-server.org[213.133.111.82]:25, delay=0.33, delays=0/0/0.15/0.18, dsn=2.0.0, status=sent (250 2.0.0 Ok: queued as DB8FA366BC6)
Jan 22 08:01:12 hnmomega postfix/qmgr[8199]: A8A8426B: removed
Jan 22 08:01:12 hnmomega postfix/smtp[8024]: AB1F826C: to=<Sebastian.Eisemann@Aareon.com>, relay=mailgw1.Aareon.com[80.250.128.7]:25, delay=1.2, delays=0.01/0.02/0.72/0.44, dsn=2.0.0, status=sent (250 ok:  Message 481705 accepted)
Jan 22 08:01:12 hnmomega postfix/qmgr[8199]: AB1F826C: removed
Jan 22 08:02:19 hnmomega postfix/qmgr[8199]: 72442238: from=<Kerstin.Blumensaat@ahag-bmw.de>, size=7562, nrcpt=1 (queue active)
Jan 22 08:02:19 hnmomega postfix/qmgr[8199]: 90BFA260: from=<>, size=13162, nrcpt=1 (queue active)
Jan 22 08:02:19 hnmomega postfix/qmgr[8199]: AD17A268: from=<>, size=12761, nrcpt=1 (queue active)
Jan 22 08:02:20 hnmomega postfix/smtp[8031]: AD17A268: to=<info@xperts-hidden.com>, relay=mail.xperts-hidden.com[81.180.168.168]:25, delay=143393, delays=143392/0.01/0.25/0.05, dsn=4.7.1, status=deferred (host mail.xperts-hidden.com[81.180.168.168] said: 454 4.7.1 <info@xperts-hidden.com>: Relay access denied (in reply to RCPT TO command))
Jan 22 08:02:20 hnmomega postfix/smtp[8024]: 90BFA260: to=<postmaster@yournetselect.info>, relay=yournetselect.info[96.31.74.42]:25, delay=164400, delays=164399/0/0.63/0.31, dsn=4.2.2, status=deferred (host yournetselect.info[96.31.74.42] said: 452 4.2.2 Mailbox full (in reply to RCPT TO command))
Jan 22 08:02:21 hnmomega postfix/smtp[8023]: connect to autohaus-gansaeuer.de[216.8.179.24]:25: Connection refused
Jan 22 08:02:21 hnmomega postfix/smtp[8023]: 72442238: to=<info@autohaus-gansaeuer.de>, relay=none, delay=76067, delays=76065/0/1.3/0, dsn=4.4.1, status=deferred (connect to autohaus-gansaeuer.de[216.8.179.24]:25: Connection refused)
Jan 22 08:03:35 hnmomega postfix/smtpd[8038]: warning: database /etc/aliases.db is older than source file /etc/aliases
Jan 22 08:03:35 hnmomega postfix/smtpd[8038]: connect from hnmamavis01.hnmnet.de[10.193.1.3]
Jan 22 08:03:35 hnmomega postfix/smtpd[8038]: 64A4926B: client=hnmamavis01.hnmnet.de[10.193.1.3]
Jan 22 08:03:35 hnmomega postfix/cleanup[8040]: 64A4926B: message-id=<54C0A0B5.7040502@pommersches-landesmuseum.de>
Jan 22 08:03:35 hnmomega postfix/qmgr[8199]: 64A4926B: from=<frenssen@pommersches-landesmuseum.de>, size=189195, nrcpt=1 (queue active)
Jan 22 08:03:35 hnmomega postfix/smtpd[8038]: disconnect from hnmamavis01.hnmnet.de[10.193.1.3]
Jan 22 08:03:36 hnmomega postfix/smtp[8031]: 64A4926B: to=<irmgard@von-schack.de>, relay=mx1.unicon-gmbh.de[188.40.58.142]:25, delay=0.62, delays=0.02/0/0.21/0.39, dsn=2.0.0, status=sent (250 2.0.0 Ok: queued as 33CC423AFDA5)
Jan 22 08:03:36 hnmomega postfix/qmgr[8199]: 64A4926B: removed
Jan 22 08:03:40 hnmomega postfix/smtpd[8038]: connect from hnmamavis01.hnmnet.de[10.193.1.3]
Jan 22 08:03:40 hnmomega postfix/smtpd[8038]: A20A126B: client=hnmamavis01.hnmnet.de[10.193.1.3]
Jan 22 08:03:40 hnmomega postfix/cleanup[8040]: A20A126B: message-id=<F2C20BBF4E5A044AA51BE7739E286579E8C0C8@w2k3-sbs.AHAG.local>
Jan 22 08:03:40 hnmomega postfix/qmgr[8199]: A20A126B: from=<Heiko.Hofmann@ahag-bmw.de>, size=194711, nrcpt=1 (queue active)
Jan 22 08:03:40 hnmomega postfix/smtpd[8038]: disconnect from hnmamavis01.hnmnet.de[10.193.1.3]
Jan 22 08:03:48 hnmomega postfix/smtpd[8038]: connect from hnmamavis01.hnmnet.de[10.193.1.3]
Jan 22 08:03:48 hnmomega postfix/smtpd[8038]: 0301A26C: client=hnmamavis01.hnmnet.de[10.193.1.3]
Jan 22 08:03:48 hnmomega postfix/cleanup[8040]: 0301A26C: message-id=<F2C20BBF4E5A044AA51BE7739E286579E8C0C9@w2k3-sbs.AHAG.local>
Jan 22 08:03:48 hnmomega postfix/qmgr[8199]: 0301A26C: from=<Michael.Juenemann@ahag-bmw.de>, size=178095, nrcpt=1 (queue active)
Jan 22 08:03:48 hnmomega postfix/smtpd[8038]: disconnect from hnmamavis01.hnmnet.de[10.193.1.3]
Jan 22 08:03:48 hnmomega postfix/smtp[8023]: 0301A26C: to=<carsten-putz@gwliste.de>, relay=mx00.kundenserver.de[212.227.15.134]:25, delay=0.61, delays=0.01/0/0.18/0.41, dsn=2.0.0, status=sent (250 Requested mail action okay, completed: id=0M79xi-1XTOde0zrC-00x6aR)
Jan 22 08:03:48 hnmomega postfix/qmgr[8199]: 0301A26C: removed
Jan 22 08:03:51 hnmomega postfix/smtp[8024]: A20A126B: to=<th.sutmann@bmw-van-der-moolen.de>, relay=mailrelay.globalways.net[94.186.131.102]:25, delay=11, delays=0.02/0/0.32/10, dsn=2.0.0, status=sent (250 2.0.0 Ok: queued as E7BA21004D)
Jan 22 08:03:51 hnmomega postfix/qmgr[8199]: A20A126B: removed
Jan 22 08:04:18 hnmomega postfix/smtpd[8038]: connect from hnmamavis01.hnmnet.de[10.193.1.3]
Jan 22 08:04:18 hnmomega postfix/smtpd[8038]: B20CC26B: client=hnmamavis01.hnmnet.de[10.193.1.3]
Jan 22 08:04:18 hnmomega postfix/cleanup[8040]: B20CC26B: message-id=<F2C20BBF4E5A044AA51BE7739E286579E8C0CA@w2k3-sbs.AHAG.local>
Jan 22 08:04:18 hnmomega postfix/qmgr[8199]: B20CC26B: from=<Michael.Juenemann@ahag-bmw.de>, size=185643, nrcpt=1 (queue active)
Jan 22 08:04:18 hnmomega postfix/smtpd[8038]: disconnect from hnmamavis01.hnmnet.de[10.193.1.3]
Jan 22 08:04:19 hnmomega postfix/smtp[8031]: B20CC26B: to=<carsten-putz@gwliste.de>, relay=mx01.kundenserver.de[212.227.15.150]:25, delay=0.71, delays=0.01/0/0.25/0.45, dsn=2.0.0, status=sent (250 Requested mail action okay, completed: id=0MHd7s-1YHVCZ02vs-003IsB)
Jan 22 08:04:19 hnmomega postfix/qmgr[8199]: B20CC26B: removed
Jan 22 08:04:57 hnmomega postfix/smtpd[8038]: connect from hnmamavis01.hnmnet.de[10.193.1.3]
Jan 22 08:04:57 hnmomega postfix/smtpd[8038]: B2A6026B: client=hnmamavis01.hnmnet.de[10.193.1.3]
Jan 22 08:04:57 hnmomega postfix/cleanup[8040]: B2A6026B: message-id=<54C0A0EE.8010802@pommersches-landesmuseum.de>
Jan 22 08:04:57 hnmomega postfix/qmgr[8199]: B2A6026B: from=<frenssen@pommersches-landesmuseum.de>, size=191775, nrcpt=1 (queue active)
Jan 22 08:04:57 hnmomega postfix/smtpd[8038]: disconnect from hnmamavis01.hnmnet.de[10.193.1.3]
Jan 22 08:04:57 hnmomega postfix/smtp[8023]: B2A6026B: to=<techniker@pommmersches-landesmuseum.de>, relay=none, delay=0.02, delays=0.01/0/0/0, dsn=5.4.4, status=bounced (unable to look up host pommmersches-landesmuseum.de: Name or service not known)
Jan 22 08:04:57 hnmomega postfix/cleanup[8040]: B866026D: message-id=<20150122070457.B866026D@hnmomega.hnm-server.de>
Jan 22 08:04:57 hnmomega postfix/qmgr[8199]: B866026D: from=<>, size=6507, nrcpt=1 (queue active)
Jan 22 08:04:57 hnmomega postfix/bounce[8047]: B2A6026B: sender non-delivery notification: B866026D
Jan 22 08:04:57 hnmomega postfix/qmgr[8199]: B2A6026B: removed
Jan 22 08:04:58 hnmomega postfix/smtp[8024]: B866026D: to=<frenssen@pommersches-landesmuseum.de>, relay=mx01.hnm-server.de[93.92.128.115]:25, delay=0.38, delays=0/0/0.21/0.17, dsn=2.0.0, status=sent (250 2.0.0 Ok: queued as 209134C)
Jan 22 08:04:58 hnmomega postfix/qmgr[8199]: B866026D: removed
Jan 22 08:05:44 hnmomega postfix/smtpd[8038]: connect from hnmamavis01.hnmnet.de[10.193.1.3]
Jan 22 08:05:44 hnmomega postfix/smtpd[8038]: 1B5BB26B: client=hnmamavis01.hnmnet.de[10.193.1.3]
Jan 22 08:05:44 hnmomega postfix/cleanup[8040]: 1B5BB26B: message-id=<D872BE418746A3449520372F8038CAD0908226@srvwiemail.wiesmann.local>
Jan 22 08:05:44 hnmomega postfix/qmgr[8199]: 1B5BB26B: from=<Ferhat.Isik@ahag-coesfeld.de>, size=140887, nrcpt=1 (queue active)
Jan 22 08:05:44 hnmomega postfix/smtpd[8038]: disconnect from hnmamavis01.hnmnet.de[10.193.1.3]
Jan 22 08:05:44 hnmomega postfix/smtp[8031]: 1B5BB26B: to=<ferhat.isik86@web.de>, relay=mx-ha03.web.de[213.165.67.104]:25, delay=0.73, delays=0.09/0/0.28/0.36, dsn=2.0.0, status=sent (250 Requested mail action okay, completed: id=0MEGV6-1YTa3E27bs-00FQdS)
Jan 22 08:05:44 hnmomega postfix/qmgr[8199]: 1B5BB26B: removed
Jan 22 08:06:06 hnmomega postfix/smtpd[8038]: connect from hnmamavis01.hnmnet.de[10.193.1.3]
Jan 22 08:06:06 hnmomega postfix/smtpd[8038]: 8723B26B: client=hnmamavis01.hnmnet.de[10.193.1.3]
Jan 22 08:06:06 hnmomega postfix/cleanup[8040]: 8723B26B: message-id=<002001d03611$91955010$b4bff030$@spiegelblank.com>
Jan 22 08:06:06 hnmomega postfix/qmgr[8199]: 8723B26B: from=<wegner@spiegelblank.com>, size=72874, nrcpt=1 (queue active)
Jan 22 08:06:06 hnmomega postfix/smtpd[8038]: disconnect from hnmamavis01.hnmnet.de[10.193.1.3]
Jan 22 08:06:07 hnmomega postfix/smtp[8023]: 8723B26B: to=<DFust@baubeconstadtsanierung.de>, relay=tis.dsk-gmbh.de[145.253.150.67]:25, delay=0.56, delays=0.01/0/0.34/0.21, dsn=2.0.0, status=sent (250 message queued (191B36DD6F))
Jan 22 08:06:07 hnmomega postfix/qmgr[8199]: 8723B26B: removed
Jan 22 08:06:23 hnmomega postfix/smtpd[8038]: connect from hnmamavis01.hnmnet.de[10.193.1.3]
Jan 22 08:06:23 hnmomega postfix/smtpd[8038]: 0F32126B: client=hnmamavis01.hnmnet.de[10.193.1.3]
Jan 22 08:06:23 hnmomega postfix/cleanup[8040]: 0F32126B: message-id=<54c0a082e3990_35e9db92146153@hermes-2.mail>
Jan 22 08:06:23 hnmomega postfix/cleanup[8040]: 0F32126B: resent-message-id=<20150122070623.0829FE1F@hnmamavis01.hnmnet.de>
Jan 22 08:06:23 hnmomega postfix/qmgr[8199]: 0F32126B: from=<bjoern.boerger@ahag-bochum.de>, size=86160, nrcpt=1 (queue active)
Jan 22 08:06:23 hnmomega postfix/smtpd[8038]: disconnect from hnmamavis01.hnmnet.de[10.193.1.3]
Jan 22 08:06:23 hnmomega postfix/smtp[8024]: 0F32126B: to=<bjoern.boerger@t-online.de>, relay=mx00.t-online.de[194.25.134.8]:25, delay=0.54, delays=0.01/0/0.22/0.31, dsn=2.0.0, status=sent (250 2.0.0 Message accepted.)
Jan 22 08:06:23 hnmomega postfix/qmgr[8199]: 0F32126B: removed
Jan 22 08:06:35 hnmomega postfix/smtpd[8038]: connect from hnmamavis01.hnmnet.de[10.193.1.3]
Jan 22 08:06:35 hnmomega postfix/smtpd[8038]: 642BF26B: client=hnmamavis01.hnmnet.de[10.193.1.3]
Jan 22 08:06:35 hnmomega postfix/cleanup[8040]: 642BF26B: message-id=<F2C20BBF4E5A044AA51BE7739E286579E8C0CC@w2k3-sbs.AHAG.local>
Jan 22 08:06:35 hnmomega postfix/qmgr[8199]: 642BF26B: from=<Ralf.Muecher@ahag-bmw.de>, size=15962, nrcpt=1 (queue active)
Jan 22 08:06:35 hnmomega postfix/smtpd[8038]: disconnect from hnmamavis01.hnmnet.de[10.193.1.3]
Jan 22 08:06:35 hnmomega postfix/smtp[8031]: 642BF26B: to=<Michaela.Klein@zteservices.eu>, relay=mail.zteservices.eu[213.61.154.132]:25, delay=0.35, delays=0/0/0.22/0.12, dsn=2.0.0, status=sent (250 2.0.0 Ok: queued as 58278836929C2)
Jan 22 08:06:35 hnmomega postfix/qmgr[8199]: 642BF26B: removed
Jan 22 08:07:19 hnmomega postfix/qmgr[8199]: 3EB00264: from=<>, size=13160, nrcpt=1 (queue active)
Jan 22 08:07:19 hnmomega postfix/qmgr[8199]: 1288C245: from=<>, size=9771, nrcpt=1 (queue active)
Jan 22 08:07:20 hnmomega postfix/smtp[8023]: 3EB00264: to=<postmaster@yournetselect.info>, relay=yournetselect.info[96.31.74.42]:25, delay=244472, delays=244472/0/0.41/0.32, dsn=4.2.2, status=deferred (host yournetselect.info[96.31.74.42] said: 452 4.2.2 Mailbox full (in reply to RCPT TO command))
Jan 22 08:07:21 hnmomega postfix/smtp[8024]: connect to mail.gazovelot.com[89.46.100.116]:25: Connection refused
Jan 22 08:07:21 hnmomega postfix/smtp[8024]: 1288C245: to=<mike-service=fink-landtechnik.de@gazovelot.com>, relay=none, delay=222946, delays=222945/0/1.2/0, dsn=4.4.1, status=deferred (connect to mail.gazovelot.com[89.46.100.116]:25: Connection refused)
Jan 22 08:07:28 hnmomega postfix/smtpd[8038]: connect from hnmamavis01.hnmnet.de[10.193.1.3]
Jan 22 08:07:28 hnmomega postfix/smtpd[8038]: 19E3026B: client=hnmamavis01.hnmnet.de[10.193.1.3]
Jan 22 08:07:28 hnmomega postfix/cleanup[8040]: 19E3026B: message-id=<20150122070710.7A80C18B@hnmmail01.hnmnet.de>
Jan 22 08:07:28 hnmomega postfix/qmgr[8199]: 19E3026B: from=<>, size=23728, nrcpt=1 (queue active)
Jan 22 08:07:28 hnmomega postfix/smtpd[8038]: disconnect from hnmamavis01.hnmnet.de[10.193.1.3]
Jan 22 08:07:32 hnmomega postfix/smtp[8031]: 19E3026B: to=<return@s1.mlwrx.com>, relay=mymailguard1.eworx.info[80.122.157.68]:25, delay=4, delays=0.01/0/0.42/3.6, dsn=2.0.0, status=sent (250 B54c0a1ac0001 Message accepted for delivery)
Jan 22 08:07:32 hnmomega postfix/qmgr[8199]: 19E3026B: removed
Jan 22 08:07:40 hnmomega postfix/smtpd[8038]: connect from hnmamavis01.hnmnet.de[10.193.1.3]
Jan 22 08:07:40 hnmomega postfix/smtpd[8038]: 8EA6526B: client=hnmamavis01.hnmnet.de[10.193.1.3]
Jan 22 08:07:40 hnmomega postfix/cleanup[8040]: 8EA6526B: message-id=<9CFF5A43150E98418F9FB3AF2449F217252D0D53@RW-SRV.umwelt.local>
Jan 22 08:07:40 hnmomega postfix/qmgr[8199]: 8EA6526B: from=<info@rw-umweltberatung.de>, size=4241, nrcpt=1 (queue active)
Jan 22 08:07:40 hnmomega postfix/smtpd[8038]: disconnect from hnmamavis01.hnmnet.de[10.193.1.3]
Jan 22 08:07:41 hnmomega postfix/smtp[8023]: 8EA6526B: to=<gerd-anders@gmx.de>, relay=mx00.emig.gmx.net[212.227.15.9]:25, delay=0.69, delays=0/0/0.23/0.46, dsn=2.0.0, status=sent (250 Requested mail action okay, completed: id=0MVJPy-1YDhti3Ynm-00YkNG)
Jan 22 08:07:41 hnmomega postfix/qmgr[8199]: 8EA6526B: removed
Jan 22 08:07:58 hnmomega postfix/smtpd[8038]: connect from hnmamavis01.hnmnet.de[10.193.1.3]
Jan 22 08:07:58 hnmomega postfix/smtpd[8038]: 5A96F26B: client=hnmamavis01.hnmnet.de[10.193.1.3]
Jan 22 08:07:58 hnmomega postfix/cleanup[8040]: 5A96F26B: message-id=<001901d03612$1d959d40$58c0d7c0$@resainternational.com>
Jan 22 08:07:58 hnmomega postfix/qmgr[8199]: 5A96F26B: from=<info@resainternational.com>, size=52430, nrcpt=2 (queue active)
Jan 22 08:07:58 hnmomega postfix/smtpd[8038]: disconnect from hnmamavis01.hnmnet.de[10.193.1.3]
Jan 22 08:07:59 hnmomega postfix/smtp[8031]: 5A96F26B: to=<info@hoteldreikreuz.at>, relay=mx03.euroweb.net[91.199.247.77]:25, delay=0.9, delays=0.01/0/0.54/0.35, dsn=2.0.0, status=sent (250 2.0.0 Ok: queued as 0C56860E92)
Jan 22 08:08:02 hnmomega postfix/smtp[8024]: 5A96F26B: to=<unterstuetzungde@expedia.com>, relay=mx1b.expedia.com[216.251.112.223]:25, delay=3.8, delays=0.01/0/2.7/1.1, dsn=2.0.0, status=sent (250 ok:  Message 207982038 accepted)
Jan 22 08:08:02 hnmomega postfix/qmgr[8199]: 5A96F26B: removed
Jan 22 08:08:19 hnmomega postfix/smtpd[8038]: connect from hnmamavis01.hnmnet.de[10.193.1.3]
Jan 22 08:08:19 hnmomega postfix/smtpd[8038]: BB9EF26B: client=hnmamavis01.hnmnet.de[10.193.1.3]
Jan 22 08:08:19 hnmomega postfix/cleanup[8040]: BB9EF26B: message-id=<54C0A1BF.6000000@hotel-bellevue.it>
Jan 22 08:08:19 hnmomega postfix/qmgr[8199]: BB9EF26B: from=<info@hotel-bellevue.it>, size=133508, nrcpt=1 (queue active)
Jan 22 08:08:19 hnmomega postfix/smtpd[8038]: disconnect from hnmamavis01.hnmnet.de[10.193.1.3]
Jan 22 08:08:21 hnmomega postfix/smtpd[8038]: connect from hnmamavis01.hnmnet.de[10.193.1.3]
Jan 22 08:08:21 hnmomega postfix/smtpd[8038]: 4BA1E26C: client=hnmamavis01.hnmnet.de[10.193.1.3]
Jan 22 08:08:21 hnmomega postfix/cleanup[8040]: 4BA1E26C: message-id=<002401d03612$301491b0$903db510$@de>
Jan 22 08:08:21 hnmomega postfix/qmgr[8199]: 4BA1E26C: from=<auto@tkocz.de>, size=3663, nrcpt=1 (queue active)
Jan 22 08:08:21 hnmomega postfix/smtpd[8038]: disconnect from hnmamavis01.hnmnet.de[10.193.1.3]
Jan 22 08:08:22 hnmomega postfix/smtp[8031]: 4BA1E26C: to=<Doreen.Klost@telekom.de>, relay=tcmail42.telekom.de[80.149.113.172]:25, delay=0.71, delays=0/0/0.64/0.06, dsn=2.0.0, status=sent (250 ok:  Message 351160869 accepted)
Jan 22 08:08:22 hnmomega postfix/qmgr[8199]: 4BA1E26C: removed
Jan 22 08:08:22 hnmomega postfix/smtp[8023]: BB9EF26B: to=<resainternational@yahoo.de>, relay=mx-eu.mail.am0.yahoodns.net[188.125.69.79]:25, delay=2.5, delays=0.02/0/0.29/2.2, dsn=2.0.0, status=sent (250 ok dirdel)
Jan 22 08:08:22 hnmomega postfix/qmgr[8199]: BB9EF26B: removed
Jan 22 08:08:33 hnmomega postfix/smtpd[8038]: connect from hnmamavis01.hnmnet.de[10.193.1.3]
Jan 22 08:08:33 hnmomega postfix/smtpd[8038]: 0D47F26B: client=hnmamavis01.hnmnet.de[10.193.1.3]
Jan 22 08:08:33 hnmomega postfix/cleanup[8040]: 0D47F26B: message-id=<64EED43D63CF1E44BDAFC8BC8B214AAC01E2AA9F@hven-076srv014.bmw-ernst.local>
Jan 22 08:08:33 hnmomega postfix/cleanup[8040]: 0D47F26B: resent-message-id=<20150122070833.0A4BF68@hnmamavis01.hnmnet.de>
Jan 22 08:08:33 hnmomega postfix/qmgr[8199]: 0D47F26B: from=<arne.kirchner@ahag-bochum.de>, size=13013, nrcpt=1 (queue active)
Jan 22 08:08:33 hnmomega postfix/smtpd[8038]: disconnect from hnmamavis01.hnmnet.de[10.193.1.3]
Jan 22 08:08:33 hnmomega postfix/smtp[8024]: 0D47F26B: to=<info@arnekirchner.com>, relay=nx51.mymxserver.com[188.94.249.250]:25, delay=0.43, delays=0/0/0.05/0.38, dsn=2.0.0, status=sent (250 2.0.0 Ok: queued as 62F5621C11D)
Jan 22 08:08:33 hnmomega postfix/qmgr[8199]: 0D47F26B: removed
Jan 22 08:10:21 hnmomega postfix/smtpd[9552]: warning: database /etc/aliases.db is older than source file /etc/aliases
Jan 22 08:10:21 hnmomega postfix/smtpd[9552]: connect from hnmamavis01.hnmnet.de[10.193.1.3]
Jan 22 08:10:21 hnmomega postfix/trivial-rewrite[9554]: warning: database /etc/postfix/smtpouttransport.db is older than source file /etc/postfix/smtpouttransport
Jan 22 08:10:21 hnmomega postfix/smtpd[9552]: 0AE4026B: client=hnmamavis01.hnmnet.de[10.193.1.3]
Jan 22 08:10:21 hnmomega postfix/cleanup[9555]: 0AE4026B: message-id=<I-7-1915426-46656355-2-1-US2-A7FD3DA6@xmr3.com>
Jan 22 08:10:21 hnmomega postfix/qmgr[8199]: 0AE4026B: from=<D-5-1915426-46656355-2-1-US2-75610248@xmr3.com>, size=4987, nrcpt=1 (queue active)
Jan 22 08:10:21 hnmomega postfix/smtpd[9552]: disconnect from hnmamavis01.hnmnet.de[10.193.1.3]
Jan 22 08:10:22 hnmomega postfix/smtp[9556]: 0AE4026B: to=<resainternational@yahoo.de>, relay=mx-eu.mail.am0.yahoodns.net[188.125.69.79]:25, delay=1.3, delays=0.04/0.01/0.22/1, dsn=2.0.0, status=sent (250 ok dirdel)
Jan 22 08:10:22 hnmomega postfix/qmgr[8199]: 0AE4026B: removed
Jan 22 08:10:46 hnmomega postfix/smtpd[9552]: connect from hnmamavis01.hnmnet.de[10.193.1.3]
Jan 22 08:10:46 hnmomega postfix/smtpd[9552]: 075D826B: client=hnmamavis01.hnmnet.de[10.193.1.3]
Jan 22 08:10:46 hnmomega postfix/cleanup[9555]: 075D826B: message-id=<64EED43D63CF1E44BDAFC8BC8B214AAC01E2AAA1@hven-076srv014.bmw-ernst.local>
Jan 22 08:10:46 hnmomega postfix/cleanup[9555]: 075D826B: resent-message-id=<20150122071046.041D130E@hnmamavis01.hnmnet.de>
Jan 22 08:10:46 hnmomega postfix/qmgr[8199]: 075D826B: from=<arne.kirchner@ahag-bochum.de>, size=24798, nrcpt=1 (queue active)
Jan 22 08:10:46 hnmomega postfix/smtpd[9552]: disconnect from hnmamavis01.hnmnet.de[10.193.1.3]
Jan 22 08:10:46 hnmomega postfix/smtp[9556]: 075D826B: to=<info@arnekirchner.com>, relay=mx51.mymxserver.com[188.94.249.25]:25, delay=0.39, delays=0.01/0/0.07/0.31, dsn=2.0.0, status=sent (250 2.0.0 Ok: queued as 28C621638A6)
Jan 22 08:10:46 hnmomega postfix/qmgr[8199]: 075D826B: removed
Jan 22 08:11:16 hnmomega postfix/smtpd[9552]: connect from hnmamavis01.hnmnet.de[10.193.1.3]
Jan 22 08:11:16 hnmomega postfix/smtpd[9552]: 087DE26B: client=hnmamavis01.hnmnet.de[10.193.1.3]
Jan 22 08:11:16 hnmomega postfix/cleanup[9555]: 087DE26B: message-id=<002b01d03612$87ff6f80$97fe4e80$@de>
Jan 22 08:11:17 hnmomega postfix/qmgr[8199]: 087DE26B: from=<auto@tkocz.de>, size=16269319, nrcpt=1 (queue active)
Jan 22 08:11:17 hnmomega postfix/smtpd[9552]: disconnect from hnmamavis01.hnmnet.de[10.193.1.3]
Jan 22 08:11:28 hnmomega postfix/smtpd[9552]: connect from hnmamavis01.hnmnet.de[10.193.1.3]
Jan 22 08:11:28 hnmomega postfix/smtpd[9552]: DB50C26C: client=hnmamavis01.hnmnet.de[10.193.1.3]
Jan 22 08:11:28 hnmomega postfix/cleanup[9555]: DB50C26C: message-id=<002701d03612$910c0660$b3241320$@gross@leuchten-pasewalk.de>
Jan 22 08:11:28 hnmomega postfix/qmgr[8199]: DB50C26C: from=<andrea.gross@leuchten-pasewalk.de>, size=4066, nrcpt=1 (queue active)
Jan 22 08:11:28 hnmomega postfix/smtpd[9552]: disconnect from hnmamavis01.hnmnet.de[10.193.1.3]
Jan 22 08:11:29 hnmomega postfix/smtp[9563]: DB50C26C: to=<cjoerhs@mandt-buero.de>, relay=smtp.rzone.de[81.169.145.98]:25, delay=0.41, delays=0/0.01/0.26/0.13, dsn=2.1.5, status=sent (250 2.1.5 OK mail delivered with id J023f6r0M7BTOyj)
Jan 22 08:11:29 hnmomega postfix/qmgr[8199]: DB50C26C: removed
Jan 22 08:11:30 hnmomega postfix/smtp[9556]: 087DE26B: to=<bico81@hotmail.de>, relay=mx2.hotmail.com[207.46.8.167]:25, delay=14, delays=1.3/0/1.4/12, dsn=2.0.0, status=sent (250  <002b01d03612$87ff6f80$97fe4e80$@de> Queued mail for delivery)
Jan 22 08:11:30 hnmomega postfix/qmgr[8199]: 087DE26B: removed
Jan 22 08:11:46 hnmomega postfix/smtpd[9552]: connect from hnmamavis01.hnmnet.de[10.193.1.3]
Jan 22 08:11:46 hnmomega postfix/smtpd[9552]: CEF2E26B: client=hnmamavis01.hnmnet.de[10.193.1.3]
Jan 22 08:11:46 hnmomega postfix/cleanup[9555]: CEF2E26B: message-id=<000601d03612$ac357480$04a05d80$@stadtmarketing-greifswald.de>
Jan 22 08:11:46 hnmomega postfix/qmgr[8199]: CEF2E26B: from=<Assistenz@stadtmarketing-greifswald.de>, size=12908, nrcpt=1 (queue active)
Jan 22 08:11:46 hnmomega postfix/smtpd[9552]: disconnect from hnmamavis01.hnmnet.de[10.193.1.3]
Jan 22 08:11:47 hnmomega postfix/smtp[9563]: CEF2E26B: to=<bastian.baltzer@usedom.de>, relay=mail.usedom.de[87.106.3.59]:25, delay=0.46, delays=0.04/0/0.19/0.23, dsn=2.0.0, status=sent (250 2.0.0 Ok: queued as A267165E0)
Jan 22 08:11:47 hnmomega postfix/qmgr[8199]: CEF2E26B: removed
Jan 22 08:12:24 hnmomega postfix/smtpd[9552]: connect from hnmamavis01.hnmnet.de[10.193.1.3]
Jan 22 08:12:24 hnmomega postfix/smtpd[9552]: 65E4026B: client=hnmamavis01.hnmnet.de[10.193.1.3]
